<!doctype html public "-//w3c//dtd html 4.0 transitional//en">
<html><head>
<title>Static Call Graph - [.\output\app.axf]</title></head>
<body><HR>
<H1>Static Call Graph for image .\output\app.axf</H1><HR>
<BR><P>#&#060CALLGRAPH&#062# ARM Linker, 5060300: Last Updated: Thu Jul 08 21:41:13 2021
<BR><P>
<H3>Maximum Stack Usage =       1216 bytes + Unknown(Cycles, Untraceable Function Pointers)</H3><H3>
Call chain for Maximum Stack Depth:</H3>
aps_cmd_loop &rArr; cmd_send_and_listen &rArr; Subg_SendPkt &rArr; omnipod_tx &rArr; Rf69_SetMode &rArr; spi_read_reg &rArr; spi_select &rArr; nrf_drv_spi_init &rArr; nrfx_spim_init &rArr; nrf_gpio_cfg_output &rArr; nrf_gpio_cfg
<P>
<H3>
Mutually Recursive functions
</H3> <LI><a href="#[2]">NMI_Handler</a>&nbsp;&nbsp;&nbsp;&rArr;&nbsp;&nbsp;&nbsp;<a href="#[2]">NMI_Handler</a><BR>
 <LI><a href="#[3]">HardFault_Handler</a>&nbsp;&nbsp;&nbsp;&rArr;&nbsp;&nbsp;&nbsp;<a href="#[3]">HardFault_Handler</a><BR>
 <LI><a href="#[4]">MemoryManagement_Handler</a>&nbsp;&nbsp;&nbsp;&rArr;&nbsp;&nbsp;&nbsp;<a href="#[4]">MemoryManagement_Handler</a><BR>
 <LI><a href="#[5]">BusFault_Handler</a>&nbsp;&nbsp;&nbsp;&rArr;&nbsp;&nbsp;&nbsp;<a href="#[5]">BusFault_Handler</a><BR>
 <LI><a href="#[6]">UsageFault_Handler</a>&nbsp;&nbsp;&nbsp;&rArr;&nbsp;&nbsp;&nbsp;<a href="#[6]">UsageFault_Handler</a><BR>
 <LI><a href="#[7]">SVC_Handler</a>&nbsp;&nbsp;&nbsp;&rArr;&nbsp;&nbsp;&nbsp;<a href="#[7]">SVC_Handler</a><BR>
 <LI><a href="#[8]">DebugMon_Handler</a>&nbsp;&nbsp;&nbsp;&rArr;&nbsp;&nbsp;&nbsp;<a href="#[8]">DebugMon_Handler</a><BR>
 <LI><a href="#[9]">PendSV_Handler</a>&nbsp;&nbsp;&nbsp;&rArr;&nbsp;&nbsp;&nbsp;<a href="#[9]">PendSV_Handler</a><BR>
 <LI><a href="#[a]">SysTick_Handler</a>&nbsp;&nbsp;&nbsp;&rArr;&nbsp;&nbsp;&nbsp;<a href="#[a]">SysTick_Handler</a><BR>
 <LI><a href="#[19]">CCM_AAR_IRQHandler</a>&nbsp;&nbsp;&nbsp;&rArr;&nbsp;&nbsp;&nbsp;<a href="#[19]">CCM_AAR_IRQHandler</a><BR>
 <LI><a href="#[59]">nrf_fstorage_sys_evt_handler</a>&nbsp;&nbsp;&nbsp;&rArr;&nbsp;&nbsp;&nbsp;<a href="#[194]">queue_process</a><BR>
 <LI><a href="#[64]">__asm___12_nrf_atfifo_c_51f461e1__nrf_atfifo_rspace_close</a>&nbsp;&nbsp;&nbsp;&rArr;&nbsp;&nbsp;&nbsp;<a href="#[64]">__asm___12_nrf_atfifo_c_51f461e1__nrf_atfifo_rspace_close</a><BR>
 <LI><a href="#[63]">__asm___12_nrf_atfifo_c_51f461e1__nrf_atfifo_wspace_close</a>&nbsp;&nbsp;&nbsp;&rArr;&nbsp;&nbsp;&nbsp;<a href="#[63]">__asm___12_nrf_atfifo_c_51f461e1__nrf_atfifo_wspace_close</a><BR>
</UL>
<P>
<H3>
Function Pointers
</H3><UL>
 <LI><a href="#[5]">BusFault_Handler</a> from arm_startup_nrf52810.o(.text) referenced from arm_startup_nrf52810.o(RESET)
 <LI><a href="#[19]">CCM_AAR_IRQHandler</a> from arm_startup_nrf52810.o(.text) referenced from arm_startup_nrf52810.o(RESET)
 <LI><a href="#[1d]">COMP_IRQHandler</a> from arm_startup_nrf52810.o(.text) referenced from arm_startup_nrf52810.o(RESET)
 <LI><a href="#[8]">DebugMon_Handler</a> from arm_startup_nrf52810.o(.text) referenced from arm_startup_nrf52810.o(RESET)
 <LI><a href="#[18]">ECB_IRQHandler</a> from arm_startup_nrf52810.o(.text) referenced from arm_startup_nrf52810.o(RESET)
 <LI><a href="#[10]">GPIOTE_IRQHandler</a> from arm_startup_nrf52810.o(.text) referenced from arm_startup_nrf52810.o(RESET)
 <LI><a href="#[3]">HardFault_Handler</a> from arm_startup_nrf52810.o(.text) referenced from arm_startup_nrf52810.o(RESET)
 <LI><a href="#[4]">MemoryManagement_Handler</a> from arm_startup_nrf52810.o(.text) referenced from arm_startup_nrf52810.o(RESET)
 <LI><a href="#[2]">NMI_Handler</a> from arm_startup_nrf52810.o(.text) referenced from arm_startup_nrf52810.o(RESET)
 <LI><a href="#[25]">PDM_IRQHandler</a> from arm_startup_nrf52810.o(.text) referenced from arm_startup_nrf52810.o(RESET)
 <LI><a href="#[b]">POWER_CLOCK_IRQHandler</a> from nrfx_power.o(i.POWER_CLOCK_IRQHandler) referenced from arm_startup_nrf52810.o(RESET)
 <LI><a href="#[24]">PWM0_IRQHandler</a> from nrfx_pwm.o(i.PWM0_IRQHandler) referenced from arm_startup_nrf52810.o(RESET)
 <LI><a href="#[9]">PendSV_Handler</a> from arm_startup_nrf52810.o(.text) referenced from arm_startup_nrf52810.o(RESET)
 <LI><a href="#[1c]">QDEC_IRQHandler</a> from arm_startup_nrf52810.o(.text) referenced from arm_startup_nrf52810.o(RESET)
 <LI><a href="#[c]">RADIO_IRQHandler</a> from arm_startup_nrf52810.o(.text) referenced from arm_startup_nrf52810.o(RESET)
 <LI><a href="#[17]">RNG_IRQHandler</a> from arm_startup_nrf52810.o(.text) referenced from arm_startup_nrf52810.o(RESET)
 <LI><a href="#[15]">RTC0_IRQHandler</a> from arm_startup_nrf52810.o(.text) referenced from arm_startup_nrf52810.o(RESET)
 <LI><a href="#[1b]">RTC1_IRQHandler</a> from app_timer.o(i.RTC1_IRQHandler) referenced from arm_startup_nrf52810.o(RESET)
 <LI><a href="#[1]">Reset_Handler</a> from arm_startup_nrf52810.o(.text) referenced from arm_startup_nrf52810.o(RESET)
 <LI><a href="#[11]">SAADC_IRQHandler</a> from nrfx_saadc.o(i.SAADC_IRQHandler) referenced from arm_startup_nrf52810.o(RESET)
 <LI><a href="#[f]">SPIM0_SPIS0_SPI0_IRQHandler</a> from nrfx_spim.o(i.SPIM0_SPIS0_SPI0_IRQHandler) referenced from nrfx_spim.o(.constdata)
 <LI><a href="#[f]">SPIM0_SPIS0_SPI0_IRQHandler</a> from nrfx_spim.o(i.SPIM0_SPIS0_SPI0_IRQHandler) referenced from arm_startup_nrf52810.o(RESET)
 <LI><a href="#[7]">SVC_Handler</a> from arm_startup_nrf52810.o(.text) referenced from arm_startup_nrf52810.o(RESET)
 <LI><a href="#[1e]">SWI0_EGU0_IRQHandler</a> from app_timer.o(i.SWI0_EGU0_IRQHandler) referenced from arm_startup_nrf52810.o(RESET)
 <LI><a href="#[1f]">SWI1_EGU1_IRQHandler</a> from arm_startup_nrf52810.o(.text) referenced from arm_startup_nrf52810.o(RESET)
 <LI><a href="#[20]">SWI2_IRQHandler</a> from nrf_sdh.o(i.SWI2_IRQHandler) referenced from arm_startup_nrf52810.o(RESET)
 <LI><a href="#[21]">SWI3_IRQHandler</a> from arm_startup_nrf52810.o(.text) referenced from arm_startup_nrf52810.o(RESET)
 <LI><a href="#[22]">SWI4_IRQHandler</a> from arm_startup_nrf52810.o(.text) referenced from arm_startup_nrf52810.o(RESET)
 <LI><a href="#[23]">SWI5_IRQHandler</a> from arm_startup_nrf52810.o(.text) referenced from arm_startup_nrf52810.o(RESET)
 <LI><a href="#[a]">SysTick_Handler</a> from arm_startup_nrf52810.o(.text) referenced from arm_startup_nrf52810.o(RESET)
 <LI><a href="#[27]">SystemInit</a> from system_nrf52810.o(i.SystemInit) referenced from arm_startup_nrf52810.o(.text)
 <LI><a href="#[16]">TEMP_IRQHandler</a> from arm_startup_nrf52810.o(.text) referenced from arm_startup_nrf52810.o(RESET)
 <LI><a href="#[12]">TIMER0_IRQHandler</a> from arm_startup_nrf52810.o(.text) referenced from arm_startup_nrf52810.o(RESET)
 <LI><a href="#[13]">TIMER1_IRQHandler</a> from nrfx_timer.o(i.TIMER1_IRQHandler) referenced from arm_startup_nrf52810.o(RESET)
 <LI><a href="#[14]">TIMER2_IRQHandler</a> from arm_startup_nrf52810.o(.text) referenced from arm_startup_nrf52810.o(RESET)
 <LI><a href="#[e]">TWIM0_TWIS0_TWI0_IRQHandler</a> from arm_startup_nrf52810.o(.text) referenced from arm_startup_nrf52810.o(RESET)
 <LI><a href="#[d]">UARTE0_UART0_IRQHandler</a> from nrfx_prs.o(i.UARTE0_UART0_IRQHandler) referenced from arm_startup_nrf52810.o(RESET)
 <LI><a href="#[6]">UsageFault_Handler</a> from arm_startup_nrf52810.o(.text) referenced from arm_startup_nrf52810.o(RESET)
 <LI><a href="#[1a]">WDT_IRQHandler</a> from nrfx_wdt.o(i.WDT_IRQHandler) referenced from arm_startup_nrf52810.o(RESET)
 <LI><a href="#[28]">__main</a> from entry.o(.ARM.Collect$$$$00000000) referenced from arm_startup_nrf52810.o(.text)
 <LI><a href="#[3a]">adc_callback</a> from app_battery.o(i.adc_callback) referenced from app_battery.o(i.batt_detect)
 <LI><a href="#[40]">app_error_fault_handler</a> from app_error_weak.o(i.app_error_fault_handler) referenced from nrf_sdh.o(i.nrf_sdh_enable_request)
 <LI><a href="#[29]">aps_cmd_loop</a> from app_aps.o(i.aps_cmd_loop) referenced from app_aps.o(i.Aps_Init)
 <LI><a href="#[2a]">batt_low_check_handle</a> from app_battery.o(i.batt_low_check_handle) referenced from app_battery.o(i.Batt_Init)
 <LI><a href="#[2e]">battery_level_update_handle</a> from app_ble.o(i.battery_level_update_handle) referenced from app_ble.o(i.Ble_Init)
 <LI><a href="#[4f]">ble_advertising_on_ble_evt</a> from ble_advertising.o(i.ble_advertising_on_ble_evt) referenced from app_ble.o(sdh_ble_observers1)
 <LI><a href="#[5a]">ble_advertising_on_sys_evt</a> from ble_advertising.o(i.ble_advertising_on_sys_evt) referenced from app_ble.o(sdh_soc_observers1)
 <LI><a href="#[54]">ble_bas_on_ble_evt</a> from ble_bas.o(i.ble_bas_on_ble_evt) referenced from app_ble.o(sdh_ble_observers2)
 <LI><a href="#[55]">ble_dfu_buttonless_on_ble_evt</a> from ble_dfu.o(i.ble_dfu_buttonless_on_ble_evt) referenced from ble_dfu.o(sdh_ble_observers2)
 <LI><a href="#[5c]">ble_dfu_buttonless_on_sys_evt</a> from ble_dfu_unbonded.o(i.ble_dfu_buttonless_on_sys_evt) referenced from ble_dfu_unbonded.o(sdh_soc_observers1)
 <LI><a href="#[43]">ble_dfu_evt_handler</a> from app_ble.o(i.ble_dfu_evt_handler) referenced from app_ble.o(i.services_init)
 <LI><a href="#[4d]">ble_evt_handler</a> from ble_conn_state.o(i.ble_evt_handler) referenced from ble_conn_state.o(sdh_ble_observers0)
 <LI><a href="#[50]">ble_evt_handler</a> from ble_conn_params.o(i.ble_evt_handler) referenced from ble_conn_params.o(sdh_ble_observers1)
 <LI><a href="#[56]">ble_evt_handler</a> from app_ble.o(i.ble_evt_handler) referenced from app_ble.o(sdh_ble_observers3)
 <LI><a href="#[52]">ble_ips_on_ble_evt</a> from ble_ips.o(i.ble_ips_on_ble_evt) referenced from app_ble.o(sdh_ble_observers2)
 <LI><a href="#[3d]">ble_ips_timer_tick_handle</a> from ble_ips.o(i.ble_ips_timer_tick_handle) referenced from ble_ips.o(i.ble_ips_init)
 <LI><a href="#[51]">ble_nus_on_ble_evt</a> from ble_nus.o(i.ble_nus_on_ble_evt) referenced from app_ble.o(sdh_ble_observers2)
 <LI><a href="#[2f]">buzzer_timer_handle</a> from buzzer.o(i.buzzer_timer_handle) referenced from buzzer.o(i.Buzzer_Init)
 <LI><a href="#[30]">cfg_req_loop</a> from app_config.o(i.cfg_req_loop) referenced from app_config.o(i.Cfg_Init)
 <LI><a href="#[31]">cfg_update_handle</a> from app_config.o(i.cfg_update_handle) referenced from app_config.o(i.Cfg_Init)
 <LI><a href="#[3e]">clock_irq_handler</a> from nrf_drv_clock.o(i.clock_irq_handler) referenced from nrf_drv_clock.o(i.nrf_drv_clock_init)
 <LI><a href="#[2d]">conn_params_error_handler</a> from app_ble.o(i.conn_params_error_handler) referenced from app_ble.o(i.Ble_Init)
 <LI><a href="#[3c]">dummy_evt_handler</a> from ble_dfu.o(i.dummy_evt_handler) referenced from ble_dfu.o(i.ble_dfu_buttonless_init)
 <LI><a href="#[49]">erase</a> from nrf_fstorage_sd.o(i.erase) referenced from nrf_fstorage_sd.o(.constdata)
 <LI><a href="#[32]">fct_req_loop</a> from app_factory.o(i.fct_req_loop) referenced from app_factory.o(i.Fct_Init)
 <LI><a href="#[0]">flash_event_handle</a> from ocp.o(i.flash_event_handle) referenced 2 times from ocp.o(fs_data)
 <LI><a href="#[2b]">gatt_evt_handler</a> from app_ble.o(i.gatt_evt_handler) referenced from app_ble.o(i.Ble_Init)
 <LI><a href="#[45]">init</a> from nrf_fstorage_sd.o(i.init) referenced from nrf_fstorage_sd.o(.constdata)
 <LI><a href="#[42]">ips_data_handler</a> from app_ble.o(i.ips_data_handler) referenced from app_ble.o(i.services_init)
 <LI><a href="#[4c]">is_busy</a> from nrf_fstorage_sd.o(i.is_busy) referenced from nrf_fstorage_sd.o(.constdata)
 <LI><a href="#[35]">led_timer_handle</a> from led.o(i.led_timer_handle) referenced from led.o(i.Led_Init)
 <LI><a href="#[26]">main</a> from main.o(i.main) referenced from entry9a.o(.ARM.Collect$$$$0000000B)
 <LI><a href="#[33]">motor_test_handle</a> from app_indication.o(i.motor_test_handle) referenced from app_indication.o(i.Idc_Init)
 <LI><a href="#[36]">motor_timer_handle</a> from motor.o(i.motor_timer_handle) referenced from motor.o(i.Motor_Init)
 <LI><a href="#[4e]">nrf_ble_gatt_on_ble_evt</a> from nrf_ble_gatt.o(i.nrf_ble_gatt_on_ble_evt) referenced from app_ble.o(sdh_ble_observers1)
 <LI><a href="#[53]">nrf_ble_qwr_on_ble_evt</a> from nrf_ble_qwr.o(i.nrf_ble_qwr_on_ble_evt) referenced from app_ble.o(sdh_ble_observers2)
 <LI><a href="#[57]">nrf_fstorage_sdh_req_handler</a> from nrf_fstorage_sd.o(i.nrf_fstorage_sdh_req_handler) referenced from nrf_fstorage_sd.o(sdh_req_observers0)
 <LI><a href="#[60]">nrf_fstorage_sdh_state_handler</a> from nrf_fstorage_sd.o(i.nrf_fstorage_sdh_state_handler) referenced from nrf_fstorage_sd.o(sdh_state_observers0)
 <LI><a href="#[59]">nrf_fstorage_sys_evt_handler</a> from nrf_fstorage_sd.o(i.nrf_fstorage_sys_evt_handler) referenced from nrf_fstorage_sd.o(sdh_soc_observers0)
 <LI><a href="#[41]">nrf_qwr_error_handler</a> from app_ble.o(i.nrf_qwr_error_handler) referenced from app_ble.o(i.services_init)
 <LI><a href="#[5d]">nrf_sdh_ble_evts_poll</a> from nrf_sdh_ble.o(i.nrf_sdh_ble_evts_poll) referenced from nrf_sdh_ble.o(sdh_stack_observers0)
 <LI><a href="#[5e]">nrf_sdh_soc_evts_poll</a> from nrf_sdh_soc.o(i.nrf_sdh_soc_evts_poll) referenced from nrf_sdh_soc.o(sdh_stack_observers0)
 <LI><a href="#[44]">nus_data_handler</a> from app_ble.o(i.nus_data_handler) referenced from app_ble.o(i.services_init)
 <LI><a href="#[39]">on_adv_evt</a> from app_ble.o(i.on_adv_evt) referenced from app_ble.o(i.advertising_init)
 <LI><a href="#[2c]">on_conn_params_evt</a> from app_ble.o(i.on_conn_params_evt) referenced from app_ble.o(i.Ble_Init)
 <LI><a href="#[47]">read</a> from nrf_fstorage_sd.o(i.read) referenced from nrf_fstorage_sd.o(.constdata)
 <LI><a href="#[4a]">rmap</a> from nrf_fstorage_sd.o(i.rmap) referenced from nrf_fstorage_sd.o(.constdata)
 <LI><a href="#[5f]">sd_state_evt_handler</a> from nrf_drv_clock.o(i.sd_state_evt_handler) referenced from nrf_drv_clock.o(sdh_state_observers0)
 <LI><a href="#[58]">soc_evt_handler</a> from nrf_drv_clock.o(i.soc_evt_handler) referenced from nrf_drv_clock.o(sdh_soc_observers0)
 <LI><a href="#[5b]">soc_evt_handler</a> from app_ble.o(i.soc_evt_handler) referenced from app_ble.o(sdh_soc_observers1)
 <LI><a href="#[3f]">spim_evt_handler</a> from nrf_drv_spi.o(i.spim_evt_handler) referenced from nrf_drv_spi.o(i.nrf_drv_spi_init)
 <LI><a href="#[34]">state_check_handle</a> from app_indication.o(i.state_check_handle) referenced from app_indication.o(i.Idc_Init)
 <LI><a href="#[37]">timr_evt_handle</a> from ocp.o(i.timr_evt_handle) referenced from ocp.o(i.Timer_Init)
 <LI><a href="#[46]">uninit</a> from nrf_fstorage_sd.o(i.uninit) referenced from nrf_fstorage_sd.o(.constdata)
 <LI><a href="#[3b]">update_timeout_handler</a> from ble_conn_params.o(i.update_timeout_handler) referenced from ble_conn_params.o(i.ble_conn_params_init)
 <LI><a href="#[38]">wdt_event_handle</a> from ocp.o(i.wdt_event_handle) referenced from ocp.o(i.Wdt_Init)
 <LI><a href="#[4b]">wmap</a> from nrf_fstorage_sd.o(i.wmap) referenced from nrf_fstorage_sd.o(.constdata)
 <LI><a href="#[48]">write</a> from nrf_fstorage_sd.o(i.write) referenced from nrf_fstorage_sd.o(.constdata)
</UL>
<P>
<H3>
Global Symbols
</H3>
<P><STRONG><a name="[28]"></a>__main</STRONG> (Thumb, 0 bytes, Stack size unknown bytes, entry.o(.ARM.Collect$$$$00000000))
<BR>[Address Reference Count : 1]<UL><LI> arm_startup_nrf52810.o(.text)
</UL>
<P><STRONG><a name="[1c1]"></a>_main_stk</STRONG> (Thumb, 0 bytes, Stack size unknown bytes, entry2.o(.ARM.Collect$$$$00000001))

<P><STRONG><a name="[61]"></a>_main_scatterload</STRONG> (Thumb, 0 bytes, Stack size unknown bytes, entry5.o(.ARM.Collect$$$$00000004))
<BR><BR>[Calls]<UL><LI><a href="#[62]">&gt;&gt;</a>&nbsp;&nbsp;&nbsp;__scatterload
</UL>

<P><STRONG><a name="[74]"></a>__main_after_scatterload</STRONG> (Thumb, 0 bytes, Stack size unknown bytes, entry5.o(.ARM.Collect$$$$00000004))
<BR><BR>[Called By]<UL><LI><a href="#[62]">&gt;&gt;</a>&nbsp;&nbsp;&nbsp;__scatterload
</UL>

<P><STRONG><a name="[1c2]"></a>_main_clock</STRONG> (Thumb, 0 bytes, Stack size unknown bytes, entry7b.o(.ARM.Collect$$$$00000008))

<P><STRONG><a name="[1c3]"></a>_main_cpp_init</STRONG> (Thumb, 0 bytes, Stack size unknown bytes, entry8b.o(.ARM.Collect$$$$0000000A))

<P><STRONG><a name="[1c4]"></a>_main_init</STRONG> (Thumb, 0 bytes, Stack size unknown bytes, entry9a.o(.ARM.Collect$$$$0000000B))

<P><STRONG><a name="[1c5]"></a>__rt_final_cpp</STRONG> (Thumb, 0 bytes, Stack size unknown bytes, entry10a.o(.ARM.Collect$$$$0000000D))

<P><STRONG><a name="[1c6]"></a>__rt_final_exit</STRONG> (Thumb, 0 bytes, Stack size unknown bytes, entry11a.o(.ARM.Collect$$$$0000000F))

<P><STRONG><a name="[17f]"></a>__asm___12_nrf_atfifo_c_51f461e1__nrf_atfifo_wspace_req</STRONG> (Thumb, 56 bytes, Stack size 0 bytes, nrf_atfifo.o(.emb_text))
<BR><BR>[Called By]<UL><LI><a href="#[16c]">&gt;&gt;</a>&nbsp;&nbsp;&nbsp;nrf_atfifo_item_alloc
</UL>

<P><STRONG><a name="[63]"></a>__asm___12_nrf_atfifo_c_51f461e1__nrf_atfifo_wspace_close</STRONG> (Thumb, 18 bytes, Stack size 0 bytes, nrf_atfifo.o(.emb_text))
<BR><BR>[Calls]<UL><LI><a href="#[63]">&gt;&gt;</a>&nbsp;&nbsp;&nbsp;__asm___12_nrf_atfifo_c_51f461e1__nrf_atfifo_wspace_close
</UL>
<BR>[Called By]<UL><LI><a href="#[16d]">&gt;&gt;</a>&nbsp;&nbsp;&nbsp;nrf_atfifo_item_put
<LI><a href="#[63]">&gt;&gt;</a>&nbsp;&nbsp;&nbsp;__asm___12_nrf_atfifo_c_51f461e1__nrf_atfifo_wspace_close
</UL>

<P><STRONG><a name="[182]"></a>__asm___12_nrf_atfifo_c_51f461e1__nrf_atfifo_rspace_req</STRONG> (Thumb, 58 bytes, Stack size 0 bytes, nrf_atfifo.o(.emb_text))
<BR><BR>[Called By]<UL><LI><a href="#[181]">&gt;&gt;</a>&nbsp;&nbsp;&nbsp;nrf_atfifo_item_get
</UL>

<P><STRONG><a name="[64]"></a>__asm___12_nrf_atfifo_c_51f461e1__nrf_atfifo_rspace_close</STRONG> (Thumb, 18 bytes, Stack size 0 bytes, nrf_atfifo.o(.emb_text))
<BR><BR>[Calls]<UL><LI><a href="#[64]">&gt;&gt;</a>&nbsp;&nbsp;&nbsp;__asm___12_nrf_atfifo_c_51f461e1__nrf_atfifo_rspace_close
</UL>
<BR>[Called By]<UL><LI><a href="#[180]">&gt;&gt;</a>&nbsp;&nbsp;&nbsp;nrf_atfifo_item_free
<LI><a href="#[64]">&gt;&gt;</a>&nbsp;&nbsp;&nbsp;__asm___12_nrf_atfifo_c_51f461e1__nrf_atfifo_rspace_close
</UL>

<P><STRONG><a name="[17e]"></a>__asm___12_nrf_atfifo_c_51f461e1__nrf_atfifo_space_clear</STRONG> (Thumb, 50 bytes, Stack size 0 bytes, nrf_atfifo.o(.emb_text))
<BR><BR>[Called By]<UL><LI><a href="#[17d]">&gt;&gt;</a>&nbsp;&nbsp;&nbsp;nrf_atfifo_clear
</UL>

<P><STRONG><a name="[188]"></a>__asm___12_nrf_atomic_c_85ca2469__nrf_atomic_internal_mov</STRONG> (Thumb, 24 bytes, Stack size 0 bytes, nrf_atomic.o(.emb_text))
<BR><BR>[Called By]<UL><LI><a href="#[187]">&gt;&gt;</a>&nbsp;&nbsp;&nbsp;nrf_atomic_u32_fetch_store
</UL>

<P><STRONG><a name="[186]"></a>__asm___12_nrf_atomic_c_85ca2469__nrf_atomic_internal_orr</STRONG> (Thumb, 26 bytes, Stack size 0 bytes, nrf_atomic.o(.emb_text))
<BR><BR>[Called By]<UL><LI><a href="#[183]">&gt;&gt;</a>&nbsp;&nbsp;&nbsp;nrf_atomic_u32_or
<LI><a href="#[184]">&gt;&gt;</a>&nbsp;&nbsp;&nbsp;nrf_atomic_u32_fetch_or
</UL>

<P><STRONG><a name="[185]"></a>__asm___12_nrf_atomic_c_85ca2469__nrf_atomic_internal_and</STRONG> (Thumb, 26 bytes, Stack size 0 bytes, nrf_atomic.o(.emb_text))
<BR><BR>[Called By]<UL><LI><a href="#[14b]">&gt;&gt;</a>&nbsp;&nbsp;&nbsp;nrf_atomic_u32_and
</UL>

<P><STRONG><a name="[1c7]"></a>__asm___12_nrf_atomic_c_85ca2469__nrf_atomic_internal_eor</STRONG> (Thumb, 26 bytes, Stack size 0 bytes, nrf_atomic.o(.emb_text), UNUSED)

<P><STRONG><a name="[1c8]"></a>__asm___12_nrf_atomic_c_85ca2469__nrf_atomic_internal_add</STRONG> (Thumb, 26 bytes, Stack size 0 bytes, nrf_atomic.o(.emb_text), UNUSED)

<P><STRONG><a name="[1c9]"></a>__asm___12_nrf_atomic_c_85ca2469__nrf_atomic_internal_sub</STRONG> (Thumb, 26 bytes, Stack size 0 bytes, nrf_atomic.o(.emb_text), UNUSED)

<P><STRONG><a name="[1ca]"></a>__asm___12_nrf_atomic_c_85ca2469__nrf_atomic_internal_cmp_exch</STRONG> (Thumb, 42 bytes, Stack size 0 bytes, nrf_atomic.o(.emb_text), UNUSED)

<P><STRONG><a name="[1cb]"></a>__asm___12_nrf_atomic_c_85ca2469__nrf_atomic_internal_sub_hs</STRONG> (Thumb, 30 bytes, Stack size 0 bytes, nrf_atomic.o(.emb_text), UNUSED)

<P><STRONG><a name="[1]"></a>Reset_Handler</STRONG> (Thumb, 8 bytes, Stack size 0 bytes, arm_startup_nrf52810.o(.text))
<BR>[Address Reference Count : 1]<UL><LI> arm_startup_nrf52810.o(RESET)
</UL>
<P><STRONG><a name="[2]"></a>NMI_Handler</STRONG> (Thumb, 2 bytes, Stack size 0 bytes, arm_startup_nrf52810.o(.text))
<BR><BR>[Calls]<UL><LI><a href="#[2]">&gt;&gt;</a>&nbsp;&nbsp;&nbsp;NMI_Handler
</UL>
<BR>[Called By]<UL><LI><a href="#[2]">&gt;&gt;</a>&nbsp;&nbsp;&nbsp;NMI_Handler
</UL>
<BR>[Address Reference Count : 1]<UL><LI> arm_startup_nrf52810.o(RESET)
</UL>
<P><STRONG><a name="[3]"></a>HardFault_Handler</STRONG> (Thumb, 2 bytes, Stack size 0 bytes, arm_startup_nrf52810.o(.text))
<BR><BR>[Calls]<UL><LI><a href="#[3]">&gt;&gt;</a>&nbsp;&nbsp;&nbsp;HardFault_Handler
</UL>
<BR>[Called By]<UL><LI><a href="#[3]">&gt;&gt;</a>&nbsp;&nbsp;&nbsp;HardFault_Handler
</UL>
<BR>[Address Reference Count : 1]<UL><LI> arm_startup_nrf52810.o(RESET)
</UL>
<P><STRONG><a name="[4]"></a>MemoryManagement_Handler</STRONG> (Thumb, 2 bytes, Stack size 0 bytes, arm_startup_nrf52810.o(.text))
<BR><BR>[Calls]<UL><LI><a href="#[4]">&gt;&gt;</a>&nbsp;&nbsp;&nbsp;MemoryManagement_Handler
</UL>
<BR>[Called By]<UL><LI><a href="#[4]">&gt;&gt;</a>&nbsp;&nbsp;&nbsp;MemoryManagement_Handler
</UL>
<BR>[Address Reference Count : 1]<UL><LI> arm_startup_nrf52810.o(RESET)
</UL>
<P><STRONG><a name="[5]"></a>BusFault_Handler</STRONG> (Thumb, 2 bytes, Stack size 0 bytes, arm_startup_nrf52810.o(.text))
<BR><BR>[Calls]<UL><LI><a href="#[5]">&gt;&gt;</a>&nbsp;&nbsp;&nbsp;BusFault_Handler
</UL>
<BR>[Called By]<UL><LI><a href="#[5]">&gt;&gt;</a>&nbsp;&nbsp;&nbsp;BusFault_Handler
</UL>
<BR>[Address Reference Count : 1]<UL><LI> arm_startup_nrf52810.o(RESET)
</UL>
<P><STRONG><a name="[6]"></a>UsageFault_Handler</STRONG> (Thumb, 2 bytes, Stack size 0 bytes, arm_startup_nrf52810.o(.text))
<BR><BR>[Calls]<UL><LI><a href="#[6]">&gt;&gt;</a>&nbsp;&nbsp;&nbsp;UsageFault_Handler
</UL>
<BR>[Called By]<UL><LI><a href="#[6]">&gt;&gt;</a>&nbsp;&nbsp;&nbsp;UsageFault_Handler
</UL>
<BR>[Address Reference Count : 1]<UL><LI> arm_startup_nrf52810.o(RESET)
</UL>
<P><STRONG><a name="[7]"></a>SVC_Handler</STRONG> (Thumb, 2 bytes, Stack size 0 bytes, arm_startup_nrf52810.o(.text))
<BR><BR>[Calls]<UL><LI><a href="#[7]">&gt;&gt;</a>&nbsp;&nbsp;&nbsp;SVC_Handler
</UL>
<BR>[Called By]<UL><LI><a href="#[7]">&gt;&gt;</a>&nbsp;&nbsp;&nbsp;SVC_Handler
</UL>
<BR>[Address Reference Count : 1]<UL><LI> arm_startup_nrf52810.o(RESET)
</UL>
<P><STRONG><a name="[8]"></a>DebugMon_Handler</STRONG> (Thumb, 2 bytes, Stack size 0 bytes, arm_startup_nrf52810.o(.text))
<BR><BR>[Calls]<UL><LI><a href="#[8]">&gt;&gt;</a>&nbsp;&nbsp;&nbsp;DebugMon_Handler
</UL>
<BR>[Called By]<UL><LI><a href="#[8]">&gt;&gt;</a>&nbsp;&nbsp;&nbsp;DebugMon_Handler
</UL>
<BR>[Address Reference Count : 1]<UL><LI> arm_startup_nrf52810.o(RESET)
</UL>
<P><STRONG><a name="[9]"></a>PendSV_Handler</STRONG> (Thumb, 2 bytes, Stack size 0 bytes, arm_startup_nrf52810.o(.text))
<BR><BR>[Calls]<UL><LI><a href="#[9]">&gt;&gt;</a>&nbsp;&nbsp;&nbsp;PendSV_Handler
</UL>
<BR>[Called By]<UL><LI><a href="#[9]">&gt;&gt;</a>&nbsp;&nbsp;&nbsp;PendSV_Handler
</UL>
<BR>[Address Reference Count : 1]<UL><LI> arm_startup_nrf52810.o(RESET)
</UL>
<P><STRONG><a name="[a]"></a>SysTick_Handler</STRONG> (Thumb, 2 bytes, Stack size 0 bytes, arm_startup_nrf52810.o(.text))
<BR><BR>[Calls]<UL><LI><a href="#[a]">&gt;&gt;</a>&nbsp;&nbsp;&nbsp;SysTick_Handler
</UL>
<BR>[Called By]<UL><LI><a href="#[a]">&gt;&gt;</a>&nbsp;&nbsp;&nbsp;SysTick_Handler
</UL>
<BR>[Address Reference Count : 1]<UL><LI> arm_startup_nrf52810.o(RESET)
</UL>
<P><STRONG><a name="[19]"></a>CCM_AAR_IRQHandler</STRONG> (Thumb, 0 bytes, Stack size 0 bytes, arm_startup_nrf52810.o(.text))
<BR><BR>[Calls]<UL><LI><a href="#[19]">&gt;&gt;</a>&nbsp;&nbsp;&nbsp;CCM_AAR_IRQHandler
</UL>
<BR>[Called By]<UL><LI><a href="#[19]">&gt;&gt;</a>&nbsp;&nbsp;&nbsp;CCM_AAR_IRQHandler
</UL>
<BR>[Address Reference Count : 1]<UL><LI> arm_startup_nrf52810.o(RESET)
</UL>
<P><STRONG><a name="[1d]"></a>COMP_IRQHandler</STRONG> (Thumb, 0 bytes, Stack size 0 bytes, arm_startup_nrf52810.o(.text))
<BR>[Address Reference Count : 1]<UL><LI> arm_startup_nrf52810.o(RESET)
</UL>
<P><STRONG><a name="[18]"></a>ECB_IRQHandler</STRONG> (Thumb, 0 bytes, Stack size 0 bytes, arm_startup_nrf52810.o(.text))
<BR>[Address Reference Count : 1]<UL><LI> arm_startup_nrf52810.o(RESET)
</UL>
<P><STRONG><a name="[10]"></a>GPIOTE_IRQHandler</STRONG> (Thumb, 0 bytes, Stack size 0 bytes, arm_startup_nrf52810.o(.text))
<BR>[Address Reference Count : 1]<UL><LI> arm_startup_nrf52810.o(RESET)
</UL>
<P><STRONG><a name="[25]"></a>PDM_IRQHandler</STRONG> (Thumb, 0 bytes, Stack size 0 bytes, arm_startup_nrf52810.o(.text))
<BR>[Address Reference Count : 1]<UL><LI> arm_startup_nrf52810.o(RESET)
</UL>
<P><STRONG><a name="[1c]"></a>QDEC_IRQHandler</STRONG> (Thumb, 0 bytes, Stack size 0 bytes, arm_startup_nrf52810.o(.text))
<BR>[Address Reference Count : 1]<UL><LI> arm_startup_nrf52810.o(RESET)
</UL>
<P><STRONG><a name="[c]"></a>RADIO_IRQHandler</STRONG> (Thumb, 0 bytes, Stack size 0 bytes, arm_startup_nrf52810.o(.text))
<BR>[Address Reference Count : 1]<UL><LI> arm_startup_nrf52810.o(RESET)
</UL>
<P><STRONG><a name="[17]"></a>RNG_IRQHandler</STRONG> (Thumb, 0 bytes, Stack size 0 bytes, arm_startup_nrf52810.o(.text))
<BR>[Address Reference Count : 1]<UL><LI> arm_startup_nrf52810.o(RESET)
</UL>
<P><STRONG><a name="[15]"></a>RTC0_IRQHandler</STRONG> (Thumb, 0 bytes, Stack size 0 bytes, arm_startup_nrf52810.o(.text))
<BR>[Address Reference Count : 1]<UL><LI> arm_startup_nrf52810.o(RESET)
</UL>
<P><STRONG><a name="[1f]"></a>SWI1_EGU1_IRQHandler</STRONG> (Thumb, 0 bytes, Stack size 0 bytes, arm_startup_nrf52810.o(.text))
<BR>[Address Reference Count : 1]<UL><LI> arm_startup_nrf52810.o(RESET)
</UL>
<P><STRONG><a name="[21]"></a>SWI3_IRQHandler</STRONG> (Thumb, 0 bytes, Stack size 0 bytes, arm_startup_nrf52810.o(.text))
<BR>[Address Reference Count : 1]<UL><LI> arm_startup_nrf52810.o(RESET)
</UL>
<P><STRONG><a name="[22]"></a>SWI4_IRQHandler</STRONG> (Thumb, 0 bytes, Stack size 0 bytes, arm_startup_nrf52810.o(.text))
<BR>[Address Reference Count : 1]<UL><LI> arm_startup_nrf52810.o(RESET)
</UL>
<P><STRONG><a name="[23]"></a>SWI5_IRQHandler</STRONG> (Thumb, 0 bytes, Stack size 0 bytes, arm_startup_nrf52810.o(.text))
<BR>[Address Reference Count : 1]<UL><LI> arm_startup_nrf52810.o(RESET)
</UL>
<P><STRONG><a name="[16]"></a>TEMP_IRQHandler</STRONG> (Thumb, 0 bytes, Stack size 0 bytes, arm_startup_nrf52810.o(.text))
<BR>[Address Reference Count : 1]<UL><LI> arm_startup_nrf52810.o(RESET)
</UL>
<P><STRONG><a name="[12]"></a>TIMER0_IRQHandler</STRONG> (Thumb, 0 bytes, Stack size 0 bytes, arm_startup_nrf52810.o(.text))
<BR>[Address Reference Count : 1]<UL><LI> arm_startup_nrf52810.o(RESET)
</UL>
<P><STRONG><a name="[14]"></a>TIMER2_IRQHandler</STRONG> (Thumb, 0 bytes, Stack size 0 bytes, arm_startup_nrf52810.o(.text))
<BR>[Address Reference Count : 1]<UL><LI> arm_startup_nrf52810.o(RESET)
</UL>
<P><STRONG><a name="[e]"></a>TWIM0_TWIS0_TWI0_IRQHandler</STRONG> (Thumb, 0 bytes, Stack size 0 bytes, arm_startup_nrf52810.o(.text))
<BR>[Address Reference Count : 1]<UL><LI> arm_startup_nrf52810.o(RESET)
</UL>
<P><STRONG><a name="[65]"></a>__aeabi_uldivmod</STRONG> (Thumb, 98 bytes, Stack size 40 bytes, uldiv.o(.text))
<BR><BR>[Stack]<UL><LI>Max Depth = 40<LI>Call Chain = __aeabi_uldivmod
</UL>
<BR>[Calls]<UL><LI><a href="#[66]">&gt;&gt;</a>&nbsp;&nbsp;&nbsp;__aeabi_llsr
<LI><a href="#[67]">&gt;&gt;</a>&nbsp;&nbsp;&nbsp;__aeabi_llsl
</UL>
<BR>[Called By]<UL><LI><a href="#[36]">&gt;&gt;</a>&nbsp;&nbsp;&nbsp;motor_timer_handle
<LI><a href="#[35]">&gt;&gt;</a>&nbsp;&nbsp;&nbsp;led_timer_handle
<LI><a href="#[2f]">&gt;&gt;</a>&nbsp;&nbsp;&nbsp;buzzer_timer_handle
</UL>

<P><STRONG><a name="[66]"></a>__aeabi_llsr</STRONG> (Thumb, 32 bytes, Stack size 0 bytes, llushr.o(.text))
<BR><BR>[Called By]<UL><LI><a href="#[f5]">&gt;&gt;</a>&nbsp;&nbsp;&nbsp;Timer_Init
<LI><a href="#[65]">&gt;&gt;</a>&nbsp;&nbsp;&nbsp;__aeabi_uldivmod
<LI><a href="#[73]">&gt;&gt;</a>&nbsp;&nbsp;&nbsp;__aeabi_d2uiz
<LI><a href="#[72]">&gt;&gt;</a>&nbsp;&nbsp;&nbsp;_double_epilogue
</UL>

<P><STRONG><a name="[1cc]"></a>_ll_ushift_r</STRONG> (Thumb, 0 bytes, Stack size 0 bytes, llushr.o(.text), UNUSED)

<P><STRONG><a name="[7a]"></a>__aeabi_memcpy</STRONG> (Thumb, 36 bytes, Stack size 0 bytes, memcpya.o(.text))
<BR><BR>[Called By]<UL><LI><a href="#[ea]">&gt;&gt;</a>&nbsp;&nbsp;&nbsp;Subg_SendPkt
<LI><a href="#[b9]">&gt;&gt;</a>&nbsp;&nbsp;&nbsp;Kit_FifoStructOut
<LI><a href="#[7b]">&gt;&gt;</a>&nbsp;&nbsp;&nbsp;Kit_FifoStructIn
<LI><a href="#[164]">&gt;&gt;</a>&nbsp;&nbsp;&nbsp;encrypt_decode
<LI><a href="#[116]">&gt;&gt;</a>&nbsp;&nbsp;&nbsp;send_bytes_to_ble
<LI><a href="#[10d]">&gt;&gt;</a>&nbsp;&nbsp;&nbsp;encrypt_encode
<LI><a href="#[10e]">&gt;&gt;</a>&nbsp;&nbsp;&nbsp;cmd_send_and_listen
<LI><a href="#[10a]">&gt;&gt;</a>&nbsp;&nbsp;&nbsp;cmd_get_pkt
<LI><a href="#[a4]">&gt;&gt;</a>&nbsp;&nbsp;&nbsp;Fct_PutReq
<LI><a href="#[9d]">&gt;&gt;</a>&nbsp;&nbsp;&nbsp;Cfg_SetAdvName
<LI><a href="#[9c]">&gt;&gt;</a>&nbsp;&nbsp;&nbsp;Cfg_PutReq
<LI><a href="#[78]">&gt;&gt;</a>&nbsp;&nbsp;&nbsp;Aps_PutCmd
<LI><a href="#[12b]">&gt;&gt;</a>&nbsp;&nbsp;&nbsp;service_data_encode
<LI><a href="#[12a]">&gt;&gt;</a>&nbsp;&nbsp;&nbsp;manuf_specific_data_encode
<LI><a href="#[30]">&gt;&gt;</a>&nbsp;&nbsp;&nbsp;cfg_req_loop
<LI><a href="#[a0]">&gt;&gt;</a>&nbsp;&nbsp;&nbsp;Flash_Read
<LI><a href="#[171]">&gt;&gt;</a>&nbsp;&nbsp;&nbsp;sn_burn
<LI><a href="#[d5]">&gt;&gt;</a>&nbsp;&nbsp;&nbsp;Rf69_XmitBuf
<LI><a href="#[ec]">&gt;&gt;</a>&nbsp;&nbsp;&nbsp;omnipod_tx
<LI><a href="#[144]">&gt;&gt;</a>&nbsp;&nbsp;&nbsp;ble_dfu_buttonless_on_ctrl_pt_write
<LI><a href="#[47]">&gt;&gt;</a>&nbsp;&nbsp;&nbsp;read
</UL>

<P><STRONG><a name="[a1]"></a>__aeabi_memcpy4</STRONG> (Thumb, 0 bytes, Stack size 0 bytes, memcpya.o(.text))
<BR><BR>[Called By]<UL><LI><a href="#[90]">&gt;&gt;</a>&nbsp;&nbsp;&nbsp;ble_conn_params_init
<LI><a href="#[fd]">&gt;&gt;</a>&nbsp;&nbsp;&nbsp;ble_advertising_init
<LI><a href="#[8a]">&gt;&gt;</a>&nbsp;&nbsp;&nbsp;Cfg_StorageLoad
<LI><a href="#[4d]">&gt;&gt;</a>&nbsp;&nbsp;&nbsp;ble_evt_handler
<LI><a href="#[137]">&gt;&gt;</a>&nbsp;&nbsp;&nbsp;conn_handle_list_get
</UL>

<P><STRONG><a name="[1cd]"></a>__aeabi_memcpy8</STRONG> (Thumb, 0 bytes, Stack size 0 bytes, memcpya.o(.text), UNUSED)

<P><STRONG><a name="[69]"></a>__aeabi_memset</STRONG> (Thumb, 14 bytes, Stack size 0 bytes, memseta.o(.text), UNUSED)
<BR><BR>[Called By]<UL><LI><a href="#[6a]">&gt;&gt;</a>&nbsp;&nbsp;&nbsp;_memset$wrapper
<LI><a href="#[68]">&gt;&gt;</a>&nbsp;&nbsp;&nbsp;__aeabi_memclr
</UL>

<P><STRONG><a name="[1ce]"></a>__aeabi_memset4</STRONG> (Thumb, 0 bytes, Stack size 0 bytes, memseta.o(.text), UNUSED)

<P><STRONG><a name="[1cf]"></a>__aeabi_memset8</STRONG> (Thumb, 0 bytes, Stack size 0 bytes, memseta.o(.text), UNUSED)

<P><STRONG><a name="[68]"></a>__aeabi_memclr</STRONG> (Thumb, 4 bytes, Stack size 0 bytes, memseta.o(.text), UNUSED)
<BR><BR>[Calls]<UL><LI><a href="#[69]">&gt;&gt;</a>&nbsp;&nbsp;&nbsp;__aeabi_memset
</UL>

<P><STRONG><a name="[79]"></a>__aeabi_memclr4</STRONG> (Thumb, 0 bytes, Stack size 0 bytes, memseta.o(.text))
<BR><BR>[Called By]<UL><LI><a href="#[116]">&gt;&gt;</a>&nbsp;&nbsp;&nbsp;send_bytes_to_ble
<LI><a href="#[10e]">&gt;&gt;</a>&nbsp;&nbsp;&nbsp;cmd_send_and_listen
<LI><a href="#[10a]">&gt;&gt;</a>&nbsp;&nbsp;&nbsp;cmd_get_pkt
<LI><a href="#[29]">&gt;&gt;</a>&nbsp;&nbsp;&nbsp;aps_cmd_loop
<LI><a href="#[51]">&gt;&gt;</a>&nbsp;&nbsp;&nbsp;ble_nus_on_ble_evt
<LI><a href="#[154]">&gt;&gt;</a>&nbsp;&nbsp;&nbsp;ble_nus_init
<LI><a href="#[14f]">&gt;&gt;</a>&nbsp;&nbsp;&nbsp;ble_ips_init
<LI><a href="#[ff]">&gt;&gt;</a>&nbsp;&nbsp;&nbsp;ble_advertising_start
<LI><a href="#[a4]">&gt;&gt;</a>&nbsp;&nbsp;&nbsp;Fct_PutReq
<LI><a href="#[78]">&gt;&gt;</a>&nbsp;&nbsp;&nbsp;Aps_PutCmd
<LI><a href="#[85]">&gt;&gt;</a>&nbsp;&nbsp;&nbsp;Ble_Init
<LI><a href="#[91]">&gt;&gt;</a>&nbsp;&nbsp;&nbsp;advertising_init
<LI><a href="#[ec]">&gt;&gt;</a>&nbsp;&nbsp;&nbsp;omnipod_tx
<LI><a href="#[156]">&gt;&gt;</a>&nbsp;&nbsp;&nbsp;on_write
<LI><a href="#[155]">&gt;&gt;</a>&nbsp;&nbsp;&nbsp;on_connect
<LI><a href="#[11d]">&gt;&gt;</a>&nbsp;&nbsp;&nbsp;battery_level_char_add
<LI><a href="#[13f]">&gt;&gt;</a>&nbsp;&nbsp;&nbsp;ble_dfu_buttonless_char_add
<LI><a href="#[120]">&gt;&gt;</a>&nbsp;&nbsp;&nbsp;descriptor_add
<LI><a href="#[11e]">&gt;&gt;</a>&nbsp;&nbsp;&nbsp;characteristic_add
<LI><a href="#[48]">&gt;&gt;</a>&nbsp;&nbsp;&nbsp;write
<LI><a href="#[46]">&gt;&gt;</a>&nbsp;&nbsp;&nbsp;uninit
<LI><a href="#[16f]">&gt;&gt;</a>&nbsp;&nbsp;&nbsp;event_send
<LI><a href="#[49]">&gt;&gt;</a>&nbsp;&nbsp;&nbsp;erase
<LI><a href="#[151]">&gt;&gt;</a>&nbsp;&nbsp;&nbsp;user_128bit_uuid_characteristic_add
<LI><a href="#[152]">&gt;&gt;</a>&nbsp;&nbsp;&nbsp;on_write
</UL>

<P><STRONG><a name="[1d0]"></a>__aeabi_memclr8</STRONG> (Thumb, 0 bytes, Stack size 0 bytes, memseta.o(.text), UNUSED)

<P><STRONG><a name="[6a]"></a>_memset$wrapper</STRONG> (Thumb, 18 bytes, Stack size 8 bytes, memseta.o(.text), UNUSED)
<BR><BR>[Calls]<UL><LI><a href="#[69]">&gt;&gt;</a>&nbsp;&nbsp;&nbsp;__aeabi_memset
</UL>

<P><STRONG><a name="[150]"></a>strlen</STRONG> (Thumb, 14 bytes, Stack size 0 bytes, strlen.o(.text))
<BR><BR>[Called By]<UL><LI><a href="#[14f]">&gt;&gt;</a>&nbsp;&nbsp;&nbsp;ble_ips_init
</UL>

<P><STRONG><a name="[11b]"></a>__aeabi_fmul</STRONG> (Thumb, 100 bytes, Stack size 8 bytes, fmul.o(.text))
<BR><BR>[Stack]<UL><LI>Max Depth = 8<LI>Call Chain = __aeabi_fmul
</UL>
<BR>[Called By]<UL><LI><a href="#[84]">&gt;&gt;</a>&nbsp;&nbsp;&nbsp;batt_detect
</UL>

<P><STRONG><a name="[6b]"></a>__aeabi_fdiv</STRONG> (Thumb, 124 bytes, Stack size 8 bytes, fdiv.o(.text))
<BR><BR>[Stack]<UL><LI>Max Depth = 8<LI>Call Chain = __aeabi_fdiv
</UL>
<BR>[Calls]<UL><LI><a href="#[6c]">&gt;&gt;</a>&nbsp;&nbsp;&nbsp;_float_round
</UL>
<BR>[Called By]<UL><LI><a href="#[84]">&gt;&gt;</a>&nbsp;&nbsp;&nbsp;batt_detect
</UL>

<P><STRONG><a name="[6d]"></a>__aeabi_ddiv</STRONG> (Thumb, 222 bytes, Stack size 32 bytes, ddiv.o(.text))
<BR><BR>[Stack]<UL><LI>Max Depth = 40<LI>Call Chain = __aeabi_ddiv &rArr; _double_round
</UL>
<BR>[Calls]<UL><LI><a href="#[6e]">&gt;&gt;</a>&nbsp;&nbsp;&nbsp;_double_round
</UL>
<BR>[Called By]<UL><LI><a href="#[ce]">&gt;&gt;</a>&nbsp;&nbsp;&nbsp;Rf69_SetFreq
</UL>

<P><STRONG><a name="[6f]"></a>__aeabi_i2f</STRONG> (Thumb, 18 bytes, Stack size 0 bytes, fflti.o(.text))
<BR><BR>[Stack]<UL><LI>Max Depth = 4<LI>Call Chain = __aeabi_i2f &rArr; _float_epilogue
</UL>
<BR>[Calls]<UL><LI><a href="#[70]">&gt;&gt;</a>&nbsp;&nbsp;&nbsp;_float_epilogue
</UL>
<BR>[Called By]<UL><LI><a href="#[84]">&gt;&gt;</a>&nbsp;&nbsp;&nbsp;batt_detect
</UL>

<P><STRONG><a name="[71]"></a>__aeabi_ui2d</STRONG> (Thumb, 26 bytes, Stack size 16 bytes, dfltui.o(.text))
<BR><BR>[Stack]<UL><LI>Max Depth = 56<LI>Call Chain = __aeabi_ui2d &rArr; _double_epilogue &rArr; _double_round
</UL>
<BR>[Calls]<UL><LI><a href="#[72]">&gt;&gt;</a>&nbsp;&nbsp;&nbsp;_double_epilogue
</UL>
<BR>[Called By]<UL><LI><a href="#[ce]">&gt;&gt;</a>&nbsp;&nbsp;&nbsp;Rf69_SetFreq
</UL>

<P><STRONG><a name="[11c]"></a>__aeabi_f2uiz</STRONG> (Thumb, 40 bytes, Stack size 0 bytes, ffixui.o(.text))
<BR><BR>[Called By]<UL><LI><a href="#[84]">&gt;&gt;</a>&nbsp;&nbsp;&nbsp;batt_detect
</UL>

<P><STRONG><a name="[73]"></a>__aeabi_d2uiz</STRONG> (Thumb, 50 bytes, Stack size 8 bytes, dfixui.o(.text))
<BR><BR>[Stack]<UL><LI>Max Depth = 8<LI>Call Chain = __aeabi_d2uiz
</UL>
<BR>[Calls]<UL><LI><a href="#[66]">&gt;&gt;</a>&nbsp;&nbsp;&nbsp;__aeabi_llsr
</UL>
<BR>[Called By]<UL><LI><a href="#[ce]">&gt;&gt;</a>&nbsp;&nbsp;&nbsp;Rf69_SetFreq
</UL>

<P><STRONG><a name="[67]"></a>__aeabi_llsl</STRONG> (Thumb, 30 bytes, Stack size 0 bytes, llshl.o(.text))
<BR><BR>[Called By]<UL><LI><a href="#[65]">&gt;&gt;</a>&nbsp;&nbsp;&nbsp;__aeabi_uldivmod
<LI><a href="#[72]">&gt;&gt;</a>&nbsp;&nbsp;&nbsp;_double_epilogue
</UL>

<P><STRONG><a name="[1d1]"></a>_ll_shift_l</STRONG> (Thumb, 0 bytes, Stack size 0 bytes, llshl.o(.text), UNUSED)

<P><STRONG><a name="[1d2]"></a>__I$use$fp</STRONG> (Thumb, 0 bytes, Stack size 0 bytes, iusefp.o(.text), UNUSED)

<P><STRONG><a name="[6c]"></a>_float_round</STRONG> (Thumb, 18 bytes, Stack size 0 bytes, fepilogue.o(.text))
<BR><BR>[Called By]<UL><LI><a href="#[6b]">&gt;&gt;</a>&nbsp;&nbsp;&nbsp;__aeabi_fdiv
</UL>

<P><STRONG><a name="[70]"></a>_float_epilogue</STRONG> (Thumb, 92 bytes, Stack size 4 bytes, fepilogue.o(.text))
<BR><BR>[Stack]<UL><LI>Max Depth = 4<LI>Call Chain = _float_epilogue
</UL>
<BR>[Called By]<UL><LI><a href="#[6f]">&gt;&gt;</a>&nbsp;&nbsp;&nbsp;__aeabi_i2f
</UL>

<P><STRONG><a name="[6e]"></a>_double_round</STRONG> (Thumb, 30 bytes, Stack size 8 bytes, depilogue.o(.text))
<BR><BR>[Stack]<UL><LI>Max Depth = 8<LI>Call Chain = _double_round
</UL>
<BR>[Called By]<UL><LI><a href="#[6d]">&gt;&gt;</a>&nbsp;&nbsp;&nbsp;__aeabi_ddiv
<LI><a href="#[72]">&gt;&gt;</a>&nbsp;&nbsp;&nbsp;_double_epilogue
</UL>

<P><STRONG><a name="[72]"></a>_double_epilogue</STRONG> (Thumb, 156 bytes, Stack size 32 bytes, depilogue.o(.text))
<BR><BR>[Stack]<UL><LI>Max Depth = 40<LI>Call Chain = _double_epilogue &rArr; _double_round
</UL>
<BR>[Calls]<UL><LI><a href="#[66]">&gt;&gt;</a>&nbsp;&nbsp;&nbsp;__aeabi_llsr
<LI><a href="#[67]">&gt;&gt;</a>&nbsp;&nbsp;&nbsp;__aeabi_llsl
<LI><a href="#[6e]">&gt;&gt;</a>&nbsp;&nbsp;&nbsp;_double_round
</UL>
<BR>[Called By]<UL><LI><a href="#[71]">&gt;&gt;</a>&nbsp;&nbsp;&nbsp;__aeabi_ui2d
</UL>

<P><STRONG><a name="[62]"></a>__scatterload</STRONG> (Thumb, 28 bytes, Stack size 0 bytes, init.o(.text))
<BR><BR>[Calls]<UL><LI><a href="#[74]">&gt;&gt;</a>&nbsp;&nbsp;&nbsp;__main_after_scatterload
</UL>
<BR>[Called By]<UL><LI><a href="#[61]">&gt;&gt;</a>&nbsp;&nbsp;&nbsp;_main_scatterload
</UL>

<P><STRONG><a name="[1d3]"></a>__scatterload_rt2</STRONG> (Thumb, 0 bytes, Stack size 0 bytes, init.o(.text), UNUSED)

<P><STRONG><a name="[1d4]"></a>__decompress</STRONG> (Thumb, 0 bytes, Stack size unknown bytes, __dczerorl2.o(.text), UNUSED)

<P><STRONG><a name="[1d5]"></a>__decompress1</STRONG> (Thumb, 86 bytes, Stack size unknown bytes, __dczerorl2.o(.text), UNUSED)

<P><STRONG><a name="[75]"></a>Aps_Init</STRONG> (Thumb, 30 bytes, Stack size 8 bytes, app_aps.o(i.Aps_Init))
<BR><BR>[Stack]<UL><LI>Max Depth = 8<LI>Call Chain = Aps_Init
</UL>
<BR>[Calls]<UL><LI><a href="#[76]">&gt;&gt;</a>&nbsp;&nbsp;&nbsp;Kit_FifoStructCreate
<LI><a href="#[77]">&gt;&gt;</a>&nbsp;&nbsp;&nbsp;app_timer_create
</UL>
<BR>[Called By]<UL><LI><a href="#[26]">&gt;&gt;</a>&nbsp;&nbsp;&nbsp;main
</UL>

<P><STRONG><a name="[78]"></a>Aps_PutCmd</STRONG> (Thumb, 96 bytes, Stack size 144 bytes, app_aps.o(i.Aps_PutCmd))
<BR><BR>[Stack]<UL><LI>Max Depth = 352<LI>Call Chain = Aps_PutCmd &rArr; cmd_update_reg &rArr; send_byte_to_ble &rArr; Ble_IpsNotifyRespCntAndSendData &rArr; ble_ips_data_send
</UL>
<BR>[Calls]<UL><LI><a href="#[7c]">&gt;&gt;</a>&nbsp;&nbsp;&nbsp;Subg_SetIntFlg
<LI><a href="#[7b]">&gt;&gt;</a>&nbsp;&nbsp;&nbsp;Kit_FifoStructIn
<LI><a href="#[7d]">&gt;&gt;</a>&nbsp;&nbsp;&nbsp;cmd_update_reg
<LI><a href="#[79]">&gt;&gt;</a>&nbsp;&nbsp;&nbsp;__aeabi_memclr4
<LI><a href="#[7a]">&gt;&gt;</a>&nbsp;&nbsp;&nbsp;__aeabi_memcpy
</UL>
<BR>[Called By]<UL><LI><a href="#[42]">&gt;&gt;</a>&nbsp;&nbsp;&nbsp;ips_data_handler
</UL>

<P><STRONG><a name="[7e]"></a>Aps_StartLoop</STRONG> (Thumb, 28 bytes, Stack size 0 bytes, app_aps.o(i.Aps_StartLoop))
<BR><BR>[Stack]<UL><LI>Max Depth = 52<LI>Call Chain = Aps_StartLoop &rArr; app_timer_start &rArr; app_util_critical_region_enter
</UL>
<BR>[Calls]<UL><LI><a href="#[7f]">&gt;&gt;</a>&nbsp;&nbsp;&nbsp;app_timer_start
</UL>
<BR>[Called By]<UL><LI><a href="#[56]">&gt;&gt;</a>&nbsp;&nbsp;&nbsp;ble_evt_handler
</UL>

<P><STRONG><a name="[80]"></a>Aps_StopLoop</STRONG> (Thumb, 22 bytes, Stack size 0 bytes, app_aps.o(i.Aps_StopLoop))
<BR><BR>[Stack]<UL><LI>Max Depth = 36<LI>Call Chain = Aps_StopLoop &rArr; app_timer_stop &rArr; timer_stop_op_schedule &rArr; app_util_critical_region_enter
</UL>
<BR>[Calls]<UL><LI><a href="#[81]">&gt;&gt;</a>&nbsp;&nbsp;&nbsp;app_timer_stop
</UL>
<BR>[Called By]<UL><LI><a href="#[56]">&gt;&gt;</a>&nbsp;&nbsp;&nbsp;ble_evt_handler
</UL>

<P><STRONG><a name="[121]"></a>Batt_GetLevel</STRONG> (Thumb, 6 bytes, Stack size 0 bytes, app_battery.o(i.Batt_GetLevel))
<BR><BR>[Called By]<UL><LI><a href="#[2e]">&gt;&gt;</a>&nbsp;&nbsp;&nbsp;battery_level_update_handle
<LI><a href="#[32]">&gt;&gt;</a>&nbsp;&nbsp;&nbsp;fct_req_loop
</UL>

<P><STRONG><a name="[15d]"></a>Batt_GetVoltage</STRONG> (Thumb, 6 bytes, Stack size 0 bytes, app_battery.o(i.Batt_GetVoltage))
<BR><BR>[Called By]<UL><LI><a href="#[30]">&gt;&gt;</a>&nbsp;&nbsp;&nbsp;cfg_req_loop
</UL>

<P><STRONG><a name="[82]"></a>Batt_Init</STRONG> (Thumb, 46 bytes, Stack size 8 bytes, app_battery.o(i.Batt_Init))
<BR><BR>[Stack]<UL><LI>Max Depth = 104<LI>Call Chain = Batt_Init &rArr; batt_detect &rArr; nrfx_saadc_uninit &rArr; nrfx_saadc_channel_uninit &rArr; nrfx_saadc_limits_set
</UL>
<BR>[Calls]<UL><LI><a href="#[84]">&gt;&gt;</a>&nbsp;&nbsp;&nbsp;batt_detect
<LI><a href="#[7f]">&gt;&gt;</a>&nbsp;&nbsp;&nbsp;app_timer_start
<LI><a href="#[77]">&gt;&gt;</a>&nbsp;&nbsp;&nbsp;app_timer_create
<LI><a href="#[83]">&gt;&gt;</a>&nbsp;&nbsp;&nbsp;app_error_handler_bare
</UL>
<BR>[Called By]<UL><LI><a href="#[26]">&gt;&gt;</a>&nbsp;&nbsp;&nbsp;main
</UL>

<P><STRONG><a name="[a8]"></a>Batt_IsLow</STRONG> (Thumb, 16 bytes, Stack size 0 bytes, app_battery.o(i.Batt_IsLow))
<BR><BR>[Called By]<UL><LI><a href="#[a7]">&gt;&gt;</a>&nbsp;&nbsp;&nbsp;Fct_StopLoop
<LI><a href="#[34]">&gt;&gt;</a>&nbsp;&nbsp;&nbsp;state_check_handle
</UL>

<P><STRONG><a name="[a9]"></a>Ble_GetState</STRONG> (Thumb, 6 bytes, Stack size 0 bytes, app_ble.o(i.Ble_GetState))
<BR><BR>[Called By]<UL><LI><a href="#[ea]">&gt;&gt;</a>&nbsp;&nbsp;&nbsp;Subg_SendPkt
<LI><a href="#[2a]">&gt;&gt;</a>&nbsp;&nbsp;&nbsp;batt_low_check_handle
<LI><a href="#[a7]">&gt;&gt;</a>&nbsp;&nbsp;&nbsp;Fct_StopLoop
<LI><a href="#[e7]">&gt;&gt;</a>&nbsp;&nbsp;&nbsp;omnipod_rx
<LI><a href="#[e8]">&gt;&gt;</a>&nbsp;&nbsp;&nbsp;minimed_rx
<LI><a href="#[34]">&gt;&gt;</a>&nbsp;&nbsp;&nbsp;state_check_handle
</UL>

<P><STRONG><a name="[85]"></a>Ble_Init</STRONG> (Thumb, 256 bytes, Stack size 40 bytes, app_ble.o(i.Ble_Init))
<BR><BR>[Stack]<UL><LI>Max Depth = 480<LI>Call Chain = Ble_Init &rArr; services_init &rArr; ble_ips_init &rArr; user_128bit_uuid_characteristic_add
</UL>
<BR>[Calls]<UL><LI><a href="#[87]">&gt;&gt;</a>&nbsp;&nbsp;&nbsp;nrf_sdh_enable_request
<LI><a href="#[89]">&gt;&gt;</a>&nbsp;&nbsp;&nbsp;nrf_sdh_ble_enable
<LI><a href="#[88]">&gt;&gt;</a>&nbsp;&nbsp;&nbsp;nrf_sdh_ble_default_cfg_set
<LI><a href="#[8d]">&gt;&gt;</a>&nbsp;&nbsp;&nbsp;nrf_ble_gatt_init
<LI><a href="#[8e]">&gt;&gt;</a>&nbsp;&nbsp;&nbsp;nrf_ble_gatt_att_mtu_periph_set
<LI><a href="#[86]">&gt;&gt;</a>&nbsp;&nbsp;&nbsp;ble_dfu_buttonless_async_svci_init
<LI><a href="#[90]">&gt;&gt;</a>&nbsp;&nbsp;&nbsp;ble_conn_params_init
<LI><a href="#[77]">&gt;&gt;</a>&nbsp;&nbsp;&nbsp;app_timer_create
<LI><a href="#[83]">&gt;&gt;</a>&nbsp;&nbsp;&nbsp;app_error_handler_bare
<LI><a href="#[8a]">&gt;&gt;</a>&nbsp;&nbsp;&nbsp;Cfg_StorageLoad
<LI><a href="#[8b]">&gt;&gt;</a>&nbsp;&nbsp;&nbsp;Cfg_GetAdvNameLen
<LI><a href="#[8c]">&gt;&gt;</a>&nbsp;&nbsp;&nbsp;Cfg_GetAdvName
<LI><a href="#[8f]">&gt;&gt;</a>&nbsp;&nbsp;&nbsp;services_init
<LI><a href="#[92]">&gt;&gt;</a>&nbsp;&nbsp;&nbsp;advertising_start
<LI><a href="#[91]">&gt;&gt;</a>&nbsp;&nbsp;&nbsp;advertising_init
<LI><a href="#[79]">&gt;&gt;</a>&nbsp;&nbsp;&nbsp;__aeabi_memclr4
</UL>
<BR>[Called By]<UL><LI><a href="#[26]">&gt;&gt;</a>&nbsp;&nbsp;&nbsp;main
</UL>

<P><STRONG><a name="[93]"></a>Ble_IpsNotifyRespCntAndSendData</STRONG> (Thumb, 24 bytes, Stack size 8 bytes, app_ble.o(i.Ble_IpsNotifyRespCntAndSendData))
<BR><BR>[Stack]<UL><LI>Max Depth = 192<LI>Call Chain = Ble_IpsNotifyRespCntAndSendData &rArr; ble_ips_data_send
</UL>
<BR>[Calls]<UL><LI><a href="#[95]">&gt;&gt;</a>&nbsp;&nbsp;&nbsp;ble_ips_response_cnt_notify
<LI><a href="#[94]">&gt;&gt;</a>&nbsp;&nbsp;&nbsp;ble_ips_data_send
</UL>
<BR>[Called By]<UL><LI><a href="#[116]">&gt;&gt;</a>&nbsp;&nbsp;&nbsp;send_bytes_to_ble
<LI><a href="#[110]">&gt;&gt;</a>&nbsp;&nbsp;&nbsp;send_byte_to_ble
</UL>

<P><STRONG><a name="[96]"></a>Ble_NusSendData</STRONG> (Thumb, 20 bytes, Stack size 16 bytes, app_ble.o(i.Ble_NusSendData))
<BR><BR>[Stack]<UL><LI>Max Depth = 80<LI>Call Chain = Ble_NusSendData &rArr; ble_nus_data_send &rArr; blcm_link_ctx_get &rArr; ble_conn_state_conn_idx
</UL>
<BR>[Calls]<UL><LI><a href="#[97]">&gt;&gt;</a>&nbsp;&nbsp;&nbsp;ble_nus_data_send
</UL>
<BR>[Called By]<UL><LI><a href="#[15c]">&gt;&gt;</a>&nbsp;&nbsp;&nbsp;motion_data_set
<LI><a href="#[30]">&gt;&gt;</a>&nbsp;&nbsp;&nbsp;cfg_req_loop
<LI><a href="#[170]">&gt;&gt;</a>&nbsp;&nbsp;&nbsp;subg_send_and_listen
<LI><a href="#[171]">&gt;&gt;</a>&nbsp;&nbsp;&nbsp;sn_burn
<LI><a href="#[32]">&gt;&gt;</a>&nbsp;&nbsp;&nbsp;fct_req_loop
</UL>

<P><STRONG><a name="[98]"></a>Buzzer_Ctrl</STRONG> (Thumb, 70 bytes, Stack size 16 bytes, buzzer.o(i.Buzzer_Ctrl))
<BR><BR>[Stack]<UL><LI>Max Depth = 116<LI>Call Chain = Buzzer_Ctrl &rArr; buzzer_timer_handle &rArr; buzzer_on &rArr; nrfx_pwm_init &rArr; configure_pins
</UL>
<BR>[Calls]<UL><LI><a href="#[81]">&gt;&gt;</a>&nbsp;&nbsp;&nbsp;app_timer_stop
<LI><a href="#[2f]">&gt;&gt;</a>&nbsp;&nbsp;&nbsp;buzzer_timer_handle
<LI><a href="#[99]">&gt;&gt;</a>&nbsp;&nbsp;&nbsp;buzzer_off
</UL>
<BR>[Called By]<UL><LI><a href="#[30]">&gt;&gt;</a>&nbsp;&nbsp;&nbsp;cfg_req_loop
<LI><a href="#[af]">&gt;&gt;</a>&nbsp;&nbsp;&nbsp;Idc_Init
</UL>

<P><STRONG><a name="[9a]"></a>Buzzer_Init</STRONG> (Thumb, 26 bytes, Stack size 8 bytes, buzzer.o(i.Buzzer_Init))
<BR><BR>[Stack]<UL><LI>Max Depth = 24<LI>Call Chain = Buzzer_Init &rArr; app_error_handler_bare
</UL>
<BR>[Calls]<UL><LI><a href="#[77]">&gt;&gt;</a>&nbsp;&nbsp;&nbsp;app_timer_create
<LI><a href="#[83]">&gt;&gt;</a>&nbsp;&nbsp;&nbsp;app_error_handler_bare
</UL>
<BR>[Called By]<UL><LI><a href="#[af]">&gt;&gt;</a>&nbsp;&nbsp;&nbsp;Idc_Init
</UL>

<P><STRONG><a name="[8c]"></a>Cfg_GetAdvName</STRONG> (Thumb, 4 bytes, Stack size 0 bytes, app_config.o(i.Cfg_GetAdvName))
<BR><BR>[Called By]<UL><LI><a href="#[85]">&gt;&gt;</a>&nbsp;&nbsp;&nbsp;Ble_Init
<LI><a href="#[8f]">&gt;&gt;</a>&nbsp;&nbsp;&nbsp;services_init
<LI><a href="#[56]">&gt;&gt;</a>&nbsp;&nbsp;&nbsp;ble_evt_handler
</UL>

<P><STRONG><a name="[8b]"></a>Cfg_GetAdvNameLen</STRONG> (Thumb, 6 bytes, Stack size 0 bytes, app_config.o(i.Cfg_GetAdvNameLen))
<BR><BR>[Called By]<UL><LI><a href="#[85]">&gt;&gt;</a>&nbsp;&nbsp;&nbsp;Ble_Init
<LI><a href="#[8f]">&gt;&gt;</a>&nbsp;&nbsp;&nbsp;services_init
<LI><a href="#[56]">&gt;&gt;</a>&nbsp;&nbsp;&nbsp;ble_evt_handler
</UL>

<P><STRONG><a name="[b5]"></a>Cfg_GetMotionData0</STRONG> (Thumb, 8 bytes, Stack size 0 bytes, app_config.o(i.Cfg_GetMotionData0))
<BR><BR>[Called By]<UL><LI><a href="#[a6]">&gt;&gt;</a>&nbsp;&nbsp;&nbsp;Idc_SetType
</UL>

<P><STRONG><a name="[b6]"></a>Cfg_GetMotionData1</STRONG> (Thumb, 8 bytes, Stack size 0 bytes, app_config.o(i.Cfg_GetMotionData1))
<BR><BR>[Called By]<UL><LI><a href="#[a6]">&gt;&gt;</a>&nbsp;&nbsp;&nbsp;Idc_SetType
</UL>

<P><STRONG><a name="[9b]"></a>Cfg_Init</STRONG> (Thumb, 56 bytes, Stack size 8 bytes, app_config.o(i.Cfg_Init))
<BR><BR>[Stack]<UL><LI>Max Depth = 24<LI>Call Chain = Cfg_Init &rArr; app_error_handler_bare
</UL>
<BR>[Calls]<UL><LI><a href="#[76]">&gt;&gt;</a>&nbsp;&nbsp;&nbsp;Kit_FifoStructCreate
<LI><a href="#[77]">&gt;&gt;</a>&nbsp;&nbsp;&nbsp;app_timer_create
<LI><a href="#[83]">&gt;&gt;</a>&nbsp;&nbsp;&nbsp;app_error_handler_bare
</UL>
<BR>[Called By]<UL><LI><a href="#[26]">&gt;&gt;</a>&nbsp;&nbsp;&nbsp;main
</UL>

<P><STRONG><a name="[9c]"></a>Cfg_PutReq</STRONG> (Thumb, 52 bytes, Stack size 8 bytes, app_config.o(i.Cfg_PutReq))
<BR><BR>[Stack]<UL><LI>Max Depth = 32<LI>Call Chain = Cfg_PutReq &rArr; Kit_FifoStructIn
</UL>
<BR>[Calls]<UL><LI><a href="#[7b]">&gt;&gt;</a>&nbsp;&nbsp;&nbsp;Kit_FifoStructIn
<LI><a href="#[7a]">&gt;&gt;</a>&nbsp;&nbsp;&nbsp;__aeabi_memcpy
</UL>
<BR>[Called By]<UL><LI><a href="#[44]">&gt;&gt;</a>&nbsp;&nbsp;&nbsp;nus_data_handler
</UL>

<P><STRONG><a name="[9d]"></a>Cfg_SetAdvName</STRONG> (Thumb, 34 bytes, Stack size 8 bytes, app_config.o(i.Cfg_SetAdvName))
<BR><BR>[Stack]<UL><LI>Max Depth = 60<LI>Call Chain = Cfg_SetAdvName &rArr; app_timer_start &rArr; app_util_critical_region_enter
</UL>
<BR>[Calls]<UL><LI><a href="#[7f]">&gt;&gt;</a>&nbsp;&nbsp;&nbsp;app_timer_start
<LI><a href="#[7a]">&gt;&gt;</a>&nbsp;&nbsp;&nbsp;__aeabi_memcpy
</UL>
<BR>[Called By]<UL><LI><a href="#[42]">&gt;&gt;</a>&nbsp;&nbsp;&nbsp;ips_data_handler
</UL>

<P><STRONG><a name="[9e]"></a>Cfg_StartLoop</STRONG> (Thumb, 28 bytes, Stack size 0 bytes, app_config.o(i.Cfg_StartLoop))
<BR><BR>[Stack]<UL><LI>Max Depth = 52<LI>Call Chain = Cfg_StartLoop &rArr; app_timer_start &rArr; app_util_critical_region_enter
</UL>
<BR>[Calls]<UL><LI><a href="#[7f]">&gt;&gt;</a>&nbsp;&nbsp;&nbsp;app_timer_start
</UL>
<BR>[Called By]<UL><LI><a href="#[56]">&gt;&gt;</a>&nbsp;&nbsp;&nbsp;ble_evt_handler
</UL>

<P><STRONG><a name="[9f]"></a>Cfg_StopLoop</STRONG> (Thumb, 22 bytes, Stack size 0 bytes, app_config.o(i.Cfg_StopLoop))
<BR><BR>[Stack]<UL><LI>Max Depth = 36<LI>Call Chain = Cfg_StopLoop &rArr; app_timer_stop &rArr; timer_stop_op_schedule &rArr; app_util_critical_region_enter
</UL>
<BR>[Calls]<UL><LI><a href="#[81]">&gt;&gt;</a>&nbsp;&nbsp;&nbsp;app_timer_stop
</UL>
<BR>[Called By]<UL><LI><a href="#[56]">&gt;&gt;</a>&nbsp;&nbsp;&nbsp;ble_evt_handler
</UL>

<P><STRONG><a name="[8a]"></a>Cfg_StorageLoad</STRONG> (Thumb, 80 bytes, Stack size 16 bytes, app_config.o(i.Cfg_StorageLoad))
<BR><BR>[Stack]<UL><LI>Max Depth = 72<LI>Call Chain = Cfg_StorageLoad &rArr; Flash_Write &rArr; nrf_fstorage_write
</UL>
<BR>[Calls]<UL><LI><a href="#[a2]">&gt;&gt;</a>&nbsp;&nbsp;&nbsp;Flash_Write
<LI><a href="#[a0]">&gt;&gt;</a>&nbsp;&nbsp;&nbsp;Flash_Read
<LI><a href="#[a1]">&gt;&gt;</a>&nbsp;&nbsp;&nbsp;__aeabi_memcpy4
</UL>
<BR>[Called By]<UL><LI><a href="#[85]">&gt;&gt;</a>&nbsp;&nbsp;&nbsp;Ble_Init
</UL>

<P><STRONG><a name="[f3]"></a>Dcdc_Enable</STRONG> (Thumb, 8 bytes, Stack size 0 bytes, ocp.o(i.Dcdc_Enable))
<BR><BR>[Called By]<UL><LI><a href="#[f0]">&gt;&gt;</a>&nbsp;&nbsp;&nbsp;Sys_Init
</UL>

<P><STRONG><a name="[a3]"></a>Fct_Init</STRONG> (Thumb, 30 bytes, Stack size 8 bytes, app_factory.o(i.Fct_Init))
<BR><BR>[Stack]<UL><LI>Max Depth = 8<LI>Call Chain = Fct_Init
</UL>
<BR>[Calls]<UL><LI><a href="#[76]">&gt;&gt;</a>&nbsp;&nbsp;&nbsp;Kit_FifoStructCreate
<LI><a href="#[77]">&gt;&gt;</a>&nbsp;&nbsp;&nbsp;app_timer_create
</UL>
<BR>[Called By]<UL><LI><a href="#[26]">&gt;&gt;</a>&nbsp;&nbsp;&nbsp;main
</UL>

<P><STRONG><a name="[a4]"></a>Fct_PutReq</STRONG> (Thumb, 72 bytes, Stack size 40 bytes, app_factory.o(i.Fct_PutReq))
<BR><BR>[Stack]<UL><LI>Max Depth = 64<LI>Call Chain = Fct_PutReq &rArr; Kit_FifoStructIn
</UL>
<BR>[Calls]<UL><LI><a href="#[7c]">&gt;&gt;</a>&nbsp;&nbsp;&nbsp;Subg_SetIntFlg
<LI><a href="#[7b]">&gt;&gt;</a>&nbsp;&nbsp;&nbsp;Kit_FifoStructIn
<LI><a href="#[79]">&gt;&gt;</a>&nbsp;&nbsp;&nbsp;__aeabi_memclr4
<LI><a href="#[7a]">&gt;&gt;</a>&nbsp;&nbsp;&nbsp;__aeabi_memcpy
</UL>
<BR>[Called By]<UL><LI><a href="#[44]">&gt;&gt;</a>&nbsp;&nbsp;&nbsp;nus_data_handler
</UL>

<P><STRONG><a name="[a5]"></a>Fct_StartLoop</STRONG> (Thumb, 40 bytes, Stack size 8 bytes, app_factory.o(i.Fct_StartLoop))
<BR><BR>[Stack]<UL><LI>Max Depth = 132<LI>Call Chain = Fct_StartLoop &rArr; Idc_SetType &rArr; Motor_Ctrl &rArr; motor_timer_handle &rArr; motor_on &rArr; nrfx_pwm_init &rArr; configure_pins
</UL>
<BR>[Calls]<UL><LI><a href="#[7f]">&gt;&gt;</a>&nbsp;&nbsp;&nbsp;app_timer_start
<LI><a href="#[a6]">&gt;&gt;</a>&nbsp;&nbsp;&nbsp;Idc_SetType
</UL>
<BR>[Called By]<UL><LI><a href="#[44]">&gt;&gt;</a>&nbsp;&nbsp;&nbsp;nus_data_handler
</UL>

<P><STRONG><a name="[a7]"></a>Fct_StopLoop</STRONG> (Thumb, 60 bytes, Stack size 8 bytes, app_factory.o(i.Fct_StopLoop))
<BR><BR>[Stack]<UL><LI>Max Depth = 132<LI>Call Chain = Fct_StopLoop &rArr; Idc_SetType &rArr; Motor_Ctrl &rArr; motor_timer_handle &rArr; motor_on &rArr; nrfx_pwm_init &rArr; configure_pins
</UL>
<BR>[Calls]<UL><LI><a href="#[81]">&gt;&gt;</a>&nbsp;&nbsp;&nbsp;app_timer_stop
<LI><a href="#[a8]">&gt;&gt;</a>&nbsp;&nbsp;&nbsp;Batt_IsLow
<LI><a href="#[a6]">&gt;&gt;</a>&nbsp;&nbsp;&nbsp;Idc_SetType
<LI><a href="#[a9]">&gt;&gt;</a>&nbsp;&nbsp;&nbsp;Ble_GetState
</UL>
<BR>[Called By]<UL><LI><a href="#[44]">&gt;&gt;</a>&nbsp;&nbsp;&nbsp;nus_data_handler
<LI><a href="#[56]">&gt;&gt;</a>&nbsp;&nbsp;&nbsp;ble_evt_handler
</UL>

<P><STRONG><a name="[aa]"></a>Flash_Init</STRONG> (Thumb, 26 bytes, Stack size 8 bytes, ocp.o(i.Flash_Init))
<BR><BR>[Stack]<UL><LI>Max Depth = 24<LI>Call Chain = Flash_Init &rArr; app_error_handler_bare
</UL>
<BR>[Calls]<UL><LI><a href="#[83]">&gt;&gt;</a>&nbsp;&nbsp;&nbsp;app_error_handler_bare
<LI><a href="#[ab]">&gt;&gt;</a>&nbsp;&nbsp;&nbsp;nrf_fstorage_init
</UL>
<BR>[Called By]<UL><LI><a href="#[f0]">&gt;&gt;</a>&nbsp;&nbsp;&nbsp;Sys_Init
</UL>

<P><STRONG><a name="[a0]"></a>Flash_Read</STRONG> (Thumb, 4 bytes, Stack size 0 bytes, ocp.o(i.Flash_Read))
<BR><BR>[Calls]<UL><LI><a href="#[7a]">&gt;&gt;</a>&nbsp;&nbsp;&nbsp;__aeabi_memcpy
</UL>
<BR>[Called By]<UL><LI><a href="#[8a]">&gt;&gt;</a>&nbsp;&nbsp;&nbsp;Cfg_StorageLoad
<LI><a href="#[171]">&gt;&gt;</a>&nbsp;&nbsp;&nbsp;sn_burn
<LI><a href="#[32]">&gt;&gt;</a>&nbsp;&nbsp;&nbsp;fct_req_loop
</UL>

<P><STRONG><a name="[a2]"></a>Flash_Write</STRONG> (Thumb, 64 bytes, Stack size 24 bytes, ocp.o(i.Flash_Write))
<BR><BR>[Stack]<UL><LI>Max Depth = 56<LI>Call Chain = Flash_Write &rArr; nrf_fstorage_write
</UL>
<BR>[Calls]<UL><LI><a href="#[83]">&gt;&gt;</a>&nbsp;&nbsp;&nbsp;app_error_handler_bare
<LI><a href="#[ae]">&gt;&gt;</a>&nbsp;&nbsp;&nbsp;nrf_fstorage_write
<LI><a href="#[ac]">&gt;&gt;</a>&nbsp;&nbsp;&nbsp;nrf_fstorage_erase
<LI><a href="#[ad]">&gt;&gt;</a>&nbsp;&nbsp;&nbsp;wait_flash_ready
</UL>
<BR>[Called By]<UL><LI><a href="#[8a]">&gt;&gt;</a>&nbsp;&nbsp;&nbsp;Cfg_StorageLoad
<LI><a href="#[31]">&gt;&gt;</a>&nbsp;&nbsp;&nbsp;cfg_update_handle
<LI><a href="#[171]">&gt;&gt;</a>&nbsp;&nbsp;&nbsp;sn_burn
</UL>

<P><STRONG><a name="[af]"></a>Idc_Init</STRONG> (Thumb, 118 bytes, Stack size 8 bytes, app_indication.o(i.Idc_Init))
<BR><BR>[Stack]<UL><LI>Max Depth = 124<LI>Call Chain = Idc_Init &rArr; Buzzer_Ctrl &rArr; buzzer_timer_handle &rArr; buzzer_on &rArr; nrfx_pwm_init &rArr; configure_pins
</UL>
<BR>[Calls]<UL><LI><a href="#[b2]">&gt;&gt;</a>&nbsp;&nbsp;&nbsp;Kit_DelayMs
<LI><a href="#[7f]">&gt;&gt;</a>&nbsp;&nbsp;&nbsp;app_timer_start
<LI><a href="#[77]">&gt;&gt;</a>&nbsp;&nbsp;&nbsp;app_timer_create
<LI><a href="#[83]">&gt;&gt;</a>&nbsp;&nbsp;&nbsp;app_error_handler_bare
<LI><a href="#[b0]">&gt;&gt;</a>&nbsp;&nbsp;&nbsp;Motor_Init
<LI><a href="#[b1]">&gt;&gt;</a>&nbsp;&nbsp;&nbsp;Led_Init
<LI><a href="#[b3]">&gt;&gt;</a>&nbsp;&nbsp;&nbsp;Led_Ctrl
<LI><a href="#[9a]">&gt;&gt;</a>&nbsp;&nbsp;&nbsp;Buzzer_Init
<LI><a href="#[98]">&gt;&gt;</a>&nbsp;&nbsp;&nbsp;Buzzer_Ctrl
</UL>
<BR>[Called By]<UL><LI><a href="#[26]">&gt;&gt;</a>&nbsp;&nbsp;&nbsp;main
</UL>

<P><STRONG><a name="[a6]"></a>Idc_SetType</STRONG> (Thumb, 218 bytes, Stack size 8 bytes, app_indication.o(i.Idc_SetType))
<BR><BR>[Stack]<UL><LI>Max Depth = 124<LI>Call Chain = Idc_SetType &rArr; Motor_Ctrl &rArr; motor_timer_handle &rArr; motor_on &rArr; nrfx_pwm_init &rArr; configure_pins
</UL>
<BR>[Calls]<UL><LI><a href="#[b4]">&gt;&gt;</a>&nbsp;&nbsp;&nbsp;Motor_Ctrl
<LI><a href="#[b3]">&gt;&gt;</a>&nbsp;&nbsp;&nbsp;Led_Ctrl
<LI><a href="#[b6]">&gt;&gt;</a>&nbsp;&nbsp;&nbsp;Cfg_GetMotionData1
<LI><a href="#[b5]">&gt;&gt;</a>&nbsp;&nbsp;&nbsp;Cfg_GetMotionData0
</UL>
<BR>[Called By]<UL><LI><a href="#[2a]">&gt;&gt;</a>&nbsp;&nbsp;&nbsp;batt_low_check_handle
<LI><a href="#[a7]">&gt;&gt;</a>&nbsp;&nbsp;&nbsp;Fct_StopLoop
<LI><a href="#[a5]">&gt;&gt;</a>&nbsp;&nbsp;&nbsp;Fct_StartLoop
<LI><a href="#[56]">&gt;&gt;</a>&nbsp;&nbsp;&nbsp;ble_evt_handler
<LI><a href="#[34]">&gt;&gt;</a>&nbsp;&nbsp;&nbsp;state_check_handle
</UL>

<P><STRONG><a name="[b2]"></a>Kit_DelayMs</STRONG> (Thumb, 22 bytes, Stack size 16 bytes, kit_delay.o(i.Kit_DelayMs))
<BR><BR>[Stack]<UL><LI>Max Depth = 16<LI>Call Chain = Kit_DelayMs
</UL>
<BR>[Calls]<UL><LI><a href="#[b7]">&gt;&gt;</a>&nbsp;&nbsp;&nbsp;nrfx_coredep_delay_us
</UL>
<BR>[Called By]<UL><LI><a href="#[ea]">&gt;&gt;</a>&nbsp;&nbsp;&nbsp;Subg_SendPkt
<LI><a href="#[84]">&gt;&gt;</a>&nbsp;&nbsp;&nbsp;batt_detect
<LI><a href="#[17b]">&gt;&gt;</a>&nbsp;&nbsp;&nbsp;wait_fifo_not_full
<LI><a href="#[ec]">&gt;&gt;</a>&nbsp;&nbsp;&nbsp;omnipod_tx
<LI><a href="#[ed]">&gt;&gt;</a>&nbsp;&nbsp;&nbsp;minimed_tx
<LI><a href="#[af]">&gt;&gt;</a>&nbsp;&nbsp;&nbsp;Idc_Init
</UL>

<P><STRONG><a name="[b8]"></a>Kit_DelayUs</STRONG> (Thumb, 4 bytes, Stack size 0 bytes, kit_delay.o(i.Kit_DelayUs))
<BR><BR>[Calls]<UL><LI><a href="#[b7]">&gt;&gt;</a>&nbsp;&nbsp;&nbsp;nrfx_coredep_delay_us
</UL>
<BR>[Called By]<UL><LI><a href="#[ec]">&gt;&gt;</a>&nbsp;&nbsp;&nbsp;omnipod_tx
</UL>

<P><STRONG><a name="[76]"></a>Kit_FifoStructCreate</STRONG> (Thumb, 20 bytes, Stack size 0 bytes, kit_fifo.o(i.Kit_FifoStructCreate))
<BR><BR>[Called By]<UL><LI><a href="#[75]">&gt;&gt;</a>&nbsp;&nbsp;&nbsp;Aps_Init
<LI><a href="#[a3]">&gt;&gt;</a>&nbsp;&nbsp;&nbsp;Fct_Init
<LI><a href="#[9b]">&gt;&gt;</a>&nbsp;&nbsp;&nbsp;Cfg_Init
</UL>

<P><STRONG><a name="[7b]"></a>Kit_FifoStructIn</STRONG> (Thumb, 68 bytes, Stack size 24 bytes, kit_fifo.o(i.Kit_FifoStructIn))
<BR><BR>[Stack]<UL><LI>Max Depth = 24<LI>Call Chain = Kit_FifoStructIn
</UL>
<BR>[Calls]<UL><LI><a href="#[7a]">&gt;&gt;</a>&nbsp;&nbsp;&nbsp;__aeabi_memcpy
</UL>
<BR>[Called By]<UL><LI><a href="#[a4]">&gt;&gt;</a>&nbsp;&nbsp;&nbsp;Fct_PutReq
<LI><a href="#[9c]">&gt;&gt;</a>&nbsp;&nbsp;&nbsp;Cfg_PutReq
<LI><a href="#[78]">&gt;&gt;</a>&nbsp;&nbsp;&nbsp;Aps_PutCmd
</UL>

<P><STRONG><a name="[b9]"></a>Kit_FifoStructOut</STRONG> (Thumb, 78 bytes, Stack size 24 bytes, kit_fifo.o(i.Kit_FifoStructOut))
<BR><BR>[Stack]<UL><LI>Max Depth = 24<LI>Call Chain = Kit_FifoStructOut
</UL>
<BR>[Calls]<UL><LI><a href="#[7a]">&gt;&gt;</a>&nbsp;&nbsp;&nbsp;__aeabi_memcpy
</UL>
<BR>[Called By]<UL><LI><a href="#[29]">&gt;&gt;</a>&nbsp;&nbsp;&nbsp;aps_cmd_loop
<LI><a href="#[30]">&gt;&gt;</a>&nbsp;&nbsp;&nbsp;cfg_req_loop
<LI><a href="#[32]">&gt;&gt;</a>&nbsp;&nbsp;&nbsp;fct_req_loop
</UL>

<P><STRONG><a name="[14e]"></a>Kit_PrintBytes</STRONG> (Thumb, 2 bytes, Stack size 0 bytes, kit_log.o(i.Kit_PrintBytes))
<BR><BR>[Called By]<UL><LI><a href="#[10e]">&gt;&gt;</a>&nbsp;&nbsp;&nbsp;cmd_send_and_listen
<LI><a href="#[10a]">&gt;&gt;</a>&nbsp;&nbsp;&nbsp;cmd_get_pkt
<LI><a href="#[94]">&gt;&gt;</a>&nbsp;&nbsp;&nbsp;ble_ips_data_send
<LI><a href="#[42]">&gt;&gt;</a>&nbsp;&nbsp;&nbsp;ips_data_handler
<LI><a href="#[170]">&gt;&gt;</a>&nbsp;&nbsp;&nbsp;subg_send_and_listen
</UL>

<P><STRONG><a name="[113]"></a>Kit_ReverseFourBytes</STRONG> (Thumb, 18 bytes, Stack size 0 bytes, kit_utils.o(i.Kit_ReverseFourBytes))
<BR><BR>[Called By]<UL><LI><a href="#[10e]">&gt;&gt;</a>&nbsp;&nbsp;&nbsp;cmd_send_and_listen
<LI><a href="#[10a]">&gt;&gt;</a>&nbsp;&nbsp;&nbsp;cmd_get_pkt
<LI><a href="#[29]">&gt;&gt;</a>&nbsp;&nbsp;&nbsp;aps_cmd_loop
</UL>

<P><STRONG><a name="[10b]"></a>Kit_ReverseTwoBytes</STRONG> (Thumb, 10 bytes, Stack size 0 bytes, kit_utils.o(i.Kit_ReverseTwoBytes))
<BR><BR>[Called By]<UL><LI><a href="#[10e]">&gt;&gt;</a>&nbsp;&nbsp;&nbsp;cmd_send_and_listen
<LI><a href="#[29]">&gt;&gt;</a>&nbsp;&nbsp;&nbsp;aps_cmd_loop
</UL>

<P><STRONG><a name="[b3]"></a>Led_Ctrl</STRONG> (Thumb, 82 bytes, Stack size 16 bytes, led.o(i.Led_Ctrl))
<BR><BR>[Stack]<UL><LI>Max Depth = 84<LI>Call Chain = Led_Ctrl &rArr; led_timer_handle &rArr; app_timer_start &rArr; app_util_critical_region_enter
</UL>
<BR>[Calls]<UL><LI><a href="#[81]">&gt;&gt;</a>&nbsp;&nbsp;&nbsp;app_timer_stop
<LI><a href="#[35]">&gt;&gt;</a>&nbsp;&nbsp;&nbsp;led_timer_handle
<LI><a href="#[ba]">&gt;&gt;</a>&nbsp;&nbsp;&nbsp;led_multiple_control
</UL>
<BR>[Called By]<UL><LI><a href="#[a6]">&gt;&gt;</a>&nbsp;&nbsp;&nbsp;Idc_SetType
<LI><a href="#[15c]">&gt;&gt;</a>&nbsp;&nbsp;&nbsp;motion_data_set
<LI><a href="#[32]">&gt;&gt;</a>&nbsp;&nbsp;&nbsp;fct_req_loop
<LI><a href="#[af]">&gt;&gt;</a>&nbsp;&nbsp;&nbsp;Idc_Init
</UL>

<P><STRONG><a name="[b1]"></a>Led_Init</STRONG> (Thumb, 60 bytes, Stack size 8 bytes, led.o(i.Led_Init))
<BR><BR>[Stack]<UL><LI>Max Depth = 24<LI>Call Chain = Led_Init &rArr; app_error_handler_bare
</UL>
<BR>[Calls]<UL><LI><a href="#[77]">&gt;&gt;</a>&nbsp;&nbsp;&nbsp;app_timer_create
<LI><a href="#[83]">&gt;&gt;</a>&nbsp;&nbsp;&nbsp;app_error_handler_bare
<LI><a href="#[ba]">&gt;&gt;</a>&nbsp;&nbsp;&nbsp;led_multiple_control
</UL>
<BR>[Called By]<UL><LI><a href="#[af]">&gt;&gt;</a>&nbsp;&nbsp;&nbsp;Idc_Init
</UL>

<P><STRONG><a name="[f1]"></a>Log_Init</STRONG> (Thumb, 2 bytes, Stack size 0 bytes, ocp.o(i.Log_Init))
<BR><BR>[Called By]<UL><LI><a href="#[f0]">&gt;&gt;</a>&nbsp;&nbsp;&nbsp;Sys_Init
</UL>

<P><STRONG><a name="[b4]"></a>Motor_Ctrl</STRONG> (Thumb, 76 bytes, Stack size 16 bytes, motor.o(i.Motor_Ctrl))
<BR><BR>[Stack]<UL><LI>Max Depth = 116<LI>Call Chain = Motor_Ctrl &rArr; motor_timer_handle &rArr; motor_on &rArr; nrfx_pwm_init &rArr; configure_pins
</UL>
<BR>[Calls]<UL><LI><a href="#[81]">&gt;&gt;</a>&nbsp;&nbsp;&nbsp;app_timer_stop
<LI><a href="#[36]">&gt;&gt;</a>&nbsp;&nbsp;&nbsp;motor_timer_handle
<LI><a href="#[bb]">&gt;&gt;</a>&nbsp;&nbsp;&nbsp;motor_off
</UL>
<BR>[Called By]<UL><LI><a href="#[a6]">&gt;&gt;</a>&nbsp;&nbsp;&nbsp;Idc_SetType
<LI><a href="#[15c]">&gt;&gt;</a>&nbsp;&nbsp;&nbsp;motion_data_set
<LI><a href="#[32]">&gt;&gt;</a>&nbsp;&nbsp;&nbsp;fct_req_loop
<LI><a href="#[33]">&gt;&gt;</a>&nbsp;&nbsp;&nbsp;motor_test_handle
</UL>

<P><STRONG><a name="[b0]"></a>Motor_Init</STRONG> (Thumb, 26 bytes, Stack size 8 bytes, motor.o(i.Motor_Init))
<BR><BR>[Stack]<UL><LI>Max Depth = 24<LI>Call Chain = Motor_Init &rArr; app_error_handler_bare
</UL>
<BR>[Calls]<UL><LI><a href="#[77]">&gt;&gt;</a>&nbsp;&nbsp;&nbsp;app_timer_create
<LI><a href="#[83]">&gt;&gt;</a>&nbsp;&nbsp;&nbsp;app_error_handler_bare
</UL>
<BR>[Called By]<UL><LI><a href="#[af]">&gt;&gt;</a>&nbsp;&nbsp;&nbsp;Idc_Init
</UL>

<P><STRONG><a name="[b]"></a>POWER_CLOCK_IRQHandler</STRONG> (Thumb, 14 bytes, Stack size 8 bytes, nrfx_power.o(i.POWER_CLOCK_IRQHandler))
<BR><BR>[Stack]<UL><LI>Max Depth = 32<LI>Call Chain = POWER_CLOCK_IRQHandler &rArr; nrfx_clock_irq_handler &rArr; nrf_clock_event_clear
</UL>
<BR>[Calls]<UL><LI><a href="#[bd]">&gt;&gt;</a>&nbsp;&nbsp;&nbsp;nrfx_clock_irq_handler
<LI><a href="#[bc]">&gt;&gt;</a>&nbsp;&nbsp;&nbsp;nrfx_power_irq_handler
</UL>
<BR>[Address Reference Count : 1]<UL><LI> arm_startup_nrf52810.o(RESET)
</UL>
<P><STRONG><a name="[24]"></a>PWM0_IRQHandler</STRONG> (Thumb, 8 bytes, Stack size 0 bytes, nrfx_pwm.o(i.PWM0_IRQHandler))
<BR><BR>[Stack]<UL><LI>Max Depth = 24<LI>Call Chain = PWM0_IRQHandler &rArr; irq_handler &rArr; nrf_pwm_event_clear
</UL>
<BR>[Calls]<UL><LI><a href="#[be]">&gt;&gt;</a>&nbsp;&nbsp;&nbsp;irq_handler
</UL>
<BR>[Address Reference Count : 1]<UL><LI> arm_startup_nrf52810.o(RESET)
</UL>
<P><STRONG><a name="[bf]"></a>Pwr_MgmtIdle</STRONG> (Thumb, 4 bytes, Stack size 0 bytes, ocp.o(i.Pwr_MgmtIdle))
<BR><BR>[Stack]<UL><LI>Max Depth = 8<LI>Call Chain = Pwr_MgmtIdle &rArr; nrf_pwr_mgmt_run
</UL>
<BR>[Calls]<UL><LI><a href="#[c0]">&gt;&gt;</a>&nbsp;&nbsp;&nbsp;nrf_pwr_mgmt_run
</UL>
<BR>[Called By]<UL><LI><a href="#[ef]">&gt;&gt;</a>&nbsp;&nbsp;&nbsp;Sys_Idle
</UL>

<P><STRONG><a name="[c1]"></a>Pwr_MgmtInit</STRONG> (Thumb, 20 bytes, Stack size 8 bytes, ocp.o(i.Pwr_MgmtInit))
<BR><BR>[Stack]<UL><LI>Max Depth = 24<LI>Call Chain = Pwr_MgmtInit &rArr; app_error_handler_bare
</UL>
<BR>[Calls]<UL><LI><a href="#[83]">&gt;&gt;</a>&nbsp;&nbsp;&nbsp;app_error_handler_bare
<LI><a href="#[c2]">&gt;&gt;</a>&nbsp;&nbsp;&nbsp;nrf_pwr_mgmt_init
</UL>
<BR>[Called By]<UL><LI><a href="#[f0]">&gt;&gt;</a>&nbsp;&nbsp;&nbsp;Sys_Init
</UL>

<P><STRONG><a name="[f2]"></a>Pwr_ResetReason</STRONG> (Thumb, 8 bytes, Stack size 0 bytes, ocp.o(i.Pwr_ResetReason))
<BR><BR>[Called By]<UL><LI><a href="#[f0]">&gt;&gt;</a>&nbsp;&nbsp;&nbsp;Sys_Init
</UL>

<P><STRONG><a name="[1b]"></a>RTC1_IRQHandler</STRONG> (Thumb, 32 bytes, Stack size 0 bytes, app_timer.o(i.RTC1_IRQHandler))
<BR><BR>[Stack]<UL><LI>Max Depth = 24<LI>Call Chain = RTC1_IRQHandler &rArr; timer_timeouts_check
</UL>
<BR>[Calls]<UL><LI><a href="#[c3]">&gt;&gt;</a>&nbsp;&nbsp;&nbsp;timer_timeouts_check
</UL>
<BR>[Address Reference Count : 1]<UL><LI> arm_startup_nrf52810.o(RESET)
</UL>
<P><STRONG><a name="[c4]"></a>Rf69_ClearFifo</STRONG> (Thumb, 8 bytes, Stack size 0 bytes, rf69.o(i.Rf69_ClearFifo))
<BR><BR>[Stack]<UL><LI>Max Depth = 144<LI>Call Chain = Rf69_ClearFifo &rArr; spi_write_reg &rArr; spi_select &rArr; nrf_drv_spi_init &rArr; nrfx_spim_init &rArr; nrf_gpio_cfg_output &rArr; nrf_gpio_cfg
</UL>
<BR>[Calls]<UL><LI><a href="#[c5]">&gt;&gt;</a>&nbsp;&nbsp;&nbsp;spi_write_reg
</UL>
<BR>[Called By]<UL><LI><a href="#[ec]">&gt;&gt;</a>&nbsp;&nbsp;&nbsp;omnipod_tx
<LI><a href="#[ed]">&gt;&gt;</a>&nbsp;&nbsp;&nbsp;minimed_tx
</UL>

<P><STRONG><a name="[c6]"></a>Rf69_DevParaCfg</STRONG> (Thumb, 80 bytes, Stack size 16 bytes, rf69.o(i.Rf69_DevParaCfg))
<BR><BR>[Stack]<UL><LI>Max Depth = 192<LI>Call Chain = Rf69_DevParaCfg &rArr; Rf69_SetMode &rArr; spi_read_reg &rArr; spi_select &rArr; nrf_drv_spi_init &rArr; nrfx_spim_init &rArr; nrf_gpio_cfg_output &rArr; nrf_gpio_cfg
</UL>
<BR>[Calls]<UL><LI><a href="#[c7]">&gt;&gt;</a>&nbsp;&nbsp;&nbsp;Rf69_SetMode
<LI><a href="#[c5]">&gt;&gt;</a>&nbsp;&nbsp;&nbsp;spi_write_reg
</UL>
<BR>[Called By]<UL><LI><a href="#[e4]">&gt;&gt;</a>&nbsp;&nbsp;&nbsp;Subg_CfgRf
<LI><a href="#[e9]">&gt;&gt;</a>&nbsp;&nbsp;&nbsp;Subg_Init
</UL>

<P><STRONG><a name="[c8]"></a>Rf69_IsFifoEmpty</STRONG> (Thumb, 16 bytes, Stack size 8 bytes, rf69.o(i.Rf69_IsFifoEmpty))
<BR><BR>[Stack]<UL><LI>Max Depth = 168<LI>Call Chain = Rf69_IsFifoEmpty &rArr; spi_read_reg &rArr; spi_select &rArr; nrf_drv_spi_init &rArr; nrfx_spim_init &rArr; nrf_gpio_cfg_output &rArr; nrf_gpio_cfg
</UL>
<BR>[Calls]<UL><LI><a href="#[c9]">&gt;&gt;</a>&nbsp;&nbsp;&nbsp;spi_read_reg
</UL>
<BR>[Called By]<UL><LI><a href="#[ec]">&gt;&gt;</a>&nbsp;&nbsp;&nbsp;omnipod_tx
<LI><a href="#[e7]">&gt;&gt;</a>&nbsp;&nbsp;&nbsp;omnipod_rx
<LI><a href="#[ed]">&gt;&gt;</a>&nbsp;&nbsp;&nbsp;minimed_tx
<LI><a href="#[e8]">&gt;&gt;</a>&nbsp;&nbsp;&nbsp;minimed_rx
</UL>

<P><STRONG><a name="[ca]"></a>Rf69_IsFifoFull</STRONG> (Thumb, 12 bytes, Stack size 8 bytes, rf69.o(i.Rf69_IsFifoFull))
<BR><BR>[Stack]<UL><LI>Max Depth = 168<LI>Call Chain = Rf69_IsFifoFull &rArr; spi_read_reg &rArr; spi_select &rArr; nrf_drv_spi_init &rArr; nrfx_spim_init &rArr; nrf_gpio_cfg_output &rArr; nrf_gpio_cfg
</UL>
<BR>[Calls]<UL><LI><a href="#[c9]">&gt;&gt;</a>&nbsp;&nbsp;&nbsp;spi_read_reg
</UL>
<BR>[Called By]<UL><LI><a href="#[17b]">&gt;&gt;</a>&nbsp;&nbsp;&nbsp;wait_fifo_not_full
<LI><a href="#[ec]">&gt;&gt;</a>&nbsp;&nbsp;&nbsp;omnipod_tx
</UL>

<P><STRONG><a name="[cb]"></a>Rf69_IsFifoOverThreshold</STRONG> (Thumb, 14 bytes, Stack size 8 bytes, rf69.o(i.Rf69_IsFifoOverThreshold))
<BR><BR>[Stack]<UL><LI>Max Depth = 168<LI>Call Chain = Rf69_IsFifoOverThreshold &rArr; spi_read_reg &rArr; spi_select &rArr; nrf_drv_spi_init &rArr; nrfx_spim_init &rArr; nrf_gpio_cfg_output &rArr; nrf_gpio_cfg
</UL>
<BR>[Calls]<UL><LI><a href="#[c9]">&gt;&gt;</a>&nbsp;&nbsp;&nbsp;spi_read_reg
</UL>
<BR>[Called By]<UL><LI><a href="#[ec]">&gt;&gt;</a>&nbsp;&nbsp;&nbsp;omnipod_tx
</UL>

<P><STRONG><a name="[cc]"></a>Rf69_RcvByte</STRONG> (Thumb, 6 bytes, Stack size 0 bytes, rf69.o(i.Rf69_RcvByte))
<BR><BR>[Stack]<UL><LI>Max Depth = 160<LI>Call Chain = Rf69_RcvByte &rArr; spi_read_reg &rArr; spi_select &rArr; nrf_drv_spi_init &rArr; nrfx_spim_init &rArr; nrf_gpio_cfg_output &rArr; nrf_gpio_cfg
</UL>
<BR>[Calls]<UL><LI><a href="#[c9]">&gt;&gt;</a>&nbsp;&nbsp;&nbsp;spi_read_reg
</UL>
<BR>[Called By]<UL><LI><a href="#[e7]">&gt;&gt;</a>&nbsp;&nbsp;&nbsp;omnipod_rx
<LI><a href="#[e8]">&gt;&gt;</a>&nbsp;&nbsp;&nbsp;minimed_rx
</UL>

<P><STRONG><a name="[cd]"></a>Rf69_ReadRssi</STRONG> (Thumb, 40 bytes, Stack size 8 bytes, rf69.o(i.Rf69_ReadRssi))
<BR><BR>[Stack]<UL><LI>Max Depth = 168<LI>Call Chain = Rf69_ReadRssi &rArr; spi_read_reg &rArr; spi_select &rArr; nrf_drv_spi_init &rArr; nrfx_spim_init &rArr; nrf_gpio_cfg_output &rArr; nrf_gpio_cfg
</UL>
<BR>[Calls]<UL><LI><a href="#[c5]">&gt;&gt;</a>&nbsp;&nbsp;&nbsp;spi_write_reg
<LI><a href="#[c9]">&gt;&gt;</a>&nbsp;&nbsp;&nbsp;spi_read_reg
</UL>
<BR>[Called By]<UL><LI><a href="#[e7]">&gt;&gt;</a>&nbsp;&nbsp;&nbsp;omnipod_rx
<LI><a href="#[e8]">&gt;&gt;</a>&nbsp;&nbsp;&nbsp;minimed_rx
</UL>

<P><STRONG><a name="[ce]"></a>Rf69_SetFreq</STRONG> (Thumb, 108 bytes, Stack size 16 bytes, rf69.o(i.Rf69_SetFreq))
<BR><BR>[Stack]<UL><LI>Max Depth = 192<LI>Call Chain = Rf69_SetFreq &rArr; Rf69_SetMode &rArr; spi_read_reg &rArr; spi_select &rArr; nrf_drv_spi_init &rArr; nrfx_spim_init &rArr; nrf_gpio_cfg_output &rArr; nrf_gpio_cfg
</UL>
<BR>[Calls]<UL><LI><a href="#[c7]">&gt;&gt;</a>&nbsp;&nbsp;&nbsp;Rf69_SetMode
<LI><a href="#[71]">&gt;&gt;</a>&nbsp;&nbsp;&nbsp;__aeabi_ui2d
<LI><a href="#[6d]">&gt;&gt;</a>&nbsp;&nbsp;&nbsp;__aeabi_ddiv
<LI><a href="#[73]">&gt;&gt;</a>&nbsp;&nbsp;&nbsp;__aeabi_d2uiz
<LI><a href="#[c5]">&gt;&gt;</a>&nbsp;&nbsp;&nbsp;spi_write_reg
</UL>
<BR>[Called By]<UL><LI><a href="#[ee]">&gt;&gt;</a>&nbsp;&nbsp;&nbsp;Subg_SetFreq
</UL>

<P><STRONG><a name="[c7]"></a>Rf69_SetMode</STRONG> (Thumb, 146 bytes, Stack size 16 bytes, rf69.o(i.Rf69_SetMode))
<BR><BR>[Stack]<UL><LI>Max Depth = 176<LI>Call Chain = Rf69_SetMode &rArr; spi_read_reg &rArr; spi_select &rArr; nrf_drv_spi_init &rArr; nrfx_spim_init &rArr; nrf_gpio_cfg_output &rArr; nrf_gpio_cfg
</UL>
<BR>[Calls]<UL><LI><a href="#[c5]">&gt;&gt;</a>&nbsp;&nbsp;&nbsp;spi_write_reg
<LI><a href="#[c9]">&gt;&gt;</a>&nbsp;&nbsp;&nbsp;spi_read_reg
</UL>
<BR>[Called By]<UL><LI><a href="#[ea]">&gt;&gt;</a>&nbsp;&nbsp;&nbsp;Subg_SendPkt
<LI><a href="#[ce]">&gt;&gt;</a>&nbsp;&nbsp;&nbsp;Rf69_SetFreq
<LI><a href="#[c6]">&gt;&gt;</a>&nbsp;&nbsp;&nbsp;Rf69_DevParaCfg
<LI><a href="#[e6]">&gt;&gt;</a>&nbsp;&nbsp;&nbsp;rf_stop
<LI><a href="#[ec]">&gt;&gt;</a>&nbsp;&nbsp;&nbsp;omnipod_tx
<LI><a href="#[e7]">&gt;&gt;</a>&nbsp;&nbsp;&nbsp;omnipod_rx
<LI><a href="#[ed]">&gt;&gt;</a>&nbsp;&nbsp;&nbsp;minimed_tx
<LI><a href="#[e8]">&gt;&gt;</a>&nbsp;&nbsp;&nbsp;minimed_rx
</UL>

<P><STRONG><a name="[cf]"></a>Rf69_SetOokBw200khz</STRONG> (Thumb, 8 bytes, Stack size 0 bytes, rf69.o(i.Rf69_SetOokBw200khz))
<BR><BR>[Stack]<UL><LI>Max Depth = 144<LI>Call Chain = Rf69_SetOokBw200khz &rArr; spi_write_reg &rArr; spi_select &rArr; nrf_drv_spi_init &rArr; nrfx_spim_init &rArr; nrf_gpio_cfg_output &rArr; nrf_gpio_cfg
</UL>
<BR>[Calls]<UL><LI><a href="#[c5]">&gt;&gt;</a>&nbsp;&nbsp;&nbsp;spi_write_reg
</UL>
<BR>[Called By]<UL><LI><a href="#[ea]">&gt;&gt;</a>&nbsp;&nbsp;&nbsp;Subg_SendPkt
</UL>

<P><STRONG><a name="[d0]"></a>Rf69_SetOokBw250khz</STRONG> (Thumb, 8 bytes, Stack size 0 bytes, rf69.o(i.Rf69_SetOokBw250khz))
<BR><BR>[Stack]<UL><LI>Max Depth = 144<LI>Call Chain = Rf69_SetOokBw250khz &rArr; spi_write_reg &rArr; spi_select &rArr; nrf_drv_spi_init &rArr; nrfx_spim_init &rArr; nrf_gpio_cfg_output &rArr; nrf_gpio_cfg
</UL>
<BR>[Calls]<UL><LI><a href="#[c5]">&gt;&gt;</a>&nbsp;&nbsp;&nbsp;spi_write_reg
</UL>
<BR>[Called By]<UL><LI><a href="#[ea]">&gt;&gt;</a>&nbsp;&nbsp;&nbsp;Subg_SendPkt
</UL>

<P><STRONG><a name="[d1]"></a>Rf69_SetPayloadLen</STRONG> (Thumb, 38 bytes, Stack size 16 bytes, rf69.o(i.Rf69_SetPayloadLen))
<BR><BR>[Stack]<UL><LI>Max Depth = 176<LI>Call Chain = Rf69_SetPayloadLen &rArr; spi_read_reg &rArr; spi_select &rArr; nrf_drv_spi_init &rArr; nrfx_spim_init &rArr; nrf_gpio_cfg_output &rArr; nrf_gpio_cfg
</UL>
<BR>[Calls]<UL><LI><a href="#[c5]">&gt;&gt;</a>&nbsp;&nbsp;&nbsp;spi_write_reg
<LI><a href="#[c9]">&gt;&gt;</a>&nbsp;&nbsp;&nbsp;spi_read_reg
</UL>
<BR>[Called By]<UL><LI><a href="#[ea]">&gt;&gt;</a>&nbsp;&nbsp;&nbsp;Subg_SendPkt
<LI><a href="#[e7]">&gt;&gt;</a>&nbsp;&nbsp;&nbsp;omnipod_rx
<LI><a href="#[e8]">&gt;&gt;</a>&nbsp;&nbsp;&nbsp;minimed_rx
</UL>

<P><STRONG><a name="[d2]"></a>Rf69_SetPreambleSize</STRONG> (Thumb, 28 bytes, Stack size 16 bytes, rf69.o(i.Rf69_SetPreambleSize))
<BR><BR>[Stack]<UL><LI>Max Depth = 160<LI>Call Chain = Rf69_SetPreambleSize &rArr; spi_write_reg &rArr; spi_select &rArr; nrf_drv_spi_init &rArr; nrfx_spim_init &rArr; nrf_gpio_cfg_output &rArr; nrf_gpio_cfg
</UL>
<BR>[Calls]<UL><LI><a href="#[c5]">&gt;&gt;</a>&nbsp;&nbsp;&nbsp;spi_write_reg
</UL>
<BR>[Called By]<UL><LI><a href="#[ea]">&gt;&gt;</a>&nbsp;&nbsp;&nbsp;Subg_SendPkt
</UL>

<P><STRONG><a name="[d3]"></a>Rf69_SetSyncOnOff</STRONG> (Thumb, 36 bytes, Stack size 16 bytes, rf69.o(i.Rf69_SetSyncOnOff))
<BR><BR>[Stack]<UL><LI>Max Depth = 176<LI>Call Chain = Rf69_SetSyncOnOff &rArr; spi_read_reg &rArr; spi_select &rArr; nrf_drv_spi_init &rArr; nrfx_spim_init &rArr; nrf_gpio_cfg_output &rArr; nrf_gpio_cfg
</UL>
<BR>[Calls]<UL><LI><a href="#[c5]">&gt;&gt;</a>&nbsp;&nbsp;&nbsp;spi_write_reg
<LI><a href="#[c9]">&gt;&gt;</a>&nbsp;&nbsp;&nbsp;spi_read_reg
</UL>
<BR>[Called By]<UL><LI><a href="#[ea]">&gt;&gt;</a>&nbsp;&nbsp;&nbsp;Subg_SendPkt
<LI><a href="#[e7]">&gt;&gt;</a>&nbsp;&nbsp;&nbsp;omnipod_rx
</UL>

<P><STRONG><a name="[d4]"></a>Rf69_SetUnlimitedLenPkt</STRONG> (Thumb, 36 bytes, Stack size 8 bytes, rf69.o(i.Rf69_SetUnlimitedLenPkt))
<BR><BR>[Stack]<UL><LI>Max Depth = 168<LI>Call Chain = Rf69_SetUnlimitedLenPkt &rArr; spi_read_reg &rArr; spi_select &rArr; nrf_drv_spi_init &rArr; nrfx_spim_init &rArr; nrf_gpio_cfg_output &rArr; nrf_gpio_cfg
</UL>
<BR>[Calls]<UL><LI><a href="#[c5]">&gt;&gt;</a>&nbsp;&nbsp;&nbsp;spi_write_reg
<LI><a href="#[c9]">&gt;&gt;</a>&nbsp;&nbsp;&nbsp;spi_read_reg
</UL>
<BR>[Called By]<UL><LI><a href="#[ea]">&gt;&gt;</a>&nbsp;&nbsp;&nbsp;Subg_SendPkt
</UL>

<P><STRONG><a name="[d5]"></a>Rf69_XmitBuf</STRONG> (Thumb, 58 bytes, Stack size 272 bytes, rf69.o(i.Rf69_XmitBuf))
<BR><BR>[Stack]<UL><LI>Max Depth = 400<LI>Call Chain = Rf69_XmitBuf &rArr; spi_select &rArr; nrf_drv_spi_init &rArr; nrfx_spim_init &rArr; nrf_gpio_cfg_output &rArr; nrf_gpio_cfg
</UL>
<BR>[Calls]<UL><LI><a href="#[7a]">&gt;&gt;</a>&nbsp;&nbsp;&nbsp;__aeabi_memcpy
<LI><a href="#[d8]">&gt;&gt;</a>&nbsp;&nbsp;&nbsp;spi_unselect
<LI><a href="#[d6]">&gt;&gt;</a>&nbsp;&nbsp;&nbsp;spi_select
<LI><a href="#[d7]">&gt;&gt;</a>&nbsp;&nbsp;&nbsp;nrf_drv_spi_transfer
</UL>
<BR>[Called By]<UL><LI><a href="#[ed]">&gt;&gt;</a>&nbsp;&nbsp;&nbsp;minimed_tx
</UL>

<P><STRONG><a name="[d9]"></a>Rf69_XmitByte</STRONG> (Thumb, 8 bytes, Stack size 0 bytes, rf69.o(i.Rf69_XmitByte))
<BR><BR>[Stack]<UL><LI>Max Depth = 144<LI>Call Chain = Rf69_XmitByte &rArr; spi_write_reg &rArr; spi_select &rArr; nrf_drv_spi_init &rArr; nrfx_spim_init &rArr; nrf_gpio_cfg_output &rArr; nrf_gpio_cfg
</UL>
<BR>[Calls]<UL><LI><a href="#[c5]">&gt;&gt;</a>&nbsp;&nbsp;&nbsp;spi_write_reg
</UL>
<BR>[Called By]<UL><LI><a href="#[ec]">&gt;&gt;</a>&nbsp;&nbsp;&nbsp;omnipod_tx
<LI><a href="#[ed]">&gt;&gt;</a>&nbsp;&nbsp;&nbsp;minimed_tx
</UL>

<P><STRONG><a name="[da]"></a>Rtc_Init</STRONG> (Thumb, 20 bytes, Stack size 8 bytes, ocp.o(i.Rtc_Init))
<BR><BR>[Stack]<UL><LI>Max Depth = 40<LI>Call Chain = Rtc_Init &rArr; app_timer_init &rArr; rtc1_stop
</UL>
<BR>[Calls]<UL><LI><a href="#[83]">&gt;&gt;</a>&nbsp;&nbsp;&nbsp;app_error_handler_bare
<LI><a href="#[db]">&gt;&gt;</a>&nbsp;&nbsp;&nbsp;app_timer_init
</UL>
<BR>[Called By]<UL><LI><a href="#[f0]">&gt;&gt;</a>&nbsp;&nbsp;&nbsp;Sys_Init
</UL>

<P><STRONG><a name="[11]"></a>SAADC_IRQHandler</STRONG> (Thumb, 320 bytes, Stack size 40 bytes, nrfx_saadc.o(i.SAADC_IRQHandler))
<BR><BR>[Stack]<UL><LI>Max Depth = 48<LI>Call Chain = SAADC_IRQHandler &rArr; nrf_saadc_event_clear
</UL>
<BR>[Calls]<UL><LI><a href="#[dd]">&gt;&gt;</a>&nbsp;&nbsp;&nbsp;nrf_saadc_event_clear
<LI><a href="#[dc]">&gt;&gt;</a>&nbsp;&nbsp;&nbsp;nrf_saadc_event_check
<LI><a href="#[de]">&gt;&gt;</a>&nbsp;&nbsp;&nbsp;nrf_saadc_buffer_init
</UL>
<BR>[Address Reference Count : 1]<UL><LI> arm_startup_nrf52810.o(RESET)
</UL>
<P><STRONG><a name="[f]"></a>SPIM0_SPIS0_SPI0_IRQHandler</STRONG> (Thumb, 78 bytes, Stack size 24 bytes, nrfx_spim.o(i.SPIM0_SPIS0_SPI0_IRQHandler))
<BR><BR>[Stack]<UL><LI>Max Depth = 24<LI>Call Chain = SPIM0_SPIS0_SPI0_IRQHandler
</UL>
<BR>[Calls]<UL><LI><a href="#[df]">&gt;&gt;</a>&nbsp;&nbsp;&nbsp;nrf_spim_event_check
<LI><a href="#[e1]">&gt;&gt;</a>&nbsp;&nbsp;&nbsp;nrf_gpio_pin_set
<LI><a href="#[e0]">&gt;&gt;</a>&nbsp;&nbsp;&nbsp;nrf_gpio_pin_clear
</UL>
<BR>[Address Reference Count : 2]<UL><LI> nrfx_spim.o(.constdata)
<LI> arm_startup_nrf52810.o(RESET)
</UL>
<P><STRONG><a name="[1e]"></a>SWI0_EGU0_IRQHandler</STRONG> (Thumb, 4 bytes, Stack size 0 bytes, app_timer.o(i.SWI0_EGU0_IRQHandler))
<BR><BR>[Stack]<UL><LI>Max Depth = 96<LI>Call Chain = SWI0_EGU0_IRQHandler &rArr; timer_list_handler &rArr; list_insertions_handler &rArr; timer_list_remove
</UL>
<BR>[Calls]<UL><LI><a href="#[e2]">&gt;&gt;</a>&nbsp;&nbsp;&nbsp;timer_list_handler
</UL>
<BR>[Address Reference Count : 1]<UL><LI> arm_startup_nrf52810.o(RESET)
</UL>
<P><STRONG><a name="[20]"></a>SWI2_IRQHandler</STRONG> (Thumb, 4 bytes, Stack size 0 bytes, nrf_sdh.o(i.SWI2_IRQHandler))
<BR><BR>[Stack]<UL><LI>Max Depth = 24<LI>Call Chain = SWI2_IRQHandler &rArr; nrf_sdh_evts_poll &rArr; nrf_section_iter_next &rArr; nrf_section_iter_item_set
</UL>
<BR>[Calls]<UL><LI><a href="#[e3]">&gt;&gt;</a>&nbsp;&nbsp;&nbsp;nrf_sdh_evts_poll
</UL>
<BR>[Address Reference Count : 1]<UL><LI> arm_startup_nrf52810.o(RESET)
</UL>
<P><STRONG><a name="[e4]"></a>Subg_CfgRf</STRONG> (Thumb, 36 bytes, Stack size 0 bytes, app_subg.o(i.Subg_CfgRf))
<BR><BR>[Stack]<UL><LI>Max Depth = 192<LI>Call Chain = Subg_CfgRf &rArr; Rf69_DevParaCfg &rArr; Rf69_SetMode &rArr; spi_read_reg &rArr; spi_select &rArr; nrf_drv_spi_init &rArr; nrfx_spim_init &rArr; nrf_gpio_cfg_output &rArr; nrf_gpio_cfg
</UL>
<BR>[Calls]<UL><LI><a href="#[c6]">&gt;&gt;</a>&nbsp;&nbsp;&nbsp;Rf69_DevParaCfg
</UL>
<BR>[Called By]<UL><LI><a href="#[7d]">&gt;&gt;</a>&nbsp;&nbsp;&nbsp;cmd_update_reg
<LI><a href="#[29]">&gt;&gt;</a>&nbsp;&nbsp;&nbsp;aps_cmd_loop
</UL>

<P><STRONG><a name="[109]"></a>Subg_ClrIntFlg</STRONG> (Thumb, 8 bytes, Stack size 0 bytes, app_subg.o(i.Subg_ClrIntFlg))
[...]
<BR>[Address Reference Count : 1]<UL><LI> nrf_fstorage_sd.o(.constdata)
</UL>
<P><STRONG><a name="[46]"></a>uninit</STRONG> (Thumb, 22 bytes, Stack size 8 bytes, nrf_fstorage_sd.o(i.uninit))
<BR><BR>[Stack]<UL><LI>Max Depth = 16<LI>Call Chain = uninit &rArr; nrf_atfifo_clear
</UL>
<BR>[Calls]<UL><LI><a href="#[17d]">&gt;&gt;</a>&nbsp;&nbsp;&nbsp;nrf_atfifo_clear
<LI><a href="#[79]">&gt;&gt;</a>&nbsp;&nbsp;&nbsp;__aeabi_memclr4
</UL>
<BR>[Address Reference Count : 1]<UL><LI> nrf_fstorage_sd.o(.constdata)
</UL>
<P><STRONG><a name="[4b]"></a>wmap</STRONG> (Thumb, 4 bytes, Stack size 0 bytes, nrf_fstorage_sd.o(i.wmap))
<BR>[Address Reference Count : 1]<UL><LI> nrf_fstorage_sd.o(.constdata)
</UL>
<P><STRONG><a name="[48]"></a>write</STRONG> (Thumb, 74 bytes, Stack size 40 bytes, nrf_fstorage_sd.o(i.write))
<BR><BR>[Stack]<UL><LI>Max Depth = 144<LI>Call Chain = write &rArr; queue_start &rArr; queue_process &rArr; nrf_fstorage_sys_evt_handler &rArr;  queue_process (Cycle)
</UL>
<BR>[Calls]<UL><LI><a href="#[16d]">&gt;&gt;</a>&nbsp;&nbsp;&nbsp;nrf_atfifo_item_put
<LI><a href="#[16c]">&gt;&gt;</a>&nbsp;&nbsp;&nbsp;nrf_atfifo_item_alloc
<LI><a href="#[16e]">&gt;&gt;</a>&nbsp;&nbsp;&nbsp;queue_start
<LI><a href="#[79]">&gt;&gt;</a>&nbsp;&nbsp;&nbsp;__aeabi_memclr4
</UL>
<BR>[Address Reference Count : 1]<UL><LI> nrf_fstorage_sd.o(.constdata)
</UL>
<P><STRONG><a name="[197]"></a>addr_is_aligned32</STRONG> (Thumb, 12 bytes, Stack size 0 bytes, nrf_fstorage.o(i.addr_is_aligned32))
<BR><BR>[Called By]<UL><LI><a href="#[ae]">&gt;&gt;</a>&nbsp;&nbsp;&nbsp;nrf_fstorage_write
</UL>

<P><STRONG><a name="[193]"></a>addr_is_within_bounds</STRONG> (Thumb, 24 bytes, Stack size 0 bytes, nrf_fstorage.o(i.addr_is_within_bounds))
<BR><BR>[Called By]<UL><LI><a href="#[ae]">&gt;&gt;</a>&nbsp;&nbsp;&nbsp;nrf_fstorage_write
<LI><a href="#[ac]">&gt;&gt;</a>&nbsp;&nbsp;&nbsp;nrf_fstorage_erase
</UL>

<P><STRONG><a name="[1ba]"></a>__sd_nvic_app_accessible_irq</STRONG> (Thumb, 32 bytes, Stack size 0 bytes, nrf_sdh.o(i.__sd_nvic_app_accessible_irq))
<BR><BR>[Called By]<UL><LI><a href="#[1a5]">&gt;&gt;</a>&nbsp;&nbsp;&nbsp;softdevices_evt_irq_enable
<LI><a href="#[1a4]">&gt;&gt;</a>&nbsp;&nbsp;&nbsp;softdevice_evt_irq_disable
</UL>

<P><STRONG><a name="[1a2]"></a>sdh_request_observer_notify</STRONG> (Thumb, 44 bytes, Stack size 24 bytes, nrf_sdh.o(i.sdh_request_observer_notify))
<BR><BR>[Stack]<UL><LI>Max Depth = 32<LI>Call Chain = sdh_request_observer_notify &rArr; nrf_section_iter_next &rArr; nrf_section_iter_item_set
</UL>
<BR>[Calls]<UL><LI><a href="#[1a0]">&gt;&gt;</a>&nbsp;&nbsp;&nbsp;nrf_section_iter_next
<LI><a href="#[19d]">&gt;&gt;</a>&nbsp;&nbsp;&nbsp;nrf_section_iter_init
</UL>
<BR>[Called By]<UL><LI><a href="#[87]">&gt;&gt;</a>&nbsp;&nbsp;&nbsp;nrf_sdh_enable_request
<LI><a href="#[1a1]">&gt;&gt;</a>&nbsp;&nbsp;&nbsp;nrf_sdh_disable_request
</UL>

<P><STRONG><a name="[1a3]"></a>sdh_state_observer_notify</STRONG> (Thumb, 38 bytes, Stack size 24 bytes, nrf_sdh.o(i.sdh_state_observer_notify))
<BR><BR>[Stack]<UL><LI>Max Depth = 32<LI>Call Chain = sdh_state_observer_notify &rArr; nrf_section_iter_next &rArr; nrf_section_iter_item_set
</UL>
<BR>[Calls]<UL><LI><a href="#[1a0]">&gt;&gt;</a>&nbsp;&nbsp;&nbsp;nrf_section_iter_next
<LI><a href="#[19d]">&gt;&gt;</a>&nbsp;&nbsp;&nbsp;nrf_section_iter_init
</UL>
<BR>[Called By]<UL><LI><a href="#[87]">&gt;&gt;</a>&nbsp;&nbsp;&nbsp;nrf_sdh_enable_request
<LI><a href="#[1a1]">&gt;&gt;</a>&nbsp;&nbsp;&nbsp;nrf_sdh_disable_request
</UL>

<P><STRONG><a name="[1a4]"></a>softdevice_evt_irq_disable</STRONG> (Thumb, 52 bytes, Stack size 8 bytes, nrf_sdh.o(i.softdevice_evt_irq_disable))
<BR><BR>[Stack]<UL><LI>Max Depth = 24<LI>Call Chain = softdevice_evt_irq_disable &rArr; app_error_handler_bare
</UL>
<BR>[Calls]<UL><LI><a href="#[83]">&gt;&gt;</a>&nbsp;&nbsp;&nbsp;app_error_handler_bare
<LI><a href="#[1ba]">&gt;&gt;</a>&nbsp;&nbsp;&nbsp;__sd_nvic_app_accessible_irq
</UL>
<BR>[Called By]<UL><LI><a href="#[1a1]">&gt;&gt;</a>&nbsp;&nbsp;&nbsp;nrf_sdh_disable_request
</UL>

<P><STRONG><a name="[1a5]"></a>softdevices_evt_irq_enable</STRONG> (Thumb, 80 bytes, Stack size 8 bytes, nrf_sdh.o(i.softdevices_evt_irq_enable))
<BR><BR>[Stack]<UL><LI>Max Depth = 24<LI>Call Chain = softdevices_evt_irq_enable &rArr; app_error_handler_bare
</UL>
<BR>[Calls]<UL><LI><a href="#[83]">&gt;&gt;</a>&nbsp;&nbsp;&nbsp;app_error_handler_bare
<LI><a href="#[1ba]">&gt;&gt;</a>&nbsp;&nbsp;&nbsp;__sd_nvic_app_accessible_irq
</UL>
<BR>[Called By]<UL><LI><a href="#[87]">&gt;&gt;</a>&nbsp;&nbsp;&nbsp;nrf_sdh_enable_request
</UL>

<P><STRONG><a name="[5d]"></a>nrf_sdh_ble_evts_poll</STRONG> (Thumb, 88 bytes, Stack size 528 bytes, nrf_sdh_ble.o(i.nrf_sdh_ble_evts_poll))
<BR><BR>[Stack]<UL><LI>Max Depth = 544<LI>Call Chain = nrf_sdh_ble_evts_poll &rArr; app_error_handler_bare
</UL>
<BR>[Calls]<UL><LI><a href="#[83]">&gt;&gt;</a>&nbsp;&nbsp;&nbsp;app_error_handler_bare
<LI><a href="#[1a0]">&gt;&gt;</a>&nbsp;&nbsp;&nbsp;nrf_section_iter_next
<LI><a href="#[19d]">&gt;&gt;</a>&nbsp;&nbsp;&nbsp;nrf_section_iter_init
</UL>
<BR>[Address Reference Count : 1]<UL><LI> nrf_sdh_ble.o(sdh_stack_observers0)
</UL>
<P><STRONG><a name="[5e]"></a>nrf_sdh_soc_evts_poll</STRONG> (Thumb, 56 bytes, Stack size 24 bytes, nrf_sdh_soc.o(i.nrf_sdh_soc_evts_poll))
<BR><BR>[Stack]<UL><LI>Max Depth = 40<LI>Call Chain = nrf_sdh_soc_evts_poll &rArr; app_error_handler_bare
</UL>
<BR>[Calls]<UL><LI><a href="#[83]">&gt;&gt;</a>&nbsp;&nbsp;&nbsp;app_error_handler_bare
<LI><a href="#[1a0]">&gt;&gt;</a>&nbsp;&nbsp;&nbsp;nrf_section_iter_next
<LI><a href="#[19d]">&gt;&gt;</a>&nbsp;&nbsp;&nbsp;nrf_section_iter_init
</UL>
<BR>[Address Reference Count : 1]<UL><LI> nrf_sdh_soc.o(sdh_stack_observers0)
</UL>
<P><STRONG><a name="[b7]"></a>nrfx_coredep_delay_us</STRONG> (Thumb, 12 bytes, Stack size 0 bytes, kit_delay.o(i.nrfx_coredep_delay_us))
<BR><BR>[Called By]<UL><LI><a href="#[b2]">&gt;&gt;</a>&nbsp;&nbsp;&nbsp;Kit_DelayMs
<LI><a href="#[b8]">&gt;&gt;</a>&nbsp;&nbsp;&nbsp;Kit_DelayUs
</UL>

<P><STRONG><a name="[ba]"></a>led_multiple_control</STRONG> (Thumb, 48 bytes, Stack size 16 bytes, led.o(i.led_multiple_control))
<BR><BR>[Stack]<UL><LI>Max Depth = 16<LI>Call Chain = led_multiple_control
</UL>
<BR>[Called By]<UL><LI><a href="#[b1]">&gt;&gt;</a>&nbsp;&nbsp;&nbsp;Led_Init
<LI><a href="#[b3]">&gt;&gt;</a>&nbsp;&nbsp;&nbsp;Led_Ctrl
<LI><a href="#[35]">&gt;&gt;</a>&nbsp;&nbsp;&nbsp;led_timer_handle
</UL>

<P><STRONG><a name="[35]"></a>led_timer_handle</STRONG> (Thumb, 156 bytes, Stack size 16 bytes, led.o(i.led_timer_handle))
<BR><BR>[Stack]<UL><LI>Max Depth = 68<LI>Call Chain = led_timer_handle &rArr; app_timer_start &rArr; app_util_critical_region_enter
</UL>
<BR>[Calls]<UL><LI><a href="#[7f]">&gt;&gt;</a>&nbsp;&nbsp;&nbsp;app_timer_start
<LI><a href="#[ba]">&gt;&gt;</a>&nbsp;&nbsp;&nbsp;led_multiple_control
<LI><a href="#[65]">&gt;&gt;</a>&nbsp;&nbsp;&nbsp;__aeabi_uldivmod
</UL>
<BR>[Called By]<UL><LI><a href="#[b3]">&gt;&gt;</a>&nbsp;&nbsp;&nbsp;Led_Ctrl
</UL>
<BR>[Address Reference Count : 1]<UL><LI> led.o(i.Led_Init)
</UL>
<P><STRONG><a name="[bb]"></a>motor_off</STRONG> (Thumb, 40 bytes, Stack size 8 bytes, motor.o(i.motor_off))
<BR><BR>[Stack]<UL><LI>Max Depth = 40<LI>Call Chain = motor_off &rArr; nrfx_pwm_stop &rArr; nrfx_pwm_is_stopped
</UL>
<BR>[Calls]<UL><LI><a href="#[158]">&gt;&gt;</a>&nbsp;&nbsp;&nbsp;nrfx_pwm_uninit
<LI><a href="#[157]">&gt;&gt;</a>&nbsp;&nbsp;&nbsp;nrfx_pwm_stop
</UL>
<BR>[Called By]<UL><LI><a href="#[b4]">&gt;&gt;</a>&nbsp;&nbsp;&nbsp;Motor_Ctrl
<LI><a href="#[36]">&gt;&gt;</a>&nbsp;&nbsp;&nbsp;motor_timer_handle
</UL>

<P><STRONG><a name="[17c]"></a>motor_on</STRONG> (Thumb, 114 bytes, Stack size 24 bytes, motor.o(i.motor_on))
<BR><BR>[Stack]<UL><LI>Max Depth = 84<LI>Call Chain = motor_on &rArr; nrfx_pwm_init &rArr; configure_pins
</UL>
<BR>[Calls]<UL><LI><a href="#[83]">&gt;&gt;</a>&nbsp;&nbsp;&nbsp;app_error_handler_bare
<LI><a href="#[15b]">&gt;&gt;</a>&nbsp;&nbsp;&nbsp;nrfx_pwm_simple_playback
<LI><a href="#[15a]">&gt;&gt;</a>&nbsp;&nbsp;&nbsp;nrfx_pwm_init
</UL>
<BR>[Called By]<UL><LI><a href="#[36]">&gt;&gt;</a>&nbsp;&nbsp;&nbsp;motor_timer_handle
</UL>

<P><STRONG><a name="[36]"></a>motor_timer_handle</STRONG> (Thumb, 192 bytes, Stack size 16 bytes, motor.o(i.motor_timer_handle))
<BR><BR>[Stack]<UL><LI>Max Depth = 100<LI>Call Chain = motor_timer_handle &rArr; motor_on &rArr; nrfx_pwm_init &rArr; configure_pins
</UL>
<BR>[Calls]<UL><LI><a href="#[7f]">&gt;&gt;</a>&nbsp;&nbsp;&nbsp;app_timer_start
<LI><a href="#[17c]">&gt;&gt;</a>&nbsp;&nbsp;&nbsp;motor_on
<LI><a href="#[bb]">&gt;&gt;</a>&nbsp;&nbsp;&nbsp;motor_off
<LI><a href="#[65]">&gt;&gt;</a>&nbsp;&nbsp;&nbsp;__aeabi_uldivmod
</UL>
<BR>[Called By]<UL><LI><a href="#[b4]">&gt;&gt;</a>&nbsp;&nbsp;&nbsp;Motor_Ctrl
</UL>
<BR>[Address Reference Count : 1]<UL><LI> motor.o(i.Motor_Init)
</UL>
<P><STRONG><a name="[0]"></a>flash_event_handle</STRONG> (Thumb, 2 bytes, Stack size 0 bytes, ocp.o(i.flash_event_handle))
<BR>[Address Reference Count : 1]<UL><LI> ocp.o(fs_data)
</UL>
<P><STRONG><a name="[37]"></a>timr_evt_handle</STRONG> (Thumb, 38 bytes, Stack size 0 bytes, ocp.o(i.timr_evt_handle))
<BR><BR>[Calls]<UL><LI><a href="#[1bd]">&gt;&gt;</a>&nbsp;&nbsp;&nbsp;nrfx_wdt_channel_feed
</UL>
<BR>[Address Reference Count : 1]<UL><LI> ocp.o(i.Timer_Init)
</UL>
<P><STRONG><a name="[ad]"></a>wait_flash_ready</STRONG> (Thumb, 24 bytes, Stack size 8 bytes, ocp.o(i.wait_flash_ready))
<BR><BR>[Stack]<UL><LI>Max Depth = 32<LI>Call Chain = wait_flash_ready &rArr; nrf_fstorage_is_busy
</UL>
<BR>[Calls]<UL><LI><a href="#[1c0]">&gt;&gt;</a>&nbsp;&nbsp;&nbsp;nrf_fstorage_is_busy
<LI><a href="#[c0]">&gt;&gt;</a>&nbsp;&nbsp;&nbsp;nrf_pwr_mgmt_run
</UL>
<BR>[Called By]<UL><LI><a href="#[a2]">&gt;&gt;</a>&nbsp;&nbsp;&nbsp;Flash_Write
</UL>

<P><STRONG><a name="[38]"></a>wdt_event_handle</STRONG> (Thumb, 2 bytes, Stack size 0 bytes, ocp.o(i.wdt_event_handle))
<BR>[Address Reference Count : 1]<UL><LI> ocp.o(i.Wdt_Init)
</UL>
<P><STRONG><a name="[d7]"></a>nrf_drv_spi_transfer</STRONG> (Thumb, 22 bytes, Stack size 24 bytes, rf69.o(i.nrf_drv_spi_transfer))
<BR><BR>[Stack]<UL><LI>Max Depth = 80<LI>Call Chain = nrf_drv_spi_transfer &rArr; nrfx_spim_xfer &rArr; spim_xfer
</UL>
<BR>[Calls]<UL><LI><a href="#[192]">&gt;&gt;</a>&nbsp;&nbsp;&nbsp;nrfx_spim_xfer
</UL>
<BR>[Called By]<UL><LI><a href="#[d5]">&gt;&gt;</a>&nbsp;&nbsp;&nbsp;Rf69_XmitBuf
<LI><a href="#[c5]">&gt;&gt;</a>&nbsp;&nbsp;&nbsp;spi_write_reg
<LI><a href="#[c9]">&gt;&gt;</a>&nbsp;&nbsp;&nbsp;spi_read_reg
</UL>

<P><STRONG><a name="[199]"></a>nrf_gpio_cfg</STRONG> (Thumb, 36 bytes, Stack size 16 bytes, rf69.o(i.nrf_gpio_cfg))
<BR><BR>[Stack]<UL><LI>Max Depth = 16<LI>Call Chain = nrf_gpio_cfg
</UL>
<BR>[Called By]<UL><LI><a href="#[19c]">&gt;&gt;</a>&nbsp;&nbsp;&nbsp;nrf_gpio_cfg_output
<LI><a href="#[198]">&gt;&gt;</a>&nbsp;&nbsp;&nbsp;nrf_gpio_cfg_default
</UL>

<P><STRONG><a name="[198]"></a>nrf_gpio_cfg_default</STRONG> (Thumb, 18 bytes, Stack size 16 bytes, rf69.o(i.nrf_gpio_cfg_default))
<BR><BR>[Stack]<UL><LI>Max Depth = 32<LI>Call Chain = nrf_gpio_cfg_default &rArr; nrf_gpio_cfg
</UL>
<BR>[Calls]<UL><LI><a href="#[199]">&gt;&gt;</a>&nbsp;&nbsp;&nbsp;nrf_gpio_cfg
</UL>
<BR>[Called By]<UL><LI><a href="#[d8]">&gt;&gt;</a>&nbsp;&nbsp;&nbsp;spi_unselect
</UL>

<P><STRONG><a name="[19c]"></a>nrf_gpio_cfg_output</STRONG> (Thumb, 20 bytes, Stack size 16 bytes, rf69.o(i.nrf_gpio_cfg_output))
<BR><BR>[Stack]<UL><LI>Max Depth = 32<LI>Call Chain = nrf_gpio_cfg_output &rArr; nrf_gpio_cfg
</UL>
<BR>[Calls]<UL><LI><a href="#[199]">&gt;&gt;</a>&nbsp;&nbsp;&nbsp;nrf_gpio_cfg
</UL>
<BR>[Called By]<UL><LI><a href="#[d6]">&gt;&gt;</a>&nbsp;&nbsp;&nbsp;spi_select
</UL>

<P><STRONG><a name="[c9]"></a>spi_read_reg</STRONG> (Thumb, 60 bytes, Stack size 32 bytes, rf69.o(i.spi_read_reg))
<BR><BR>[Stack]<UL><LI>Max Depth = 160<LI>Call Chain = spi_read_reg &rArr; spi_select &rArr; nrf_drv_spi_init &rArr; nrfx_spim_init &rArr; nrf_gpio_cfg_output &rArr; nrf_gpio_cfg
</UL>
<BR>[Calls]<UL><LI><a href="#[d8]">&gt;&gt;</a>&nbsp;&nbsp;&nbsp;spi_unselect
<LI><a href="#[d6]">&gt;&gt;</a>&nbsp;&nbsp;&nbsp;spi_select
<LI><a href="#[d7]">&gt;&gt;</a>&nbsp;&nbsp;&nbsp;nrf_drv_spi_transfer
</UL>
<BR>[Called By]<UL><LI><a href="#[d4]">&gt;&gt;</a>&nbsp;&nbsp;&nbsp;Rf69_SetUnlimitedLenPkt
<LI><a href="#[d3]">&gt;&gt;</a>&nbsp;&nbsp;&nbsp;Rf69_SetSyncOnOff
<LI><a href="#[d1]">&gt;&gt;</a>&nbsp;&nbsp;&nbsp;Rf69_SetPayloadLen
<LI><a href="#[c7]">&gt;&gt;</a>&nbsp;&nbsp;&nbsp;Rf69_SetMode
<LI><a href="#[cd]">&gt;&gt;</a>&nbsp;&nbsp;&nbsp;Rf69_ReadRssi
<LI><a href="#[cc]">&gt;&gt;</a>&nbsp;&nbsp;&nbsp;Rf69_RcvByte
<LI><a href="#[cb]">&gt;&gt;</a>&nbsp;&nbsp;&nbsp;Rf69_IsFifoOverThreshold
<LI><a href="#[ca]">&gt;&gt;</a>&nbsp;&nbsp;&nbsp;Rf69_IsFifoFull
<LI><a href="#[c8]">&gt;&gt;</a>&nbsp;&nbsp;&nbsp;Rf69_IsFifoEmpty
</UL>

<P><STRONG><a name="[d6]"></a>spi_select</STRONG> (Thumb, 54 bytes, Stack size 16 bytes, rf69.o(i.spi_select))
<BR><BR>[Stack]<UL><LI>Max Depth = 128<LI>Call Chain = spi_select &rArr; nrf_drv_spi_init &rArr; nrfx_spim_init &rArr; nrf_gpio_cfg_output &rArr; nrf_gpio_cfg
</UL>
<BR>[Calls]<UL><LI><a href="#[190]">&gt;&gt;</a>&nbsp;&nbsp;&nbsp;nrf_drv_spi_init
<LI><a href="#[19c]">&gt;&gt;</a>&nbsp;&nbsp;&nbsp;nrf_gpio_cfg_output
</UL>
<BR>[Called By]<UL><LI><a href="#[d5]">&gt;&gt;</a>&nbsp;&nbsp;&nbsp;Rf69_XmitBuf
<LI><a href="#[c5]">&gt;&gt;</a>&nbsp;&nbsp;&nbsp;spi_write_reg
<LI><a href="#[c9]">&gt;&gt;</a>&nbsp;&nbsp;&nbsp;spi_read_reg
</UL>

<P><STRONG><a name="[d8]"></a>spi_unselect</STRONG> (Thumb, 48 bytes, Stack size 8 bytes, rf69.o(i.spi_unselect))
<BR><BR>[Stack]<UL><LI>Max Depth = 56<LI>Call Chain = spi_unselect &rArr; nrfx_spim_uninit &rArr; nrf_gpio_cfg
</UL>
<BR>[Calls]<UL><LI><a href="#[1b6]">&gt;&gt;</a>&nbsp;&nbsp;&nbsp;nrfx_spim_uninit
<LI><a href="#[198]">&gt;&gt;</a>&nbsp;&nbsp;&nbsp;nrf_gpio_cfg_default
</UL>
<BR>[Called By]<UL><LI><a href="#[d5]">&gt;&gt;</a>&nbsp;&nbsp;&nbsp;Rf69_XmitBuf
<LI><a href="#[c5]">&gt;&gt;</a>&nbsp;&nbsp;&nbsp;spi_write_reg
<LI><a href="#[c9]">&gt;&gt;</a>&nbsp;&nbsp;&nbsp;spi_read_reg
</UL>

<P><STRONG><a name="[c5]"></a>spi_write_reg</STRONG> (Thumb, 46 bytes, Stack size 16 bytes, rf69.o(i.spi_write_reg))
<BR><BR>[Stack]<UL><LI>Max Depth = 144<LI>Call Chain = spi_write_reg &rArr; spi_select &rArr; nrf_drv_spi_init &rArr; nrfx_spim_init &rArr; nrf_gpio_cfg_output &rArr; nrf_gpio_cfg
</UL>
<BR>[Calls]<UL><LI><a href="#[d8]">&gt;&gt;</a>&nbsp;&nbsp;&nbsp;spi_unselect
<LI><a href="#[d6]">&gt;&gt;</a>&nbsp;&nbsp;&nbsp;spi_select
<LI><a href="#[d7]">&gt;&gt;</a>&nbsp;&nbsp;&nbsp;nrf_drv_spi_transfer
</UL>
<BR>[Called By]<UL><LI><a href="#[d9]">&gt;&gt;</a>&nbsp;&nbsp;&nbsp;Rf69_XmitByte
<LI><a href="#[d4]">&gt;&gt;</a>&nbsp;&nbsp;&nbsp;Rf69_SetUnlimitedLenPkt
<LI><a href="#[d3]">&gt;&gt;</a>&nbsp;&nbsp;&nbsp;Rf69_SetSyncOnOff
<LI><a href="#[d2]">&gt;&gt;</a>&nbsp;&nbsp;&nbsp;Rf69_SetPreambleSize
<LI><a href="#[d1]">&gt;&gt;</a>&nbsp;&nbsp;&nbsp;Rf69_SetPayloadLen
<LI><a href="#[d0]">&gt;&gt;</a>&nbsp;&nbsp;&nbsp;Rf69_SetOokBw250khz
<LI><a href="#[cf]">&gt;&gt;</a>&nbsp;&nbsp;&nbsp;Rf69_SetOokBw200khz
<LI><a href="#[c7]">&gt;&gt;</a>&nbsp;&nbsp;&nbsp;Rf69_SetMode
<LI><a href="#[ce]">&gt;&gt;</a>&nbsp;&nbsp;&nbsp;Rf69_SetFreq
<LI><a href="#[cd]">&gt;&gt;</a>&nbsp;&nbsp;&nbsp;Rf69_ReadRssi
<LI><a href="#[c6]">&gt;&gt;</a>&nbsp;&nbsp;&nbsp;Rf69_DevParaCfg
<LI><a href="#[c4]">&gt;&gt;</a>&nbsp;&nbsp;&nbsp;Rf69_ClearFifo
</UL>

<P><STRONG><a name="[99]"></a>buzzer_off</STRONG> (Thumb, 36 bytes, Stack size 8 bytes, buzzer.o(i.buzzer_off))
<BR><BR>[Stack]<UL><LI>Max Depth = 40<LI>Call Chain = buzzer_off &rArr; nrfx_pwm_stop &rArr; nrfx_pwm_is_stopped
</UL>
<BR>[Calls]<UL><LI><a href="#[158]">&gt;&gt;</a>&nbsp;&nbsp;&nbsp;nrfx_pwm_uninit
<LI><a href="#[157]">&gt;&gt;</a>&nbsp;&nbsp;&nbsp;nrfx_pwm_stop
</UL>
<BR>[Called By]<UL><LI><a href="#[98]">&gt;&gt;</a>&nbsp;&nbsp;&nbsp;Buzzer_Ctrl
<LI><a href="#[2f]">&gt;&gt;</a>&nbsp;&nbsp;&nbsp;buzzer_timer_handle
</UL>

<P><STRONG><a name="[159]"></a>buzzer_on</STRONG> (Thumb, 114 bytes, Stack size 24 bytes, buzzer.o(i.buzzer_on))
<BR><BR>[Stack]<UL><LI>Max Depth = 84<LI>Call Chain = buzzer_on &rArr; nrfx_pwm_init &rArr; configure_pins
</UL>
<BR>[Calls]<UL><LI><a href="#[83]">&gt;&gt;</a>&nbsp;&nbsp;&nbsp;app_error_handler_bare
<LI><a href="#[15b]">&gt;&gt;</a>&nbsp;&nbsp;&nbsp;nrfx_pwm_simple_playback
<LI><a href="#[15a]">&gt;&gt;</a>&nbsp;&nbsp;&nbsp;nrfx_pwm_init
</UL>
<BR>[Called By]<UL><LI><a href="#[2f]">&gt;&gt;</a>&nbsp;&nbsp;&nbsp;buzzer_timer_handle
</UL>

<P><STRONG><a name="[2f]"></a>buzzer_timer_handle</STRONG> (Thumb, 138 bytes, Stack size 16 bytes, buzzer.o(i.buzzer_timer_handle))
<BR><BR>[Stack]<UL><LI>Max Depth = 100<LI>Call Chain = buzzer_timer_handle &rArr; buzzer_on &rArr; nrfx_pwm_init &rArr; configure_pins
</UL>
<BR>[Calls]<UL><LI><a href="#[7f]">&gt;&gt;</a>&nbsp;&nbsp;&nbsp;app_timer_start
<LI><a href="#[65]">&gt;&gt;</a>&nbsp;&nbsp;&nbsp;__aeabi_uldivmod
<LI><a href="#[159]">&gt;&gt;</a>&nbsp;&nbsp;&nbsp;buzzer_on
<LI><a href="#[99]">&gt;&gt;</a>&nbsp;&nbsp;&nbsp;buzzer_off
</UL>
<BR>[Called By]<UL><LI><a href="#[98]">&gt;&gt;</a>&nbsp;&nbsp;&nbsp;Buzzer_Ctrl
</UL>
<BR>[Address Reference Count : 1]<UL><LI> buzzer.o(i.Buzzer_Init)
</UL>
<P><STRONG><a name="[3d]"></a>ble_ips_timer_tick_handle</STRONG> (Thumb, 118 bytes, Stack size 56 bytes, ble_ips.o(i.ble_ips_timer_tick_handle))
<BR><BR>[Stack]<UL><LI>Max Depth = 80<LI>Call Chain = ble_ips_timer_tick_handle &rArr; blcm_link_ctx_get &rArr; ble_conn_state_conn_idx
</UL>
<BR>[Calls]<UL><LI><a href="#[123]">&gt;&gt;</a>&nbsp;&nbsp;&nbsp;blcm_link_ctx_get
</UL>
<BR>[Address Reference Count : 1]<UL><LI> ble_ips.o(i.ble_ips_init)
</UL>
<P><STRONG><a name="[153]"></a>on_connect</STRONG> (Thumb, 112 bytes, Stack size 40 bytes, ble_ips.o(i.on_connect))
<BR><BR>[Stack]<UL><LI>Max Depth = 64<LI>Call Chain = on_connect &rArr; blcm_link_ctx_get &rArr; ble_conn_state_conn_idx
</UL>
<BR>[Calls]<UL><LI><a href="#[136]">&gt;&gt;</a>&nbsp;&nbsp;&nbsp;ble_srv_is_notification_enabled
<LI><a href="#[123]">&gt;&gt;</a>&nbsp;&nbsp;&nbsp;blcm_link_ctx_get
</UL>
<BR>[Called By]<UL><LI><a href="#[52]">&gt;&gt;</a>&nbsp;&nbsp;&nbsp;ble_ips_on_ble_evt
</UL>

<P><STRONG><a name="[152]"></a>on_write</STRONG> (Thumb, 190 bytes, Stack size 48 bytes, ble_ips.o(i.on_write))
<BR><BR>[Stack]<UL><LI>Max Depth = 72<LI>Call Chain = on_write &rArr; blcm_link_ctx_get &rArr; ble_conn_state_conn_idx
</UL>
<BR>[Calls]<UL><LI><a href="#[136]">&gt;&gt;</a>&nbsp;&nbsp;&nbsp;ble_srv_is_notification_enabled
<LI><a href="#[123]">&gt;&gt;</a>&nbsp;&nbsp;&nbsp;blcm_link_ctx_get
<LI><a href="#[79]">&gt;&gt;</a>&nbsp;&nbsp;&nbsp;__aeabi_memclr4
</UL>
<BR>[Called By]<UL><LI><a href="#[52]">&gt;&gt;</a>&nbsp;&nbsp;&nbsp;ble_ips_on_ble_evt
</UL>

<P><STRONG><a name="[151]"></a>user_128bit_uuid_characteristic_add</STRONG> (Thumb, 410 bytes, Stack size 96 bytes, ble_ips.o(i.user_128bit_uuid_characteristic_add))
<BR><BR>[Stack]<UL><LI>Max Depth = 96<LI>Call Chain = user_128bit_uuid_characteristic_add
</UL>
<BR>[Calls]<UL><LI><a href="#[79]">&gt;&gt;</a>&nbsp;&nbsp;&nbsp;__aeabi_memclr4
<LI><a href="#[1be]">&gt;&gt;</a>&nbsp;&nbsp;&nbsp;user_set_security_req
</UL>
<BR>[Called By]<UL><LI><a href="#[14f]">&gt;&gt;</a>&nbsp;&nbsp;&nbsp;ble_ips_init
</UL>

<P><STRONG><a name="[1be]"></a>user_set_security_req</STRONG> (Thumb, 48 bytes, Stack size 0 bytes, ble_ips.o(i.user_set_security_req))
<BR><BR>[Called By]<UL><LI><a href="#[151]">&gt;&gt;</a>&nbsp;&nbsp;&nbsp;user_128bit_uuid_characteristic_add
</UL>
<P>
<H3>
Undefined Global Symbols
</H3><HR></body></html>
