Component: ARM Compiler 5.06 update 3 (build 300) Tool: armlink [4d35c9]

==============================================================================

Section Cross References

    main.o(i.app_error_fault_handler) refers to main.o(i.on_error) for on_error
    main.o(i.app_error_handler) refers to main.o(i.on_error) for on_error
    main.o(i.app_error_handler_bare) refers to main.o(i.on_error) for on_error
    main.o(i.dfu_observer) refers to boards.o(i.bsp_board_init) for bsp_board_init
    main.o(i.dfu_observer) refers to boards.o(i.bsp_board_led_off) for bsp_board_led_off
    main.o(i.dfu_observer) refers to boards.o(i.bsp_board_led_on) for bsp_board_led_on
    main.o(i.main) refers to nrf_bootloader_app_start_final.o(i.nrf_bootloader_flash_protect) for nrf_bootloader_flash_protect
    main.o(i.main) refers to nrf_bootloader.o(i.nrf_bootloader_init) for nrf_bootloader_init
    main.o(i.main) refers to main.o(i.on_error) for on_error
    main.o(i.main) refers to nrf_bootloader_app_start.o(i.nrf_bootloader_app_start) for nrf_bootloader_app_start
    main.o(i.main) refers to main.o(i.dfu_observer) for dfu_observer
    boards.o(i.bsp_board_init) refers to boards.o(i.bsp_board_leds_off) for bsp_board_leds_off
    boards.o(i.bsp_board_init) refers to boards.o(.constdata) for .constdata
    boards.o(i.bsp_board_led_idx_to_pin) refers to boards.o(.constdata) for .constdata
    boards.o(i.bsp_board_led_invert) refers to boards.o(.constdata) for .constdata
    boards.o(i.bsp_board_led_off) refers to boards.o(i.nrf_gpio_pin_write) for nrf_gpio_pin_write
    boards.o(i.bsp_board_led_off) refers to boards.o(.constdata) for .constdata
    boards.o(i.bsp_board_led_on) refers to boards.o(i.nrf_gpio_pin_write) for nrf_gpio_pin_write
    boards.o(i.bsp_board_led_on) refers to boards.o(.constdata) for .constdata
    boards.o(i.bsp_board_led_state_get) refers to boards.o(.constdata) for .constdata
    boards.o(i.bsp_board_leds_off) refers to boards.o(i.bsp_board_led_off) for bsp_board_led_off
    boards.o(i.bsp_board_leds_on) refers to boards.o(i.bsp_board_led_on) for bsp_board_led_on
    boards.o(i.bsp_board_pin_to_led_idx) refers to boards.o(.constdata) for .constdata
    ble_srv_common.o(i.ble_srv_ascii_to_utf8) refers to strlen.o(.text) for strlen
    ble_srv_common.o(i.characteristic_add) refers to ble_srv_common.o(i.set_security_req) for set_security_req
    ble_srv_common.o(i.characteristic_add) refers to memseta.o(.text) for __aeabi_memclr4
    ble_srv_common.o(i.descriptor_add) refers to memseta.o(.text) for __aeabi_memclr4
    ble_srv_common.o(i.descriptor_add) refers to ble_srv_common.o(i.set_security_req) for set_security_req
    nrf_bootloader.o(i.boot_validate) refers to nrf_dfu_validation.o(i.nrf_dfu_validation_boot_validate) for nrf_dfu_validation_boot_validate
    nrf_bootloader.o(i.bootloader_reset) refers to nrf_dfu_settings.o(i.nrf_dfu_settings_backup) for nrf_dfu_settings_backup
    nrf_bootloader.o(i.bootloader_reset) refers to nrf_bootloader.o(i.do_reset) for do_reset
    nrf_bootloader.o(i.bootloader_reset) refers to nrf_bootloader.o(.data) for .data
    nrf_bootloader.o(i.dfu_enter_check) refers to nrf_bootloader.o(i.boot_validate) for boot_validate
    nrf_bootloader.o(i.dfu_enter_check) refers to nrf_dfu_utils.o(i.nrf_dfu_bank0_start_addr) for nrf_dfu_bank0_start_addr
    nrf_bootloader.o(i.dfu_enter_check) refers to nrf_bootloader.o(i.nrf_power_gpregret_get) for nrf_power_gpregret_get
    nrf_bootloader.o(i.dfu_enter_check) refers to nrf_dfu_settings.o(.bss) for s_dfu_settings
    nrf_bootloader.o(i.dfu_observer) refers to nrf_bootloader_dfu_timers.o(i.nrf_bootloader_dfu_inactivity_timer_restart) for nrf_bootloader_dfu_inactivity_timer_restart
    nrf_bootloader.o(i.dfu_observer) refers to nrf_bootloader.o(i.bootloader_reset) for bootloader_reset
    nrf_bootloader.o(i.dfu_observer) refers to nrf_bootloader.o(i.inactivity_timeout) for inactivity_timeout
    nrf_bootloader.o(i.dfu_observer) refers to nrf_bootloader.o(.data) for .data
    nrf_bootloader.o(i.flash_write_callback) refers to nrf_bootloader.o(.data) for .data
    nrf_bootloader.o(i.inactivity_timeout) refers to nrf_bootloader.o(i.bootloader_reset) for bootloader_reset
    nrf_bootloader.o(i.nrf_bootloader_init) refers to nrf_dfu_settings.o(i.nrf_dfu_settings_init) for nrf_dfu_settings_init
    nrf_bootloader.o(i.nrf_bootloader_init) refers to nrf_bootloader_fw_activation.o(i.nrf_bootloader_fw_activate) for nrf_bootloader_fw_activate
    nrf_bootloader.o(i.nrf_bootloader_init) refers to nrf_bootloader.o(i.dfu_enter_check) for dfu_enter_check
    nrf_bootloader.o(i.nrf_bootloader_init) refers to nrf_bootloader_wdt.o(i.nrf_bootloader_wdt_init) for nrf_bootloader_wdt_init
    nrf_bootloader.o(i.nrf_bootloader_init) refers to app_scheduler.o(i.app_sched_init) for app_sched_init
[...]
    sdh_req_observers                        0x0002d868   Data          12  nrf_sdh.o(.constdata)
    sdh_state_observers                      0x0002d874   Data          12  nrf_sdh.o(.constdata)
    sdh_stack_observers                      0x0002d880   Data          12  nrf_sdh.o(.constdata)
    .constdata                               0x0002d88c   Section       16  nrf_sdh.o(.constdata)
    sdh_state_observers_array                0x0002d88c   Data          16  nrf_sdh.o(.constdata)
    .constdata                               0x0002d89c   Section       16  nrf_sdh.o(.constdata)
    sdh_stack_observers_array                0x0002d89c   Data          16  nrf_sdh.o(.constdata)
    .constdata                               0x0002d8ac   Section       32  nrf_sdh_ble.o(.constdata)
    sdh_ble_observers_array                  0x0002d8ac   Data          32  nrf_sdh_ble.o(.constdata)
    .constdata                               0x0002d8cc   Section       16  nrf_sdh_ble.o(.constdata)
    sdh_ble_observers                        0x0002d8d0   Data          12  nrf_sdh_ble.o(.constdata)
    .constdata                               0x0002d8dc   Section       16  nrf_sdh_soc.o(.constdata)
    sdh_soc_observers_array                  0x0002d8dc   Data          16  nrf_sdh_soc.o(.constdata)
    .constdata                               0x0002d8ec   Section       12  nrf_sdh_soc.o(.constdata)
    sdh_soc_observers                        0x0002d8ec   Data          12  nrf_sdh_soc.o(.constdata)
    .constdata                               0x0002d8f8   Section       36  pb_decode.o(.constdata)
    PB_DECODERS                              0x0002d8f8   Data          36  pb_decode.o(.constdata)
    [Anonymous Symbol]                       0x0002d91c   Section        0  uECC.c.o(.rodata.curve_secp256r1)
    curve_secp256r1                          0x0002d91c   Data         176  uECC.c.o(.rodata.curve_secp256r1)
    dfu_trans                                0x0002d9ec   Section        8  nrf_dfu_ble.o(dfu_trans)
    __tagsym$$used                           0x0002d9ec   Number         0  nrf_dfu_ble.o(dfu_trans)
    nrf_balloc                               0x0002d9f4   Section       20  nrf_dfu_ble.o(nrf_balloc)
    __tagsym$$used                           0x0002d9f4   Number         0  nrf_dfu_ble.o(nrf_balloc)
    sdh_ble_observers2                       0x0002da08   Section        8  nrf_dfu_ble.o(sdh_ble_observers2)
    __tagsym$$used                           0x0002da08   Number         0  nrf_dfu_ble.o(sdh_ble_observers2)
    m_ble_evt_observer                       0x0002da08   Data           8  nrf_dfu_ble.o(sdh_ble_observers2)
    sdh_req_observers0                       0x0002da10   Section        8  nrf_fstorage_sd.o(sdh_req_observers0)
    __tagsym$$used                           0x0002da10   Number         0  nrf_fstorage_sd.o(sdh_req_observers0)
    sdh_soc_observers0                       0x0002da18   Section        8  nrf_fstorage_sd.o(sdh_soc_observers0)
    __tagsym$$used                           0x0002da18   Number         0  nrf_fstorage_sd.o(sdh_soc_observers0)
    m_sys_obs                                0x0002da18   Data           8  nrf_fstorage_sd.o(sdh_soc_observers0)
    sdh_stack_observers0                     0x0002da20   Section        8  nrf_sdh_ble.o(sdh_stack_observers0)
    __tagsym$$used                           0x0002da20   Number         0  nrf_sdh_ble.o(sdh_stack_observers0)
    m_nrf_sdh_ble_evts_poll                  0x0002da20   Data           8  nrf_sdh_ble.o(sdh_stack_observers0)
    sdh_stack_observers0                     0x0002da28   Section        8  nrf_sdh_soc.o(sdh_stack_observers0)
    __tagsym$$used                           0x0002da28   Number         0  nrf_sdh_soc.o(sdh_stack_observers0)
    m_nrf_sdh_soc_evts_poll                  0x0002da28   Data           8  nrf_sdh_soc.o(sdh_stack_observers0)
    sdh_state_observers0                     0x0002da30   Section        8  nrf_fstorage_sd.o(sdh_state_observers0)
    __tagsym$$used                           0x0002da30   Number         0  nrf_fstorage_sd.o(sdh_state_observers0)
    m_state_obs                              0x0002da30   Data           8  nrf_fstorage_sd.o(sdh_state_observers0)
    svc_data                                 0x0002da38   Section       12  nrf_dfu_svci_handler.o(svc_data)
    __tagsym$$used                           0x0002da38   Number         0  nrf_dfu_svci_handler.o(svc_data)
    .ARM.__AT_0x0002E000                     0x0002e000   Section     4096  nrf_dfu_settings.o(.ARM.__AT_0x0002E000)
    __tagsym$$used                           0x0002e000   Number         0  nrf_dfu_settings.o(.ARM.__AT_0x0002E000)
    .ARM.__AT_0x0002F000                     0x0002f000   Section     4096  nrf_dfu_settings.o(.ARM.__AT_0x0002F000)
    __tagsym$$used                           0x0002f000   Number         0  nrf_dfu_settings.o(.ARM.__AT_0x0002F000)
    .data                                    0x20002390   Section        8  nrf_bootloader.o(.data)
    m_flash_write_done                       0x20002390   Data           1  nrf_bootloader.o(.data)
    m_user_observer                          0x20002394   Data           4  nrf_bootloader.o(.data)
    .data                                    0x20002398   Section       48  nrf_bootloader_dfu_timers.o(.data)
    m_timer_initialized                      0x20002398   Data           1  nrf_bootloader_dfu_timers.o(.data)
    .data                                    0x200023c8   Section        1  nrf_bootloader_fw_activation.o(.data)
    m_flash_write_done                       0x200023c8   Data           1  nrf_bootloader_fw_activation.o(.data)
    .data                                    0x200023c9   Section        1  nrf_bootloader_wdt.o(.data)
    initialized                              0x200023c9   Data           1  nrf_bootloader_wdt.o(.data)
    .data                                    0x200023ca   Section        1  nrf_crypto_init.o(.data)
    m_state                                  0x200023ca   Data           1  nrf_crypto_init.o(.data)
    .data                                    0x200023cc   Section        4  nrf_dfu.o(.data)
    m_user_observer                          0x200023cc   Data           4  nrf_dfu.o(.data)
    .data                                    0x200023d0   Section       16  nrf_dfu_ble.o(.data)
    m_adv_handle                             0x200023d0   Data           1  nrf_dfu_ble.o(.data)
    m_conn_handle                            0x200023d2   Data           2  nrf_dfu_ble.o(.data)
    m_pkt_notif_target                       0x200023d4   Data           2  nrf_dfu_ble.o(.data)
    m_pkt_notif_target_cnt                   0x200023d6   Data           2  nrf_dfu_ble.o(.data)
    m_flags                                  0x200023d8   Data           4  nrf_dfu_ble.o(.data)
    m_observer                               0x200023dc   Data           4  nrf_dfu_ble.o(.data)
    .data                                    0x200023e0   Section        8  nrf_dfu_ble.o(.data)
    m_buffer_pool_nrf_balloc_cb              0x200023e0   Data           8  nrf_dfu_ble.o(.data)
    .data                                    0x200023e8   Section        1  nrf_dfu_handling_error.o(.data)
    m_last_error                             0x200023e8   Data           1  nrf_dfu_handling_error.o(.data)
    .data                                    0x200023ec   Section       16  nrf_dfu_req_handler.o(.data)
    current_object                           0x200023ec   Data           1  nrf_dfu_req_handler.o(.data)
    m_firmware_start_addr                    0x200023f0   Data           4  nrf_dfu_req_handler.o(.data)
    m_firmware_size_req                      0x200023f4   Data           4  nrf_dfu_req_handler.o(.data)
    m_observer                               0x200023f8   Data           4  nrf_dfu_req_handler.o(.data)
    .data                                    0x200023fc   Section        4  nrf_dfu_settings.o(.data)
    .data                                    0x20002400   Section       16  nrf_dfu_validation.o(.data)
    m_valid_init_cmd_present                 0x20002400   Data           1  nrf_dfu_validation.o(.data)
    m_crypto_initialized                     0x20002401   Data           1  nrf_dfu_validation.o(.data)
    m_init_packet_valid                      0x20002402   Data           1  nrf_dfu_validation.o(.data)
    m_init_packet_data_ptr                   0x20002404   Data           4  nrf_dfu_validation.o(.data)
    m_init_packet_data_len                   0x20002408   Data           4  nrf_dfu_validation.o(.data)
    mp_init                                  0x2000240c   Data           4  nrf_dfu_validation.o(.data)
    .data                                    0x20002410   Section       16  app_scheduler.o(.data)
    m_queue_start_index                      0x20002410   Data           1  app_scheduler.o(.data)
    m_queue_end_index                        0x20002411   Data           1  app_scheduler.o(.data)
    m_queue_event_size                       0x20002412   Data           2  app_scheduler.o(.data)
    m_queue_size                             0x20002414   Data           2  app_scheduler.o(.data)
    m_queue_event_headers                    0x20002418   Data           4  app_scheduler.o(.data)
    m_queue_event_data                       0x2000241c   Data           4  app_scheduler.o(.data)
    .data                                    0x20002420   Section        4  nrf_fstorage_nvmc.o(.data)
    m_flash_operation_ongoing                0x20002420   Data           4  nrf_fstorage_nvmc.o(.data)
    .data                                    0x20002424   Section        8  nrf_fstorage_sd.o(.data)
    m_p_cur_op                               0x20002424   Data           4  nrf_fstorage_sd.o(.data)
    m_iget_ctx                               0x20002428   Data           4  nrf_fstorage_sd.o(.data)
    .data                                    0x2000242c   Section        3  nrf_sdh.o(.data)
    m_nrf_sdh_enabled                        0x2000242c   Data           1  nrf_sdh.o(.data)
    m_nrf_sdh_suspended                      0x2000242d   Data           1  nrf_sdh.o(.data)
    m_nrf_sdh_continue                       0x2000242e   Data           1  nrf_sdh.o(.data)
    .data                                    0x2000242f   Section        1  nrf_sdh_ble.o(.data)
    m_stack_is_enabled                       0x2000242f   Data           1  nrf_sdh_ble.o(.data)
    .data                                    0x20002430   Section        4  system_nrf52810.o(.data)
    __tagsym$$used                           0x20002430   Number         0  system_nrf52810.o(.data)
    fs_data                                  0x20002434   Section       20  nrf_dfu_flash.o(fs_data)
    __tagsym$$used                           0x20002434   Number         0  nrf_dfu_flash.o(fs_data)
    .bss                                     0x20002448   Section     1056  nrf_bootloader.o(.bss)
    APP_SCHED_BUF                            0x20002448   Data        1056  nrf_bootloader.o(.bss)
    .bss                                     0x20002868   Section       80  nrf_dfu_ble.o(.bss)
    m_enc_advdata                            0x20002868   Data          31  nrf_dfu_ble.o(.bss)
    m_adv_name                               0x20002888   Data          28  nrf_dfu_ble.o(.bss)
    m_dfu                                    0x200028a4   Data          20  nrf_dfu_ble.o(.bss)
    .bss                                     0x200028b8   Section       17  nrf_dfu_ble.o(.bss)
    m_buffer_pool_nrf_balloc_pool_stack      0x200028b8   Data          17  nrf_dfu_ble.o(.bss)
    .bss                                     0x200028cc   Section     4148  nrf_dfu_ble.o(.bss)
    m_buffer_pool_nrf_balloc_pool_mem        0x200028cc   Data        4148  nrf_dfu_ble.o(.bss)
    .bss                                     0x20003900   Section     2688  nrf_dfu_settings.o(.bss)
    dfu_settings_buffer                      0x20003900   Data         896  nrf_dfu_settings.o(.bss)
    dfu_settings_buffer                      0x20003c80   Data         896  nrf_dfu_settings.o(.bss)
    .bss                                     0x20004380   Section     1012  nrf_dfu_validation.o(.bss)
    m_packet                                 0x20004380   Data         796  nrf_dfu_validation.o(.bss)
    m_pb_stream                              0x2000469c   Data          16  nrf_dfu_validation.o(.bss)
    m_public_key                             0x200046ac   Data          72  nrf_dfu_validation.o(.bss)
    m_signature                              0x200046f4   Data          64  nrf_dfu_validation.o(.bss)
    m_sig_hash                               0x20004734   Data          32  nrf_dfu_validation.o(.bss)
    m_fw_hash                                0x20004754   Data          32  nrf_dfu_validation.o(.bss)
    .bss                                     0x20004774   Section       12  app_util_platform.o(.bss)
    .bss                                     0x20004780   Section       16  nrf_fstorage_sd.o(.bss)
    m_fifo_inst                              0x20004780   Data          16  nrf_fstorage_sd.o(.bss)
    .bss                                     0x20004790   Section      496  nrf_fstorage_sd.o(.bss)
    m_fifo_data                              0x20004790   Data         476  nrf_fstorage_sd.o(.bss)
    m_flags                                  0x2000496c   Data          20  nrf_fstorage_sd.o(.bss)
    STACK                                    0x20004980   Section     2048  arm_startup_nrf52810.o(STACK)

    Global Symbols

    Symbol Name                              Value     Ov Type        Size  Object(Section)

    BuildAttributes$$THM_ISAv4$E$P$D$K$B$S$7EM$PE$A:L22UL41UL21$X:L11$S22US41US21$IEEE1$IW$USESV6$~STKCKD$USESV7$~SHL$OSPACE$IEEEX$EBA8$MICROLIB$REQ8$EABIv2 0x00000000   Number         0  anon$$obj.o ABSOLUTE
    __ARM_use_no_argv                        0x00000000   Number         0  main.o ABSOLUTE
    __cpp_initialize__aeabi_                  - Undefined Weak Reference
    __cxa_finalize                            - Undefined Weak Reference
    __decompress                              - Undefined Weak Reference
    _clock_init                               - Undefined Weak Reference
    _microlib_exit                            - Undefined Weak Reference
    crypto_data$$Base                         - Undefined Reference
    crypto_data$$Limit                        - Undefined Reference
    sdh_ble_observers0$$Base                  - Undefined Reference
    sdh_ble_observers0$$Limit                 - Undefined Reference
    sdh_ble_observers1$$Base                  - Undefined Reference
    sdh_ble_observers1$$Limit                 - Undefined Reference
    sdh_ble_observers3$$Base                  - Undefined Reference
    sdh_ble_observers3$$Limit                 - Undefined Reference
    sdh_req_observers1$$Base                  - Undefined Reference
    sdh_req_observers1$$Limit                 - Undefined Reference
    sdh_soc_observers1$$Base                  - Undefined Reference
    sdh_soc_observers1$$Limit                 - Undefined Reference
    sdh_stack_observers1$$Base                - Undefined Reference
    sdh_stack_observers1$$Limit               - Undefined Reference
    sdh_state_observers1$$Base                - Undefined Reference
    sdh_state_observers1$$Limit               - Undefined Reference
    __Vectors_Size                           0x00000200   Number         0  arm_startup_nrf52810.o ABSOLUTE
    m_uicr_bootloader_start_address          0x00000ff8   Data           4  nrf_bootloader_info.o(.ARM.__AT_0x00000FF8)
    m_uicr_mbr_params_page_address           0x00000ffc   Data           4  nrf_dfu_settings.o(.ARM.__AT_0x00000FFC)
    Load$$LR$$LR_IROM1$$Base                 0x00028000   Number         0  anon$$obj.o ABSOLUTE
    __Vectors                                0x00028000   Data           4  arm_startup_nrf52810.o(RESET)
    __Vectors_End                            0x00028200   Data           0  arm_startup_nrf52810.o(RESET)
    __main                                   0x00028201   Thumb Code     0  entry.o(.ARM.Collect$$$$00000000)
    _main_stk                                0x00028201   Thumb Code     0  entry2.o(.ARM.Collect$$$$00000001)
    _main_scatterload                        0x00028205   Thumb Code     0  entry5.o(.ARM.Collect$$$$00000004)
    __main_after_scatterload                 0x00028209   Thumb Code     0  entry5.o(.ARM.Collect$$$$00000004)
    _main_clock                              0x00028209   Thumb Code     0  entry7b.o(.ARM.Collect$$$$00000008)
    _main_cpp_init                           0x00028209   Thumb Code     0  entry8b.o(.ARM.Collect$$$$0000000A)
    _main_init                               0x00028209   Thumb Code     0  entry9a.o(.ARM.Collect$$$$0000000B)
    __rt_final_cpp                           0x00028211   Thumb Code     0  entry10a.o(.ARM.Collect$$$$0000000D)
    __rt_final_exit                          0x00028211   Thumb Code     0  entry11a.o(.ARM.Collect$$$$0000000F)
    __asm___32_nrf_bootloader_app_start_final_c_c9922886__jump_to_addr 0x00028215   Thumb Code     8  nrf_bootloader_app_start_final.o(.emb_text)
    __asm___12_nrf_atfifo_c_51f461e1__nrf_atfifo_wspace_req 0x0002821d   Thumb Code    56  nrf_atfifo.o(.emb_text)
    __asm___12_nrf_atfifo_c_51f461e1__nrf_atfifo_wspace_close 0x00028255   Thumb Code    18  nrf_atfifo.o(.emb_text)
    __asm___12_nrf_atfifo_c_51f461e1__nrf_atfifo_rspace_req 0x00028267   Thumb Code    58  nrf_atfifo.o(.emb_text)
    __asm___12_nrf_atfifo_c_51f461e1__nrf_atfifo_rspace_close 0x000282a1   Thumb Code    18  nrf_atfifo.o(.emb_text)
    __asm___12_nrf_atfifo_c_51f461e1__nrf_atfifo_space_clear 0x000282b3   Thumb Code    50  nrf_atfifo.o(.emb_text)
    __asm___12_nrf_atomic_c_85ca2469__nrf_atomic_internal_mov 0x000282e5   Thumb Code    24  nrf_atomic.o(.emb_text)
    __asm___12_nrf_atomic_c_85ca2469__nrf_atomic_internal_orr 0x000282fd   Thumb Code    26  nrf_atomic.o(.emb_text)
    __asm___12_nrf_atomic_c_85ca2469__nrf_atomic_internal_and 0x00028317   Thumb Code    26  nrf_atomic.o(.emb_text)
    __asm___12_nrf_atomic_c_85ca2469__nrf_atomic_internal_eor 0x00028331   Thumb Code    26  nrf_atomic.o(.emb_text)
    __asm___12_nrf_atomic_c_85ca2469__nrf_atomic_internal_add 0x0002834b   Thumb Code    26  nrf_atomic.o(.emb_text)
    __asm___12_nrf_atomic_c_85ca2469__nrf_atomic_internal_sub 0x00028365   Thumb Code    26  nrf_atomic.o(.emb_text)
    __asm___12_nrf_atomic_c_85ca2469__nrf_atomic_internal_cmp_exch 0x0002837f   Thumb Code    42  nrf_atomic.o(.emb_text)
    __asm___12_nrf_atomic_c_85ca2469__nrf_atomic_internal_sub_hs 0x000283a9   Thumb Code    30  nrf_atomic.o(.emb_text)
    SVC_Handler                              0x000283c9   Thumb Code    20  nrf_svc_handler.o(.emb_text)
    Reset_Handler                            0x000283dd   Thumb Code     8  arm_startup_nrf52810.o(.text)
    NMI_Handler                              0x000283e5   Thumb Code     2  arm_startup_nrf52810.o(.text)
    HardFault_Handler                        0x000283e7   Thumb Code     2  arm_startup_nrf52810.o(.text)
    MemoryManagement_Handler                 0x000283e9   Thumb Code     2  arm_startup_nrf52810.o(.text)
    BusFault_Handler                         0x000283eb   Thumb Code     2  arm_startup_nrf52810.o(.text)
    UsageFault_Handler                       0x000283ed   Thumb Code     2  arm_startup_nrf52810.o(.text)
    DebugMon_Handler                         0x000283f1   Thumb Code     2  arm_startup_nrf52810.o(.text)
    PendSV_Handler                           0x000283f3   Thumb Code     2  arm_startup_nrf52810.o(.text)
    SysTick_Handler                          0x000283f5   Thumb Code     2  arm_startup_nrf52810.o(.text)
    CCM_AAR_IRQHandler                       0x000283f7   Thumb Code     0  arm_startup_nrf52810.o(.text)
    COMP_IRQHandler                          0x000283f7   Thumb Code     0  arm_startup_nrf52810.o(.text)
    ECB_IRQHandler                           0x000283f7   Thumb Code     0  arm_startup_nrf52810.o(.text)
    GPIOTE_IRQHandler                        0x000283f7   Thumb Code     0  arm_startup_nrf52810.o(.text)
    PDM_IRQHandler                           0x000283f7   Thumb Code     0  arm_startup_nrf52810.o(.text)
    POWER_CLOCK_IRQHandler                   0x000283f7   Thumb Code     0  arm_startup_nrf52810.o(.text)
    PWM0_IRQHandler                          0x000283f7   Thumb Code     0  arm_startup_nrf52810.o(.text)
    QDEC_IRQHandler                          0x000283f7   Thumb Code     0  arm_startup_nrf52810.o(.text)
    RADIO_IRQHandler                         0x000283f7   Thumb Code     0  arm_startup_nrf52810.o(.text)
    RNG_IRQHandler                           0x000283f7   Thumb Code     0  arm_startup_nrf52810.o(.text)
    RTC0_IRQHandler                          0x000283f7   Thumb Code     0  arm_startup_nrf52810.o(.text)
    SAADC_IRQHandler                         0x000283f7   Thumb Code     0  arm_startup_nrf52810.o(.text)
    SPIM0_SPIS0_SPI0_IRQHandler              0x000283f7   Thumb Code     0  arm_startup_nrf52810.o(.text)
    SWI0_EGU0_IRQHandler                     0x000283f7   Thumb Code     0  arm_startup_nrf52810.o(.text)
    SWI1_EGU1_IRQHandler                     0x000283f7   Thumb Code     0  arm_startup_nrf52810.o(.text)
    SWI3_IRQHandler                          0x000283f7   Thumb Code     0  arm_startup_nrf52810.o(.text)
    SWI4_IRQHandler                          0x000283f7   Thumb Code     0  arm_startup_nrf52810.o(.text)
    SWI5_IRQHandler                          0x000283f7   Thumb Code     0  arm_startup_nrf52810.o(.text)
    TEMP_IRQHandler                          0x000283f7   Thumb Code     0  arm_startup_nrf52810.o(.text)
    TIMER0_IRQHandler                        0x000283f7   Thumb Code     0  arm_startup_nrf52810.o(.text)
    TIMER1_IRQHandler                        0x000283f7   Thumb Code     0  arm_startup_nrf52810.o(.text)
    TIMER2_IRQHandler                        0x000283f7   Thumb Code     0  arm_startup_nrf52810.o(.text)
    TWIM0_TWIS0_TWI0_IRQHandler              0x000283f7   Thumb Code     0  arm_startup_nrf52810.o(.text)
    UARTE0_UART0_IRQHandler                  0x000283f7   Thumb Code     0  arm_startup_nrf52810.o(.text)
    __aeabi_llsl                             0x00028401   Thumb Code    30  llshl.o(.text)
    _ll_shift_l                              0x00028401   Thumb Code     0  llshl.o(.text)
    __aeabi_memcpy                           0x0002841f   Thumb Code    36  memcpya.o(.text)
    __aeabi_memcpy4                          0x0002841f   Thumb Code     0  memcpya.o(.text)
    __aeabi_memcpy8                          0x0002841f   Thumb Code     0  memcpya.o(.text)
    __aeabi_memset                           0x00028443   Thumb Code    14  memseta.o(.text)
    __aeabi_memset4                          0x00028443   Thumb Code     0  memseta.o(.text)
    __aeabi_memset8                          0x00028443   Thumb Code     0  memseta.o(.text)
    __aeabi_memclr                           0x00028451   Thumb Code     4  memseta.o(.text)
    __aeabi_memclr4                          0x00028451   Thumb Code     0  memseta.o(.text)
    __aeabi_memclr8                          0x00028451   Thumb Code     0  memseta.o(.text)
    memset                                   0x00028455   Thumb Code    18  memseta.o(.text)
    memcmp                                   0x00028467   Thumb Code    26  memcmp.o(.text)
    __scatterload                            0x00028481   Thumb Code    28  init.o(.text)
    __scatterload_rt2                        0x00028481   Thumb Code     0  init.o(.text)
    uECC_secp256r1                           0x000287a1   Thumb Code     8  uECC.c.o(.text.uECC_secp256r1)
    uECC_verify                              0x000287a9   Thumb Code   740  uECC.c.o(.text.uECC_verify)
    RTC1_IRQHandler                          0x00029455   Thumb Code   106  nrf_bootloader_dfu_timers.o(i.RTC1_IRQHandler)
    SWI2_IRQHandler                          0x000294c9   Thumb Code     4  nrf_sdh.o(i.SWI2_IRQHandler)
    SystemInit                               0x000294cd   Thumb Code   392  system_nrf52810.o(i.SystemInit)
    WDT_IRQHandler                           0x00029689   Thumb Code    14  nrf_bootloader_wdt.o(i.WDT_IRQHandler)
    __scatterload_copy                       0x0002969d   Thumb Code    14  handlers.o(i.__scatterload_copy)
    __scatterload_null                       0x000296ab   Thumb Code     2  handlers.o(i.__scatterload_null)
    __scatterload_zeroinit                   0x000296ad   Thumb Code    14  handlers.o(i.__scatterload_zeroinit)
    app_error_fault_handler                  0x000297ed   Thumb Code     4  main.o(i.app_error_fault_handler)
    app_error_handler_bare                   0x000297f1   Thumb Code     4  main.o(i.app_error_handler_bare)
    app_sched_event_put                      0x000297f5   Thumb Code   154  app_scheduler.o(i.app_sched_event_put)
    app_sched_execute                        0x00029895   Thumb Code    58  app_scheduler.o(i.app_sched_execute)
    app_sched_init                           0x000298d5   Thumb Code    40  app_scheduler.o(i.app_sched_init)
    app_util_critical_region_enter           0x00029901   Thumb Code    64  app_util_platform.o(i.app_util_critical_region_enter)
    app_util_critical_region_exit            0x00029949   Thumb Code    46  app_util_platform.o(i.app_util_critical_region_exit)
    ble_dfu_init                             0x000299c9   Thumb Code   182  nrf_dfu_ble.o(i.ble_dfu_init)
    ble_dfu_transport_close                  0x00029b45   Thumb Code    82  nrf_dfu_ble.o(i.ble_dfu_transport_close)
    ble_dfu_transport_init                   0x00029ba5   Thumb Code   134  nrf_dfu_ble.o(i.ble_dfu_transport_init)
    ble_srv_is_notification_enabled          0x00029df5   Thumb Code     8  ble_srv_common.o(i.ble_srv_is_notification_enabled)
    bsp_board_init                           0x00029ed5   Thumb Code    42  boards.o(i.bsp_board_init)
    bsp_board_led_off                        0x00029f05   Thumb Code    10  boards.o(i.bsp_board_led_off)
    bsp_board_led_on                         0x00029f15   Thumb Code    10  boards.o(i.bsp_board_led_on)
    bsp_board_leds_off                       0x00029f25   Thumb Code    18  boards.o(i.bsp_board_leds_off)
    crc32_compute                            0x00029f65   Thumb Code    54  crc32.o(i.crc32_compute)
    dfu_fstorage_evt_handler                 0x0002a201   Thumb Code    12  nrf_dfu_flash.o(i.dfu_fstorage_evt_handler)
    ext_error_get                            0x0002a429   Thumb Code    10  nrf_dfu_handling_error.o(i.ext_error_get)
    ext_error_set                            0x0002a439   Thumb Code     8  nrf_dfu_handling_error.o(i.ext_error_set)
    fw_hash_ok                               0x0002a45d   Thumb Code     8  nrf_dfu_validation.o(i.fw_hash_ok)
    main                                     0x0002a661   Thumb Code    50  main.o(i.main)
    nrf_atfifo_clear                         0x0002a69d   Thumb Code    16  nrf_atfifo.o(i.nrf_atfifo_clear)
    nrf_atfifo_init                          0x0002a6ad   Thumb Code    38  nrf_atfifo.o(i.nrf_atfifo_init)
    nrf_atfifo_item_alloc                    0x0002a6d3   Thumb Code    22  nrf_atfifo.o(i.nrf_atfifo_item_alloc)
    nrf_atfifo_item_free                     0x0002a6e9   Thumb Code    22  nrf_atfifo.o(i.nrf_atfifo_item_free)
    nrf_atfifo_item_get                      0x0002a6ff   Thumb Code    22  nrf_atfifo.o(i.nrf_atfifo_item_get)
    nrf_atfifo_item_put                      0x0002a715   Thumb Code    22  nrf_atfifo.o(i.nrf_atfifo_item_put)
    nrf_atomic_flag_clear                    0x0002a72b   Thumb Code     6  nrf_atomic.o(i.nrf_atomic_flag_clear)
    nrf_atomic_flag_set_fetch                0x0002a731   Thumb Code     6  nrf_atomic.o(i.nrf_atomic_flag_set_fetch)
    nrf_atomic_u32_and                       0x0002a737   Thumb Code    12  nrf_atomic.o(i.nrf_atomic_u32_and)
    nrf_atomic_u32_fetch_or                  0x0002a743   Thumb Code    10  nrf_atomic.o(i.nrf_atomic_u32_fetch_or)
    nrf_balloc_alloc                         0x0002a74d   Thumb Code    68  nrf_balloc.o(i.nrf_balloc_alloc)
    nrf_balloc_free                          0x0002a791   Thumb Code    48  nrf_balloc.o(i.nrf_balloc_free)
    nrf_balloc_init                          0x0002a7c1   Thumb Code    48  nrf_balloc.o(i.nrf_balloc_init)
    nrf_bootloader_app_start                 0x0002a7f1   Thumb Code    36  nrf_bootloader_app_start.o(i.nrf_bootloader_app_start)
    nrf_bootloader_app_start_final           0x0002a815   Thumb Code   128  nrf_bootloader_app_start_final.o(i.nrf_bootloader_app_start_final)
    nrf_bootloader_dfu_inactivity_timer_restart 0x0002a8a1   Thumb Code    34  nrf_bootloader_dfu_timers.o(i.nrf_bootloader_dfu_inactivity_timer_restart)
    nrf_bootloader_flash_protect             0x0002a8c9   Thumb Code    70  nrf_bootloader_app_start_final.o(i.nrf_bootloader_flash_protect)
    nrf_bootloader_fw_activate               0x0002a915   Thumb Code   102  nrf_bootloader_fw_activation.o(i.nrf_bootloader_fw_activate)
    nrf_bootloader_init                      0x0002a989   Thumb Code   170  nrf_bootloader.o(i.nrf_bootloader_init)
    nrf_bootloader_wdt_feed                  0x0002aa4d   Thumb Code    20  nrf_bootloader_wdt.o(i.nrf_bootloader_wdt_feed)
    nrf_bootloader_wdt_feed_timer_start      0x0002aa61   Thumb Code    16  nrf_bootloader_dfu_timers.o(i.nrf_bootloader_wdt_feed_timer_start)
    nrf_bootloader_wdt_init                  0x0002aa75   Thumb Code    60  nrf_bootloader_wdt.o(i.nrf_bootloader_wdt_init)
    nrf_crypto_backend_micro_ecc_curve_get   0x0002aabd   Thumb Code     6  micro_ecc_backend_ecc.o(i.nrf_crypto_backend_micro_ecc_curve_get)
    nrf_crypto_backend_micro_ecc_public_key_from_raw 0x0002aac3   Thumb Code    16  micro_ecc_backend_ecc.o(i.nrf_crypto_backend_micro_ecc_public_key_from_raw)
    nrf_crypto_backend_micro_ecc_verify      0x0002aad3   Thumb Code    86  micro_ecc_backend_ecdsa.o(i.nrf_crypto_backend_micro_ecc_verify)
    nrf_crypto_ecc_public_key_from_raw       0x0002ab29   Thumb Code    48  nrf_crypto_ecc.o(i.nrf_crypto_ecc_public_key_from_raw)
    nrf_crypto_ecdsa_verify                  0x0002ab5d   Thumb Code    84  nrf_crypto_ecdsa.o(i.nrf_crypto_ecdsa_verify)
    nrf_crypto_hash_calculate                0x0002abb5   Thumb Code    54  nrf_crypto_hash.o(i.nrf_crypto_hash_calculate)
    nrf_crypto_hash_finalize                 0x0002abeb   Thumb Code    54  nrf_crypto_hash.o(i.nrf_crypto_hash_finalize)
    nrf_crypto_hash_init                     0x0002ac21   Thumb Code    38  nrf_crypto_hash.o(i.nrf_crypto_hash_init)
    nrf_crypto_hash_update                   0x0002ac4d   Thumb Code    46  nrf_crypto_hash.o(i.nrf_crypto_hash_update)
    nrf_crypto_init                          0x0002ac7d   Thumb Code    50  nrf_crypto_init.o(i.nrf_crypto_init)
    nrf_crypto_internal_double_swap_endian   0x0002acbd   Thumb Code    26  nrf_crypto_shared.o(i.nrf_crypto_internal_double_swap_endian)
    nrf_crypto_internal_double_swap_endian_in_place 0x0002acd7   Thumb Code    22  nrf_crypto_shared.o(i.nrf_crypto_internal_double_swap_endian_in_place)
    nrf_crypto_internal_ecc_key_input_check  0x0002aced   Thumb Code    24  nrf_crypto_ecc.o(i.nrf_crypto_internal_ecc_key_input_check)
    nrf_crypto_internal_ecc_key_output_prepare 0x0002ad05   Thumb Code    26  nrf_crypto_ecc.o(i.nrf_crypto_internal_ecc_key_output_prepare)
    nrf_crypto_internal_ecc_raw_input_check  0x0002ad1f   Thumb Code    22  nrf_crypto_ecc.o(i.nrf_crypto_internal_ecc_raw_input_check)
    nrf_crypto_internal_swap_endian          0x0002ad35   Thumb Code    22  nrf_crypto_shared.o(i.nrf_crypto_internal_swap_endian)
    nrf_crypto_internal_swap_endian_in_place 0x0002ad4b   Thumb Code    24  nrf_crypto_shared.o(i.nrf_crypto_internal_swap_endian_in_place)
    nrf_dfu_bank0_start_addr                 0x0002ad65   Thumb Code    34  nrf_dfu_utils.o(i.nrf_dfu_bank0_start_addr)
    nrf_dfu_bank1_start_addr                 0x0002ad8d   Thumb Code    28  nrf_dfu_utils.o(i.nrf_dfu_bank1_start_addr)
    nrf_dfu_bank_invalidate                  0x0002adad   Thumb Code    14  nrf_dfu_utils.o(i.nrf_dfu_bank_invalidate)
    nrf_dfu_cache_prepare                    0x0002adc1   Thumb Code   140  nrf_dfu_utils.o(i.nrf_dfu_cache_prepare)
    nrf_dfu_flash_erase                      0x0002af61   Thumb Code    12  nrf_dfu_flash.o(i.nrf_dfu_flash_erase)
    nrf_dfu_flash_init                       0x0002af71   Thumb Code    16  nrf_dfu_flash.o(i.nrf_dfu_flash_init)
    nrf_dfu_flash_store                      0x0002af8d   Thumb Code    18  nrf_dfu_flash.o(i.nrf_dfu_flash_store)
    nrf_dfu_init                             0x0002afa5   Thumb Code    34  nrf_dfu.o(i.nrf_dfu_init)
    nrf_dfu_init_user                        0x0002afd1   Thumb Code     4  nrf_bootloader.o(i.nrf_dfu_init_user)
    nrf_dfu_mbr_copy_bl                      0x0002afd5   Thumb Code    22  nrf_dfu_mbr.o(i.nrf_dfu_mbr_copy_bl)
    nrf_dfu_mbr_init_sd                      0x0002afed   Thumb Code    18  nrf_dfu_mbr.o(i.nrf_dfu_mbr_init_sd)
    nrf_dfu_mbr_irq_forward_address_set      0x0002b005   Thumb Code    12  nrf_dfu_mbr.o(i.nrf_dfu_mbr_irq_forward_address_set)
    nrf_dfu_req_handler_init                 0x0002b011   Thumb Code    62  nrf_dfu_req_handler.o(i.nrf_dfu_req_handler_init)
    nrf_dfu_req_handler_on_req               0x0002b055   Thumb Code    16  nrf_dfu_req_handler.o(i.nrf_dfu_req_handler_on_req)
    nrf_dfu_settings_additional_erase        0x0002b179   Thumb Code    46  nrf_dfu_settings_svci.o(i.nrf_dfu_settings_additional_erase)
    nrf_dfu_settings_adv_name_copy           0x0002b1ad   Thumb Code    20  nrf_dfu_settings_svci.o(i.nrf_dfu_settings_adv_name_copy)
    nrf_dfu_settings_adv_name_is_valid       0x0002b1c5   Thumb Code    28  nrf_dfu_settings_svci.o(i.nrf_dfu_settings_adv_name_is_valid)
    nrf_dfu_settings_adv_name_write          0x0002b1e5   Thumb Code    50  nrf_dfu_settings_svci.o(i.nrf_dfu_settings_adv_name_write)
    nrf_dfu_settings_backup                  0x0002b21d   Thumb Code     6  nrf_dfu_settings.o(i.nrf_dfu_settings_backup)
    nrf_dfu_settings_init                    0x0002b229   Thumb Code   212  nrf_dfu_settings.o(i.nrf_dfu_settings_init)
    nrf_dfu_settings_write                   0x0002b311   Thumb Code    42  nrf_dfu_settings.o(i.nrf_dfu_settings_write)
    nrf_dfu_settings_write_and_backup        0x0002b345   Thumb Code    26  nrf_dfu_settings.o(i.nrf_dfu_settings_write_and_backup)
    nrf_dfu_softdevice_start_address         0x0002b365   Thumb Code     6  nrf_dfu_utils.o(i.nrf_dfu_softdevice_start_address)
    nrf_dfu_transports_close                 0x0002b36d   Thumb Code    44  nrf_dfu_transport.o(i.nrf_dfu_transports_close)
    nrf_dfu_transports_init                  0x0002b3a1   Thumb Code    42  nrf_dfu_transport.o(i.nrf_dfu_transports_init)
    nrf_dfu_validation_activation_prepare    0x0002b3d5   Thumb Code     6  nrf_dfu_validation.o(i.nrf_dfu_validation_activation_prepare)
    nrf_dfu_validation_boot_validate         0x0002b3db   Thumb Code    82  nrf_dfu_validation.o(i.nrf_dfu_validation_boot_validate)
    nrf_dfu_validation_init                  0x0002b491   Thumb Code    26  nrf_dfu_validation.o(i.nrf_dfu_validation_init)
    nrf_dfu_validation_init_cmd_append       0x0002b4b5   Thumb Code    66  nrf_dfu_validation.o(i.nrf_dfu_validation_init_cmd_append)
    nrf_dfu_validation_init_cmd_create       0x0002b4fd   Thumb Code    42  nrf_dfu_validation.o(i.nrf_dfu_validation_init_cmd_create)
    nrf_dfu_validation_init_cmd_execute      0x0002b531   Thumb Code   124  nrf_dfu_validation.o(i.nrf_dfu_validation_init_cmd_execute)
    nrf_dfu_validation_init_cmd_present      0x0002b5b5   Thumb Code     6  nrf_dfu_validation.o(i.nrf_dfu_validation_init_cmd_present)
    nrf_dfu_validation_prevalidate           0x0002b5c1   Thumb Code    62  nrf_dfu_validation.o(i.nrf_dfu_validation_prevalidate)
    nrf_dfu_ver_validation_check             0x0002b69d   Thumb Code   122  nrf_dfu_ver_validation.o(i.nrf_dfu_ver_validation_check)
    nrf_fstorage_erase                       0x0002b71d   Thumb Code    44  nrf_fstorage.o(i.nrf_fstorage_erase)
    nrf_fstorage_init                        0x0002b749   Thumb Code     8  nrf_fstorage.o(i.nrf_fstorage_init)
    nrf_fstorage_is_busy                     0x0002b751   Thumb Code    70  nrf_fstorage.o(i.nrf_fstorage_is_busy)
    nrf_fstorage_sdh_req_handler             0x0002b7a1   Thumb Code    18  nrf_fstorage_sd.o(i.nrf_fstorage_sdh_req_handler)
    nrf_fstorage_sdh_state_handler           0x0002b7b9   Thumb Code    28  nrf_fstorage_sd.o(i.nrf_fstorage_sdh_state_handler)
    nrf_fstorage_sys_evt_handler             0x0002b7d9   Thumb Code   150  nrf_fstorage_sd.o(i.nrf_fstorage_sys_evt_handler)
    nrf_fstorage_write                       0x0002b879   Thumb Code    62  nrf_fstorage.o(i.nrf_fstorage_write)
    nrf_nvmc_page_erase                      0x0002b8cd   Thumb Code    40  nrf_nvmc.o(i.nrf_nvmc_page_erase)
    nrf_nvmc_write_words                     0x0002b8fd   Thumb Code    58  nrf_nvmc.o(i.nrf_nvmc_write_words)
    nrf_sdh_ble_app_ram_start_get            0x0002b959   Thumb Code    16  nrf_sdh_ble.o(i.nrf_sdh_ble_app_ram_start_get)
    nrf_sdh_ble_default_cfg_set              0x0002b96d   Thumb Code   148  nrf_sdh_ble.o(i.nrf_sdh_ble_default_cfg_set)
    nrf_sdh_ble_enable                       0x0002ba01   Thumb Code    14  nrf_sdh_ble.o(i.nrf_sdh_ble_enable)
    nrf_sdh_disable_request                  0x0002ba75   Thumb Code    80  nrf_sdh.o(i.nrf_sdh_disable_request)
    nrf_sdh_enable_request                   0x0002bac9   Thumb Code   102  nrf_sdh.o(i.nrf_sdh_enable_request)
    nrf_sdh_evts_poll                        0x0002bb3d   Thumb Code    32  nrf_sdh.o(i.nrf_sdh_evts_poll)
    nrf_sdh_is_enabled                       0x0002bb61   Thumb Code     6  nrf_sdh.o(i.nrf_sdh_is_enabled)
    nrf_sdh_request_continue                 0x0002bb6d   Thumb Code    22  nrf_sdh.o(i.nrf_sdh_request_continue)
    nrf_section_iter_init                    0x0002bbc5   Thumb Code    10  nrf_section_iter.o(i.nrf_section_iter_init)
    nrf_section_iter_next                    0x0002bbf3   Thumb Code    32  nrf_section_iter.o(i.nrf_section_iter_next)
    nrf_svc_handler_c                        0x0002bc15   Thumb Code    84  nrf_svc_handler.o(i.nrf_svc_handler_c)
    pb_decode                                0x0002c127   Thumb Code    30  pb_decode.o(i.pb_decode)
    pb_decode_fixed32                        0x0002c145   Thumb Code    32  pb_decode.o(i.pb_decode_fixed32)
    pb_decode_fixed64                        0x0002c165   Thumb Code    92  pb_decode.o(i.pb_decode_fixed64)
    pb_decode_noinit                         0x0002c1c1   Thumb Code   390  pb_decode.o(i.pb_decode_noinit)
    pb_decode_svarint                        0x0002c347   Thumb Code    58  pb_decode.o(i.pb_decode_svarint)
    pb_decode_tag                            0x0002c381   Thumb Code    66  pb_decode.o(i.pb_decode_tag)
    pb_decode_varint                         0x0002c3c3   Thumb Code    74  pb_decode.o(i.pb_decode_varint)
    pb_field_iter_begin                      0x0002c495   Thumb Code    34  pb_common.o(i.pb_field_iter_begin)
    pb_field_iter_find                       0x0002c4b7   Thumb Code    46  pb_common.o(i.pb_field_iter_find)
    pb_field_iter_next                       0x0002c4e5   Thumb Code   126  pb_common.o(i.pb_field_iter_next)
    pb_istream_from_buffer                   0x0002c609   Thumb Code    14  pb_decode.o(i.pb_istream_from_buffer)
    pb_make_string_substream                 0x0002c61d   Thumb Code    54  pb_decode.o(i.pb_make_string_substream)
    pb_read                                  0x0002c679   Thumb Code    84  pb_decode.o(i.pb_read)
    pb_skip_field                            0x0002c6f1   Thumb Code    90  pb_decode.o(i.pb_skip_field)
    postvalidate                             0x0002c74d   Thumb Code   184  nrf_dfu_validation.o(i.postvalidate)
    settings_backup                          0x0002cc11   Thumb Code    12  nrf_dfu_settings.o(i.settings_backup)
    sha256_final                             0x0002cc7f   Thumb Code   272  sha256.o(i.sha256_final)
    sha256_init                              0x0002cd91   Thumb Code    50  sha256.o(i.sha256_init)
    sha256_transform                         0x0002cde5   Thumb Code   294  sha256.o(i.sha256_transform)
    sha256_update                            0x0002cf11   Thumb Code    84  sha256.o(i.sha256_update)
    pk                                       0x0002d35c   Data          64  dfu_public_key.o(.constdata)
    g_nrf_crypto_hash_sha256_info            0x0002d3c8   Data          24  nrf_sw_backend_hash.o(.constdata)
    g_nrf_crypto_ecc_secp256r1_curve_info    0x0002d3e0   Data          12  micro_ecc_backend_ecc.o(.constdata)
    dfu_init_command_is_debug_default        0x0002d3ec   Data           1  dfu-cc.pb.o(.constdata)
    dfu_hash_fields                          0x0002d3f0   Data          48  dfu-cc.pb.o(.constdata)
    dfu_boot_validation_fields               0x0002d420   Data          48  dfu-cc.pb.o(.constdata)
    dfu_init_command_fields                  0x0002d450   Data         176  dfu-cc.pb.o(.constdata)
    dfu_command_fields                       0x0002d500   Data          48  dfu-cc.pb.o(.constdata)
    dfu_signed_command_fields                0x0002d530   Data          64  dfu-cc.pb.o(.constdata)
    dfu_packet_fields                        0x0002d570   Data          48  dfu-cc.pb.o(.constdata)
    nrf_fstorage_nvmc                        0x0002d704   Data          32  nrf_fstorage_nvmc.o(.constdata)
    nrf_fstorage_sd                          0x0002d734   Data          32  nrf_fstorage_sd.o(.constdata)
    m_ram_start                              0x0002d8cc   Data           4  nrf_sdh_ble.o(.constdata)
    Region$$Table$$Base                      0x0002d9cc   Number         0  anon$$obj.o(Region$$Table)
    Region$$Table$$Limit                     0x0002d9ec   Number         0  anon$$obj.o(Region$$Table)
    ble_dfu_transport                        0x0002d9ec   Data           8  nrf_dfu_ble.o(dfu_trans)
    dfu_trans$$Base                          0x0002d9ec   Number         0  nrf_dfu_ble.o(dfu_trans)
    dfu_trans$$Limit                         0x0002d9f4   Number         0  nrf_dfu_ble.o(dfu_trans)
    m_buffer_pool                            0x0002d9f4   Data          20  nrf_dfu_ble.o(nrf_balloc)
    sdh_ble_observers2$$Base                 0x0002da08   Number         0  nrf_dfu_ble.o(sdh_ble_observers2)
    m_req_obs                                0x0002da10   Data           8  nrf_fstorage_sd.o(sdh_req_observers0)
    sdh_ble_observers2$$Limit                0x0002da10   Number         0  nrf_dfu_ble.o(sdh_ble_observers2)
    sdh_req_observers0$$Base                 0x0002da10   Number         0  nrf_fstorage_sd.o(sdh_req_observers0)
    sdh_req_observers0$$Limit                0x0002da18   Number         0  nrf_fstorage_sd.o(sdh_req_observers0)
    sdh_soc_observers0$$Base                 0x0002da18   Number         0  nrf_fstorage_sd.o(sdh_soc_observers0)
    sdh_soc_observers0$$Limit                0x0002da20   Number         0  nrf_fstorage_sd.o(sdh_soc_observers0)
    sdh_stack_observers0$$Base               0x0002da20   Number         0  nrf_sdh_ble.o(sdh_stack_observers0)
    sdh_stack_observers0$$Limit              0x0002da30   Number         0  nrf_sdh_soc.o(sdh_stack_observers0)
    sdh_state_observers0$$Base               0x0002da30   Number         0  nrf_fstorage_sd.o(sdh_state_observers0)
    nrf_dfu_set_adv_name_var                 0x0002da38   Data          12  nrf_dfu_svci_handler.o(svc_data)
    sdh_state_observers0$$Limit              0x0002da38   Number         0  nrf_fstorage_sd.o(sdh_state_observers0)
    svc_data$$Base                           0x0002da38   Number         0  nrf_dfu_svci_handler.o(svc_data)
    svc_data$$Limit                          0x0002da44   Number         0  nrf_dfu_svci_handler.o(svc_data)
    m_mbr_params_page                        0x0002e000   Data        4096  nrf_dfu_settings.o(.ARM.__AT_0x0002E000)
    m_dfu_settings_buffer                    0x0002f000   Data        4096  nrf_dfu_settings.o(.ARM.__AT_0x0002F000)
    Image$$RW_IRAM1$$Base                    0x20002390   Number         0  anon$$obj.o ABSOLUTE
    mp_inactivity                            0x2000239c   Data           4  nrf_bootloader_dfu_timers.o(.data)
    mp_wdt_feed                              0x200023a0   Data           4  nrf_bootloader_dfu_timers.o(.data)
    m_counter_loops                          0x200023a4   Data           4  nrf_bootloader_dfu_timers.o(.data)
    m_timers                                 0x200023a8   Data          32  nrf_bootloader_dfu_timers.o(.data)
    mp_dfu_settings_backup_buffer            0x200023fc   Data           4  nrf_dfu_settings.o(.data)
    SystemCoreClock                          0x20002430   Data           4  system_nrf52810.o(.data)
    fs_data$$Base                            0x20002434   Number         0  nrf_dfu_flash.o(fs_data)
    m_fs                                     0x20002434   Data          20  nrf_dfu_flash.o(fs_data)
    fs_data$$Limit                           0x20002448   Number         0  nrf_dfu_flash.o(fs_data)
    s_dfu_settings                           0x20004000   Data         896  nrf_dfu_settings.o(.bss)
    nrf_nvic_state                           0x20004774   Data          12  app_util_platform.o(.bss)
    __initial_sp                             0x20005180   Data           0  arm_startup_nrf52810.o(STACK)



==============================================================================

Memory Map of the image

  Image Entry point : 0x00028201

  Load Region LR_IROM1 (Base: 0x00028000, Size: 0x00005afc, Max: 0x00006000, ABSOLUTE)

    Execution Region ER_IROM1 (Base: 0x00028000, Size: 0x00005a44, Max: 0x00006000, ABSOLUTE)

    Base Addr    Size         Type   Attr      Idx    E Section Name        Object

    0x00028000   0x00000200   Data   RO         4166    RESET               arm_startup_nrf52810.o
    0x00028200   0x00000000   Code   RO         4284  * .ARM.Collect$$$$00000000  mc_w.l(entry.o)
    0x00028200   0x00000004   Code   RO         4301    .ARM.Collect$$$$00000001  mc_w.l(entry2.o)
    0x00028204   0x00000004   Code   RO         4304    .ARM.Collect$$$$00000004  mc_w.l(entry5.o)
    0x00028208   0x00000000   Code   RO         4306    .ARM.Collect$$$$00000008  mc_w.l(entry7b.o)
    0x00028208   0x00000000   Code   RO         4308    .ARM.Collect$$$$0000000A  mc_w.l(entry8b.o)
    0x00028208   0x00000008   Code   RO         4309    .ARM.Collect$$$$0000000B  mc_w.l(entry9a.o)
    0x00028210   0x00000000   Code   RO         4311    .ARM.Collect$$$$0000000D  mc_w.l(entry10a.o)
    0x00028210   0x00000000   Code   RO         4313    .ARM.Collect$$$$0000000F  mc_w.l(entry11a.o)
    0x00028210   0x00000004   Code   RO         4302    .ARM.Collect$$$$00002712  mc_w.l(entry2.o)
    0x00028214   0x00000008   Code   RO          606    .emb_text           nrf_bootloader_app_start_final.o
    0x0002821c   0x000000c8   Code   RO         2942    .emb_text           nrf_atfifo.o
    0x000282e4   0x000000e2   Code   RO         3018    .emb_text           nrf_atomic.o
    0x000283c6   0x00000002   PAD
    0x000283c8   0x00000014   Code   RO         3734    .emb_text           nrf_svc_handler.o
    0x000283dc   0x00000024   Code   RO         4167    .text               arm_startup_nrf52810.o
    0x00028400   0x0000001e   Code   RO         4287    .text               mc_w.l(llshl.o)
    0x0002841e   0x00000024   Code   RO         4289    .text               mc_w.l(memcpya.o)
    0x00028442   0x00000024   Code   RO         4293    .text               mc_w.l(memseta.o)
    0x00028466   0x0000001a   Code   RO         4297    .text               mc_w.l(memcmp.o)
    0x00028480   0x00000024   Code   RO         4315    .text               mc_w.l(init.o)
    0x000284a4   0x000000ca   Code   RO         4238    .text.XYcZ_add      micro_ecc_lib_nrf52.lib(uECC.c.o)
    0x0002856e   0x0000003e   Code   RO         4237    .text.apply_z       micro_ecc_lib_nrf52.lib(uECC.c.o)
    0x000285ac   0x00000014   Code   RO         4210    .text.bcopy         micro_ecc_lib_nrf52.lib(uECC.c.o)
    0x000285c0   0x0000008a   Code   RO         4242    .text.bits2int      micro_ecc_lib_nrf52.lib(uECC.c.o)
    0x0002864a   0x00000156   Code   RO         4227    .text.double_jacobian_default  micro_ecc_lib_nrf52.lib(uECC.c.o)
    0x000287a0   0x00000008   Code   RO         4260    .text.uECC_secp256r1  micro_ecc_lib_nrf52.lib(uECC.c.o)
    0x000287a8   0x000002e4   Code   RO         4269    .text.uECC_verify   micro_ecc_lib_nrf52.lib(uECC.c.o)
    0x00028a8c   0x00000004   PAD
    0x00028a90   0x0000005c   Code   RO         4211    .text.uECC_vli_add  micro_ecc_lib_nrf52.lib(uECC.c.o)
    0x00028aec   0x00000016   Code   RO         4214    .text.uECC_vli_clear  micro_ecc_lib_nrf52.lib(uECC.c.o)
    0x00028b02   0x00000028   Code   RO         4219    .text.uECC_vli_cmp_unsafe  micro_ecc_lib_nrf52.lib(uECC.c.o)
    0x00028b2a   0x0000001e   Code   RO         4215    .text.uECC_vli_isZero  micro_ecc_lib_nrf52.lib(uECC.c.o)
    0x00028b48   0x00000032   Code   RO         4222    .text.uECC_vli_modAdd  micro_ecc_lib_nrf52.lib(uECC.c.o)
    0x00028b7a   0x0000010c   Code   RO         4248    .text.uECC_vli_modInv  micro_ecc_lib_nrf52.lib(uECC.c.o)
    0x00028c86   0x00000148   Code   RO         4224    .text.uECC_vli_modMult  micro_ecc_lib_nrf52.lib(uECC.c.o)
    0x00028dce   0x00000020   Code   RO         4225    .text.uECC_vli_modMult_fast  micro_ecc_lib_nrf52.lib(uECC.c.o)
    0x00028dee   0x00000008   Code   RO         4226    .text.uECC_vli_modSquare_fast  micro_ecc_lib_nrf52.lib(uECC.c.o)
    0x00028df6   0x00000024   Code   RO         4223    .text.uECC_vli_modSub  micro_ecc_lib_nrf52.lib(uECC.c.o)
    0x00028e1a   0x00000312   Code   RO         4213    .text.uECC_vli_mult  micro_ecc_lib_nrf52.lib(uECC.c.o)
    0x0002912c   0x0000003a   Code   RO         4217    .text.uECC_vli_numBits  micro_ecc_lib_nrf52.lib(uECC.c.o)
    0x00029166   0x0000001c   Code   RO         4221    .text.uECC_vli_rshift1  micro_ecc_lib_nrf52.lib(uECC.c.o)
    0x00029182   0x00000018   Code   RO         4218    .text.uECC_vli_set  micro_ecc_lib_nrf52.lib(uECC.c.o)
    0x0002919a   0x00000006   PAD
    0x000291a0   0x00000060   Code   RO         4212    .text.uECC_vli_sub  micro_ecc_lib_nrf52.lib(uECC.c.o)
    0x00029200   0x00000014   Code   RO         4216    .text.uECC_vli_testBit  micro_ecc_lib_nrf52.lib(uECC.c.o)
    0x00029214   0x000001ac   Code   RO         4233    .text.vli_mmod_fast_secp256r1  micro_ecc_lib_nrf52.lib(uECC.c.o)
    0x000293c0   0x00000038   Code   RO         4247    .text.vli_modInv_update  micro_ecc_lib_nrf52.lib(uECC.c.o)
    0x000293f8   0x0000005a   Code   RO         4228    .text.x_side_default  micro_ecc_lib_nrf52.lib(uECC.c.o)
    0x00029452   0x00000002   PAD
    0x00029454   0x00000074   Code   RO          644    i.RTC1_IRQHandler   nrf_bootloader_dfu_timers.o
    0x000294c8   0x00000004   Code   RO         3763    i.SWI2_IRQHandler   nrf_sdh.o
    0x000294cc   0x000001bc   Code   RO         4175    i.SystemInit        system_nrf52810.o
    0x00029688   0x00000014   Code   RO          806    i.WDT_IRQHandler    nrf_bootloader_wdt.o
    0x0002969c   0x0000000e   Code   RO         4319    i.__scatterload_copy  mc_w.l(handlers.o)
    0x000296aa   0x00000002   Code   RO         4320    i.__scatterload_null  mc_w.l(handlers.o)
    0x000296ac   0x0000000e   Code   RO         4321    i.__scatterload_zeroinit  mc_w.l(handlers.o)
    0x000296ba   0x00000002   PAD
    0x000296bc   0x00000024   Code   RO         3764    i.__sd_nvic_app_accessible_irq  nrf_sdh.o
    0x000296e0   0x0000000c   Code   RO         3194    i.addr_is_aligned32  nrf_fstorage.o
    0x000296ec   0x00000018   Code   RO         3195    i.addr_is_within_bounds  nrf_fstorage.o
    0x00029704   0x0000006c   Code   RO         1609    i.advertising_init  nrf_dfu_ble.o
    0x00029770   0x00000034   Code   RO         1610    i.advertising_start  nrf_dfu_ble.o
    0x000297a4   0x00000048   Code   RO          731    i.app_activate      nrf_bootloader_fw_activation.o
    0x000297ec   0x00000004   Code   RO           24    i.app_error_fault_handler  main.o
    0x000297f0   0x00000004   Code   RO           26    i.app_error_handler_bare  main.o
    0x000297f4   0x000000a0   Code   RO         2768    i.app_sched_event_put  app_scheduler.o
    0x00029894   0x00000040   Code   RO         2769    i.app_sched_execute  app_scheduler.o
    0x000298d4   0x0000002c   Code   RO         2770    i.app_sched_init    app_scheduler.o
    0x00029900   0x00000048   Code   RO         2823    i.app_util_critical_region_enter  app_util_platform.o
    0x00029948   0x00000034   Code   RO         2824    i.app_util_critical_region_exit  app_util_platform.o
    0x0002997c   0x0000004c   Code   RO          732    i.bl_activate       nrf_bootloader_fw_activation.o
    0x000299c8   0x000000c4   Code   RO         1611    i.ble_dfu_init      nrf_dfu_ble.o
    0x00029a8c   0x000000b8   Code   RO         1612    i.ble_dfu_req_handler_callback  nrf_dfu_ble.o
    0x00029b44   0x00000060   Code   RO         1613    i.ble_dfu_transport_close  nrf_dfu_ble.o
    0x00029ba4   0x00000098   Code   RO         1615    i.ble_dfu_transport_init  nrf_dfu_ble.o
    0x00029c3c   0x000001b8   Code   RO         1616    i.ble_evt_handler   nrf_dfu_ble.o
    0x00029df4   0x00000008   Code   RO          393    i.ble_srv_is_notification_enabled  ble_srv_common.o
    0x00029dfc   0x00000010   Code   RO          468    i.boot_validate     nrf_bootloader.o
    0x00029e0c   0x0000000c   Code   RO         2120    i.boot_validation_crc  nrf_dfu_settings.o
    0x00029e18   0x00000098   Code   RO         2350    i.boot_validation_extract  nrf_dfu_validation.o
    0x00029eb0   0x00000024   Code   RO          469    i.bootloader_reset  nrf_bootloader.o
    0x00029ed4   0x00000030   Code   RO          307    i.bsp_board_init    boards.o
    0x00029f04   0x00000010   Code   RO          310    i.bsp_board_led_off  boards.o
    0x00029f14   0x00000010   Code   RO          311    i.bsp_board_led_on  boards.o
    0x00029f24   0x00000012   Code   RO          313    i.bsp_board_leds_off  boards.o
    0x00029f36   0x0000001c   Code   RO         3991    i.buf_read          pb_decode.o
    0x00029f52   0x00000002   PAD
    0x00029f54   0x00000010   Code   RO         1919    i.cmd_response_offset_and_crc_set  nrf_dfu_req_handler.o
    0x00029f64   0x0000003c   Code   RO         2891    i.crc32_compute     crc32.o
    0x00029fa0   0x0000001e   Code   RO         2121    i.crc_ok            nrf_dfu_settings.o
    0x00029fbe   0x00000002   PAD
    0x00029fc0   0x00000040   Code   RO         2351    i.crypto_init       nrf_dfu_validation.o
    0x0002a000   0x0000007e   Code   RO         3992    i.decode_callback_field  pb_decode.o
    0x0002a07e   0x0000001a   Code   RO         3993    i.decode_field      pb_decode.o
    0x0002a098   0x000000e0   Code   RO         3994    i.decode_static_field  pb_decode.o
    0x0002a178   0x00000088   Code   RO          470    i.dfu_enter_check   nrf_bootloader.o
    0x0002a200   0x0000000c   Code   RO         1783    i.dfu_fstorage_evt_handler  nrf_dfu_flash.o
    0x0002a20c   0x0000003a   Code   RO           27    i.dfu_observer      main.o
    0x0002a246   0x00000002   PAD
    0x0002a248   0x00000044   Code   RO          471    i.dfu_observer      nrf_bootloader.o
    0x0002a28c   0x00000024   Code   RO         1575    i.dfu_observer      nrf_dfu.o
    0x0002a2b0   0x00000028   Code   RO         2352    i.dfu_progress_reset  nrf_dfu_validation.o
    0x0002a2d8   0x00000024   Code   RO          472    i.do_reset          nrf_bootloader.o
    0x0002a2fc   0x00000048   Code   RO         3280    i.erase             nrf_fstorage_nvmc.o
    0x0002a344   0x0000004c   Code   RO         3354    i.erase             nrf_fstorage_sd.o
    0x0002a390   0x00000036   Code   RO         3281    i.event_send        nrf_fstorage_nvmc.o
    0x0002a3c6   0x00000054   Code   RO         3355    i.event_send        nrf_fstorage_sd.o
    0x0002a41a   0x0000000e   Code   RO         1920    i.ext_err_code_handle  nrf_dfu_req_handler.o
    0x0002a428   0x00000010   Code   RO         1844    i.ext_error_get     nrf_dfu_handling_error.o
    0x0002a438   0x0000000c   Code   RO         1845    i.ext_error_set     nrf_dfu_handling_error.o
    0x0002a444   0x0000000c   Code   RO          473    i.flash_write_callback  nrf_bootloader.o
    0x0002a450   0x0000000c   Code   RO          733    i.flash_write_callback  nrf_bootloader_fw_activation.o
    0x0002a45c   0x00000008   Code   RO         2353    i.fw_hash_ok        nrf_dfu_validation.o
    0x0002a464   0x00000070   Code   RO         1617    i.gap_params_init   nrf_dfu_ble.o
    0x0002a4d4   0x00000090   Code   RO          734    i.image_copy        nrf_bootloader_fw_activation.o
    0x0002a564   0x00000006   Code   RO          474    i.inactivity_timeout  nrf_bootloader.o
    0x0002a56a   0x00000002   PAD
    0x0002a56c   0x0000000c   Code   RO         3282    i.init              nrf_fstorage_nvmc.o
    0x0002a578   0x00000038   Code   RO         3356    i.init              nrf_fstorage_sd.o
    0x0002a5b0   0x00000010   Code   RO         3283    i.is_busy           nrf_fstorage_nvmc.o
    0x0002a5c0   0x00000010   Code   RO         3357    i.is_busy           nrf_fstorage_sd.o
    0x0002a5d0   0x00000060   Code   RO         2354    i.is_major_softdevice_update  nrf_dfu_validation.o
    0x0002a630   0x0000002e   Code   RO         3995    i.iter_from_extension  pb_decode.o
    0x0002a65e   0x00000002   PAD
    0x0002a660   0x0000003c   Code   RO           28    i.main              main.o
    0x0002a69c   0x00000010   Code   RO         2944    i.nrf_atfifo_clear  nrf_atfifo.o
    0x0002a6ac   0x00000026   Code   RO         2946    i.nrf_atfifo_init   nrf_atfifo.o
    0x0002a6d2   0x00000016   Code   RO         2947    i.nrf_atfifo_item_alloc  nrf_atfifo.o
    0x0002a6e8   0x00000016   Code   RO         2948    i.nrf_atfifo_item_free  nrf_atfifo.o
    0x0002a6fe   0x00000016   Code   RO         2949    i.nrf_atfifo_item_get  nrf_atfifo.o
    0x0002a714   0x00000016   Code   RO         2950    i.nrf_atfifo_item_put  nrf_atfifo.o
    0x0002a72a   0x00000006   Code   RO         3019    i.nrf_atomic_flag_clear  nrf_atomic.o
    0x0002a730   0x00000006   Code   RO         3022    i.nrf_atomic_flag_set_fetch  nrf_atomic.o
    0x0002a736   0x0000000c   Code   RO         3024    i.nrf_atomic_u32_and  nrf_atomic.o
    0x0002a742   0x0000000a   Code   RO         3028    i.nrf_atomic_u32_fetch_or  nrf_atomic.o
    0x0002a74c   0x00000044   Code   RO         3157    i.nrf_balloc_alloc  nrf_balloc.o
    0x0002a790   0x00000030   Code   RO         3158    i.nrf_balloc_free   nrf_balloc.o
    0x0002a7c0   0x00000030   Code   RO         3159    i.nrf_balloc_init   nrf_balloc.o
    0x0002a7f0   0x00000024   Code   RO          579    i.nrf_bootloader_app_start  nrf_bootloader_app_start.o
    0x0002a814   0x0000008c   Code   RO          607    i.nrf_bootloader_app_start_final  nrf_bootloader_app_start_final.o
    0x0002a8a0   0x00000028   Code   RO          645    i.nrf_bootloader_dfu_inactivity_timer_restart  nrf_bootloader_dfu_timers.o
    0x0002a8c8   0x0000004c   Code   RO          608    i.nrf_bootloader_flash_protect  nrf_bootloader_app_start_final.o
    0x0002a914   0x00000074   Code   RO          735    i.nrf_bootloader_fw_activate  nrf_bootloader_fw_activation.o
    0x0002a988   0x000000c4   Code   RO          475    i.nrf_bootloader_init  nrf_bootloader.o
    0x0002aa4c   0x00000014   Code   RO          807    i.nrf_bootloader_wdt_feed  nrf_bootloader_wdt.o
    0x0002aa60   0x00000014   Code   RO          647    i.nrf_bootloader_wdt_feed_timer_start  nrf_bootloader_dfu_timers.o
    0x0002aa74   0x00000048   Code   RO          808    i.nrf_bootloader_wdt_init  nrf_bootloader_wdt.o
    0x0002aabc   0x00000006   Code   RO         1367    i.nrf_crypto_backend_micro_ecc_curve_get  micro_ecc_backend_ecc.o
    0x0002aac2   0x00000010   Code   RO         1372    i.nrf_crypto_backend_micro_ecc_public_key_from_raw  micro_ecc_backend_ecc.o
    0x0002aad2   0x00000056   Code   RO         1525    i.nrf_crypto_backend_micro_ecc_verify  micro_ecc_backend_ecdsa.o
    0x0002ab28   0x00000034   Code   RO          877    i.nrf_crypto_ecc_public_key_from_raw  nrf_crypto_ecc.o
    0x0002ab5c   0x00000058   Code   RO         1021    i.nrf_crypto_ecdsa_verify  nrf_crypto_ecdsa.o
    0x0002abb4   0x00000036   Code   RO         1080    i.nrf_crypto_hash_calculate  nrf_crypto_hash.o
    0x0002abea   0x00000036   Code   RO         1081    i.nrf_crypto_hash_finalize  nrf_crypto_hash.o
    0x0002ac20   0x0000002c   Code   RO         1082    i.nrf_crypto_hash_init  nrf_crypto_hash.o
    0x0002ac4c   0x0000002e   Code   RO         1083    i.nrf_crypto_hash_update  nrf_crypto_hash.o
    0x0002ac7a   0x00000002   PAD
    0x0002ac7c   0x00000040   Code   RO         1158    i.nrf_crypto_init   nrf_crypto_init.o
    0x0002acbc   0x0000001a   Code   RO         1206    i.nrf_crypto_internal_double_swap_endian  nrf_crypto_shared.o
    0x0002acd6   0x00000016   Code   RO         1207    i.nrf_crypto_internal_double_swap_endian_in_place  nrf_crypto_shared.o
    0x0002acec   0x00000018   Code   RO          879    i.nrf_crypto_internal_ecc_key_input_check  nrf_crypto_ecc.o
    0x0002ad04   0x0000001a   Code   RO          880    i.nrf_crypto_internal_ecc_key_output_prepare  nrf_crypto_ecc.o
    0x0002ad1e   0x00000016   Code   RO          881    i.nrf_crypto_internal_ecc_raw_input_check  nrf_crypto_ecc.o
    0x0002ad34   0x00000016   Code   RO         1208    i.nrf_crypto_internal_swap_endian  nrf_crypto_shared.o
    0x0002ad4a   0x00000018   Code   RO         1209    i.nrf_crypto_internal_swap_endian_in_place  nrf_crypto_shared.o
    0x0002ad62   0x00000002   PAD
    0x0002ad64   0x00000028   Code   RO         2289    i.nrf_dfu_bank0_start_addr  nrf_dfu_utils.o
    0x0002ad8c   0x00000020   Code   RO         2290    i.nrf_dfu_bank1_start_addr  nrf_dfu_utils.o
    0x0002adac   0x00000014   Code   RO         2291    i.nrf_dfu_bank_invalidate  nrf_dfu_utils.o
    0x0002adc0   0x00000098   Code   RO         2292    i.nrf_dfu_cache_prepare  nrf_dfu_utils.o
    0x0002ae58   0x00000094   Code   RO         1921    i.nrf_dfu_command_req  nrf_dfu_req_handler.o
    0x0002aeec   0x00000074   Code   RO         1922    i.nrf_dfu_data_req  nrf_dfu_req_handler.o
    0x0002af60   0x00000010   Code   RO         1784    i.nrf_dfu_flash_erase  nrf_dfu_flash.o
    0x0002af70   0x0000001c   Code   RO         1785    i.nrf_dfu_flash_init  nrf_dfu_flash.o
    0x0002af8c   0x00000018   Code   RO         1786    i.nrf_dfu_flash_store  nrf_dfu_flash.o
    0x0002afa4   0x0000002c   Code   RO         1576    i.nrf_dfu_init      nrf_dfu.o
    0x0002afd0   0x00000004   Code   RO          477    i.nrf_dfu_init_user  nrf_bootloader.o
    0x0002afd4   0x00000016   Code   RO         1876    i.nrf_dfu_mbr_copy_bl  nrf_dfu_mbr.o
    0x0002afea   0x00000002   PAD
    0x0002afec   0x00000018   Code   RO         1877    i.nrf_dfu_mbr_init_sd  nrf_dfu_mbr.o
    0x0002b004   0x0000000c   Code   RO         1878    i.nrf_dfu_mbr_irq_forward_address_set  nrf_dfu_mbr.o
    0x0002b010   0x00000044   Code   RO         1923    i.nrf_dfu_req_handler_init  nrf_dfu_req_handler.o
    0x0002b054   0x00000014   Code   RO         1924    i.nrf_dfu_req_handler_on_req  nrf_dfu_req_handler.o
    0x0002b068   0x00000004   Code   RO         1925    i.nrf_dfu_req_handler_req  nrf_dfu_req_handler.o
    0x0002b06c   0x00000090   Code   RO         1926    i.nrf_dfu_req_handler_req_process  nrf_dfu_req_handler.o
    0x0002b0fc   0x00000020   Code   RO         3683    i.nrf_dfu_set_adv_name_handler  nrf_dfu_svci_handler.o
    0x0002b11c   0x00000038   Code   RO         3684    i.nrf_dfu_set_adv_name_on_call  nrf_dfu_svci_handler.o
    0x0002b154   0x00000024   Code   RO         3685    i.nrf_dfu_set_adv_name_on_sys_evt  nrf_dfu_svci_handler.o
    0x0002b178   0x00000034   Code   RO         2210    i.nrf_dfu_settings_additional_erase  nrf_dfu_settings_svci.o
    0x0002b1ac   0x00000018   Code   RO         2211    i.nrf_dfu_settings_adv_name_copy  nrf_dfu_settings_svci.o
    0x0002b1c4   0x00000020   Code   RO         2212    i.nrf_dfu_settings_adv_name_is_valid  nrf_dfu_settings_svci.o
    0x0002b1e4   0x00000038   Code   RO         2213    i.nrf_dfu_settings_adv_name_write  nrf_dfu_settings_svci.o
    0x0002b21c   0x0000000c   Code   RO         2123    i.nrf_dfu_settings_backup  nrf_dfu_settings.o
    0x0002b228   0x000000e8   Code   RO         2124    i.nrf_dfu_settings_init  nrf_dfu_settings.o
    0x0002b310   0x00000034   Code   RO         2125    i.nrf_dfu_settings_write  nrf_dfu_settings.o
    0x0002b344   0x00000020   Code   RO         2126    i.nrf_dfu_settings_write_and_backup  nrf_dfu_settings.o
    0x0002b364   0x00000006   Code   RO         2293    i.nrf_dfu_softdevice_start_address  nrf_dfu_utils.o
    0x0002b36a   0x00000002   PAD
    0x0002b36c   0x00000034   Code   RO         2257    i.nrf_dfu_transports_close  nrf_dfu_transport.o
    0x0002b3a0   0x00000034   Code   RO         2258    i.nrf_dfu_transports_init  nrf_dfu_transport.o
    0x0002b3d4   0x00000006   Code   RO         2355    i.nrf_dfu_validation_activation_prepare  nrf_dfu_validation.o
    0x0002b3da   0x00000052   Code   RO         2356    i.nrf_dfu_validation_boot_validate  nrf_dfu_validation.o
    0x0002b42c   0x00000064   Code   RO         2357    i.nrf_dfu_validation_hash_ok  nrf_dfu_validation.o
    0x0002b490   0x00000024   Code   RO         2358    i.nrf_dfu_validation_init  nrf_dfu_validation.o
    0x0002b4b4   0x00000048   Code   RO         2359    i.nrf_dfu_validation_init_cmd_append  nrf_dfu_validation.o
    0x0002b4fc   0x00000034   Code   RO         2360    i.nrf_dfu_validation_init_cmd_create  nrf_dfu_validation.o
    0x0002b530   0x00000084   Code   RO         2361    i.nrf_dfu_validation_init_cmd_execute  nrf_dfu_validation.o
    0x0002b5b4   0x0000000c   Code   RO         2362    i.nrf_dfu_validation_init_cmd_present  nrf_dfu_validation.o
    0x0002b5c0   0x00000048   Code   RO         2365    i.nrf_dfu_validation_prevalidate  nrf_dfu_validation.o
    0x0002b608   0x00000094   Code   RO         2366    i.nrf_dfu_validation_signature_check  nrf_dfu_validation.o
    0x0002b69c   0x00000080   Code   RO         2509    i.nrf_dfu_ver_validation_check  nrf_dfu_ver_validation.o
    0x0002b71c   0x0000002c   Code   RO         3196    i.nrf_fstorage_erase  nrf_fstorage.o
    0x0002b748   0x00000008   Code   RO         3197    i.nrf_fstorage_init  nrf_fstorage.o
    0x0002b750   0x00000050   Code   RO         3198    i.nrf_fstorage_is_busy  nrf_fstorage.o
    0x0002b7a0   0x00000018   Code   RO         3358    i.nrf_fstorage_sdh_req_handler  nrf_fstorage_sd.o
    0x0002b7b8   0x00000020   Code   RO         3359    i.nrf_fstorage_sdh_state_handler  nrf_fstorage_sd.o
    0x0002b7d8   0x000000a0   Code   RO         3360    i.nrf_fstorage_sys_evt_handler  nrf_fstorage_sd.o
    0x0002b878   0x0000003e   Code   RO         3203    i.nrf_fstorage_write  nrf_fstorage.o
    0x0002b8b6   0x00000016   Code   RO          316    i.nrf_gpio_pin_write  boards.o
    0x0002b8cc   0x00000030   Code   RO         2547    i.nrf_nvmc_page_erase  nrf_nvmc.o
    0x0002b8fc   0x00000044   Code   RO         2551    i.nrf_nvmc_write_words  nrf_nvmc.o
    0x0002b940   0x0000000c   Code   RO          478    i.nrf_power_gpregret_get  nrf_bootloader.o
    0x0002b94c   0x0000000c   Code   RO          648    i.nrf_rtc_event_clear  nrf_bootloader_dfu_timers.o
    0x0002b958   0x00000014   Code   RO         3881    i.nrf_sdh_ble_app_ram_start_get  nrf_sdh_ble.o
    0x0002b96c   0x00000094   Code   RO         3882    i.nrf_sdh_ble_default_cfg_set  nrf_sdh_ble.o
    0x0002ba00   0x00000014   Code   RO         3883    i.nrf_sdh_ble_enable  nrf_sdh_ble.o
    0x0002ba14   0x00000060   Code   RO         3884    i.nrf_sdh_ble_evts_poll  nrf_sdh_ble.o
    0x0002ba74   0x00000054   Code   RO         3765    i.nrf_sdh_disable_request  nrf_sdh.o
    0x0002bac8   0x00000074   Code   RO         3766    i.nrf_sdh_enable_request  nrf_sdh.o
    0x0002bb3c   0x00000024   Code   RO         3767    i.nrf_sdh_evts_poll  nrf_sdh.o
    0x0002bb60   0x0000000c   Code   RO         3768    i.nrf_sdh_is_enabled  nrf_sdh.o
    0x0002bb6c   0x0000001c   Code   RO         3770    i.nrf_sdh_request_continue  nrf_sdh.o
    0x0002bb88   0x0000003c   Code   RO         3935    i.nrf_sdh_soc_evts_poll  nrf_sdh_soc.o
    0x0002bbc4   0x0000000a   Code   RO         3532    i.nrf_section_iter_init  nrf_section_iter.o
    0x0002bbce   0x00000024   Code   RO         3533    i.nrf_section_iter_item_set  nrf_section_iter.o
    0x0002bbf2   0x00000020   Code   RO         3534    i.nrf_section_iter_next  nrf_section_iter.o
    0x0002bc12   0x00000002   PAD
    0x0002bc14   0x0000005c   Code   RO         3735    i.nrf_svc_handler_c  nrf_svc_handler.o
    0x0002bc70   0x00000024   Code   RO         1328    i.nrf_sw_backend_hash_sha256_finalize  nrf_sw_backend_hash.o
    0x0002bc94   0x00000006   Code   RO         1329    i.nrf_sw_backend_hash_sha256_init  nrf_sw_backend_hash.o
    0x0002bc9a   0x00000006   Code   RO         1330    i.nrf_sw_backend_hash_sha256_update  nrf_sw_backend_hash.o
    0x0002bca0   0x00000010   Code   RO          809    i.nrf_wdt_started   nrf_bootloader_wdt.o
    0x0002bcb0   0x00000070   Code   RO         1618    i.on_ctrl_pt_write  nrf_dfu_ble.o
    0x0002bd20   0x00000074   Code   RO         1927    i.on_data_obj_create_request  nrf_dfu_req_handler.o
    0x0002bd94   0x00000078   Code   RO         1928    i.on_data_obj_execute_request_sched  nrf_dfu_req_handler.o
    0x0002be0c   0x00000080   Code   RO         1929    i.on_data_obj_write_request  nrf_dfu_req_handler.o
    0x0002be8c   0x0000000c   Code   RO         1930    i.on_dfu_complete   nrf_dfu_req_handler.o
    0x0002be98   0x00000024   Code   RO           29    i.on_error          main.o
    0x0002bebc   0x0000000c   Code   RO         1619    i.on_flash_write    nrf_dfu_ble.o
    0x0002bec8   0x00000088   Code   RO         1620    i.on_rw_authorize_req  nrf_dfu_ble.o
    0x0002bf50   0x00000042   Code   RO         3997    i.pb_dec_bytes      pb_decode.o
    0x0002bf92   0x00000006   Code   RO         3998    i.pb_dec_fixed32    pb_decode.o
    0x0002bf98   0x00000006   Code   RO         3999    i.pb_dec_fixed64    pb_decode.o
    0x0002bf9e   0x0000003e   Code   RO         4000    i.pb_dec_string     pb_decode.o
    0x0002bfdc   0x00000040   Code   RO         4001    i.pb_dec_submessage  pb_decode.o
    0x0002c01c   0x00000058   Code   RO         4002    i.pb_dec_svarint    pb_decode.o
    0x0002c074   0x00000058   Code   RO         4003    i.pb_dec_uvarint    pb_decode.o
    0x0002c0cc   0x0000005a   Code   RO         4004    i.pb_dec_varint     pb_decode.o
    0x0002c126   0x0000001e   Code   RO         4005    i.pb_decode         pb_decode.o
    0x0002c144   0x00000020   Code   RO         4007    i.pb_decode_fixed32  pb_decode.o
    0x0002c164   0x0000005c   Code   RO         4008    i.pb_decode_fixed64  pb_decode.o
    0x0002c1c0   0x00000186   Code   RO         4009    i.pb_decode_noinit  pb_decode.o
    0x0002c346   0x0000003a   Code   RO         4010    i.pb_decode_svarint  pb_decode.o
    0x0002c380   0x00000042   Code   RO         4011    i.pb_decode_tag     pb_decode.o
    0x0002c3c2   0x0000004a   Code   RO         4012    i.pb_decode_varint  pb_decode.o
    0x0002c40c   0x0000004c   Code   RO         4013    i.pb_decode_varint32  pb_decode.o
    0x0002c458   0x0000003c   Code   RO         2368    i.pb_decoding_callback  nrf_dfu_validation.o
    0x0002c494   0x00000022   Code   RO         3964    i.pb_field_iter_begin  pb_common.o
    0x0002c4b6   0x0000002e   Code   RO         3965    i.pb_field_iter_find  pb_common.o
    0x0002c4e4   0x0000007e   Code   RO         3966    i.pb_field_iter_next  pb_common.o
    0x0002c562   0x000000a4   Code   RO         4014    i.pb_field_set_to_default  pb_decode.o
    0x0002c606   0x00000002   PAD
    0x0002c608   0x00000014   Code   RO         4015    i.pb_istream_from_buffer  pb_decode.o
    0x0002c61c   0x00000036   Code   RO         4016    i.pb_make_string_substream  pb_decode.o
    0x0002c652   0x00000026   Code   RO         4017    i.pb_message_set_to_defaults  pb_decode.o
    0x0002c678   0x00000058   Code   RO         4018    i.pb_read           pb_decode.o
    0x0002c6d0   0x00000020   Code   RO         4019    i.pb_readbyte       pb_decode.o
    0x0002c6f0   0x0000005a   Code   RO         4020    i.pb_skip_field     pb_decode.o
    0x0002c74a   0x00000002   PAD
    0x0002c74c   0x000000c4   Code   RO         2369    i.postvalidate      nrf_dfu_validation.o
    0x0002c810   0x000000f4   Code   RO         2370    i.postvalidate_sd_bl  nrf_dfu_validation.o
    0x0002c904   0x00000014   Code   RO         3361    i.queue_free        nrf_fstorage_sd.o
    0x0002c918   0x0000009c   Code   RO         3362    i.queue_process     nrf_fstorage_sd.o
    0x0002c9b4   0x00000024   Code   RO         3363    i.queue_start       nrf_fstorage_sd.o
    0x0002c9d8   0x0000000e   Code   RO         3284    i.read              nrf_fstorage_nvmc.o
    0x0002c9e6   0x0000000e   Code   RO         3364    i.read              nrf_fstorage_sd.o
    0x0002c9f4   0x00000062   Code   RO         4021    i.read_raw_value    pb_decode.o
    0x0002ca56   0x00000020   Code   RO         1621    i.response_crc_add  nrf_dfu_ble.o
    0x0002ca76   0x00000002   PAD
    0x0002ca78   0x00000034   Code   RO         1622    i.response_send     nrf_dfu_ble.o
    0x0002caac   0x00000004   Code   RO         3285    i.rmap              nrf_fstorage_nvmc.o
    0x0002cab0   0x00000004   Code   RO         3365    i.rmap              nrf_fstorage_sd.o
    0x0002cab4   0x00000054   Code   RO          736    i.sd_activate       nrf_bootloader_fw_activation.o
    0x0002cb08   0x00000044   Code   RO         2510    i.sd_req_check      nrf_dfu_ver_validation.o
    0x0002cb4c   0x00000068   Code   RO         2511    i.sd_req_ok         nrf_dfu_ver_validation.o
    0x0002cbb4   0x00000030   Code   RO         3773    i.sdh_request_observer_notify  nrf_sdh.o
    0x0002cbe4   0x0000002c   Code   RO         3774    i.sdh_state_observer_notify  nrf_sdh.o
    0x0002cc10   0x00000014   Code   RO         2127    i.settings_backup   nrf_dfu_settings.o
    0x0002cc24   0x0000000a   Code   RO         2128    i.settings_crc_get  nrf_dfu_settings.o
    0x0002cc2e   0x00000050   Code   RO         2129    i.settings_write    nrf_dfu_settings.o
    0x0002cc7e   0x00000110   Code   RO         3600    i.sha256_final      sha256.o
    0x0002cd8e   0x00000002   PAD
    0x0002cd90   0x00000054   Code   RO         3601    i.sha256_init       sha256.o
    0x0002cde4   0x0000012c   Code   RO         3602    i.sha256_transform  sha256.o
    0x0002cf10   0x00000054   Code   RO         3603    i.sha256_update     sha256.o
    0x0002cf64   0x00000038   Code   RO         3775    i.softdevice_evt_irq_disable  nrf_sdh.o
    0x0002cf9c   0x00000058   Code   RO         3776    i.softdevices_evt_irq_enable  nrf_sdh.o
    0x0002cff4   0x000000c8   Code   RO         2371    i.stored_init_cmd_decode  nrf_dfu_validation.o
    0x0002d0bc   0x00000060   Code   RO          649    i.timer_activate    nrf_bootloader_dfu_timers.o
    0x0002d11c   0x00000078   Code   RO          650    i.timer_init        nrf_bootloader_dfu_timers.o
    0x0002d194   0x0000001a   Code   RO          651    i.timer_start       nrf_bootloader_dfu_timers.o
    0x0002d1ae   0x00000002   PAD
    0x0002d1b0   0x00000014   Code   RO          652    i.timer_stop        nrf_bootloader_dfu_timers.o
    0x0002d1c4   0x00000012   Code   RO         1623    i.uint32_encode     nrf_dfu_ble.o
    0x0002d1d6   0x00000002   PAD
    0x0002d1d8   0x00000010   Code   RO         3286    i.uninit            nrf_fstorage_nvmc.o
    0x0002d1e8   0x00000020   Code   RO         3366    i.uninit            nrf_fstorage_sd.o
    0x0002d208   0x00000058   Code   RO         2372    i.update_data_size_get  nrf_dfu_validation.o
    0x0002d260   0x00000020   Code   RO         1084    i.verify_context    nrf_crypto_hash.o
    0x0002d280   0x0000003c   Code   RO          810    i.wdt_feed          nrf_bootloader_wdt.o
    0x0002d2bc   0x00000004   Code   RO          811    i.wdt_feed_timer_handler  nrf_bootloader_wdt.o
    0x0002d2c0   0x00000004   Code   RO         3287    i.wmap              nrf_fstorage_nvmc.o
    0x0002d2c4   0x00000004   Code   RO         3367    i.wmap              nrf_fstorage_sd.o
    0x0002d2c8   0x00000044   Code   RO         3288    i.write             nrf_fstorage_nvmc.o
    0x0002d30c   0x00000050   Code   RO         3368    i.write             nrf_fstorage_sd.o
    0x0002d35c   0x00000040   Data   RO            1    .constdata          dfu_public_key.o
    0x0002d39c   0x00000002   Data   RO          317    .constdata          boards.o
    0x0002d39e   0x00000002   PAD
    0x0002d3a0   0x00000020   Data   RO          609    .constdata          nrf_bootloader_app_start_final.o
    0x0002d3c0   0x00000006   Data   RO          653    .constdata          nrf_bootloader_dfu_timers.o
    0x0002d3c6   0x00000002   PAD
    0x0002d3c8   0x00000018   Data   RO         1331    .constdata          nrf_sw_backend_hash.o
    0x0002d3e0   0x0000000c   Data   RO         1375    .constdata          micro_ecc_backend_ecc.o
    0x0002d3ec   0x00000001   Data   RO         1554    .constdata          dfu-cc.pb.o
    0x0002d3ed   0x00000003   PAD
    0x0002d3f0   0x00000030   Data   RO         1555    .constdata          dfu-cc.pb.o
    0x0002d420   0x00000030   Data   RO         1556    .constdata          dfu-cc.pb.o
    0x0002d450   0x000000b0   Data   RO         1557    .constdata          dfu-cc.pb.o
    0x0002d500   0x00000030   Data   RO         1558    .constdata          dfu-cc.pb.o
    0x0002d530   0x00000040   Data   RO         1559    .constdata          dfu-cc.pb.o
    0x0002d570   0x00000030   Data   RO         1560    .constdata          dfu-cc.pb.o
    0x0002d5a0   0x00000118   Data   RO         1627    .constdata          nrf_dfu_ble.o
    0x0002d6b8   0x00000010   Data   RO         1879    .constdata          nrf_dfu_mbr.o
    0x0002d6c8   0x00000030   Data   RO         1931    .constdata          nrf_dfu_req_handler.o
    0x0002d6f8   0x0000000c   Data   RO         3289    .constdata          nrf_fstorage_nvmc.o
    0x0002d704   0x00000020   Data   RO         3290    .constdata          nrf_fstorage_nvmc.o
    0x0002d724   0x00000010   Data   RO         3371    .constdata          nrf_fstorage_sd.o
    0x0002d734   0x00000020   Data   RO         3372    .constdata          nrf_fstorage_sd.o
    0x0002d754   0x00000100   Data   RO         3604    .constdata          sha256.o
    0x0002d854   0x00000010   Data   RO         3777    .constdata          nrf_sdh.o
    0x0002d864   0x00000028   Data   RO         3778    .constdata          nrf_sdh.o
    0x0002d88c   0x00000010   Data   RO         3779    .constdata          nrf_sdh.o
    0x0002d89c   0x00000010   Data   RO         3780    .constdata          nrf_sdh.o
    0x0002d8ac   0x00000020   Data   RO         3885    .constdata          nrf_sdh_ble.o
    0x0002d8cc   0x00000010   Data   RO         3886    .constdata          nrf_sdh_ble.o
    0x0002d8dc   0x00000010   Data   RO         3936    .constdata          nrf_sdh_soc.o
    0x0002d8ec   0x0000000c   Data   RO         3937    .constdata          nrf_sdh_soc.o
    0x0002d8f8   0x00000024   Data   RO         4022    .constdata          pb_decode.o
    0x0002d91c   0x000000b0   Data   RO         4275    .rodata.curve_secp256r1  micro_ecc_lib_nrf52.lib(uECC.c.o)
    0x0002d9cc   0x00000020   Data   RO         4317    Region$$Table       anon$$obj.o
    0x0002d9ec   0x00000008   Data   RO         1630    dfu_trans           nrf_dfu_ble.o
    0x0002d9f4   0x00000014   Data   RO         1631    nrf_balloc          nrf_dfu_ble.o
    0x0002da08   0x00000008   Data   RO         1632    sdh_ble_observers2  nrf_dfu_ble.o
    0x0002da10   0x00000008   Data   RO         3374    sdh_req_observers0  nrf_fstorage_sd.o
    0x0002da18   0x00000008   Data   RO         3375    sdh_soc_observers0  nrf_fstorage_sd.o
    0x0002da20   0x00000008   Data   RO         3888    sdh_stack_observers0  nrf_sdh_ble.o
    0x0002da28   0x00000008   Data   RO         3938    sdh_stack_observers0  nrf_sdh_soc.o
    0x0002da30   0x00000008   Data   RO         3376    sdh_state_observers0  nrf_fstorage_sd.o
    0x0002da38   0x0000000c   Data   RO         3686    svc_data            nrf_dfu_svci_handler.o


    Execution Region RW_IRAM1 (Base: 0x20002390, Size: 0x00002df0, Max: 0x00003c70, ABSOLUTE)

    Base Addr    Size         Type   Attr      Idx    E Section Name        Object

    0x20002390   0x00000008   Data   RW          480    .data               nrf_bootloader.o
    0x20002398   0x00000030   Data   RW          654    .data               nrf_bootloader_dfu_timers.o
    0x200023c8   0x00000001   Data   RW          737    .data               nrf_bootloader_fw_activation.o
    0x200023c9   0x00000001   Data   RW          812    .data               nrf_bootloader_wdt.o
    0x200023ca   0x00000001   Data   RW         1162    .data               nrf_crypto_init.o
    0x200023cb   0x00000001   PAD
    0x200023cc   0x00000004   Data   RW         1577    .data               nrf_dfu.o
    0x200023d0   0x00000010   Data   RW         1628    .data               nrf_dfu_ble.o
    0x200023e0   0x00000008   Data   RW         1629    .data               nrf_dfu_ble.o
    0x200023e8   0x00000001   Data   RW         1846    .data               nrf_dfu_handling_error.o
    0x200023e9   0x00000003   PAD
    0x200023ec   0x00000010   Data   RW         1932    .data               nrf_dfu_req_handler.o
    0x200023fc   0x00000004   Data   RW         2134    .data               nrf_dfu_settings.o
    0x20002400   0x00000010   Data   RW         2374    .data               nrf_dfu_validation.o
    0x20002410   0x00000010   Data   RW         2772    .data               app_scheduler.o
    0x20002420   0x00000004   Data   RW         3291    .data               nrf_fstorage_nvmc.o
    0x20002424   0x00000008   Data   RW         3373    .data               nrf_fstorage_sd.o
    0x2000242c   0x00000003   Data   RW         3781    .data               nrf_sdh.o
    0x2000242f   0x00000001   Data   RW         3887    .data               nrf_sdh_ble.o
    0x20002430   0x00000004   Data   RW         4176    .data               system_nrf52810.o
    0x20002434   0x00000014   Data   RW         1788    fs_data             nrf_dfu_flash.o
    0x20002448   0x00000420   Zero   RW          479    .bss                nrf_bootloader.o
    0x20002868   0x00000050   Zero   RW         1624    .bss                nrf_dfu_ble.o
    0x200028b8   0x00000011   Zero   RW         1625    .bss                nrf_dfu_ble.o
    0x200028c9   0x00000003   PAD
    0x200028cc   0x00001034   Zero   RW         1626    .bss                nrf_dfu_ble.o
    0x20003900   0x00000a80   Zero   RW         2133    .bss                nrf_dfu_settings.o
    0x20004380   0x000003f4   Zero   RW         2373    .bss                nrf_dfu_validation.o
    0x20004774   0x0000000c   Zero   RW         2829    .bss                app_util_platform.o
    0x20004780   0x00000010   Zero   RW         3369    .bss                nrf_fstorage_sd.o
    0x20004790   0x000001f0   Zero   RW         3370    .bss                nrf_fstorage_sd.o
    0x20004980   0x00000800   Zero   RW         4164    STACK               arm_startup_nrf52810.o



  Load Region LR$$.ARM.__AT_0x00000FF8 (Base: 0x00000ff8, Size: 0x00000004, Max: 0x00000004, ABSOLUTE)

    Execution Region ER$$.ARM.__AT_0x00000FF8 (Base: 0x00000ff8, Size: 0x00000004, Max: 0x00000004, ABSOLUTE, UNINIT)

    Base Addr    Size         Type   Attr      Idx    E Section Name        Object

    0x00000ff8   0x00000004   Data   RW          785    .ARM.__AT_0x00000FF8  nrf_bootloader_info.o



  Load Region LR$$.ARM.__AT_0x00000FFC (Base: 0x00000ffc, Size: 0x00000004, Max: 0x00000004, ABSOLUTE)

    Execution Region ER$$.ARM.__AT_0x00000FFC (Base: 0x00000ffc, Size: 0x00000004, Max: 0x00000004, ABSOLUTE, UNINIT)

    Base Addr    Size         Type   Attr      Idx    E Section Name        Object

    0x00000ffc   0x00000004   Data   RO         2130    .ARM.__AT_0x00000FFC  nrf_dfu_settings.o



  Load Region LR$$.ARM.__AT_0x0002E000 (Base: 0x0002e000, Size: 0x00000000, Max: 0x00001000, ABSOLUTE)

    Execution Region ER$$.ARM.__AT_0x0002E000 (Base: 0x0002e000, Size: 0x00001000, Max: 0x00001000, ABSOLUTE, UNINIT)

    Base Addr    Size         Type   Attr      Idx    E Section Name        Object

    0x0002e000   0x00001000   Zero   RW         2131    .ARM.__AT_0x0002E000  nrf_dfu_settings.o



  Load Region LR$$.ARM.__AT_0x0002F000 (Base: 0x0002f000, Size: 0x00000000, Max: 0x00001000, ABSOLUTE)

    Execution Region ER$$.ARM.__AT_0x0002F000 (Base: 0x0002f000, Size: 0x00001000, Max: 0x00001000, ABSOLUTE, UNINIT)

    Base Addr    Size         Type   Attr      Idx    E Section Name        Object

    0x0002f000   0x00001000   Zero   RW         2132    .ARM.__AT_0x0002F000  nrf_dfu_settings.o


==============================================================================

Image component sizes


      Code (inc. data)   RO Data    RW Data    ZI Data      Debug   Object Name

       268         16          0         16          0      41369   app_scheduler.o
       124         14          0          0         12       9178   app_util_platform.o
        36          8        512          0       2048        824   arm_startup_nrf52810.o
         8          0          0          0          0      24410   ble_srv_common.o
       120         18          2          0          0       6941   boards.o
        60          6          0          0          0       1332   crc32.o
         0          0        433          0          0       1362   dfu-cc.pb.o
         0          0         64          0          0       5189   dfu_public_key.o
       162         28          0          0          0      84017   main.o
        22          0         12          0          0      24661   micro_ecc_backend_ecc.o
        86          0          0          0          0       2174   micro_ecc_backend_ecdsa.o
       342          0          0          0          0       7754   nrf_atfifo.o
       260          0          0          0          0       4856   nrf_atomic.o
       164          0          0          0          0       3224   nrf_balloc.o
       522         82          0          8       1056      23806   nrf_bootloader.o
        36          0          0          0          0        647   nrf_bootloader_app_start.o
       224         18         32          0          0       8336   nrf_bootloader_app_start_final.o
       450         56          6         48          0      40714   nrf_bootloader_dfu_timers.o
       504         48          0          1          0       6097   nrf_bootloader_fw_activation.o
         0          0          0          4          0        310   nrf_bootloader_info.o
       192         34          0          1          0      29808   nrf_bootloader_wdt.o
       124          4          0          0          0      28208   nrf_crypto_ecc.o
        88          4          0          0          0      13722   nrf_crypto_ecdsa.o
       230         12          0          0          0       9113   nrf_crypto_hash.o
        64         14          0          1          0       2821   nrf_crypto_init.o
        94          0          0          0          0       3438   nrf_crypto_shared.o
        80         14          0          4          0       2819   nrf_dfu.o
      1702        164        316         24       4245     105950   nrf_dfu_ble.o
        80         22          0         20          0       5299   nrf_dfu_flash.o
        28         10          0          1          0       1412   nrf_dfu_handling_error.o
        58          6         16          0          0       8258   nrf_dfu_mbr.o
       906        112         48         16          0      32620   nrf_dfu_req_handler.o
       480         50          4          4      10880       9173   nrf_dfu_settings.o
       164         20          0          0          0       3988   nrf_dfu_settings_svci.o
       124         16         12          0          0       5739   nrf_dfu_svci_handler.o
       104         18          0          0          0       2436   nrf_dfu_transport.o
       250         28          0          0          0      13417   nrf_dfu_utils.o
      1860        170          0         16       1012      19731   nrf_dfu_validation.o
       300         14          0          0          0       4015   nrf_dfu_ver_validation.o
       230         10          0          0          0       5460   nrf_fstorage.o
       260         20         44          4          0       8608   nrf_fstorage_nvmc.o
       794         82         72          8        512      15447   nrf_fstorage_sd.o
       116         18          0          0          0       1721   nrf_nvmc.o
       552         60         88          3          0      37715   nrf_sdh.o
       284         18         56          1          0       6671   nrf_sdh_ble.o
        60          4         36          0          0       2104   nrf_sdh_soc.o
        78          0          0          0          0       2376   nrf_section_iter.o
       112         10          0          0          0       2225   nrf_svc_handler.o
        48          0         24          0          0       3376   nrf_sw_backend_hash.o
       206          0          0          0          0       3068   pb_common.o
      2322         14         36          0          0      25026   pb_decode.o
       740         40        256          0          0       6148   sha256.o
       444         52          0          4          0       2015   system_nrf52810.o

    ----------------------------------------------------------------------
     16596       1334       2108        188      19768     721128   Object Totals
         0          0         32          0          0          0   (incl. Generated)
        34          0          7          4          3          0   (incl. Padding)

    ----------------------------------------------------------------------

      Code (inc. data)   RO Data    RW Data    ZI Data      Debug   Library Member Name

         0          0          0          0          0          0   entry.o
         0          0          0          0          0          0   entry10a.o
         0          0          0          0          0          0   entry11a.o
         8          4          0          0          0          0   entry2.o
         4          0          0          0          0          0   entry5.o
         0          0          0          0          0          0   entry7b.o
         0          0          0          0          0          0   entry8b.o
         8          4          0          0          0          0   entry9a.o
        30          0          0          0          0          0   handlers.o
        36          8          0          0          0         68   init.o
        30          0          0          0          0         68   llshl.o
        26          0          0          0          0         80   memcmp.o
        36          0          0          0          0         68   memcpya.o
        36          0          0          0          0        108   memseta.o
      4004          8        176          0          0      40194   uECC.c.o

    ----------------------------------------------------------------------
      4232         24        176          0          0      40586   Library Totals
        14          0          0          0          0          0   (incl. Padding)

    ----------------------------------------------------------------------

      Code (inc. data)   RO Data    RW Data    ZI Data      Debug   Library Name

       214         16          0          0          0        392   mc_w.l
      4004          8        176          0          0      40194   micro_ecc_lib_nrf52.lib

    ----------------------------------------------------------------------
      4232         24        176          0          0      40586   Library Totals

    ----------------------------------------------------------------------

==============================================================================


      Code (inc. data)   RO Data    RW Data    ZI Data      Debug   

     20828       1358       2284        188      19768     748502   Grand Totals
     20828       1358       2284        188      19768     748502   ELF Image Totals
     20828       1358       2284        188          0          0   ROM Totals

==============================================================================

    Total RO  Size (Code + RO Data)                23112 (  22.57kB)
    Total RW  Size (RW Data + ZI Data)             19956 (  19.49kB)
    Total ROM Size (Code + RO Data + RW Data)      23300 (  22.75kB)

==============================================================================

