Component: ARM Compiler 5.06 update 3 (build 300) Tool: armlink [4d35c9]

==============================================================================

Section Cross References

    main.o(i.app_error_fault_handler) refers to main.o(i.on_error) for on_error
    main.o(i.app_error_handler) refers to main.o(i.on_error) for on_error
    main.o(i.app_error_handler_bare) refers to main.o(i.on_error) for on_error
    main.o(i.dfu_observer) refers to boards.o(i.bsp_board_init) for bsp_board_init
    main.o(i.dfu_observer) refers to boards.o(i.bsp_board_led_off) for bsp_board_led_off
    main.o(i.dfu_observer) refers to boards.o(i.bsp_board_led_on) for bsp_board_led_on
    main.o(i.main) refers to nrf_bootloader_app_start_final.o(i.nrf_bootloader_flash_protect) for nrf_bootloader_flash_protect
    main.o(i.main) refers to nrf_bootloader.o(i.nrf_bootloader_init) for nrf_bootloader_init
    main.o(i.main) refers to main.o(i.on_error) for on_error
    main.o(i.main) refers to nrf_bootloader_app_start.o(i.nrf_bootloader_app_start) for nrf_bootloader_app_start
    main.o(i.main) refers to main.o(i.dfu_observer) for dfu_observer
    boards.o(i.bsp_board_init) refers to boards.o(i.bsp_board_leds_off) for bsp_board_leds_off
    boards.o(i.bsp_board_init) refers to boards.o(.constdata) for .constdata
    boards.o(i.bsp_board_led_idx_to_pin) refers to boards.o(.constdata) for .constdata
    boards.o(i.bsp_board_led_invert) refers to boards.o(.constdata) for .constdata
    boards.o(i.bsp_board_led_off) refers to boards.o(i.nrf_gpio_pin_write) for nrf_gpio_pin_write
    boards.o(i.bsp_board_led_off) refers to boards.o(.constdata) for .constdata
    boards.o(i.bsp_board_led_on) refers to boards.o(i.nrf_gpio_pin_write) for nrf_gpio_pin_write
    boards.o(i.bsp_board_led_on) refers to boards.o(.constdata) for .constdata
    boards.o(i.bsp_board_led_state_get) refers to boards.o(.constdata) for .constdata
    boards.o(i.bsp_board_leds_off) refers to boards.o(i.bsp_board_led_off) for bsp_board_led_off
    boards.o(i.bsp_board_leds_on) refers to boards.o(i.bsp_board_led_on) for bsp_board_led_on
    boards.o(i.bsp_board_pin_to_led_idx) refers to boards.o(.constdata) for .constdata
    ble_srv_common.o(i.ble_srv_ascii_to_utf8) refers to strlen.o(.text) for strlen
    ble_srv_common.o(i.characteristic_add) refers to ble_srv_common.o(i.set_security_req) for set_security_req
    ble_srv_common.o(i.characteristic_add) refers to memseta.o(.text) for __aeabi_memclr4
    ble_srv_common.o(i.descriptor_add) refers to memseta.o(.text) for __aeabi_memclr4
    ble_srv_common.o(i.descriptor_add) refers to ble_srv_common.o(i.set_security_req) for set_security_req
    nrf_bootloader.o(i.boot_validate) refers to nrf_dfu_validation.o(i.nrf_dfu_validation_boot_validate) for nrf_dfu_validation_boot_validate
    nrf_bootloader.o(i.bootloader_reset) refers to nrf_dfu_settings.o(i.nrf_dfu_settings_backup) for nrf_dfu_settings_backup
    nrf_bootloader.o(i.bootloader_reset) refers to nrf_bootloader.o(i.do_reset) for do_reset
    nrf_bootloader.o(i.bootloader_reset) refers to nrf_bootloader.o(.data) for .data
    nrf_bootloader.o(i.dfu_enter_check) refers to nrf_bootloader.o(i.boot_validate) for boot_validate
    nrf_bootloader.o(i.dfu_enter_check) refers to nrf_dfu_utils.o(i.nrf_dfu_bank0_start_addr) for nrf_dfu_bank0_start_addr
    nrf_bootloader.o(i.dfu_enter_check) refers to nrf_bootloader.o(i.nrf_power_gpregret_get) for nrf_power_gpregret_get
    nrf_bootloader.o(i.dfu_enter_check) refers to nrf_dfu_settings.o(.bss) for s_dfu_settings
    nrf_bootloader.o(i.dfu_observer) refers to nrf_bootloader_dfu_timers.o(i.nrf_bootloader_dfu_inactivity_timer_restart) for nrf_bootloader_dfu_inactivity_timer_restart
    nrf_bootloader.o(i.dfu_observer) refers to nrf_bootloader.o(i.bootloader_reset) for bootloader_reset
    nrf_bootloader.o(i.dfu_observer) refers to nrf_bootloader.o(i.inactivity_timeout) for inactivity_timeout
    nrf_bootloader.o(i.dfu_observer) refers to nrf_bootloader.o(.data) for .data
    nrf_bootloader.o(i.flash_write_callback) refers to nrf_bootloader.o(.data) for .data
    nrf_bootloader.o(i.inactivity_timeout) refers to nrf_bootloader.o(i.bootloader_reset) for bootloader_reset
    nrf_bootloader.o(i.nrf_bootloader_init) refers to nrf_dfu_settings.o(i.nrf_dfu_settings_init) for nrf_dfu_settings_init
    nrf_bootloader.o(i.nrf_bootloader_init) refers to nrf_bootloader_fw_activation.o(i.nrf_bootloader_fw_activate) for nrf_bootloader_fw_activate
    nrf_bootloader.o(i.nrf_bootloader_init) refers to nrf_bootloader.o(i.dfu_enter_check) for dfu_enter_check
    nrf_bootloader.o(i.nrf_bootloader_init) refers to nrf_bootloader_wdt.o(i.nrf_bootloader_wdt_init) for nrf_bootloader_wdt_init
    nrf_bootloader.o(i.nrf_bootloader_init) refers to app_scheduler.o(i.app_sched_init) for app_sched_init
[...]
    sdh_state_observers                      0x0002d874   Data          12  nrf_sdh.o(.constdata)
    sdh_stack_observers                      0x0002d880   Data          12  nrf_sdh.o(.constdata)
    .constdata                               0x0002d88c   Section       16  nrf_sdh.o(.constdata)
    sdh_state_observers_array                0x0002d88c   Data          16  nrf_sdh.o(.constdata)
    .constdata                               0x0002d89c   Section       16  nrf_sdh.o(.constdata)
    sdh_stack_observers_array                0x0002d89c   Data          16  nrf_sdh.o(.constdata)
    .constdata                               0x0002d8ac   Section       32  nrf_sdh_ble.o(.constdata)
    sdh_ble_observers_array                  0x0002d8ac   Data          32  nrf_sdh_ble.o(.constdata)
    .constdata                               0x0002d8cc   Section       16  nrf_sdh_ble.o(.constdata)
    sdh_ble_observers                        0x0002d8d0   Data          12  nrf_sdh_ble.o(.constdata)
    .constdata                               0x0002d8dc   Section       16  nrf_sdh_soc.o(.constdata)
    sdh_soc_observers_array                  0x0002d8dc   Data          16  nrf_sdh_soc.o(.constdata)
    .constdata                               0x0002d8ec   Section       12  nrf_sdh_soc.o(.constdata)
    sdh_soc_observers                        0x0002d8ec   Data          12  nrf_sdh_soc.o(.constdata)
    .constdata                               0x0002d8f8   Section       36  pb_decode.o(.constdata)
    PB_DECODERS                              0x0002d8f8   Data          36  pb_decode.o(.constdata)
    [Anonymous Symbol]                       0x0002d91c   Section        0  uECC.c.o(.rodata.curve_secp256r1)
    curve_secp256r1                          0x0002d91c   Data         176  uECC.c.o(.rodata.curve_secp256r1)
    dfu_trans                                0x0002d9ec   Section        8  nrf_dfu_ble.o(dfu_trans)
    __tagsym$$used                           0x0002d9ec   Number         0  nrf_dfu_ble.o(dfu_trans)
    nrf_balloc                               0x0002d9f4   Section       20  nrf_dfu_ble.o(nrf_balloc)
    __tagsym$$used                           0x0002d9f4   Number         0  nrf_dfu_ble.o(nrf_balloc)
    sdh_ble_observers2                       0x0002da08   Section        8  nrf_dfu_ble.o(sdh_ble_observers2)
    __tagsym$$used                           0x0002da08   Number         0  nrf_dfu_ble.o(sdh_ble_observers2)
    m_ble_evt_observer                       0x0002da08   Data           8  nrf_dfu_ble.o(sdh_ble_observers2)
    sdh_req_observers0                       0x0002da10   Section        8  nrf_fstorage_sd.o(sdh_req_observers0)
    __tagsym$$used                           0x0002da10   Number         0  nrf_fstorage_sd.o(sdh_req_observers0)
    sdh_soc_observers0                       0x0002da18   Section        8  nrf_fstorage_sd.o(sdh_soc_observers0)
    __tagsym$$used                           0x0002da18   Number         0  nrf_fstorage_sd.o(sdh_soc_observers0)
    m_sys_obs                                0x0002da18   Data           8  nrf_fstorage_sd.o(sdh_soc_observers0)
    sdh_stack_observers0                     0x0002da20   Section        8  nrf_sdh_ble.o(sdh_stack_observers0)
    __tagsym$$used                           0x0002da20   Number         0  nrf_sdh_ble.o(sdh_stack_observers0)
    m_nrf_sdh_ble_evts_poll                  0x0002da20   Data           8  nrf_sdh_ble.o(sdh_stack_observers0)
    sdh_stack_observers0                     0x0002da28   Section        8  nrf_sdh_soc.o(sdh_stack_observers0)
    __tagsym$$used                           0x0002da28   Number         0  nrf_sdh_soc.o(sdh_stack_observers0)
    m_nrf_sdh_soc_evts_poll                  0x0002da28   Data           8  nrf_sdh_soc.o(sdh_stack_observers0)
    sdh_state_observers0                     0x0002da30   Section        8  nrf_fstorage_sd.o(sdh_state_observers0)
    __tagsym$$used                           0x0002da30   Number         0  nrf_fstorage_sd.o(sdh_state_observers0)
    m_state_obs                              0x0002da30   Data           8  nrf_fstorage_sd.o(sdh_state_observers0)
    svc_data                                 0x0002da38   Section       12  nrf_dfu_svci_handler.o(svc_data)
    __tagsym$$used                           0x0002da38   Number         0  nrf_dfu_svci_handler.o(svc_data)
    .ARM.__AT_0x0002E000                     0x0002e000   Section     4096  nrf_dfu_settings.o(.ARM.__AT_0x0002E000)
    __tagsym$$used                           0x0002e000   Number         0  nrf_dfu_settings.o(.ARM.__AT_0x0002E000)
    .ARM.__AT_0x0002F000                     0x0002f000   Section     4096  nrf_dfu_settings.o(.ARM.__AT_0x0002F000)
    __tagsym$$used                           0x0002f000   Number         0  nrf_dfu_settings.o(.ARM.__AT_0x0002F000)
    .data                                    0x20002390   Section        8  nrf_bootloader.o(.data)
    m_flash_write_done                       0x20002390   Data           1  nrf_bootloader.o(.data)
    m_user_observer                          0x20002394   Data           4  nrf_bootloader.o(.data)
    .data                                    0x20002398   Section       48  nrf_bootloader_dfu_timers.o(.data)
    m_timer_initialized                      0x20002398   Data           1  nrf_bootloader_dfu_timers.o(.data)
    .data                                    0x200023c8   Section        1  nrf_bootloader_fw_activation.o(.data)
    m_flash_write_done                       0x200023c8   Data           1  nrf_bootloader_fw_activation.o(.data)
    .data                                    0x200023c9   Section        1  nrf_bootloader_wdt.o(.data)
    initialized                              0x200023c9   Data           1  nrf_bootloader_wdt.o(.data)
    .data                                    0x200023ca   Section        1  nrf_crypto_init.o(.data)
    m_state                                  0x200023ca   Data           1  nrf_crypto_init.o(.data)
    .data                                    0x200023cc   Section        4  nrf_dfu.o(.data)
    m_user_observer                          0x200023cc   Data           4  nrf_dfu.o(.data)
    .data                                    0x200023d0   Section       16  nrf_dfu_ble.o(.data)
    m_adv_handle                             0x200023d0   Data           1  nrf_dfu_ble.o(.data)
    m_conn_handle                            0x200023d2   Data           2  nrf_dfu_ble.o(.data)
    m_pkt_notif_target                       0x200023d4   Data           2  nrf_dfu_ble.o(.data)
    m_pkt_notif_target_cnt                   0x200023d6   Data           2  nrf_dfu_ble.o(.data)
    m_flags                                  0x200023d8   Data           4  nrf_dfu_ble.o(.data)
    m_observer                               0x200023dc   Data           4  nrf_dfu_ble.o(.data)
    .data                                    0x200023e0   Section        8  nrf_dfu_ble.o(.data)
    m_buffer_pool_nrf_balloc_cb              0x200023e0   Data           8  nrf_dfu_ble.o(.data)
    .data                                    0x200023e8   Section        1  nrf_dfu_handling_error.o(.data)
    m_last_error                             0x200023e8   Data           1  nrf_dfu_handling_error.o(.data)
    .data                                    0x200023ec   Section       16  nrf_dfu_req_handler.o(.data)
    current_object                           0x200023ec   Data           1  nrf_dfu_req_handler.o(.data)
    m_firmware_start_addr                    0x200023f0   Data           4  nrf_dfu_req_handler.o(.data)
    m_firmware_size_req                      0x200023f4   Data           4  nrf_dfu_req_handler.o(.data)
    m_observer                               0x200023f8   Data           4  nrf_dfu_req_handler.o(.data)
    .data                                    0x200023fc   Section        4  nrf_dfu_settings.o(.data)
    .data                                    0x20002400   Section       16  nrf_dfu_validation.o(.data)
    m_valid_init_cmd_present                 0x20002400   Data           1  nrf_dfu_validation.o(.data)
    m_crypto_initialized                     0x20002401   Data           1  nrf_dfu_validation.o(.data)
    m_init_packet_valid                      0x20002402   Data           1  nrf_dfu_validation.o(.data)
    m_init_packet_data_ptr                   0x20002404   Data           4  nrf_dfu_validation.o(.data)
    m_init_packet_data_len                   0x20002408   Data           4  nrf_dfu_validation.o(.data)
    mp_init                                  0x2000240c   Data           4  nrf_dfu_validation.o(.data)
    .data                                    0x20002410   Section       16  app_scheduler.o(.data)
    m_queue_start_index                      0x20002410   Data           1  app_scheduler.o(.data)
    m_queue_end_index                        0x20002411   Data           1  app_scheduler.o(.data)
    m_queue_event_size                       0x20002412   Data           2  app_scheduler.o(.data)
    m_queue_size                             0x20002414   Data           2  app_scheduler.o(.data)
    m_queue_event_headers                    0x20002418   Data           4  app_scheduler.o(.data)
    m_queue_event_data                       0x2000241c   Data           4  app_scheduler.o(.data)
    .data                                    0x20002420   Section        4  nrf_fstorage_nvmc.o(.data)
    m_flash_operation_ongoing                0x20002420   Data           4  nrf_fstorage_nvmc.o(.data)
    .data                                    0x20002424   Section        8  nrf_fstorage_sd.o(.data)
    m_p_cur_op                               0x20002424   Data           4  nrf_fstorage_sd.o(.data)
    m_iget_ctx                               0x20002428   Data           4  nrf_fstorage_sd.o(.data)
    .data                                    0x2000242c   Section        3  nrf_sdh.o(.data)
    m_nrf_sdh_enabled                        0x2000242c   Data           1  nrf_sdh.o(.data)
    m_nrf_sdh_suspended                      0x2000242d   Data           1  nrf_sdh.o(.data)
    m_nrf_sdh_continue                       0x2000242e   Data           1  nrf_sdh.o(.data)
    .data                                    0x2000242f   Section        1  nrf_sdh_ble.o(.data)
    m_stack_is_enabled                       0x2000242f   Data           1  nrf_sdh_ble.o(.data)
    .data                                    0x20002430   Section        4  system_nrf52810.o(.data)
    __tagsym$$used                           0x20002430   Number         0  system_nrf52810.o(.data)
    fs_data                                  0x20002434   Section       20  nrf_dfu_flash.o(fs_data)
    __tagsym$$used                           0x20002434   Number         0  nrf_dfu_flash.o(fs_data)
    .bss                                     0x20002448   Section     1056  nrf_bootloader.o(.bss)
    APP_SCHED_BUF                            0x20002448   Data        1056  nrf_bootloader.o(.bss)
    .bss                                     0x20002868   Section       80  nrf_dfu_ble.o(.bss)
    m_enc_advdata                            0x20002868   Data          31  nrf_dfu_ble.o(.bss)
    m_adv_name                               0x20002888   Data          28  nrf_dfu_ble.o(.bss)
    m_dfu                                    0x200028a4   Data          20  nrf_dfu_ble.o(.bss)
    .bss                                     0x200028b8   Section       17  nrf_dfu_ble.o(.bss)
    m_buffer_pool_nrf_balloc_pool_stack      0x200028b8   Data          17  nrf_dfu_ble.o(.bss)
    .bss                                     0x200028cc   Section     4148  nrf_dfu_ble.o(.bss)
    m_buffer_pool_nrf_balloc_pool_mem        0x200028cc   Data        4148  nrf_dfu_ble.o(.bss)
    .bss                                     0x20003900   Section     2688  nrf_dfu_settings.o(.bss)
    dfu_settings_buffer                      0x20003900   Data         896  nrf_dfu_settings.o(.bss)
    dfu_settings_buffer                      0x20003c80   Data         896  nrf_dfu_settings.o(.bss)
    .bss                                     0x20004380   Section     1012  nrf_dfu_validation.o(.bss)
    m_packet                                 0x20004380   Data         796  nrf_dfu_validation.o(.bss)
    m_pb_stream                              0x2000469c   Data          16  nrf_dfu_validation.o(.bss)
    m_public_key                             0x200046ac   Data          72  nrf_dfu_validation.o(.bss)
    m_signature                              0x200046f4   Data          64  nrf_dfu_validation.o(.bss)
    m_sig_hash                               0x20004734   Data          32  nrf_dfu_validation.o(.bss)
    m_fw_hash                                0x20004754   Data          32  nrf_dfu_validation.o(.bss)
    .bss                                     0x20004774   Section       12  app_util_platform.o(.bss)
    .bss                                     0x20004780   Section       16  nrf_fstorage_sd.o(.bss)
    m_fifo_inst                              0x20004780   Data          16  nrf_fstorage_sd.o(.bss)
    .bss                                     0x20004790   Section      496  nrf_fstorage_sd.o(.bss)
    m_fifo_data                              0x20004790   Data         476  nrf_fstorage_sd.o(.bss)
    m_flags                                  0x2000496c   Data          20  nrf_fstorage_sd.o(.bss)
    STACK                                    0x20004980   Section     2048  arm_startup_nrf52810.o(STACK)

    Global Symbols

    Symbol Name                              Value     Ov Type        Size  Object(Section)

    BuildAttributes$$THM_ISAv4$E$P$D$K$B$S$7EM$PE$A:L22UL41UL21$X:L11$S22US41US21$IEEE1$IW$USESV6$~STKCKD$USESV7$~SHL$OSPACE$IEEEX$EBA8$MICROLIB$REQ8$EABIv2 0x00000000   Number         0  anon$$obj.o ABSOLUTE
    __ARM_use_no_argv                        0x00000000   Number         0  main.o ABSOLUTE
    __cpp_initialize__aeabi_                  - Undefined Weak Reference
    __cxa_finalize                            - Undefined Weak Reference
    __decompress                              - Undefined Weak Reference
    _clock_init                               - Undefined Weak Reference
    _microlib_exit                            - Undefined Weak Reference
    crypto_data$$Base                         - Undefined Reference
    crypto_data$$Limit                        - Undefined Reference
    sdh_ble_observers0$$Base                  - Undefined Reference
    sdh_ble_observers0$$Limit                 - Undefined Reference
    sdh_ble_observers1$$Base                  - Undefined Reference
    sdh_ble_observers1$$Limit                 - Undefined Reference
    sdh_ble_observers3$$Base                  - Undefined Reference
    sdh_ble_observers3$$Limit                 - Undefined Reference
    sdh_req_observers1$$Base                  - Undefined Reference
    sdh_req_observers1$$Limit                 - Undefined Reference
    sdh_soc_observers1$$Base                  - Undefined Reference
    sdh_soc_observers1$$Limit                 - Undefined Reference
    sdh_stack_observers1$$Base                - Undefined Reference
    sdh_stack_observers1$$Limit               - Undefined Reference
    sdh_state_observers1$$Base                - Undefined Reference
    sdh_state_observers1$$Limit               - Undefined Reference
    __Vectors_Size                           0x00000200   Number         0  arm_startup_nrf52810.o ABSOLUTE
    m_uicr_bootloader_start_address          0x00000ff8   Data           4  nrf_bootloader_info.o(.ARM.__AT_0x00000FF8)
    m_uicr_mbr_params_page_address           0x00000ffc   Data           4  nrf_dfu_settings.o(.ARM.__AT_0x00000FFC)
    Load$$LR$$LR_IROM1$$Base                 0x00028000   Number         0  anon$$obj.o ABSOLUTE
    __Vectors                                0x00028000   Data           4  arm_startup_nrf52810.o(RESET)
    __Vectors_End                            0x00028200   Data           0  arm_startup_nrf52810.o(RESET)
    __main                                   0x00028201   Thumb Code     0  entry.o(.ARM.Collect$$$$00000000)
    _main_stk                                0x00028201   Thumb Code     0  entry2.o(.ARM.Collect$$$$00000001)
    _main_scatterload                        0x00028205   Thumb Code     0  entry5.o(.ARM.Collect$$$$00000004)
    __main_after_scatterload                 0x00028209   Thumb Code     0  entry5.o(.ARM.Collect$$$$00000004)
    _main_clock                              0x00028209   Thumb Code     0  entry7b.o(.ARM.Collect$$$$00000008)
    _main_cpp_init                           0x00028209   Thumb Code     0  entry8b.o(.ARM.Collect$$$$0000000A)
    _main_init                               0x00028209   Thumb Code     0  entry9a.o(.ARM.Collect$$$$0000000B)
    __rt_final_cpp                           0x00028211   Thumb Code     0  entry10a.o(.ARM.Collect$$$$0000000D)
    __rt_final_exit                          0x00028211   Thumb Code     0  entry11a.o(.ARM.Collect$$$$0000000F)
    __asm___32_nrf_bootloader_app_start_final_c_c9922886__jump_to_addr 0x00028215   Thumb Code     8  nrf_bootloader_app_start_final.o(.emb_text)
    __asm___12_nrf_atfifo_c_51f461e1__nrf_atfifo_wspace_req 0x0002821d   Thumb Code    56  nrf_atfifo.o(.emb_text)
    __asm___12_nrf_atfifo_c_51f461e1__nrf_atfifo_wspace_close 0x00028255   Thumb Code    18  nrf_atfifo.o(.emb_text)
    __asm___12_nrf_atfifo_c_51f461e1__nrf_atfifo_rspace_req 0x00028267   Thumb Code    58  nrf_atfifo.o(.emb_text)
    __asm___12_nrf_atfifo_c_51f461e1__nrf_atfifo_rspace_close 0x000282a1   Thumb Code    18  nrf_atfifo.o(.emb_text)
    __asm___12_nrf_atfifo_c_51f461e1__nrf_atfifo_space_clear 0x000282b3   Thumb Code    50  nrf_atfifo.o(.emb_text)
    __asm___12_nrf_atomic_c_85ca2469__nrf_atomic_internal_mov 0x000282e5   Thumb Code    24  nrf_atomic.o(.emb_text)
    __asm___12_nrf_atomic_c_85ca2469__nrf_atomic_internal_orr 0x000282fd   Thumb Code    26  nrf_atomic.o(.emb_text)
    __asm___12_nrf_atomic_c_85ca2469__nrf_atomic_internal_and 0x00028317   Thumb Code    26  nrf_atomic.o(.emb_text)
    __asm___12_nrf_atomic_c_85ca2469__nrf_atomic_internal_eor 0x00028331   Thumb Code    26  nrf_atomic.o(.emb_text)
    __asm___12_nrf_atomic_c_85ca2469__nrf_atomic_internal_add 0x0002834b   Thumb Code    26  nrf_atomic.o(.emb_text)
    __asm___12_nrf_atomic_c_85ca2469__nrf_atomic_internal_sub 0x00028365   Thumb Code    26  nrf_atomic.o(.emb_text)
    __asm___12_nrf_atomic_c_85ca2469__nrf_atomic_internal_cmp_exch 0x0002837f   Thumb Code    42  nrf_atomic.o(.emb_text)
    __asm___12_nrf_atomic_c_85ca2469__nrf_atomic_internal_sub_hs 0x000283a9   Thumb Code    30  nrf_atomic.o(.emb_text)
    SVC_Handler                              0x000283c9   Thumb Code    20  nrf_svc_handler.o(.emb_text)
    Reset_Handler                            0x000283dd   Thumb Code     8  arm_startup_nrf52810.o(.text)
    NMI_Handler                              0x000283e5   Thumb Code     2  arm_startup_nrf52810.o(.text)
    HardFault_Handler                        0x000283e7   Thumb Code     2  arm_startup_nrf52810.o(.text)
    MemoryManagement_Handler                 0x000283e9   Thumb Code     2  arm_startup_nrf52810.o(.text)
    BusFault_Handler                         0x000283eb   Thumb Code     2  arm_startup_nrf52810.o(.text)
    UsageFault_Handler                       0x000283ed   Thumb Code     2  arm_startup_nrf52810.o(.text)
    DebugMon_Handler                         0x000283f1   Thumb Code     2  arm_startup_nrf52810.o(.text)
    PendSV_Handler                           0x000283f3   Thumb Code     2  arm_startup_nrf52810.o(.text)
    SysTick_Handler                          0x000283f5   Thumb Code     2  arm_startup_nrf52810.o(.text)
    CCM_AAR_IRQHandler                       0x000283f7   Thumb Code     0  arm_startup_nrf52810.o(.text)
    COMP_IRQHandler                          0x000283f7   Thumb Code     0  arm_startup_nrf52810.o(.text)
    ECB_IRQHandler                           0x000283f7   Thumb Code     0  arm_startup_nrf52810.o(.text)
    GPIOTE_IRQHandler                        0x000283f7   Thumb Code     0  arm_startup_nrf52810.o(.text)
    PDM_IRQHandler                           0x000283f7   Thumb Code     0  arm_startup_nrf52810.o(.text)
    POWER_CLOCK_IRQHandler                   0x000283f7   Thumb Code     0  arm_startup_nrf52810.o(.text)
    PWM0_IRQHandler                          0x000283f7   Thumb Code     0  arm_startup_nrf52810.o(.text)
    QDEC_IRQHandler                          0x000283f7   Thumb Code     0  arm_startup_nrf52810.o(.text)
    RADIO_IRQHandler                         0x000283f7   Thumb Code     0  arm_startup_nrf52810.o(.text)
    RNG_IRQHandler                           0x000283f7   Thumb Code     0  arm_startup_nrf52810.o(.text)
    RTC0_IRQHandler                          0x000283f7   Thumb Code     0  arm_startup_nrf52810.o(.text)
    SAADC_IRQHandler                         0x000283f7   Thumb Code     0  arm_startup_nrf52810.o(.text)
    SPIM0_SPIS0_SPI0_IRQHandler              0x000283f7   Thumb Code     0  arm_startup_nrf52810.o(.text)
    SWI0_EGU0_IRQHandler                     0x000283f7   Thumb Code     0  arm_startup_nrf52810.o(.text)
    SWI1_EGU1_IRQHandler                     0x000283f7   Thumb Code     0  arm_startup_nrf52810.o(.text)
    SWI3_IRQHandler                          0x000283f7   Thumb Code     0  arm_startup_nrf52810.o(.text)
    SWI4_IRQHandler                          0x000283f7   Thumb Code     0  arm_startup_nrf52810.o(.text)
    SWI5_IRQHandler                          0x000283f7   Thumb Code     0  arm_startup_nrf52810.o(.text)
    TEMP_IRQHandler                          0x000283f7   Thumb Code     0  arm_startup_nrf52810.o(.text)
    TIMER0_IRQHandler                        0x000283f7   Thumb Code     0  arm_startup_nrf52810.o(.text)
    TIMER1_IRQHandler                        0x000283f7   Thumb Code     0  arm_startup_nrf52810.o(.text)
    TIMER2_IRQHandler                        0x000283f7   Thumb Code     0  arm_startup_nrf52810.o(.text)
    TWIM0_TWIS0_TWI0_IRQHandler              0x000283f7   Thumb Code     0  arm_startup_nrf52810.o(.text)
    UARTE0_UART0_IRQHandler                  0x000283f7   Thumb Code     0  arm_startup_nrf52810.o(.text)
    __aeabi_llsl                             0x00028401   Thumb Code    30  llshl.o(.text)
    _ll_shift_l                              0x00028401   Thumb Code     0  llshl.o(.text)
    __aeabi_memcpy                           0x0002841f   Thumb Code    36  memcpya.o(.text)
    __aeabi_memcpy4                          0x0002841f   Thumb Code     0  memcpya.o(.text)
    __aeabi_memcpy8                          0x0002841f   Thumb Code     0  memcpya.o(.text)
    __aeabi_memset                           0x00028443   Thumb Code    14  memseta.o(.text)
    __aeabi_memset4                          0x00028443   Thumb Code     0  memseta.o(.text)
    __aeabi_memset8                          0x00028443   Thumb Code     0  memseta.o(.text)
    __aeabi_memclr                           0x00028451   Thumb Code     4  memseta.o(.text)
    __aeabi_memclr4                          0x00028451   Thumb Code     0  memseta.o(.text)
    __aeabi_memclr8                          0x00028451   Thumb Code     0  memseta.o(.text)
    memset                                   0x00028455   Thumb Code    18  memseta.o(.text)
    memcmp                                   0x00028467   Thumb Code    26  memcmp.o(.text)
    __scatterload                            0x00028481   Thumb Code    28  init.o(.text)
    __scatterload_rt2                        0x00028481   Thumb Code     0  init.o(.text)
    uECC_secp256r1                           0x000287a1   Thumb Code     8  uECC.c.o(.text.uECC_secp256r1)
    uECC_verify                              0x000287a9   Thumb Code   740  uECC.c.o(.text.uECC_verify)
    RTC1_IRQHandler                          0x00029455   Thumb Code   106  nrf_bootloader_dfu_timers.o(i.RTC1_IRQHandler)
    SWI2_IRQHandler                          0x000294c9   Thumb Code     4  nrf_sdh.o(i.SWI2_IRQHandler)
    SystemInit                               0x000294cd   Thumb Code   392  system_nrf52810.o(i.SystemInit)
    WDT_IRQHandler                           0x00029689   Thumb Code    14  nrf_bootloader_wdt.o(i.WDT_IRQHandler)
    __scatterload_copy                       0x0002969d   Thumb Code    14  handlers.o(i.__scatterload_copy)
    __scatterload_null                       0x000296ab   Thumb Code     2  handlers.o(i.__scatterload_null)
    __scatterload_zeroinit                   0x000296ad   Thumb Code    14  handlers.o(i.__scatterload_zeroinit)
    app_error_fault_handler                  0x000297ed   Thumb Code     4  main.o(i.app_error_fault_handler)
    app_error_handler_bare                   0x000297f1   Thumb Code     4  main.o(i.app_error_handler_bare)
    app_sched_event_put                      0x000297f5   Thumb Code   154  app_scheduler.o(i.app_sched_event_put)
    app_sched_execute                        0x00029895   Thumb Code    58  app_scheduler.o(i.app_sched_execute)
    app_sched_init                           0x000298d5   Thumb Code    40  app_scheduler.o(i.app_sched_init)
    app_util_critical_region_enter           0x00029901   Thumb Code    64  app_util_platform.o(i.app_util_critical_region_enter)
    app_util_critical_region_exit            0x00029949   Thumb Code    46  app_util_platform.o(i.app_util_critical_region_exit)
    ble_dfu_init                             0x000299c9   Thumb Code   182  nrf_dfu_ble.o(i.ble_dfu_init)
    ble_dfu_transport_close                  0x00029b45   Thumb Code    82  nrf_dfu_ble.o(i.ble_dfu_transport_close)
    ble_dfu_transport_init                   0x00029ba5   Thumb Code   134  nrf_dfu_ble.o(i.ble_dfu_transport_init)
    ble_srv_is_notification_enabled          0x00029df5   Thumb Code     8  ble_srv_common.o(i.ble_srv_is_notification_enabled)
    bsp_board_init                           0x00029ed5   Thumb Code    42  boards.o(i.bsp_board_init)
    bsp_board_led_off                        0x00029f05   Thumb Code    10  boards.o(i.bsp_board_led_off)
    bsp_board_led_on                         0x00029f15   Thumb Code    10  boards.o(i.bsp_board_led_on)
    bsp_board_leds_off                       0x00029f25   Thumb Code    18  boards.o(i.bsp_board_leds_off)
    crc32_compute                            0x00029f65   Thumb Code    54  crc32.o(i.crc32_compute)
    dfu_fstorage_evt_handler                 0x0002a201   Thumb Code    12  nrf_dfu_flash.o(i.dfu_fstorage_evt_handler)
    ext_error_get                            0x0002a429   Thumb Code    10  nrf_dfu_handling_error.o(i.ext_error_get)
    ext_error_set                            0x0002a439   Thumb Code     8  nrf_dfu_handling_error.o(i.ext_error_set)
    fw_hash_ok                               0x0002a45d   Thumb Code     8  nrf_dfu_validation.o(i.fw_hash_ok)
    main                                     0x0002a659   Thumb Code    50  main.o(i.main)
    nrf_atfifo_clear                         0x0002a695   Thumb Code    16  nrf_atfifo.o(i.nrf_atfifo_clear)
    nrf_atfifo_init                          0x0002a6a5   Thumb Code    38  nrf_atfifo.o(i.nrf_atfifo_init)
    nrf_atfifo_item_alloc                    0x0002a6cb   Thumb Code    22  nrf_atfifo.o(i.nrf_atfifo_item_alloc)
    nrf_atfifo_item_free                     0x0002a6e1   Thumb Code    22  nrf_atfifo.o(i.nrf_atfifo_item_free)
    nrf_atfifo_item_get                      0x0002a6f7   Thumb Code    22  nrf_atfifo.o(i.nrf_atfifo_item_get)
    nrf_atfifo_item_put                      0x0002a70d   Thumb Code    22  nrf_atfifo.o(i.nrf_atfifo_item_put)
    nrf_atomic_flag_clear                    0x0002a723   Thumb Code     6  nrf_atomic.o(i.nrf_atomic_flag_clear)
    nrf_atomic_flag_set_fetch                0x0002a729   Thumb Code     6  nrf_atomic.o(i.nrf_atomic_flag_set_fetch)
    nrf_atomic_u32_and                       0x0002a72f   Thumb Code    12  nrf_atomic.o(i.nrf_atomic_u32_and)
    nrf_atomic_u32_fetch_or                  0x0002a73b   Thumb Code    10  nrf_atomic.o(i.nrf_atomic_u32_fetch_or)
    nrf_balloc_alloc                         0x0002a745   Thumb Code    68  nrf_balloc.o(i.nrf_balloc_alloc)
    nrf_balloc_free                          0x0002a789   Thumb Code    48  nrf_balloc.o(i.nrf_balloc_free)
    nrf_balloc_init                          0x0002a7b9   Thumb Code    48  nrf_balloc.o(i.nrf_balloc_init)
    nrf_bootloader_app_start                 0x0002a7e9   Thumb Code    36  nrf_bootloader_app_start.o(i.nrf_bootloader_app_start)
    nrf_bootloader_app_start_final           0x0002a80d   Thumb Code   128  nrf_bootloader_app_start_final.o(i.nrf_bootloader_app_start_final)
    nrf_bootloader_dfu_inactivity_timer_restart 0x0002a899   Thumb Code    34  nrf_bootloader_dfu_timers.o(i.nrf_bootloader_dfu_inactivity_timer_restart)
    nrf_bootloader_flash_protect             0x0002a8c1   Thumb Code    70  nrf_bootloader_app_start_final.o(i.nrf_bootloader_flash_protect)
    nrf_bootloader_fw_activate               0x0002a90d   Thumb Code   102  nrf_bootloader_fw_activation.o(i.nrf_bootloader_fw_activate)
    nrf_bootloader_init                      0x0002a981   Thumb Code   170  nrf_bootloader.o(i.nrf_bootloader_init)
    nrf_bootloader_wdt_feed                  0x0002aa45   Thumb Code    20  nrf_bootloader_wdt.o(i.nrf_bootloader_wdt_feed)
    nrf_bootloader_wdt_feed_timer_start      0x0002aa59   Thumb Code    16  nrf_bootloader_dfu_timers.o(i.nrf_bootloader_wdt_feed_timer_start)
    nrf_bootloader_wdt_init                  0x0002aa6d   Thumb Code    60  nrf_bootloader_wdt.o(i.nrf_bootloader_wdt_init)
    nrf_crypto_backend_micro_ecc_curve_get   0x0002aab5   Thumb Code     6  micro_ecc_backend_ecc.o(i.nrf_crypto_backend_micro_ecc_curve_get)
    nrf_crypto_backend_micro_ecc_public_key_from_raw 0x0002aabb   Thumb Code    16  micro_ecc_backend_ecc.o(i.nrf_crypto_backend_micro_ecc_public_key_from_raw)
    nrf_crypto_backend_micro_ecc_verify      0x0002aacb   Thumb Code    86  micro_ecc_backend_ecdsa.o(i.nrf_crypto_backend_micro_ecc_verify)
    nrf_crypto_ecc_public_key_from_raw       0x0002ab21   Thumb Code    48  nrf_crypto_ecc.o(i.nrf_crypto_ecc_public_key_from_raw)
    nrf_crypto_ecdsa_verify                  0x0002ab55   Thumb Code    84  nrf_crypto_ecdsa.o(i.nrf_crypto_ecdsa_verify)
    nrf_crypto_hash_calculate                0x0002abad   Thumb Code    54  nrf_crypto_hash.o(i.nrf_crypto_hash_calculate)
    nrf_crypto_hash_finalize                 0x0002abe3   Thumb Code    54  nrf_crypto_hash.o(i.nrf_crypto_hash_finalize)
    nrf_crypto_hash_init                     0x0002ac19   Thumb Code    38  nrf_crypto_hash.o(i.nrf_crypto_hash_init)
    nrf_crypto_hash_update                   0x0002ac45   Thumb Code    46  nrf_crypto_hash.o(i.nrf_crypto_hash_update)
    nrf_crypto_init                          0x0002ac75   Thumb Code    50  nrf_crypto_init.o(i.nrf_crypto_init)
    nrf_crypto_internal_double_swap_endian   0x0002acb5   Thumb Code    26  nrf_crypto_shared.o(i.nrf_crypto_internal_double_swap_endian)
    nrf_crypto_internal_double_swap_endian_in_place 0x0002accf   Thumb Code    22  nrf_crypto_shared.o(i.nrf_crypto_internal_double_swap_endian_in_place)
    nrf_crypto_internal_ecc_key_input_check  0x0002ace5   Thumb Code    24  nrf_crypto_ecc.o(i.nrf_crypto_internal_ecc_key_input_check)
    nrf_crypto_internal_ecc_key_output_prepare 0x0002acfd   Thumb Code    26  nrf_crypto_ecc.o(i.nrf_crypto_internal_ecc_key_output_prepare)
    nrf_crypto_internal_ecc_raw_input_check  0x0002ad17   Thumb Code    22  nrf_crypto_ecc.o(i.nrf_crypto_internal_ecc_raw_input_check)
    nrf_crypto_internal_swap_endian          0x0002ad2d   Thumb Code    22  nrf_crypto_shared.o(i.nrf_crypto_internal_swap_endian)
    nrf_crypto_internal_swap_endian_in_place 0x0002ad43   Thumb Code    24  nrf_crypto_shared.o(i.nrf_crypto_internal_swap_endian_in_place)
    nrf_dfu_bank0_start_addr                 0x0002ad5d   Thumb Code    34  nrf_dfu_utils.o(i.nrf_dfu_bank0_start_addr)
    nrf_dfu_bank1_start_addr                 0x0002ad85   Thumb Code    28  nrf_dfu_utils.o(i.nrf_dfu_bank1_start_addr)
    nrf_dfu_bank_invalidate                  0x0002ada5   Thumb Code    14  nrf_dfu_utils.o(i.nrf_dfu_bank_invalidate)
    nrf_dfu_cache_prepare                    0x0002adb9   Thumb Code   136  nrf_dfu_utils.o(i.nrf_dfu_cache_prepare)
    nrf_dfu_flash_erase                      0x0002af55   Thumb Code    12  nrf_dfu_flash.o(i.nrf_dfu_flash_erase)
    nrf_dfu_flash_init                       0x0002af65   Thumb Code    16  nrf_dfu_flash.o(i.nrf_dfu_flash_init)
    nrf_dfu_flash_store                      0x0002af81   Thumb Code    18  nrf_dfu_flash.o(i.nrf_dfu_flash_store)
    nrf_dfu_init                             0x0002af99   Thumb Code    34  nrf_dfu.o(i.nrf_dfu_init)
    nrf_dfu_init_user                        0x0002afc5   Thumb Code     4  nrf_bootloader.o(i.nrf_dfu_init_user)
    nrf_dfu_mbr_copy_bl                      0x0002afc9   Thumb Code    22  nrf_dfu_mbr.o(i.nrf_dfu_mbr_copy_bl)
    nrf_dfu_mbr_init_sd                      0x0002afe1   Thumb Code    18  nrf_dfu_mbr.o(i.nrf_dfu_mbr_init_sd)
    nrf_dfu_mbr_irq_forward_address_set      0x0002aff9   Thumb Code    12  nrf_dfu_mbr.o(i.nrf_dfu_mbr_irq_forward_address_set)
    nrf_dfu_req_handler_init                 0x0002b005   Thumb Code    62  nrf_dfu_req_handler.o(i.nrf_dfu_req_handler_init)
    nrf_dfu_req_handler_on_req               0x0002b049   Thumb Code    16  nrf_dfu_req_handler.o(i.nrf_dfu_req_handler_on_req)
    nrf_dfu_settings_additional_erase        0x0002b16d   Thumb Code    46  nrf_dfu_settings_svci.o(i.nrf_dfu_settings_additional_erase)
    nrf_dfu_settings_adv_name_copy           0x0002b1a1   Thumb Code    20  nrf_dfu_settings_svci.o(i.nrf_dfu_settings_adv_name_copy)
    nrf_dfu_settings_adv_name_is_valid       0x0002b1b9   Thumb Code    28  nrf_dfu_settings_svci.o(i.nrf_dfu_settings_adv_name_is_valid)
    nrf_dfu_settings_adv_name_write          0x0002b1d9   Thumb Code    50  nrf_dfu_settings_svci.o(i.nrf_dfu_settings_adv_name_write)
    nrf_dfu_settings_backup                  0x0002b211   Thumb Code     6  nrf_dfu_settings.o(i.nrf_dfu_settings_backup)
    nrf_dfu_settings_init                    0x0002b21d   Thumb Code   212  nrf_dfu_settings.o(i.nrf_dfu_settings_init)
    nrf_dfu_settings_write                   0x0002b305   Thumb Code    42  nrf_dfu_settings.o(i.nrf_dfu_settings_write)
    nrf_dfu_settings_write_and_backup        0x0002b339   Thumb Code    26  nrf_dfu_settings.o(i.nrf_dfu_settings_write_and_backup)
    nrf_dfu_softdevice_start_address         0x0002b359   Thumb Code     6  nrf_dfu_utils.o(i.nrf_dfu_softdevice_start_address)
    nrf_dfu_transports_close                 0x0002b361   Thumb Code    44  nrf_dfu_transport.o(i.nrf_dfu_transports_close)
    nrf_dfu_transports_init                  0x0002b395   Thumb Code    42  nrf_dfu_transport.o(i.nrf_dfu_transports_init)
    nrf_dfu_validation_activation_prepare    0x0002b3c9   Thumb Code     6  nrf_dfu_validation.o(i.nrf_dfu_validation_activation_prepare)
    nrf_dfu_validation_boot_validate         0x0002b3cf   Thumb Code    82  nrf_dfu_validation.o(i.nrf_dfu_validation_boot_validate)
    nrf_dfu_validation_init                  0x0002b485   Thumb Code    26  nrf_dfu_validation.o(i.nrf_dfu_validation_init)
    nrf_dfu_validation_init_cmd_append       0x0002b4a9   Thumb Code    66  nrf_dfu_validation.o(i.nrf_dfu_validation_init_cmd_append)
    nrf_dfu_validation_init_cmd_create       0x0002b4f1   Thumb Code    42  nrf_dfu_validation.o(i.nrf_dfu_validation_init_cmd_create)
    nrf_dfu_validation_init_cmd_execute      0x0002b525   Thumb Code   124  nrf_dfu_validation.o(i.nrf_dfu_validation_init_cmd_execute)
    nrf_dfu_validation_init_cmd_present      0x0002b5a9   Thumb Code     6  nrf_dfu_validation.o(i.nrf_dfu_validation_init_cmd_present)
    nrf_dfu_validation_prevalidate           0x0002b5b5   Thumb Code    62  nrf_dfu_validation.o(i.nrf_dfu_validation_prevalidate)
    nrf_dfu_ver_validation_check             0x0002b691   Thumb Code   122  nrf_dfu_ver_validation.o(i.nrf_dfu_ver_validation_check)
    nrf_fstorage_erase                       0x0002b711   Thumb Code    44  nrf_fstorage.o(i.nrf_fstorage_erase)
    nrf_fstorage_init                        0x0002b73d   Thumb Code     8  nrf_fstorage.o(i.nrf_fstorage_init)
    nrf_fstorage_is_busy                     0x0002b745   Thumb Code    70  nrf_fstorage.o(i.nrf_fstorage_is_busy)
    nrf_fstorage_sdh_req_handler             0x0002b795   Thumb Code    18  nrf_fstorage_sd.o(i.nrf_fstorage_sdh_req_handler)
    nrf_fstorage_sdh_state_handler           0x0002b7ad   Thumb Code    28  nrf_fstorage_sd.o(i.nrf_fstorage_sdh_state_handler)
    nrf_fstorage_sys_evt_handler             0x0002b7cd   Thumb Code   150  nrf_fstorage_sd.o(i.nrf_fstorage_sys_evt_handler)
    nrf_fstorage_write                       0x0002b86d   Thumb Code    62  nrf_fstorage.o(i.nrf_fstorage_write)
    nrf_nvmc_page_erase                      0x0002b8c1   Thumb Code    40  nrf_nvmc.o(i.nrf_nvmc_page_erase)
    nrf_nvmc_write_words                     0x0002b8f1   Thumb Code    58  nrf_nvmc.o(i.nrf_nvmc_write_words)
    nrf_sdh_ble_app_ram_start_get            0x0002b94d   Thumb Code    16  nrf_sdh_ble.o(i.nrf_sdh_ble_app_ram_start_get)
    nrf_sdh_ble_default_cfg_set              0x0002b961   Thumb Code   148  nrf_sdh_ble.o(i.nrf_sdh_ble_default_cfg_set)
    nrf_sdh_ble_enable                       0x0002b9f5   Thumb Code    14  nrf_sdh_ble.o(i.nrf_sdh_ble_enable)
    nrf_sdh_disable_request                  0x0002ba69   Thumb Code    80  nrf_sdh.o(i.nrf_sdh_disable_request)
    nrf_sdh_enable_request                   0x0002babd   Thumb Code   102  nrf_sdh.o(i.nrf_sdh_enable_request)
    nrf_sdh_evts_poll                        0x0002bb31   Thumb Code    32  nrf_sdh.o(i.nrf_sdh_evts_poll)
    nrf_sdh_is_enabled                       0x0002bb55   Thumb Code     6  nrf_sdh.o(i.nrf_sdh_is_enabled)
    nrf_sdh_request_continue                 0x0002bb61   Thumb Code    22  nrf_sdh.o(i.nrf_sdh_request_continue)
    nrf_section_iter_init                    0x0002bbb9   Thumb Code    10  nrf_section_iter.o(i.nrf_section_iter_init)
    nrf_section_iter_next                    0x0002bbe7   Thumb Code    32  nrf_section_iter.o(i.nrf_section_iter_next)
    nrf_svc_handler_c                        0x0002bc09   Thumb Code    84  nrf_svc_handler.o(i.nrf_svc_handler_c)
    pb_decode                                0x0002c11b   Thumb Code    30  pb_decode.o(i.pb_decode)
    pb_decode_fixed32                        0x0002c139   Thumb Code    32  pb_decode.o(i.pb_decode_fixed32)
    pb_decode_fixed64                        0x0002c159   Thumb Code    92  pb_decode.o(i.pb_decode_fixed64)
    pb_decode_noinit                         0x0002c1b5   Thumb Code   390  pb_decode.o(i.pb_decode_noinit)
    pb_decode_svarint                        0x0002c33b   Thumb Code    58  pb_decode.o(i.pb_decode_svarint)
    pb_decode_tag                            0x0002c375   Thumb Code    66  pb_decode.o(i.pb_decode_tag)
    pb_decode_varint                         0x0002c3b7   Thumb Code    74  pb_decode.o(i.pb_decode_varint)
    pb_field_iter_begin                      0x0002c489   Thumb Code    34  pb_common.o(i.pb_field_iter_begin)
    pb_field_iter_find                       0x0002c4ab   Thumb Code    46  pb_common.o(i.pb_field_iter_find)
    pb_field_iter_next                       0x0002c4d9   Thumb Code   126  pb_common.o(i.pb_field_iter_next)
    pb_istream_from_buffer                   0x0002c5fd   Thumb Code    14  pb_decode.o(i.pb_istream_from_buffer)
    pb_make_string_substream                 0x0002c611   Thumb Code    54  pb_decode.o(i.pb_make_string_substream)
    pb_read                                  0x0002c66d   Thumb Code    84  pb_decode.o(i.pb_read)
    pb_skip_field                            0x0002c6e5   Thumb Code    90  pb_decode.o(i.pb_skip_field)
    postvalidate                             0x0002c741   Thumb Code   184  nrf_dfu_validation.o(i.postvalidate)
    settings_backup                          0x0002cc05   Thumb Code    12  nrf_dfu_settings.o(i.settings_backup)
    sha256_final                             0x0002cc73   Thumb Code   272  sha256.o(i.sha256_final)
    sha256_init                              0x0002cd85   Thumb Code    50  sha256.o(i.sha256_init)
    sha256_transform                         0x0002cdd9   Thumb Code   294  sha256.o(i.sha256_transform)
    sha256_update                            0x0002cf05   Thumb Code    84  sha256.o(i.sha256_update)
    pk                                       0x0002d350   Data          64  dfu_public_key.o(.constdata)
    g_nrf_crypto_hash_sha256_info            0x0002d3c8   Data          24  nrf_sw_backend_hash.o(.constdata)
    g_nrf_crypto_ecc_secp256r1_curve_info    0x0002d3e0   Data          12  micro_ecc_backend_ecc.o(.constdata)
    dfu_init_command_is_debug_default        0x0002d3ec   Data           1  dfu-cc.pb.o(.constdata)
    dfu_hash_fields                          0x0002d3f0   Data          48  dfu-cc.pb.o(.constdata)
    dfu_boot_validation_fields               0x0002d420   Data          48  dfu-cc.pb.o(.constdata)
    dfu_init_command_fields                  0x0002d450   Data         176  dfu-cc.pb.o(.constdata)
    dfu_command_fields                       0x0002d500   Data          48  dfu-cc.pb.o(.constdata)
    dfu_signed_command_fields                0x0002d530   Data          64  dfu-cc.pb.o(.constdata)
    dfu_packet_fields                        0x0002d570   Data          48  dfu-cc.pb.o(.constdata)
    nrf_fstorage_nvmc                        0x0002d704   Data          32  nrf_fstorage_nvmc.o(.constdata)
    nrf_fstorage_sd                          0x0002d734   Data          32  nrf_fstorage_sd.o(.constdata)
    m_ram_start                              0x0002d8cc   Data           4  nrf_sdh_ble.o(.constdata)
    Region$$Table$$Base                      0x0002d9cc   Number         0  anon$$obj.o(Region$$Table)
    Region$$Table$$Limit                     0x0002d9ec   Number         0  anon$$obj.o(Region$$Table)
    ble_dfu_transport                        0x0002d9ec   Data           8  nrf_dfu_ble.o(dfu_trans)
    dfu_trans$$Base                          0x0002d9ec   Number         0  nrf_dfu_ble.o(dfu_trans)
    dfu_trans$$Limit                         0x0002d9f4   Number         0  nrf_dfu_ble.o(dfu_trans)
    m_buffer_pool                            0x0002d9f4   Data          20  nrf_dfu_ble.o(nrf_balloc)
    sdh_ble_observers2$$Base                 0x0002da08   Number         0  nrf_dfu_ble.o(sdh_ble_observers2)
    m_req_obs                                0x0002da10   Data           8  nrf_fstorage_sd.o(sdh_req_observers0)
    sdh_ble_observers2$$Limit                0x0002da10   Number         0  nrf_dfu_ble.o(sdh_ble_observers2)
    sdh_req_observers0$$Base                 0x0002da10   Number         0  nrf_fstorage_sd.o(sdh_req_observers0)
    sdh_req_observers0$$Limit                0x0002da18   Number         0  nrf_fstorage_sd.o(sdh_req_observers0)
    sdh_soc_observers0$$Base                 0x0002da18   Number         0  nrf_fstorage_sd.o(sdh_soc_observers0)
    sdh_soc_observers0$$Limit                0x0002da20   Number         0  nrf_fstorage_sd.o(sdh_soc_observers0)
    sdh_stack_observers0$$Base               0x0002da20   Number         0  nrf_sdh_ble.o(sdh_stack_observers0)
    sdh_stack_observers0$$Limit              0x0002da30   Number         0  nrf_sdh_soc.o(sdh_stack_observers0)
    sdh_state_observers0$$Base               0x0002da30   Number         0  nrf_fstorage_sd.o(sdh_state_observers0)
    nrf_dfu_set_adv_name_var                 0x0002da38   Data          12  nrf_dfu_svci_handler.o(svc_data)
    sdh_state_observers0$$Limit              0x0002da38   Number         0  nrf_fstorage_sd.o(sdh_state_observers0)
    svc_data$$Base                           0x0002da38   Number         0  nrf_dfu_svci_handler.o(svc_data)
    svc_data$$Limit                          0x0002da44   Number         0  nrf_dfu_svci_handler.o(svc_data)
    m_mbr_params_page                        0x0002e000   Data        4096  nrf_dfu_settings.o(.ARM.__AT_0x0002E000)
    m_dfu_settings_buffer                    0x0002f000   Data        4096  nrf_dfu_settings.o(.ARM.__AT_0x0002F000)
    Image$$RW_IRAM1$$Base                    0x20002390   Number         0  anon$$obj.o ABSOLUTE
    mp_inactivity                            0x2000239c   Data           4  nrf_bootloader_dfu_timers.o(.data)
    mp_wdt_feed                              0x200023a0   Data           4  nrf_bootloader_dfu_timers.o(.data)
    m_counter_loops                          0x200023a4   Data           4  nrf_bootloader_dfu_timers.o(.data)
    m_timers                                 0x200023a8   Data          32  nrf_bootloader_dfu_timers.o(.data)
    mp_dfu_settings_backup_buffer            0x200023fc   Data           4  nrf_dfu_settings.o(.data)
    SystemCoreClock                          0x20002430   Data           4  system_nrf52810.o(.data)
    fs_data$$Base                            0x20002434   Number         0  nrf_dfu_flash.o(fs_data)
    m_fs                                     0x20002434   Data          20  nrf_dfu_flash.o(fs_data)
    fs_data$$Limit                           0x20002448   Number         0  nrf_dfu_flash.o(fs_data)
    s_dfu_settings                           0x20004000   Data         896  nrf_dfu_settings.o(.bss)
    nrf_nvic_state                           0x20004774   Data          12  app_util_platform.o(.bss)
    __initial_sp                             0x20005180   Data           0  arm_startup_nrf52810.o(STACK)



==============================================================================

Memory Map of the image

  Image Entry point : 0x00028201

  Load Region LR_IROM1 (Base: 0x00028000, Size: 0x00005afc, Max: 0x00006000, ABSOLUTE)

    Execution Region ER_IROM1 (Base: 0x00028000, Size: 0x00005a44, Max: 0x00006000, ABSOLUTE)

    Base Addr    Size         Type   Attr      Idx    E Section Name        Object

    0x00028000   0x00000200   Data   RO         4304    RESET               arm_startup_nrf52810.o
    0x00028200   0x00000000   Code   RO         4422  * .ARM.Collect$$$$00000000  mc_w.l(entry.o)
    0x00028200   0x00000004   Code   RO         4439    .ARM.Collect$$$$00000001  mc_w.l(entry2.o)
    0x00028204   0x00000004   Code   RO         4442    .ARM.Collect$$$$00000004  mc_w.l(entry5.o)
    0x00028208   0x00000000   Code   RO         4444    .ARM.Collect$$$$00000008  mc_w.l(entry7b.o)
    0x00028208   0x00000000   Code   RO         4446    .ARM.Collect$$$$0000000A  mc_w.l(entry8b.o)
    0x00028208   0x00000008   Code   RO         4447    .ARM.Collect$$$$0000000B  mc_w.l(entry9a.o)
    0x00028210   0x00000000   Code   RO         4449    .ARM.Collect$$$$0000000D  mc_w.l(entry10a.o)
    0x00028210   0x00000000   Code   RO         4451    .ARM.Collect$$$$0000000F  mc_w.l(entry11a.o)
    0x00028210   0x00000004   Code   RO         4440    .ARM.Collect$$$$00002712  mc_w.l(entry2.o)
    0x00028214   0x00000008   Code   RO          635    .emb_text           nrf_bootloader_app_start_final.o
    0x0002821c   0x000000c8   Code   RO         3065    .emb_text           nrf_atfifo.o
    0x000282e4   0x000000e2   Code   RO         3138    .emb_text           nrf_atomic.o
    0x000283c6   0x00000002   PAD
    0x000283c8   0x00000014   Code   RO         3872    .emb_text           nrf_svc_handler.o
    0x000283dc   0x00000024   Code   RO         4305    .text               arm_startup_nrf52810.o
    0x00028400   0x0000001e   Code   RO         4425    .text               mc_w.l(llshl.o)
    0x0002841e   0x00000024   Code   RO         4427    .text               mc_w.l(memcpya.o)
    0x00028442   0x00000024   Code   RO         4431    .text               mc_w.l(memseta.o)
    0x00028466   0x0000001a   Code   RO         4435    .text               mc_w.l(memcmp.o)
    0x00028480   0x00000024   Code   RO         4453    .text               mc_w.l(init.o)
    0x000284a4   0x000000ca   Code   RO         4376    .text.XYcZ_add      micro_ecc_lib_nrf52.lib(uECC.c.o)
    0x0002856e   0x0000003e   Code   RO         4375    .text.apply_z       micro_ecc_lib_nrf52.lib(uECC.c.o)
    0x000285ac   0x00000014   Code   RO         4348    .text.bcopy         micro_ecc_lib_nrf52.lib(uECC.c.o)
    0x000285c0   0x0000008a   Code   RO         4380    .text.bits2int      micro_ecc_lib_nrf52.lib(uECC.c.o)
    0x0002864a   0x00000156   Code   RO         4365    .text.double_jacobian_default  micro_ecc_lib_nrf52.lib(uECC.c.o)
    0x000287a0   0x00000008   Code   RO         4398    .text.uECC_secp256r1  micro_ecc_lib_nrf52.lib(uECC.c.o)
    0x000287a8   0x000002e4   Code   RO         4407    .text.uECC_verify   micro_ecc_lib_nrf52.lib(uECC.c.o)
    0x00028a8c   0x00000004   PAD
    0x00028a90   0x0000005c   Code   RO         4349    .text.uECC_vli_add  micro_ecc_lib_nrf52.lib(uECC.c.o)
    0x00028aec   0x00000016   Code   RO         4352    .text.uECC_vli_clear  micro_ecc_lib_nrf52.lib(uECC.c.o)
    0x00028b02   0x00000028   Code   RO         4357    .text.uECC_vli_cmp_unsafe  micro_ecc_lib_nrf52.lib(uECC.c.o)
    0x00028b2a   0x0000001e   Code   RO         4353    .text.uECC_vli_isZero  micro_ecc_lib_nrf52.lib(uECC.c.o)
    0x00028b48   0x00000032   Code   RO         4360    .text.uECC_vli_modAdd  micro_ecc_lib_nrf52.lib(uECC.c.o)
    0x00028b7a   0x0000010c   Code   RO         4386    .text.uECC_vli_modInv  micro_ecc_lib_nrf52.lib(uECC.c.o)
    0x00028c86   0x00000148   Code   RO         4362    .text.uECC_vli_modMult  micro_ecc_lib_nrf52.lib(uECC.c.o)
    0x00028dce   0x00000020   Code   RO         4363    .text.uECC_vli_modMult_fast  micro_ecc_lib_nrf52.lib(uECC.c.o)
    0x00028dee   0x00000008   Code   RO         4364    .text.uECC_vli_modSquare_fast  micro_ecc_lib_nrf52.lib(uECC.c.o)
    0x00028df6   0x00000024   Code   RO         4361    .text.uECC_vli_modSub  micro_ecc_lib_nrf52.lib(uECC.c.o)
    0x00028e1a   0x00000312   Code   RO         4351    .text.uECC_vli_mult  micro_ecc_lib_nrf52.lib(uECC.c.o)
    0x0002912c   0x0000003a   Code   RO         4355    .text.uECC_vli_numBits  micro_ecc_lib_nrf52.lib(uECC.c.o)
    0x00029166   0x0000001c   Code   RO         4359    .text.uECC_vli_rshift1  micro_ecc_lib_nrf52.lib(uECC.c.o)
    0x00029182   0x00000018   Code   RO         4356    .text.uECC_vli_set  micro_ecc_lib_nrf52.lib(uECC.c.o)
    0x0002919a   0x00000006   PAD
    0x000291a0   0x00000060   Code   RO         4350    .text.uECC_vli_sub  micro_ecc_lib_nrf52.lib(uECC.c.o)
    0x00029200   0x00000014   Code   RO         4354    .text.uECC_vli_testBit  micro_ecc_lib_nrf52.lib(uECC.c.o)
    0x00029214   0x000001ac   Code   RO         4371    .text.vli_mmod_fast_secp256r1  micro_ecc_lib_nrf52.lib(uECC.c.o)
    0x000293c0   0x00000038   Code   RO         4385    .text.vli_modInv_update  micro_ecc_lib_nrf52.lib(uECC.c.o)
    0x000293f8   0x0000005a   Code   RO         4366    .text.x_side_default  micro_ecc_lib_nrf52.lib(uECC.c.o)
    0x00029452   0x00000002   PAD
    0x00029454   0x00000074   Code   RO          673    i.RTC1_IRQHandler   nrf_bootloader_dfu_timers.o
    0x000294c8   0x00000004   Code   RO         3901    i.SWI2_IRQHandler   nrf_sdh.o
    0x000294cc   0x000001bc   Code   RO         4313    i.SystemInit        system_nrf52810.o
    0x00029688   0x00000014   Code   RO          835    i.WDT_IRQHandler    nrf_bootloader_wdt.o
    0x0002969c   0x0000000e   Code   RO         4457    i.__scatterload_copy  mc_w.l(handlers.o)
    0x000296aa   0x00000002   Code   RO         4458    i.__scatterload_null  mc_w.l(handlers.o)
    0x000296ac   0x0000000e   Code   RO         4459    i.__scatterload_zeroinit  mc_w.l(handlers.o)
    0x000296ba   0x00000002   PAD
    0x000296bc   0x00000024   Code   RO         3902    i.__sd_nvic_app_accessible_irq  nrf_sdh.o
    0x000296e0   0x0000000c   Code   RO         3314    i.addr_is_aligned32  nrf_fstorage.o
    0x000296ec   0x00000018   Code   RO         3315    i.addr_is_within_bounds  nrf_fstorage.o
    0x00029704   0x0000006c   Code   RO         1638    i.advertising_init  nrf_dfu_ble.o
    0x00029770   0x00000034   Code   RO         1639    i.advertising_start  nrf_dfu_ble.o
    0x000297a4   0x00000048   Code   RO          760    i.app_activate      nrf_bootloader_fw_activation.o
    0x000297ec   0x00000004   Code   RO           24    i.app_error_fault_handler  main.o
    0x000297f0   0x00000004   Code   RO           26    i.app_error_handler_bare  main.o
    0x000297f4   0x000000a0   Code   RO         2804    i.app_sched_event_put  app_scheduler.o
    0x00029894   0x00000040   Code   RO         2805    i.app_sched_execute  app_scheduler.o
    0x000298d4   0x0000002c   Code   RO         2806    i.app_sched_init    app_scheduler.o
    0x00029900   0x00000048   Code   RO         2859    i.app_util_critical_region_enter  app_util_platform.o
    0x00029948   0x00000034   Code   RO         2860    i.app_util_critical_region_exit  app_util_platform.o
    0x0002997c   0x0000004c   Code   RO          761    i.bl_activate       nrf_bootloader_fw_activation.o
    0x000299c8   0x000000c4   Code   RO         1640    i.ble_dfu_init      nrf_dfu_ble.o
    0x00029a8c   0x000000b8   Code   RO         1641    i.ble_dfu_req_handler_callback  nrf_dfu_ble.o
    0x00029b44   0x00000060   Code   RO         1642    i.ble_dfu_transport_close  nrf_dfu_ble.o
    0x00029ba4   0x00000098   Code   RO         1644    i.ble_dfu_transport_init  nrf_dfu_ble.o
    0x00029c3c   0x000001b8   Code   RO         1645    i.ble_evt_handler   nrf_dfu_ble.o
    0x00029df4   0x00000008   Code   RO          393    i.ble_srv_is_notification_enabled  ble_srv_common.o
    0x00029dfc   0x00000010   Code   RO          471    i.boot_validate     nrf_bootloader.o
    0x00029e0c   0x0000000c   Code   RO         2156    i.boot_validation_crc  nrf_dfu_settings.o
    0x00029e18   0x00000098   Code   RO         2386    i.boot_validation_extract  nrf_dfu_validation.o
    0x00029eb0   0x00000024   Code   RO          472    i.bootloader_reset  nrf_bootloader.o
    0x00029ed4   0x00000030   Code   RO          307    i.bsp_board_init    boards.o
    0x00029f04   0x00000010   Code   RO          310    i.bsp_board_led_off  boards.o
    0x00029f14   0x00000010   Code   RO          311    i.bsp_board_led_on  boards.o
    0x00029f24   0x00000012   Code   RO          313    i.bsp_board_leds_off  boards.o
    0x00029f36   0x0000001c   Code   RO         4129    i.buf_read          pb_decode.o
    0x00029f52   0x00000002   PAD
    0x00029f54   0x00000010   Code   RO         1955    i.cmd_response_offset_and_crc_set  nrf_dfu_req_handler.o
    0x00029f64   0x0000003c   Code   RO         2927    i.crc32_compute     crc32.o
    0x00029fa0   0x0000001e   Code   RO         2157    i.crc_ok            nrf_dfu_settings.o
    0x00029fbe   0x00000002   PAD
    0x00029fc0   0x00000040   Code   RO         2387    i.crypto_init       nrf_dfu_validation.o
    0x0002a000   0x0000007e   Code   RO         4130    i.decode_callback_field  pb_decode.o
    0x0002a07e   0x0000001a   Code   RO         4131    i.decode_field      pb_decode.o
    0x0002a098   0x000000e0   Code   RO         4132    i.decode_static_field  pb_decode.o
    0x0002a178   0x00000088   Code   RO          473    i.dfu_enter_check   nrf_bootloader.o
    0x0002a200   0x0000000c   Code   RO         1819    i.dfu_fstorage_evt_handler  nrf_dfu_flash.o
    0x0002a20c   0x0000003a   Code   RO           27    i.dfu_observer      main.o
    0x0002a246   0x00000002   PAD
    0x0002a248   0x00000044   Code   RO          474    i.dfu_observer      nrf_bootloader.o
    0x0002a28c   0x00000024   Code   RO         1604    i.dfu_observer      nrf_dfu.o
    0x0002a2b0   0x00000028   Code   RO         2388    i.dfu_progress_reset  nrf_dfu_validation.o
    0x0002a2d8   0x00000024   Code   RO          475    i.do_reset          nrf_bootloader.o
    0x0002a2fc   0x00000048   Code   RO         3400    i.erase             nrf_fstorage_nvmc.o
    0x0002a344   0x0000004c   Code   RO         3474    i.erase             nrf_fstorage_sd.o
    0x0002a390   0x00000036   Code   RO         3401    i.event_send        nrf_fstorage_nvmc.o
    0x0002a3c6   0x00000054   Code   RO         3475    i.event_send        nrf_fstorage_sd.o
    0x0002a41a   0x0000000e   Code   RO         1956    i.ext_err_code_handle  nrf_dfu_req_handler.o
    0x0002a428   0x00000010   Code   RO         1880    i.ext_error_get     nrf_dfu_handling_error.o
    0x0002a438   0x0000000c   Code   RO         1881    i.ext_error_set     nrf_dfu_handling_error.o
    0x0002a444   0x0000000c   Code   RO          476    i.flash_write_callback  nrf_bootloader.o
    0x0002a450   0x0000000c   Code   RO          762    i.flash_write_callback  nrf_bootloader_fw_activation.o
    0x0002a45c   0x00000008   Code   RO         2389    i.fw_hash_ok        nrf_dfu_validation.o
    0x0002a464   0x00000068   Code   RO         1646    i.gap_params_init   nrf_dfu_ble.o
    0x0002a4cc   0x00000090   Code   RO          763    i.image_copy        nrf_bootloader_fw_activation.o
    0x0002a55c   0x00000006   Code   RO          477    i.inactivity_timeout  nrf_bootloader.o
    0x0002a562   0x00000002   PAD
    0x0002a564   0x0000000c   Code   RO         3402    i.init              nrf_fstorage_nvmc.o
    0x0002a570   0x00000038   Code   RO         3476    i.init              nrf_fstorage_sd.o
    0x0002a5a8   0x00000010   Code   RO         3403    i.is_busy           nrf_fstorage_nvmc.o
    0x0002a5b8   0x00000010   Code   RO         3477    i.is_busy           nrf_fstorage_sd.o
    0x0002a5c8   0x00000060   Code   RO         2390    i.is_major_softdevice_update  nrf_dfu_validation.o
    0x0002a628   0x0000002e   Code   RO         4133    i.iter_from_extension  pb_decode.o
    0x0002a656   0x00000002   PAD
    0x0002a658   0x0000003c   Code   RO           28    i.main              main.o
    0x0002a694   0x00000010   Code   RO         3067    i.nrf_atfifo_clear  nrf_atfifo.o
    0x0002a6a4   0x00000026   Code   RO         3069    i.nrf_atfifo_init   nrf_atfifo.o
    0x0002a6ca   0x00000016   Code   RO         3070    i.nrf_atfifo_item_alloc  nrf_atfifo.o
    0x0002a6e0   0x00000016   Code   RO         3071    i.nrf_atfifo_item_free  nrf_atfifo.o
    0x0002a6f6   0x00000016   Code   RO         3072    i.nrf_atfifo_item_get  nrf_atfifo.o
    0x0002a70c   0x00000016   Code   RO         3073    i.nrf_atfifo_item_put  nrf_atfifo.o
    0x0002a722   0x00000006   Code   RO         3139    i.nrf_atomic_flag_clear  nrf_atomic.o
    0x0002a728   0x00000006   Code   RO         3142    i.nrf_atomic_flag_set_fetch  nrf_atomic.o
    0x0002a72e   0x0000000c   Code   RO         3144    i.nrf_atomic_u32_and  nrf_atomic.o
    0x0002a73a   0x0000000a   Code   RO         3148    i.nrf_atomic_u32_fetch_or  nrf_atomic.o
    0x0002a744   0x00000044   Code   RO         3277    i.nrf_balloc_alloc  nrf_balloc.o
    0x0002a788   0x00000030   Code   RO         3278    i.nrf_balloc_free   nrf_balloc.o
    0x0002a7b8   0x00000030   Code   RO         3279    i.nrf_balloc_init   nrf_balloc.o
    0x0002a7e8   0x00000024   Code   RO          608    i.nrf_bootloader_app_start  nrf_bootloader_app_start.o
    0x0002a80c   0x0000008c   Code   RO          636    i.nrf_bootloader_app_start_final  nrf_bootloader_app_start_final.o
    0x0002a898   0x00000028   Code   RO          674    i.nrf_bootloader_dfu_inactivity_timer_restart  nrf_bootloader_dfu_timers.o
    0x0002a8c0   0x0000004c   Code   RO          637    i.nrf_bootloader_flash_protect  nrf_bootloader_app_start_final.o
    0x0002a90c   0x00000074   Code   RO          764    i.nrf_bootloader_fw_activate  nrf_bootloader_fw_activation.o
    0x0002a980   0x000000c4   Code   RO          478    i.nrf_bootloader_init  nrf_bootloader.o
    0x0002aa44   0x00000014   Code   RO          836    i.nrf_bootloader_wdt_feed  nrf_bootloader_wdt.o
    0x0002aa58   0x00000014   Code   RO          676    i.nrf_bootloader_wdt_feed_timer_start  nrf_bootloader_dfu_timers.o
    0x0002aa6c   0x00000048   Code   RO          837    i.nrf_bootloader_wdt_init  nrf_bootloader_wdt.o
    0x0002aab4   0x00000006   Code   RO         1396    i.nrf_crypto_backend_micro_ecc_curve_get  micro_ecc_backend_ecc.o
    0x0002aaba   0x00000010   Code   RO         1401    i.nrf_crypto_backend_micro_ecc_public_key_from_raw  micro_ecc_backend_ecc.o
    0x0002aaca   0x00000056   Code   RO         1554    i.nrf_crypto_backend_micro_ecc_verify  micro_ecc_backend_ecdsa.o
    0x0002ab20   0x00000034   Code   RO          906    i.nrf_crypto_ecc_public_key_from_raw  nrf_crypto_ecc.o
    0x0002ab54   0x00000058   Code   RO         1050    i.nrf_crypto_ecdsa_verify  nrf_crypto_ecdsa.o
    0x0002abac   0x00000036   Code   RO         1109    i.nrf_crypto_hash_calculate  nrf_crypto_hash.o
    0x0002abe2   0x00000036   Code   RO         1110    i.nrf_crypto_hash_finalize  nrf_crypto_hash.o
    0x0002ac18   0x0000002c   Code   RO         1111    i.nrf_crypto_hash_init  nrf_crypto_hash.o
    0x0002ac44   0x0000002e   Code   RO         1112    i.nrf_crypto_hash_update  nrf_crypto_hash.o
    0x0002ac72   0x00000002   PAD
    0x0002ac74   0x00000040   Code   RO         1187    i.nrf_crypto_init   nrf_crypto_init.o
    0x0002acb4   0x0000001a   Code   RO         1235    i.nrf_crypto_internal_double_swap_endian  nrf_crypto_shared.o
    0x0002acce   0x00000016   Code   RO         1236    i.nrf_crypto_internal_double_swap_endian_in_place  nrf_crypto_shared.o
    0x0002ace4   0x00000018   Code   RO          908    i.nrf_crypto_internal_ecc_key_input_check  nrf_crypto_ecc.o
    0x0002acfc   0x0000001a   Code   RO          909    i.nrf_crypto_internal_ecc_key_output_prepare  nrf_crypto_ecc.o
    0x0002ad16   0x00000016   Code   RO          910    i.nrf_crypto_internal_ecc_raw_input_check  nrf_crypto_ecc.o
    0x0002ad2c   0x00000016   Code   RO         1237    i.nrf_crypto_internal_swap_endian  nrf_crypto_shared.o
    0x0002ad42   0x00000018   Code   RO         1238    i.nrf_crypto_internal_swap_endian_in_place  nrf_crypto_shared.o
    0x0002ad5a   0x00000002   PAD
    0x0002ad5c   0x00000028   Code   RO         2325    i.nrf_dfu_bank0_start_addr  nrf_dfu_utils.o
    0x0002ad84   0x00000020   Code   RO         2326    i.nrf_dfu_bank1_start_addr  nrf_dfu_utils.o
    0x0002ada4   0x00000014   Code   RO         2327    i.nrf_dfu_bank_invalidate  nrf_dfu_utils.o
    0x0002adb8   0x00000094   Code   RO         2328    i.nrf_dfu_cache_prepare  nrf_dfu_utils.o
    0x0002ae4c   0x00000094   Code   RO         1957    i.nrf_dfu_command_req  nrf_dfu_req_handler.o
    0x0002aee0   0x00000074   Code   RO         1958    i.nrf_dfu_data_req  nrf_dfu_req_handler.o
    0x0002af54   0x00000010   Code   RO         1820    i.nrf_dfu_flash_erase  nrf_dfu_flash.o
    0x0002af64   0x0000001c   Code   RO         1821    i.nrf_dfu_flash_init  nrf_dfu_flash.o
    0x0002af80   0x00000018   Code   RO         1822    i.nrf_dfu_flash_store  nrf_dfu_flash.o
    0x0002af98   0x0000002c   Code   RO         1605    i.nrf_dfu_init      nrf_dfu.o
    0x0002afc4   0x00000004   Code   RO          480    i.nrf_dfu_init_user  nrf_bootloader.o
    0x0002afc8   0x00000016   Code   RO         1912    i.nrf_dfu_mbr_copy_bl  nrf_dfu_mbr.o
    0x0002afde   0x00000002   PAD
    0x0002afe0   0x00000018   Code   RO         1913    i.nrf_dfu_mbr_init_sd  nrf_dfu_mbr.o
    0x0002aff8   0x0000000c   Code   RO         1914    i.nrf_dfu_mbr_irq_forward_address_set  nrf_dfu_mbr.o
    0x0002b004   0x00000044   Code   RO         1959    i.nrf_dfu_req_handler_init  nrf_dfu_req_handler.o
    0x0002b048   0x00000014   Code   RO         1960    i.nrf_dfu_req_handler_on_req  nrf_dfu_req_handler.o
    0x0002b05c   0x00000004   Code   RO         1961    i.nrf_dfu_req_handler_req  nrf_dfu_req_handler.o
    0x0002b060   0x00000090   Code   RO         1962    i.nrf_dfu_req_handler_req_process  nrf_dfu_req_handler.o
    0x0002b0f0   0x00000020   Code   RO         3821    i.nrf_dfu_set_adv_name_handler  nrf_dfu_svci_handler.o
    0x0002b110   0x00000038   Code   RO         3822    i.nrf_dfu_set_adv_name_on_call  nrf_dfu_svci_handler.o
    0x0002b148   0x00000024   Code   RO         3823    i.nrf_dfu_set_adv_name_on_sys_evt  nrf_dfu_svci_handler.o
    0x0002b16c   0x00000034   Code   RO         2246    i.nrf_dfu_settings_additional_erase  nrf_dfu_settings_svci.o
    0x0002b1a0   0x00000018   Code   RO         2247    i.nrf_dfu_settings_adv_name_copy  nrf_dfu_settings_svci.o
    0x0002b1b8   0x00000020   Code   RO         2248    i.nrf_dfu_settings_adv_name_is_valid  nrf_dfu_settings_svci.o
    0x0002b1d8   0x00000038   Code   RO         2249    i.nrf_dfu_settings_adv_name_write  nrf_dfu_settings_svci.o
    0x0002b210   0x0000000c   Code   RO         2159    i.nrf_dfu_settings_backup  nrf_dfu_settings.o
    0x0002b21c   0x000000e8   Code   RO         2160    i.nrf_dfu_settings_init  nrf_dfu_settings.o
    0x0002b304   0x00000034   Code   RO         2161    i.nrf_dfu_settings_write  nrf_dfu_settings.o
    0x0002b338   0x00000020   Code   RO         2162    i.nrf_dfu_settings_write_and_backup  nrf_dfu_settings.o
    0x0002b358   0x00000006   Code   RO         2329    i.nrf_dfu_softdevice_start_address  nrf_dfu_utils.o
    0x0002b35e   0x00000002   PAD
    0x0002b360   0x00000034   Code   RO         2293    i.nrf_dfu_transports_close  nrf_dfu_transport.o
    0x0002b394   0x00000034   Code   RO         2294    i.nrf_dfu_transports_init  nrf_dfu_transport.o
    0x0002b3c8   0x00000006   Code   RO         2391    i.nrf_dfu_validation_activation_prepare  nrf_dfu_validation.o
    0x0002b3ce   0x00000052   Code   RO         2392    i.nrf_dfu_validation_boot_validate  nrf_dfu_validation.o
    0x0002b420   0x00000064   Code   RO         2393    i.nrf_dfu_validation_hash_ok  nrf_dfu_validation.o
    0x0002b484   0x00000024   Code   RO         2394    i.nrf_dfu_validation_init  nrf_dfu_validation.o
    0x0002b4a8   0x00000048   Code   RO         2395    i.nrf_dfu_validation_init_cmd_append  nrf_dfu_validation.o
    0x0002b4f0   0x00000034   Code   RO         2396    i.nrf_dfu_validation_init_cmd_create  nrf_dfu_validation.o
    0x0002b524   0x00000084   Code   RO         2397    i.nrf_dfu_validation_init_cmd_execute  nrf_dfu_validation.o
    0x0002b5a8   0x0000000c   Code   RO         2398    i.nrf_dfu_validation_init_cmd_present  nrf_dfu_validation.o
    0x0002b5b4   0x00000048   Code   RO         2401    i.nrf_dfu_validation_prevalidate  nrf_dfu_validation.o
    0x0002b5fc   0x00000094   Code   RO         2402    i.nrf_dfu_validation_signature_check  nrf_dfu_validation.o
    0x0002b690   0x00000080   Code   RO         2545    i.nrf_dfu_ver_validation_check  nrf_dfu_ver_validation.o
    0x0002b710   0x0000002c   Code   RO         3316    i.nrf_fstorage_erase  nrf_fstorage.o
    0x0002b73c   0x00000008   Code   RO         3317    i.nrf_fstorage_init  nrf_fstorage.o
    0x0002b744   0x00000050   Code   RO         3318    i.nrf_fstorage_is_busy  nrf_fstorage.o
    0x0002b794   0x00000018   Code   RO         3478    i.nrf_fstorage_sdh_req_handler  nrf_fstorage_sd.o
    0x0002b7ac   0x00000020   Code   RO         3479    i.nrf_fstorage_sdh_state_handler  nrf_fstorage_sd.o
    0x0002b7cc   0x000000a0   Code   RO         3480    i.nrf_fstorage_sys_evt_handler  nrf_fstorage_sd.o
    0x0002b86c   0x0000003e   Code   RO         3323    i.nrf_fstorage_write  nrf_fstorage.o
    0x0002b8aa   0x00000016   Code   RO          316    i.nrf_gpio_pin_write  boards.o
    0x0002b8c0   0x00000030   Code   RO         2583    i.nrf_nvmc_page_erase  nrf_nvmc.o
    0x0002b8f0   0x00000044   Code   RO         2587    i.nrf_nvmc_write_words  nrf_nvmc.o
    0x0002b934   0x0000000c   Code   RO          481    i.nrf_power_gpregret_get  nrf_bootloader.o
    0x0002b940   0x0000000c   Code   RO          677    i.nrf_rtc_event_clear  nrf_bootloader_dfu_timers.o
    0x0002b94c   0x00000014   Code   RO         4019    i.nrf_sdh_ble_app_ram_start_get  nrf_sdh_ble.o
    0x0002b960   0x00000094   Code   RO         4020    i.nrf_sdh_ble_default_cfg_set  nrf_sdh_ble.o
    0x0002b9f4   0x00000014   Code   RO         4021    i.nrf_sdh_ble_enable  nrf_sdh_ble.o
    0x0002ba08   0x00000060   Code   RO         4022    i.nrf_sdh_ble_evts_poll  nrf_sdh_ble.o
    0x0002ba68   0x00000054   Code   RO         3903    i.nrf_sdh_disable_request  nrf_sdh.o
    0x0002babc   0x00000074   Code   RO         3904    i.nrf_sdh_enable_request  nrf_sdh.o
    0x0002bb30   0x00000024   Code   RO         3905    i.nrf_sdh_evts_poll  nrf_sdh.o
    0x0002bb54   0x0000000c   Code   RO         3906    i.nrf_sdh_is_enabled  nrf_sdh.o
    0x0002bb60   0x0000001c   Code   RO         3908    i.nrf_sdh_request_continue  nrf_sdh.o
    0x0002bb7c   0x0000003c   Code   RO         4073    i.nrf_sdh_soc_evts_poll  nrf_sdh_soc.o
    0x0002bbb8   0x0000000a   Code   RO         3670    i.nrf_section_iter_init  nrf_section_iter.o
    0x0002bbc2   0x00000024   Code   RO         3671    i.nrf_section_iter_item_set  nrf_section_iter.o
    0x0002bbe6   0x00000020   Code   RO         3672    i.nrf_section_iter_next  nrf_section_iter.o
    0x0002bc06   0x00000002   PAD
    0x0002bc08   0x0000005c   Code   RO         3873    i.nrf_svc_handler_c  nrf_svc_handler.o
    0x0002bc64   0x00000024   Code   RO         1357    i.nrf_sw_backend_hash_sha256_finalize  nrf_sw_backend_hash.o
    0x0002bc88   0x00000006   Code   RO         1358    i.nrf_sw_backend_hash_sha256_init  nrf_sw_backend_hash.o
    0x0002bc8e   0x00000006   Code   RO         1359    i.nrf_sw_backend_hash_sha256_update  nrf_sw_backend_hash.o
    0x0002bc94   0x00000010   Code   RO          838    i.nrf_wdt_started   nrf_bootloader_wdt.o
    0x0002bca4   0x00000070   Code   RO         1647    i.on_ctrl_pt_write  nrf_dfu_ble.o
    0x0002bd14   0x00000074   Code   RO         1963    i.on_data_obj_create_request  nrf_dfu_req_handler.o
    0x0002bd88   0x00000078   Code   RO         1964    i.on_data_obj_execute_request_sched  nrf_dfu_req_handler.o
    0x0002be00   0x00000080   Code   RO         1965    i.on_data_obj_write_request  nrf_dfu_req_handler.o
    0x0002be80   0x0000000c   Code   RO         1966    i.on_dfu_complete   nrf_dfu_req_handler.o
    0x0002be8c   0x00000024   Code   RO           29    i.on_error          main.o
    0x0002beb0   0x0000000c   Code   RO         1648    i.on_flash_write    nrf_dfu_ble.o
    0x0002bebc   0x00000088   Code   RO         1649    i.on_rw_authorize_req  nrf_dfu_ble.o
    0x0002bf44   0x00000042   Code   RO         4135    i.pb_dec_bytes      pb_decode.o
    0x0002bf86   0x00000006   Code   RO         4136    i.pb_dec_fixed32    pb_decode.o
    0x0002bf8c   0x00000006   Code   RO         4137    i.pb_dec_fixed64    pb_decode.o
    0x0002bf92   0x0000003e   Code   RO         4138    i.pb_dec_string     pb_decode.o
    0x0002bfd0   0x00000040   Code   RO         4139    i.pb_dec_submessage  pb_decode.o
    0x0002c010   0x00000058   Code   RO         4140    i.pb_dec_svarint    pb_decode.o
    0x0002c068   0x00000058   Code   RO         4141    i.pb_dec_uvarint    pb_decode.o
    0x0002c0c0   0x0000005a   Code   RO         4142    i.pb_dec_varint     pb_decode.o
    0x0002c11a   0x0000001e   Code   RO         4143    i.pb_decode         pb_decode.o
    0x0002c138   0x00000020   Code   RO         4145    i.pb_decode_fixed32  pb_decode.o
    0x0002c158   0x0000005c   Code   RO         4146    i.pb_decode_fixed64  pb_decode.o
    0x0002c1b4   0x00000186   Code   RO         4147    i.pb_decode_noinit  pb_decode.o
    0x0002c33a   0x0000003a   Code   RO         4148    i.pb_decode_svarint  pb_decode.o
    0x0002c374   0x00000042   Code   RO         4149    i.pb_decode_tag     pb_decode.o
    0x0002c3b6   0x0000004a   Code   RO         4150    i.pb_decode_varint  pb_decode.o
    0x0002c400   0x0000004c   Code   RO         4151    i.pb_decode_varint32  pb_decode.o
    0x0002c44c   0x0000003c   Code   RO         2404    i.pb_decoding_callback  nrf_dfu_validation.o
    0x0002c488   0x00000022   Code   RO         4102    i.pb_field_iter_begin  pb_common.o
    0x0002c4aa   0x0000002e   Code   RO         4103    i.pb_field_iter_find  pb_common.o
    0x0002c4d8   0x0000007e   Code   RO         4104    i.pb_field_iter_next  pb_common.o
    0x0002c556   0x000000a4   Code   RO         4152    i.pb_field_set_to_default  pb_decode.o
    0x0002c5fa   0x00000002   PAD
    0x0002c5fc   0x00000014   Code   RO         4153    i.pb_istream_from_buffer  pb_decode.o
    0x0002c610   0x00000036   Code   RO         4154    i.pb_make_string_substream  pb_decode.o
    0x0002c646   0x00000026   Code   RO         4155    i.pb_message_set_to_defaults  pb_decode.o
    0x0002c66c   0x00000058   Code   RO         4156    i.pb_read           pb_decode.o
    0x0002c6c4   0x00000020   Code   RO         4157    i.pb_readbyte       pb_decode.o
    0x0002c6e4   0x0000005a   Code   RO         4158    i.pb_skip_field     pb_decode.o
    0x0002c73e   0x00000002   PAD
    0x0002c740   0x000000c4   Code   RO         2405    i.postvalidate      nrf_dfu_validation.o
    0x0002c804   0x000000f4   Code   RO         2406    i.postvalidate_sd_bl  nrf_dfu_validation.o
    0x0002c8f8   0x00000014   Code   RO         3481    i.queue_free        nrf_fstorage_sd.o
    0x0002c90c   0x0000009c   Code   RO         3482    i.queue_process     nrf_fstorage_sd.o
    0x0002c9a8   0x00000024   Code   RO         3483    i.queue_start       nrf_fstorage_sd.o
    0x0002c9cc   0x0000000e   Code   RO         3404    i.read              nrf_fstorage_nvmc.o
    0x0002c9da   0x0000000e   Code   RO         3484    i.read              nrf_fstorage_sd.o
    0x0002c9e8   0x00000062   Code   RO         4159    i.read_raw_value    pb_decode.o
    0x0002ca4a   0x00000020   Code   RO         1650    i.response_crc_add  nrf_dfu_ble.o
    0x0002ca6a   0x00000002   PAD
    0x0002ca6c   0x00000034   Code   RO         1651    i.response_send     nrf_dfu_ble.o
    0x0002caa0   0x00000004   Code   RO         3405    i.rmap              nrf_fstorage_nvmc.o
    0x0002caa4   0x00000004   Code   RO         3485    i.rmap              nrf_fstorage_sd.o
    0x0002caa8   0x00000054   Code   RO          765    i.sd_activate       nrf_bootloader_fw_activation.o
    0x0002cafc   0x00000044   Code   RO         2546    i.sd_req_check      nrf_dfu_ver_validation.o
    0x0002cb40   0x00000068   Code   RO         2547    i.sd_req_ok         nrf_dfu_ver_validation.o
    0x0002cba8   0x00000030   Code   RO         3911    i.sdh_request_observer_notify  nrf_sdh.o
    0x0002cbd8   0x0000002c   Code   RO         3912    i.sdh_state_observer_notify  nrf_sdh.o
    0x0002cc04   0x00000014   Code   RO         2163    i.settings_backup   nrf_dfu_settings.o
    0x0002cc18   0x0000000a   Code   RO         2164    i.settings_crc_get  nrf_dfu_settings.o
    0x0002cc22   0x00000050   Code   RO         2165    i.settings_write    nrf_dfu_settings.o
    0x0002cc72   0x00000110   Code   RO         3738    i.sha256_final      sha256.o
    0x0002cd82   0x00000002   PAD
    0x0002cd84   0x00000054   Code   RO         3739    i.sha256_init       sha256.o
    0x0002cdd8   0x0000012c   Code   RO         3740    i.sha256_transform  sha256.o
    0x0002cf04   0x00000054   Code   RO         3741    i.sha256_update     sha256.o
    0x0002cf58   0x00000038   Code   RO         3913    i.softdevice_evt_irq_disable  nrf_sdh.o
    0x0002cf90   0x00000058   Code   RO         3914    i.softdevices_evt_irq_enable  nrf_sdh.o
    0x0002cfe8   0x000000c8   Code   RO         2407    i.stored_init_cmd_decode  nrf_dfu_validation.o
    0x0002d0b0   0x00000060   Code   RO          678    i.timer_activate    nrf_bootloader_dfu_timers.o
    0x0002d110   0x00000078   Code   RO          679    i.timer_init        nrf_bootloader_dfu_timers.o
    0x0002d188   0x0000001a   Code   RO          680    i.timer_start       nrf_bootloader_dfu_timers.o
    0x0002d1a2   0x00000002   PAD
    0x0002d1a4   0x00000014   Code   RO          681    i.timer_stop        nrf_bootloader_dfu_timers.o
    0x0002d1b8   0x00000012   Code   RO         1652    i.uint32_encode     nrf_dfu_ble.o
    0x0002d1ca   0x00000002   PAD
    0x0002d1cc   0x00000010   Code   RO         3406    i.uninit            nrf_fstorage_nvmc.o
    0x0002d1dc   0x00000020   Code   RO         3486    i.uninit            nrf_fstorage_sd.o
    0x0002d1fc   0x00000058   Code   RO         2408    i.update_data_size_get  nrf_dfu_validation.o
    0x0002d254   0x00000020   Code   RO         1113    i.verify_context    nrf_crypto_hash.o
    0x0002d274   0x0000003c   Code   RO          839    i.wdt_feed          nrf_bootloader_wdt.o
    0x0002d2b0   0x00000004   Code   RO          840    i.wdt_feed_timer_handler  nrf_bootloader_wdt.o
    0x0002d2b4   0x00000004   Code   RO         3407    i.wmap              nrf_fstorage_nvmc.o
    0x0002d2b8   0x00000004   Code   RO         3487    i.wmap              nrf_fstorage_sd.o
    0x0002d2bc   0x00000044   Code   RO         3408    i.write             nrf_fstorage_nvmc.o
    0x0002d300   0x00000050   Code   RO         3488    i.write             nrf_fstorage_sd.o
    0x0002d350   0x00000040   Data   RO            1    .constdata          dfu_public_key.o
    0x0002d390   0x00000002   Data   RO          317    .constdata          boards.o
    0x0002d392   0x00000002   PAD
    0x0002d394   0x00000020   Data   RO          638    .constdata          nrf_bootloader_app_start_final.o
    0x0002d3b4   0x0000000c   PAD
    0x0002d3c0   0x00000006   Data   RO          682    .constdata          nrf_bootloader_dfu_timers.o
    0x0002d3c6   0x00000002   PAD
    0x0002d3c8   0x00000018   Data   RO         1360    .constdata          nrf_sw_backend_hash.o
    0x0002d3e0   0x0000000c   Data   RO         1404    .constdata          micro_ecc_backend_ecc.o
    0x0002d3ec   0x00000001   Data   RO         1583    .constdata          dfu-cc.pb.o
    0x0002d3ed   0x00000003   PAD
    0x0002d3f0   0x00000030   Data   RO         1584    .constdata          dfu-cc.pb.o
    0x0002d420   0x00000030   Data   RO         1585    .constdata          dfu-cc.pb.o
    0x0002d450   0x000000b0   Data   RO         1586    .constdata          dfu-cc.pb.o
    0x0002d500   0x00000030   Data   RO         1587    .constdata          dfu-cc.pb.o
    0x0002d530   0x00000040   Data   RO         1588    .constdata          dfu-cc.pb.o
    0x0002d570   0x00000030   Data   RO         1589    .constdata          dfu-cc.pb.o
    0x0002d5a0   0x00000118   Data   RO         1656    .constdata          nrf_dfu_ble.o
    0x0002d6b8   0x00000010   Data   RO         1915    .constdata          nrf_dfu_mbr.o
    0x0002d6c8   0x00000030   Data   RO         1967    .constdata          nrf_dfu_req_handler.o
    0x0002d6f8   0x0000000c   Data   RO         3409    .constdata          nrf_fstorage_nvmc.o
    0x0002d704   0x00000020   Data   RO         3410    .constdata          nrf_fstorage_nvmc.o
    0x0002d724   0x00000010   Data   RO         3491    .constdata          nrf_fstorage_sd.o
    0x0002d734   0x00000020   Data   RO         3492    .constdata          nrf_fstorage_sd.o
    0x0002d754   0x00000100   Data   RO         3742    .constdata          sha256.o
    0x0002d854   0x00000010   Data   RO         3915    .constdata          nrf_sdh.o
    0x0002d864   0x00000028   Data   RO         3916    .constdata          nrf_sdh.o
    0x0002d88c   0x00000010   Data   RO         3917    .constdata          nrf_sdh.o
    0x0002d89c   0x00000010   Data   RO         3918    .constdata          nrf_sdh.o
    0x0002d8ac   0x00000020   Data   RO         4023    .constdata          nrf_sdh_ble.o
    0x0002d8cc   0x00000010   Data   RO         4024    .constdata          nrf_sdh_ble.o
    0x0002d8dc   0x00000010   Data   RO         4074    .constdata          nrf_sdh_soc.o
    0x0002d8ec   0x0000000c   Data   RO         4075    .constdata          nrf_sdh_soc.o
    0x0002d8f8   0x00000024   Data   RO         4160    .constdata          pb_decode.o
    0x0002d91c   0x000000b0   Data   RO         4413    .rodata.curve_secp256r1  micro_ecc_lib_nrf52.lib(uECC.c.o)
    0x0002d9cc   0x00000020   Data   RO         4455    Region$$Table       anon$$obj.o
    0x0002d9ec   0x00000008   Data   RO         1659    dfu_trans           nrf_dfu_ble.o
    0x0002d9f4   0x00000014   Data   RO         1660    nrf_balloc          nrf_dfu_ble.o
    0x0002da08   0x00000008   Data   RO         1661    sdh_ble_observers2  nrf_dfu_ble.o
    0x0002da10   0x00000008   Data   RO         3494    sdh_req_observers0  nrf_fstorage_sd.o
    0x0002da18   0x00000008   Data   RO         3495    sdh_soc_observers0  nrf_fstorage_sd.o
    0x0002da20   0x00000008   Data   RO         4026    sdh_stack_observers0  nrf_sdh_ble.o
    0x0002da28   0x00000008   Data   RO         4076    sdh_stack_observers0  nrf_sdh_soc.o
    0x0002da30   0x00000008   Data   RO         3496    sdh_state_observers0  nrf_fstorage_sd.o
    0x0002da38   0x0000000c   Data   RO         3824    svc_data            nrf_dfu_svci_handler.o


    Execution Region RW_IRAM1 (Base: 0x20002390, Size: 0x00002df0, Max: 0x00003c70, ABSOLUTE)

    Base Addr    Size         Type   Attr      Idx    E Section Name        Object

    0x20002390   0x00000008   Data   RW          483    .data               nrf_bootloader.o
    0x20002398   0x00000030   Data   RW          683    .data               nrf_bootloader_dfu_timers.o
    0x200023c8   0x00000001   Data   RW          766    .data               nrf_bootloader_fw_activation.o
    0x200023c9   0x00000001   Data   RW          841    .data               nrf_bootloader_wdt.o
    0x200023ca   0x00000001   Data   RW         1191    .data               nrf_crypto_init.o
    0x200023cb   0x00000001   PAD
    0x200023cc   0x00000004   Data   RW         1606    .data               nrf_dfu.o
    0x200023d0   0x00000010   Data   RW         1657    .data               nrf_dfu_ble.o
    0x200023e0   0x00000008   Data   RW         1658    .data               nrf_dfu_ble.o
    0x200023e8   0x00000001   Data   RW         1882    .data               nrf_dfu_handling_error.o
    0x200023e9   0x00000003   PAD
    0x200023ec   0x00000010   Data   RW         1968    .data               nrf_dfu_req_handler.o
    0x200023fc   0x00000004   Data   RW         2170    .data               nrf_dfu_settings.o
    0x20002400   0x00000010   Data   RW         2410    .data               nrf_dfu_validation.o
    0x20002410   0x00000010   Data   RW         2808    .data               app_scheduler.o
    0x20002420   0x00000004   Data   RW         3411    .data               nrf_fstorage_nvmc.o
    0x20002424   0x00000008   Data   RW         3493    .data               nrf_fstorage_sd.o
    0x2000242c   0x00000003   Data   RW         3919    .data               nrf_sdh.o
    0x2000242f   0x00000001   Data   RW         4025    .data               nrf_sdh_ble.o
    0x20002430   0x00000004   Data   RW         4314    .data               system_nrf52810.o
    0x20002434   0x00000014   Data   RW         1824    fs_data             nrf_dfu_flash.o
    0x20002448   0x00000420   Zero   RW          482    .bss                nrf_bootloader.o
    0x20002868   0x00000050   Zero   RW         1653    .bss                nrf_dfu_ble.o
    0x200028b8   0x00000011   Zero   RW         1654    .bss                nrf_dfu_ble.o
    0x200028c9   0x00000003   PAD
    0x200028cc   0x00001034   Zero   RW         1655    .bss                nrf_dfu_ble.o
    0x20003900   0x00000a80   Zero   RW         2169    .bss                nrf_dfu_settings.o
    0x20004380   0x000003f4   Zero   RW         2409    .bss                nrf_dfu_validation.o
    0x20004774   0x0000000c   Zero   RW         2865    .bss                app_util_platform.o
    0x20004780   0x00000010   Zero   RW         3489    .bss                nrf_fstorage_sd.o
    0x20004790   0x000001f0   Zero   RW         3490    .bss                nrf_fstorage_sd.o
    0x20004980   0x00000800   Zero   RW         4302    STACK               arm_startup_nrf52810.o



  Load Region LR$$.ARM.__AT_0x00000FF8 (Base: 0x00000ff8, Size: 0x00000004, Max: 0x00000004, ABSOLUTE)

    Execution Region ER$$.ARM.__AT_0x00000FF8 (Base: 0x00000ff8, Size: 0x00000004, Max: 0x00000004, ABSOLUTE, UNINIT)

    Base Addr    Size         Type   Attr      Idx    E Section Name        Object

    0x00000ff8   0x00000004   Data   RW          814    .ARM.__AT_0x00000FF8  nrf_bootloader_info.o



  Load Region LR$$.ARM.__AT_0x00000FFC (Base: 0x00000ffc, Size: 0x00000004, Max: 0x00000004, ABSOLUTE)

    Execution Region ER$$.ARM.__AT_0x00000FFC (Base: 0x00000ffc, Size: 0x00000004, Max: 0x00000004, ABSOLUTE, UNINIT)

    Base Addr    Size         Type   Attr      Idx    E Section Name        Object

    0x00000ffc   0x00000004   Data   RO         2166    .ARM.__AT_0x00000FFC  nrf_dfu_settings.o



  Load Region LR$$.ARM.__AT_0x0002E000 (Base: 0x0002e000, Size: 0x00000000, Max: 0x00001000, ABSOLUTE)

    Execution Region ER$$.ARM.__AT_0x0002E000 (Base: 0x0002e000, Size: 0x00001000, Max: 0x00001000, ABSOLUTE, UNINIT)

    Base Addr    Size         Type   Attr      Idx    E Section Name        Object

    0x0002e000   0x00001000   Zero   RW         2167    .ARM.__AT_0x0002E000  nrf_dfu_settings.o



  Load Region LR$$.ARM.__AT_0x0002F000 (Base: 0x0002f000, Size: 0x00000000, Max: 0x00001000, ABSOLUTE)

    Execution Region ER$$.ARM.__AT_0x0002F000 (Base: 0x0002f000, Size: 0x00001000, Max: 0x00001000, ABSOLUTE, UNINIT)

    Base Addr    Size         Type   Attr      Idx    E Section Name        Object

    0x0002f000   0x00001000   Zero   RW         2168    .ARM.__AT_0x0002F000  nrf_dfu_settings.o


==============================================================================

Image component sizes


      Code (inc. data)   RO Data    RW Data    ZI Data      Debug   Object Name

       268         16          0         16          0      41297   app_scheduler.o
       124         14          0          0         12       9102   app_util_platform.o
        36          8        512          0       2048        820   arm_startup_nrf52810.o
         8          0          0          0          0      27218   ble_srv_common.o
       120         18          2          0          0       6893   boards.o
        60          6          0          0          0       1324   crc32.o
         0          0        433          0          0       1354   dfu-cc.pb.o
         0          0         64          0          0       5125   dfu_public_key.o
       162         28          0          0          0      87717   main.o
        22          0         12          0          0      24625   micro_ecc_backend_ecc.o
        86          0          0          0          0       2166   micro_ecc_backend_ecdsa.o
       342          0          0          0          0       7710   nrf_atfifo.o
       260          0          0          0          0       4812   nrf_atomic.o
       164          0          0          0          0       3200   nrf_balloc.o
       522         82          0          8       1056      23682   nrf_bootloader.o
        36          0          0          0          0        639   nrf_bootloader_app_start.o
       224         18         32          0          0       8268   nrf_bootloader_app_start_final.o
       450         56          6         48          0      40626   nrf_bootloader_dfu_timers.o
       504         48          0          1          0       6057   nrf_bootloader_fw_activation.o
         0          0          0          4          0        306   nrf_bootloader_info.o
       192         34          0          1          0      29772   nrf_bootloader_wdt.o
       124          4          0          0          0      28156   nrf_crypto_ecc.o
        88          4          0          0          0      13690   nrf_crypto_ecdsa.o
       230         12          0          0          0       9061   nrf_crypto_hash.o
        64         14          0          1          0       2801   nrf_crypto_init.o
        94          0          0          0          0       3418   nrf_crypto_shared.o
        80         14          0          4          0       2791   nrf_dfu.o
      1694        156        316         24       4245     112442   nrf_dfu_ble.o
        80         22          0         20          0       5271   nrf_dfu_flash.o
        28         10          0          1          0       1396   nrf_dfu_handling_error.o
        58          6         16          0          0       8182   nrf_dfu_mbr.o
       906        112         48         16          0      32492   nrf_dfu_req_handler.o
       480         50          4          4      10880       9101   nrf_dfu_settings.o
       164         20          0          0          0       3968   nrf_dfu_settings_svci.o
       124         16         12          0          0       5707   nrf_dfu_svci_handler.o
       104         18          0          0          0       2424   nrf_dfu_transport.o
       246         28          0          0          0      13381   nrf_dfu_utils.o
      1860        170          0         16       1012      19623   nrf_dfu_validation.o
       300         14          0          0          0       3995   nrf_dfu_ver_validation.o
       230         10          0          0          0       5420   nrf_fstorage.o
       260         20         44          4          0       8548   nrf_fstorage_nvmc.o
       794         82         72          8        512      15339   nrf_fstorage_sd.o
       116         18          0          0          0       1709   nrf_nvmc.o
       552         60         88          3          0      37591   nrf_sdh.o
       284         18         56          1          0       6635   nrf_sdh_ble.o
        60          4         36          0          0       2088   nrf_sdh_soc.o
        78          0          0          0          0       2356   nrf_section_iter.o
       112         10          0          0          0       2213   nrf_svc_handler.o
        48          0         24          0          0       3348   nrf_sw_backend_hash.o
       206          0          0          0          0       3040   pb_common.o
      2322         14         36          0          0      24866   pb_decode.o
       740         40        256          0          0       6116   sha256.o
       444         52          0          4          0       1939   system_nrf52810.o

    ----------------------------------------------------------------------
     16584       1326       2120        188      19768     731820   Object Totals
         0          0         32          0          0          0   (incl. Generated)
        34          0         19          4          3          0   (incl. Padding)

    ----------------------------------------------------------------------

      Code (inc. data)   RO Data    RW Data    ZI Data      Debug   Library Member Name

         0          0          0          0          0          0   entry.o
         0          0          0          0          0          0   entry10a.o
         0          0          0          0          0          0   entry11a.o
         8          4          0          0          0          0   entry2.o
         4          0          0          0          0          0   entry5.o
         0          0          0          0          0          0   entry7b.o
         0          0          0          0          0          0   entry8b.o
         8          4          0          0          0          0   entry9a.o
        30          0          0          0          0          0   handlers.o
        36          8          0          0          0         68   init.o
        30          0          0          0          0         68   llshl.o
        26          0          0          0          0         80   memcmp.o
        36          0          0          0          0         68   memcpya.o
        36          0          0          0          0        108   memseta.o
      4004          8        176          0          0      40194   uECC.c.o

    ----------------------------------------------------------------------
      4232         24        176          0          0      40586   Library Totals
        14          0          0          0          0          0   (incl. Padding)

    ----------------------------------------------------------------------

      Code (inc. data)   RO Data    RW Data    ZI Data      Debug   Library Name

       214         16          0          0          0        392   mc_w.l
      4004          8        176          0          0      40194   micro_ecc_lib_nrf52.lib

    ----------------------------------------------------------------------
      4232         24        176          0          0      40586   Library Totals

    ----------------------------------------------------------------------

==============================================================================


      Code (inc. data)   RO Data    RW Data    ZI Data      Debug   

     20816       1350       2296        188      19768     759194   Grand Totals
     20816       1350       2296        188      19768     759194   ELF Image Totals
     20816       1350       2296        188          0          0   ROM Totals

==============================================================================

    Total RO  Size (Code + RO Data)                23112 (  22.57kB)
    Total RW  Size (RW Data + ZI Data)             19956 (  19.49kB)
    Total ROM Size (Code + RO Data + RW Data)      23300 (  22.75kB)

==============================================================================

