<!doctype html public "-//w3c//dtd html 4.0 transitional//en">
<html><head>
<title>Static Call Graph - [.\output\boot.axf]</title></head>
<body><HR>
<H1>Static Call Graph for image .\output\boot.axf</H1><HR>
<BR><P>#&#060CALLGRAPH&#062# ARM Linker, 5060300: Last Updated: Tue Jun 22 16:24:16 2021
<BR><P>
<H3>Maximum Stack Usage =       3848 bytes + Unknown(Cycles, Untraceable Function Pointers)</H3><H3>
Call chain for Maximum Stack Depth:</H3>
on_data_obj_execute_request_sched &rArr; nrf_dfu_validation_activation_prepare &rArr; postvalidate &rArr; postvalidate_sd_bl &rArr; boot_validation_extract &rArr; nrf_dfu_validation_boot_validate &rArr; nrf_dfu_validation_signature_check &rArr; nrf_crypto_ecdsa_verify &rArr; nrf_crypto_backend_micro_ecc_verify &rArr; uECC_verify &rArr; uECC_vli_modMult &rArr; uECC_vli_mult
<P>
<H3>
Mutually Recursive functions
</H3> <LI><a href="#[1]">NMI_Handler</a>&nbsp;&nbsp;&nbsp;&rArr;&nbsp;&nbsp;&nbsp;<a href="#[1]">NMI_Handler</a><BR>
 <LI><a href="#[2]">HardFault_Handler</a>&nbsp;&nbsp;&nbsp;&rArr;&nbsp;&nbsp;&nbsp;<a href="#[2]">HardFault_Handler</a><BR>
 <LI><a href="#[3]">MemoryManagement_Handler</a>&nbsp;&nbsp;&nbsp;&rArr;&nbsp;&nbsp;&nbsp;<a href="#[3]">MemoryManagement_Handler</a><BR>
 <LI><a href="#[4]">BusFault_Handler</a>&nbsp;&nbsp;&nbsp;&rArr;&nbsp;&nbsp;&nbsp;<a href="#[4]">BusFault_Handler</a><BR>
 <LI><a href="#[5]">UsageFault_Handler</a>&nbsp;&nbsp;&nbsp;&rArr;&nbsp;&nbsp;&nbsp;<a href="#[5]">UsageFault_Handler</a><BR>
 <LI><a href="#[7]">DebugMon_Handler</a>&nbsp;&nbsp;&nbsp;&rArr;&nbsp;&nbsp;&nbsp;<a href="#[7]">DebugMon_Handler</a><BR>
 <LI><a href="#[8]">PendSV_Handler</a>&nbsp;&nbsp;&nbsp;&rArr;&nbsp;&nbsp;&nbsp;<a href="#[8]">PendSV_Handler</a><BR>
 <LI><a href="#[9]">SysTick_Handler</a>&nbsp;&nbsp;&nbsp;&rArr;&nbsp;&nbsp;&nbsp;<a href="#[9]">SysTick_Handler</a><BR>
 <LI><a href="#[18]">CCM_AAR_IRQHandler</a>&nbsp;&nbsp;&nbsp;&rArr;&nbsp;&nbsp;&nbsp;<a href="#[18]">CCM_AAR_IRQHandler</a><BR>
 <LI><a href="#[7e]">uECC_vli_numBits</a>&nbsp;&nbsp;&nbsp;&rArr;&nbsp;&nbsp;&nbsp;<a href="#[7e]">uECC_vli_numBits</a><BR>
 <LI><a href="#[13c]">pb_read</a>&nbsp;&nbsp;&nbsp;&rArr;&nbsp;&nbsp;&nbsp;<a href="#[13c]">pb_read</a><BR>
 <LI><a href="#[148]">pb_field_set_to_default</a>&nbsp;&nbsp;&nbsp;&rArr;&nbsp;&nbsp;&nbsp;<a href="#[c7]">pb_message_set_to_defaults</a><BR>
 <LI><a href="#[5d]">nrf_fstorage_sys_evt_handler</a>&nbsp;&nbsp;&nbsp;&rArr;&nbsp;&nbsp;&nbsp;<a href="#[12b]">queue_process</a><BR>
 <LI><a href="#[67]">__asm___12_nrf_atfifo_c_51f461e1__nrf_atfifo_rspace_close</a>&nbsp;&nbsp;&nbsp;&rArr;&nbsp;&nbsp;&nbsp;<a href="#[67]">__asm___12_nrf_atfifo_c_51f461e1__nrf_atfifo_rspace_close</a><BR>
 <LI><a href="#[66]">__asm___12_nrf_atfifo_c_51f461e1__nrf_atfifo_wspace_close</a>&nbsp;&nbsp;&nbsp;&rArr;&nbsp;&nbsp;&nbsp;<a href="#[66]">__asm___12_nrf_atfifo_c_51f461e1__nrf_atfifo_wspace_close</a><BR>
</UL>
<P>
<H3>
Function Pointers
</H3><UL>
 <LI><a href="#[4]">BusFault_Handler</a> from arm_startup_nrf52810.o(.text) referenced from arm_startup_nrf52810.o(RESET)
 <LI><a href="#[18]">CCM_AAR_IRQHandler</a> from arm_startup_nrf52810.o(.text) referenced from arm_startup_nrf52810.o(RESET)
 <LI><a href="#[1c]">COMP_IRQHandler</a> from arm_startup_nrf52810.o(.text) referenced from arm_startup_nrf52810.o(RESET)
 <LI><a href="#[7]">DebugMon_Handler</a> from arm_startup_nrf52810.o(.text) referenced from arm_startup_nrf52810.o(RESET)
 <LI><a href="#[17]">ECB_IRQHandler</a> from arm_startup_nrf52810.o(.text) referenced from arm_startup_nrf52810.o(RESET)
 <LI><a href="#[f]">GPIOTE_IRQHandler</a> from arm_startup_nrf52810.o(.text) referenced from arm_startup_nrf52810.o(RESET)
 <LI><a href="#[2]">HardFault_Handler</a> from arm_startup_nrf52810.o(.text) referenced from arm_startup_nrf52810.o(RESET)
 <LI><a href="#[3]">MemoryManagement_Handler</a> from arm_startup_nrf52810.o(.text) referenced from arm_startup_nrf52810.o(RESET)
 <LI><a href="#[1]">NMI_Handler</a> from arm_startup_nrf52810.o(.text) referenced from arm_startup_nrf52810.o(RESET)
 <LI><a href="#[24]">PDM_IRQHandler</a> from arm_startup_nrf52810.o(.text) referenced from arm_startup_nrf52810.o(RESET)
 <LI><a href="#[a]">POWER_CLOCK_IRQHandler</a> from arm_startup_nrf52810.o(.text) referenced from arm_startup_nrf52810.o(RESET)
 <LI><a href="#[23]">PWM0_IRQHandler</a> from arm_startup_nrf52810.o(.text) referenced from arm_startup_nrf52810.o(RESET)
 <LI><a href="#[8]">PendSV_Handler</a> from arm_startup_nrf52810.o(.text) referenced from arm_startup_nrf52810.o(RESET)
 <LI><a href="#[1b]">QDEC_IRQHandler</a> from arm_startup_nrf52810.o(.text) referenced from arm_startup_nrf52810.o(RESET)
 <LI><a href="#[b]">RADIO_IRQHandler</a> from arm_startup_nrf52810.o(.text) referenced from arm_startup_nrf52810.o(RESET)
 <LI><a href="#[16]">RNG_IRQHandler</a> from arm_startup_nrf52810.o(.text) referenced from arm_startup_nrf52810.o(RESET)
 <LI><a href="#[14]">RTC0_IRQHandler</a> from arm_startup_nrf52810.o(.text) referenced from arm_startup_nrf52810.o(RESET)
 <LI><a href="#[1a]">RTC1_IRQHandler</a> from nrf_bootloader_dfu_timers.o(i.RTC1_IRQHandler) referenced from arm_startup_nrf52810.o(RESET)
 <LI><a href="#[0]">Reset_Handler</a> from arm_startup_nrf52810.o(.text) referenced from arm_startup_nrf52810.o(RESET)
 <LI><a href="#[10]">SAADC_IRQHandler</a> from arm_startup_nrf52810.o(.text) referenced from arm_startup_nrf52810.o(RESET)
 <LI><a href="#[e]">SPIM0_SPIS0_SPI0_IRQHandler</a> from arm_startup_nrf52810.o(.text) referenced from arm_startup_nrf52810.o(RESET)
 <LI><a href="#[6]">SVC_Handler</a> from nrf_svc_handler.o(.emb_text) referenced from arm_startup_nrf52810.o(RESET)
 <LI><a href="#[1d]">SWI0_EGU0_IRQHandler</a> from arm_startup_nrf52810.o(.text) referenced from arm_startup_nrf52810.o(RESET)
 <LI><a href="#[1e]">SWI1_EGU1_IRQHandler</a> from arm_startup_nrf52810.o(.text) referenced from arm_startup_nrf52810.o(RESET)
 <LI><a href="#[1f]">SWI2_IRQHandler</a> from nrf_sdh.o(i.SWI2_IRQHandler) referenced from arm_startup_nrf52810.o(RESET)
 <LI><a href="#[20]">SWI3_IRQHandler</a> from arm_startup_nrf52810.o(.text) referenced from arm_startup_nrf52810.o(RESET)
 <LI><a href="#[21]">SWI4_IRQHandler</a> from arm_startup_nrf52810.o(.text) referenced from arm_startup_nrf52810.o(RESET)
 <LI><a href="#[22]">SWI5_IRQHandler</a> from arm_startup_nrf52810.o(.text) referenced from arm_startup_nrf52810.o(RESET)
 <LI><a href="#[9]">SysTick_Handler</a> from arm_startup_nrf52810.o(.text) referenced from arm_startup_nrf52810.o(RESET)
 <LI><a href="#[26]">SystemInit</a> from system_nrf52810.o(i.SystemInit) referenced from arm_startup_nrf52810.o(.text)
 <LI><a href="#[15]">TEMP_IRQHandler</a> from arm_startup_nrf52810.o(.text) referenced from arm_startup_nrf52810.o(RESET)
 <LI><a href="#[11]">TIMER0_IRQHandler</a> from arm_startup_nrf52810.o(.text) referenced from arm_startup_nrf52810.o(RESET)
 <LI><a href="#[12]">TIMER1_IRQHandler</a> from arm_startup_nrf52810.o(.text) referenced from arm_startup_nrf52810.o(RESET)
 <LI><a href="#[13]">TIMER2_IRQHandler</a> from arm_startup_nrf52810.o(.text) referenced from arm_startup_nrf52810.o(RESET)
 <LI><a href="#[d]">TWIM0_TWIS0_TWI0_IRQHandler</a> from arm_startup_nrf52810.o(.text) referenced from arm_startup_nrf52810.o(RESET)
 <LI><a href="#[c]">UARTE0_UART0_IRQHandler</a> from arm_startup_nrf52810.o(.text) referenced from arm_startup_nrf52810.o(RESET)
 <LI><a href="#[5]">UsageFault_Handler</a> from arm_startup_nrf52810.o(.text) referenced from arm_startup_nrf52810.o(RESET)
 <LI><a href="#[19]">WDT_IRQHandler</a> from nrf_bootloader_wdt.o(i.WDT_IRQHandler) referenced from arm_startup_nrf52810.o(RESET)
 <LI><a href="#[27]">__main</a> from entry.o(.ARM.Collect$$$$00000000) referenced from arm_startup_nrf52810.o(.text)
 <LI><a href="#[33]">app_error_fault_handler</a> from main.o(i.app_error_fault_handler) referenced from nrf_sdh.o(i.nrf_sdh_enable_request)
 <LI><a href="#[3c]">ble_dfu_req_handler_callback</a> from nrf_dfu_ble.o(i.ble_dfu_req_handler_callback) referenced 2 times from nrf_dfu_ble.o(.constdata)
 <LI><a href="#[5a]">ble_dfu_transport_close</a> from nrf_dfu_ble.o(i.ble_dfu_transport_close) referenced from nrf_dfu_ble.o(dfu_trans)
 <LI><a href="#[59]">ble_dfu_transport_init</a> from nrf_dfu_ble.o(i.ble_dfu_transport_init) referenced from nrf_dfu_ble.o(dfu_trans)
 <LI><a href="#[5b]">ble_evt_handler</a> from nrf_dfu_ble.o(i.ble_evt_handler) referenced from nrf_dfu_ble.o(sdh_ble_observers2)
 <LI><a href="#[36]">buf_read</a> from pb_decode.o(i.buf_read) referenced from pb_decode.o(i.pb_istream_from_buffer)
 <LI><a href="#[36]">buf_read</a> from pb_decode.o(i.buf_read) referenced from pb_decode.o(i.pb_read)
 <LI><a href="#[62]">dfu_fstorage_evt_handler</a> from nrf_dfu_flash.o(i.dfu_fstorage_evt_handler) referenced from nrf_dfu_flash.o(fs_data)
 <LI><a href="#[2a]">dfu_observer</a> from main.o(i.dfu_observer) referenced from main.o(i.main)
 <LI><a href="#[2c]">dfu_observer</a> from nrf_bootloader.o(i.dfu_observer) referenced from nrf_bootloader.o(i.nrf_bootloader_init)
 <LI><a href="#[2f]">dfu_observer</a> from nrf_dfu.o(i.dfu_observer) referenced from nrf_dfu.o(i.nrf_dfu_init)
 <LI><a href="#[28]">do_reset</a> from nrf_bootloader.o(i.do_reset) referenced from nrf_bootloader.o(i.bootloader_reset)
 <LI><a href="#[56]">double_jacobian_default</a> from uECC.c.o(.text.double_jacobian_default) referenced from uECC.c.o(.rodata.curve_secp256r1)
 <LI><a href="#[42]">erase</a> from nrf_fstorage_nvmc.o(i.erase) referenced 2 times from nrf_fstorage_nvmc.o(.constdata)
 <LI><a href="#[2b]">flash_write_callback</a> from nrf_bootloader_fw_activation.o(i.flash_write_callback) referenced from nrf_bootloader_fw_activation.o(i.nrf_bootloader_fw_activate)
 <LI><a href="#[2d]">flash_write_callback</a> from nrf_bootloader.o(i.flash_write_callback) referenced from nrf_bootloader.o(i.nrf_bootloader_init)
 <LI><a href="#[29]">inactivity_timeout</a> from nrf_bootloader.o(i.inactivity_timeout) referenced from nrf_bootloader.o(i.dfu_observer)
 <LI><a href="#[29]">inactivity_timeout</a> from nrf_bootloader.o(i.inactivity_timeout) referenced from nrf_bootloader.o(i.nrf_bootloader_init)
 <LI><a href="#[3e]">init</a> from nrf_fstorage_nvmc.o(i.init) referenced 2 times from nrf_fstorage_nvmc.o(.constdata)
 <LI><a href="#[45]">is_busy</a> from nrf_fstorage_nvmc.o(i.is_busy) referenced 2 times from nrf_fstorage_nvmc.o(.constdata)
 <LI><a href="#[25]">main</a> from main.o(i.main) referenced from entry9a.o(.ARM.Collect$$$$0000000B)
 <LI><a href="#[30]">nrf_dfu_req_handler_req</a> from nrf_dfu_req_handler.o(i.nrf_dfu_req_handler_req) referenced from nrf_dfu_req_handler.o(i.nrf_dfu_req_handler_on_req)
 <LI><a href="#[61]">nrf_dfu_set_adv_name_handler</a> from nrf_dfu_svci_handler.o(i.nrf_dfu_set_adv_name_handler) referenced from nrf_dfu_svci_handler.o(svc_data)
 <LI><a href="#[31]">nrf_dfu_set_adv_name_on_call</a> from nrf_dfu_svci_handler.o(i.nrf_dfu_set_adv_name_on_call) referenced from nrf_dfu_svci_handler.o(i.nrf_dfu_set_adv_name_handler)
 <LI><a href="#[32]">nrf_dfu_set_adv_name_on_sys_evt</a> from nrf_dfu_svci_handler.o(i.nrf_dfu_set_adv_name_on_sys_evt) referenced from nrf_dfu_svci_handler.o(i.nrf_dfu_set_adv_name_handler)
 <LI><a href="#[5c]">nrf_fstorage_sdh_req_handler</a> from nrf_fstorage_sd.o(i.nrf_fstorage_sdh_req_handler) referenced from nrf_fstorage_sd.o(sdh_req_observers0)
 <LI><a href="#[60]">nrf_fstorage_sdh_state_handler</a> from nrf_fstorage_sd.o(i.nrf_fstorage_sdh_state_handler) referenced from nrf_fstorage_sd.o(sdh_state_observers0)
 <LI><a href="#[5d]">nrf_fstorage_sys_evt_handler</a> from nrf_fstorage_sd.o(i.nrf_fstorage_sys_evt_handler) referenced from nrf_fstorage_sd.o(sdh_soc_observers0)
 <LI><a href="#[5e]">nrf_sdh_ble_evts_poll</a> from nrf_sdh_ble.o(i.nrf_sdh_ble_evts_poll) referenced from nrf_sdh_ble.o(sdh_stack_observers0)
 <LI><a href="#[5f]">nrf_sdh_soc_evts_poll</a> from nrf_sdh_soc.o(i.nrf_sdh_soc_evts_poll) referenced from nrf_sdh_soc.o(sdh_stack_observers0)
 <LI><a href="#[3a]">nrf_sw_backend_hash_sha256_finalize</a> from nrf_sw_backend_hash.o(i.nrf_sw_backend_hash_sha256_finalize) referenced from nrf_sw_backend_hash.o(.constdata)
 <LI><a href="#[38]">nrf_sw_backend_hash_sha256_init</a> from nrf_sw_backend_hash.o(i.nrf_sw_backend_hash_sha256_init) referenced from nrf_sw_backend_hash.o(.constdata)
 <LI><a href="#[39]">nrf_sw_backend_hash_sha256_update</a> from nrf_sw_backend_hash.o(i.nrf_sw_backend_hash_sha256_update) referenced from nrf_sw_backend_hash.o(.constdata)
 <LI><a href="#[34]">on_data_obj_execute_request_sched</a> from nrf_dfu_req_handler.o(i.on_data_obj_execute_request_sched) referenced from nrf_dfu_req_handler.o(i.on_data_obj_execute_request_sched)
 <LI><a href="#[35]">on_dfu_complete</a> from nrf_dfu_req_handler.o(i.on_dfu_complete) referenced from nrf_dfu_req_handler.o(i.on_data_obj_execute_request_sched)
 <LI><a href="#[3d]">on_flash_write</a> from nrf_dfu_ble.o(i.on_flash_write) referenced from nrf_dfu_ble.o(.constdata)
 <LI><a href="#[53]">pb_dec_bytes</a> from pb_decode.o(i.pb_dec_bytes) referenced from pb_decode.o(.constdata)
 <LI><a href="#[51]">pb_dec_fixed32</a> from pb_decode.o(i.pb_dec_fixed32) referenced from pb_decode.o(.constdata)
 <LI><a href="#[52]">pb_dec_fixed64</a> from pb_decode.o(i.pb_dec_fixed64) referenced from pb_decode.o(.constdata)
 <LI><a href="#[54]">pb_dec_string</a> from pb_decode.o(i.pb_dec_string) referenced from pb_decode.o(.constdata)
 <LI><a href="#[55]">pb_dec_submessage</a> from pb_decode.o(i.pb_dec_submessage) referenced from pb_decode.o(.constdata)
 <LI><a href="#[50]">pb_dec_svarint</a> from pb_decode.o(i.pb_dec_svarint) referenced from pb_decode.o(.constdata)
 <LI><a href="#[4f]">pb_dec_uvarint</a> from pb_decode.o(i.pb_dec_uvarint) referenced from pb_decode.o(.constdata)
 <LI><a href="#[4e]">pb_dec_varint</a> from pb_decode.o(i.pb_dec_varint) referenced from pb_decode.o(.constdata)
 <LI><a href="#[37]">pb_decoding_callback</a> from nrf_dfu_validation.o(i.pb_decoding_callback) referenced from nrf_dfu_validation.o(i.stored_init_cmd_decode)
 <LI><a href="#[40]">read</a> from nrf_fstorage_nvmc.o(i.read) referenced 2 times from nrf_fstorage_nvmc.o(.constdata)
 <LI><a href="#[43]">rmap</a> from nrf_fstorage_nvmc.o(i.rmap) referenced 2 times from nrf_fstorage_nvmc.o(.constdata)
 <LI><a href="#[3b]">uECC_secp256r1</a> from uECC.c.o(.text.uECC_secp256r1) referenced from micro_ecc_backend_ecc.o(.constdata)
 <LI><a href="#[3f]">uninit</a> from nrf_fstorage_nvmc.o(i.uninit) referenced 2 times from nrf_fstorage_nvmc.o(.constdata)
 <LI><a href="#[58]">vli_mmod_fast_secp256r1</a> from uECC.c.o(.text.vli_mmod_fast_secp256r1) referenced from uECC.c.o(.rodata.curve_secp256r1)
 <LI><a href="#[2e]">wdt_feed_timer_handler</a> from nrf_bootloader_wdt.o(i.wdt_feed_timer_handler) referenced from nrf_bootloader_wdt.o(i.nrf_bootloader_wdt_init)
 <LI><a href="#[44]">wmap</a> from nrf_fstorage_nvmc.o(i.wmap) referenced 2 times from nrf_fstorage_nvmc.o(.constdata)
 <LI><a href="#[41]">write</a> from nrf_fstorage_nvmc.o(i.write) referenced 2 times from nrf_fstorage_nvmc.o(.constdata)
 <LI><a href="#[57]">x_side_default</a> from uECC.c.o(.text.x_side_default) referenced from uECC.c.o(.rodata.curve_secp256r1)
</UL>
<P>
<H3>
Global Symbols
</H3>
<P><STRONG><a name="[27]"></a>__main</STRONG> (Thumb, 0 bytes, Stack size unknown bytes, entry.o(.ARM.Collect$$$$00000000))
<BR>[Address Reference Count : 1]<UL><LI> arm_startup_nrf52810.o(.text)
</UL>
<P><STRONG><a name="[150]"></a>_main_stk</STRONG> (Thumb, 0 bytes, Stack size unknown bytes, entry2.o(.ARM.Collect$$$$00000001))

<P><STRONG><a name="[64]"></a>_main_scatterload</STRONG> (Thumb, 0 bytes, Stack size unknown bytes, entry5.o(.ARM.Collect$$$$00000004))
<BR><BR>[Calls]<UL><LI><a href="#[65]">&gt;&gt;</a>&nbsp;&nbsp;&nbsp;__scatterload
</UL>

<P><STRONG><a name="[6b]"></a>__main_after_scatterload</STRONG> (Thumb, 0 bytes, Stack size unknown bytes, entry5.o(.ARM.Collect$$$$00000004))
<BR><BR>[Called By]<UL><LI><a href="#[65]">&gt;&gt;</a>&nbsp;&nbsp;&nbsp;__scatterload
</UL>

<P><STRONG><a name="[151]"></a>_main_clock</STRONG> (Thumb, 0 bytes, Stack size unknown bytes, entry7b.o(.ARM.Collect$$$$00000008))

<P><STRONG><a name="[152]"></a>_main_cpp_init</STRONG> (Thumb, 0 bytes, Stack size unknown bytes, entry8b.o(.ARM.Collect$$$$0000000A))

<P><STRONG><a name="[153]"></a>_main_init</STRONG> (Thumb, 0 bytes, Stack size unknown bytes, entry9a.o(.ARM.Collect$$$$0000000B))

<P><STRONG><a name="[154]"></a>__rt_final_cpp</STRONG> (Thumb, 0 bytes, Stack size unknown bytes, entry10a.o(.ARM.Collect$$$$0000000D))

<P><STRONG><a name="[155]"></a>__rt_final_exit</STRONG> (Thumb, 0 bytes, Stack size unknown bytes, entry11a.o(.ARM.Collect$$$$0000000F))

<P><STRONG><a name="[ef]"></a>__asm___32_nrf_bootloader_app_start_final_c_c9922886__jump_to_addr</STRONG> (Thumb, 8 bytes, Stack size 0 bytes, nrf_bootloader_app_start_final.o(.emb_text), UNUSED)
<BR><BR>[Called By]<UL><LI><a href="#[ee]">&gt;&gt;</a>&nbsp;&nbsp;&nbsp;nrf_bootloader_app_start_final
</UL>

<P><STRONG><a name="[e5]"></a>__asm___12_nrf_atfifo_c_51f461e1__nrf_atfifo_wspace_req</STRONG> (Thumb, 56 bytes, Stack size 0 bytes, nrf_atfifo.o(.emb_text))
<BR><BR>[Called By]<UL><LI><a href="#[d1]">&gt;&gt;</a>&nbsp;&nbsp;&nbsp;nrf_atfifo_item_alloc
</UL>

<P><STRONG><a name="[66]"></a>__asm___12_nrf_atfifo_c_51f461e1__nrf_atfifo_wspace_close</STRONG> (Thumb, 18 bytes, Stack size 0 bytes, nrf_atfifo.o(.emb_text))
<BR><BR>[Calls]<UL><LI><a href="#[66]">&gt;&gt;</a>&nbsp;&nbsp;&nbsp;__asm___12_nrf_atfifo_c_51f461e1__nrf_atfifo_wspace_close
</UL>
<BR>[Called By]<UL><LI><a href="#[d2]">&gt;&gt;</a>&nbsp;&nbsp;&nbsp;nrf_atfifo_item_put
<LI><a href="#[66]">&gt;&gt;</a>&nbsp;&nbsp;&nbsp;__asm___12_nrf_atfifo_c_51f461e1__nrf_atfifo_wspace_close
</UL>

<P><STRONG><a name="[e8]"></a>__asm___12_nrf_atfifo_c_51f461e1__nrf_atfifo_rspace_req</STRONG> (Thumb, 58 bytes, Stack size 0 bytes, nrf_atfifo.o(.emb_text))
<BR><BR>[Called By]<UL><LI><a href="#[e7]">&gt;&gt;</a>&nbsp;&nbsp;&nbsp;nrf_atfifo_item_get
</UL>

<P><STRONG><a name="[67]"></a>__asm___12_nrf_atfifo_c_51f461e1__nrf_atfifo_rspace_close</STRONG> (Thumb, 18 bytes, Stack size 0 bytes, nrf_atfifo.o(.emb_text))
<BR><BR>[Calls]<UL><LI><a href="#[67]">&gt;&gt;</a>&nbsp;&nbsp;&nbsp;__asm___12_nrf_atfifo_c_51f461e1__nrf_atfifo_rspace_close
</UL>
<BR>[Called By]<UL><LI><a href="#[e6]">&gt;&gt;</a>&nbsp;&nbsp;&nbsp;nrf_atfifo_item_free
<LI><a href="#[67]">&gt;&gt;</a>&nbsp;&nbsp;&nbsp;__asm___12_nrf_atfifo_c_51f461e1__nrf_atfifo_rspace_close
</UL>

<P><STRONG><a name="[e4]"></a>__asm___12_nrf_atfifo_c_51f461e1__nrf_atfifo_space_clear</STRONG> (Thumb, 50 bytes, Stack size 0 bytes, nrf_atfifo.o(.emb_text))
<BR><BR>[Called By]<UL><LI><a href="#[e3]">&gt;&gt;</a>&nbsp;&nbsp;&nbsp;nrf_atfifo_clear
</UL>

<P><STRONG><a name="[156]"></a>__asm___12_nrf_atomic_c_85ca2469__nrf_atomic_internal_mov</STRONG> (Thumb, 24 bytes, Stack size 0 bytes, nrf_atomic.o(.emb_text), UNUSED)

<P><STRONG><a name="[ec]"></a>__asm___12_nrf_atomic_c_85ca2469__nrf_atomic_internal_orr</STRONG> (Thumb, 26 bytes, Stack size 0 bytes, nrf_atomic.o(.emb_text))
<BR><BR>[Called By]<UL><LI><a href="#[ea]">&gt;&gt;</a>&nbsp;&nbsp;&nbsp;nrf_atomic_u32_fetch_or
</UL>

<P><STRONG><a name="[eb]"></a>__asm___12_nrf_atomic_c_85ca2469__nrf_atomic_internal_and</STRONG> (Thumb, 26 bytes, Stack size 0 bytes, nrf_atomic.o(.emb_text))
<BR><BR>[Called By]<UL><LI><a href="#[e9]">&gt;&gt;</a>&nbsp;&nbsp;&nbsp;nrf_atomic_u32_and
</UL>

<P><STRONG><a name="[157]"></a>__asm___12_nrf_atomic_c_85ca2469__nrf_atomic_internal_eor</STRONG> (Thumb, 26 bytes, Stack size 0 bytes, nrf_atomic.o(.emb_text), UNUSED)

<P><STRONG><a name="[158]"></a>__asm___12_nrf_atomic_c_85ca2469__nrf_atomic_internal_add</STRONG> (Thumb, 26 bytes, Stack size 0 bytes, nrf_atomic.o(.emb_text), UNUSED)

<P><STRONG><a name="[159]"></a>__asm___12_nrf_atomic_c_85ca2469__nrf_atomic_internal_sub</STRONG> (Thumb, 26 bytes, Stack size 0 bytes, nrf_atomic.o(.emb_text), UNUSED)

<P><STRONG><a name="[15a]"></a>__asm___12_nrf_atomic_c_85ca2469__nrf_atomic_internal_cmp_exch</STRONG> (Thumb, 42 bytes, Stack size 0 bytes, nrf_atomic.o(.emb_text), UNUSED)

<P><STRONG><a name="[15b]"></a>__asm___12_nrf_atomic_c_85ca2469__nrf_atomic_internal_sub_hs</STRONG> (Thumb, 30 bytes, Stack size 0 bytes, nrf_atomic.o(.emb_text), UNUSED)

<P><STRONG><a name="[6]"></a>SVC_Handler</STRONG> (Thumb, 20 bytes, Stack size 0 bytes, nrf_svc_handler.o(.emb_text))
<BR><BR>[Stack]<UL><LI>Max Depth = 24<LI>Call Chain = SVC_Handler &rArr; nrf_svc_handler_c
</UL>
<BR>[Calls]<UL><LI><a href="#[63]">&gt;&gt;</a>&nbsp;&nbsp;&nbsp;nrf_svc_handler_c
</UL>
<BR>[Address Reference Count : 1]<UL><LI> arm_startup_nrf52810.o(RESET)
</UL>
<P><STRONG><a name="[0]"></a>Reset_Handler</STRONG> (Thumb, 8 bytes, Stack size 0 bytes, arm_startup_nrf52810.o(.text))
<BR>[Address Reference Count : 1]<UL><LI> arm_startup_nrf52810.o(RESET)
</UL>
<P><STRONG><a name="[1]"></a>NMI_Handler</STRONG> (Thumb, 2 bytes, Stack size 0 bytes, arm_startup_nrf52810.o(.text))
<BR><BR>[Calls]<UL><LI><a href="#[1]">&gt;&gt;</a>&nbsp;&nbsp;&nbsp;NMI_Handler
</UL>
<BR>[Called By]<UL><LI><a href="#[1]">&gt;&gt;</a>&nbsp;&nbsp;&nbsp;NMI_Handler
</UL>
<BR>[Address Reference Count : 1]<UL><LI> arm_startup_nrf52810.o(RESET)
</UL>
<P><STRONG><a name="[2]"></a>HardFault_Handler</STRONG> (Thumb, 2 bytes, Stack size 0 bytes, arm_startup_nrf52810.o(.text))
<BR><BR>[Calls]<UL><LI><a href="#[2]">&gt;&gt;</a>&nbsp;&nbsp;&nbsp;HardFault_Handler
</UL>
<BR>[Called By]<UL><LI><a href="#[2]">&gt;&gt;</a>&nbsp;&nbsp;&nbsp;HardFault_Handler
</UL>
<BR>[Address Reference Count : 1]<UL><LI> arm_startup_nrf52810.o(RESET)
</UL>
<P><STRONG><a name="[3]"></a>MemoryManagement_Handler</STRONG> (Thumb, 2 bytes, Stack size 0 bytes, arm_startup_nrf52810.o(.text))
<BR><BR>[Calls]<UL><LI><a href="#[3]">&gt;&gt;</a>&nbsp;&nbsp;&nbsp;MemoryManagement_Handler
</UL>
<BR>[Called By]<UL><LI><a href="#[3]">&gt;&gt;</a>&nbsp;&nbsp;&nbsp;MemoryManagement_Handler
</UL>
<BR>[Address Reference Count : 1]<UL><LI> arm_startup_nrf52810.o(RESET)
</UL>
<P><STRONG><a name="[4]"></a>BusFault_Handler</STRONG> (Thumb, 2 bytes, Stack size 0 bytes, arm_startup_nrf52810.o(.text))
<BR><BR>[Calls]<UL><LI><a href="#[4]">&gt;&gt;</a>&nbsp;&nbsp;&nbsp;BusFault_Handler
</UL>
<BR>[Called By]<UL><LI><a href="#[4]">&gt;&gt;</a>&nbsp;&nbsp;&nbsp;BusFault_Handler
</UL>
<BR>[Address Reference Count : 1]<UL><LI> arm_startup_nrf52810.o(RESET)
</UL>
<P><STRONG><a name="[5]"></a>UsageFault_Handler</STRONG> (Thumb, 2 bytes, Stack size 0 bytes, arm_startup_nrf52810.o(.text))
<BR><BR>[Calls]<UL><LI><a href="#[5]">&gt;&gt;</a>&nbsp;&nbsp;&nbsp;UsageFault_Handler
</UL>
<BR>[Called By]<UL><LI><a href="#[5]">&gt;&gt;</a>&nbsp;&nbsp;&nbsp;UsageFault_Handler
</UL>
<BR>[Address Reference Count : 1]<UL><LI> arm_startup_nrf52810.o(RESET)
</UL>
<P><STRONG><a name="[7]"></a>DebugMon_Handler</STRONG> (Thumb, 2 bytes, Stack size 0 bytes, arm_startup_nrf52810.o(.text))
<BR><BR>[Calls]<UL><LI><a href="#[7]">&gt;&gt;</a>&nbsp;&nbsp;&nbsp;DebugMon_Handler
</UL>
<BR>[Called By]<UL><LI><a href="#[7]">&gt;&gt;</a>&nbsp;&nbsp;&nbsp;DebugMon_Handler
</UL>
<BR>[Address Reference Count : 1]<UL><LI> arm_startup_nrf52810.o(RESET)
</UL>
<P><STRONG><a name="[8]"></a>PendSV_Handler</STRONG> (Thumb, 2 bytes, Stack size 0 bytes, arm_startup_nrf52810.o(.text))
<BR><BR>[Calls]<UL><LI><a href="#[8]">&gt;&gt;</a>&nbsp;&nbsp;&nbsp;PendSV_Handler
</UL>
<BR>[Called By]<UL><LI><a href="#[8]">&gt;&gt;</a>&nbsp;&nbsp;&nbsp;PendSV_Handler
</UL>
<BR>[Address Reference Count : 1]<UL><LI> arm_startup_nrf52810.o(RESET)
</UL>
<P><STRONG><a name="[9]"></a>SysTick_Handler</STRONG> (Thumb, 2 bytes, Stack size 0 bytes, arm_startup_nrf52810.o(.text))
<BR><BR>[Calls]<UL><LI><a href="#[9]">&gt;&gt;</a>&nbsp;&nbsp;&nbsp;SysTick_Handler
</UL>
<BR>[Called By]<UL><LI><a href="#[9]">&gt;&gt;</a>&nbsp;&nbsp;&nbsp;SysTick_Handler
</UL>
<BR>[Address Reference Count : 1]<UL><LI> arm_startup_nrf52810.o(RESET)
</UL>
<P><STRONG><a name="[18]"></a>CCM_AAR_IRQHandler</STRONG> (Thumb, 0 bytes, Stack size 0 bytes, arm_startup_nrf52810.o(.text))
<BR><BR>[Calls]<UL><LI><a href="#[18]">&gt;&gt;</a>&nbsp;&nbsp;&nbsp;CCM_AAR_IRQHandler
</UL>
<BR>[Called By]<UL><LI><a href="#[18]">&gt;&gt;</a>&nbsp;&nbsp;&nbsp;CCM_AAR_IRQHandler
</UL>
<BR>[Address Reference Count : 1]<UL><LI> arm_startup_nrf52810.o(RESET)
</UL>
<P><STRONG><a name="[1c]"></a>COMP_IRQHandler</STRONG> (Thumb, 0 bytes, Stack size 0 bytes, arm_startup_nrf52810.o(.text))
<BR>[Address Reference Count : 1]<UL><LI> arm_startup_nrf52810.o(RESET)
</UL>
<P><STRONG><a name="[17]"></a>ECB_IRQHandler</STRONG> (Thumb, 0 bytes, Stack size 0 bytes, arm_startup_nrf52810.o(.text))
<BR>[Address Reference Count : 1]<UL><LI> arm_startup_nrf52810.o(RESET)
</UL>
<P><STRONG><a name="[f]"></a>GPIOTE_IRQHandler</STRONG> (Thumb, 0 bytes, Stack size 0 bytes, arm_startup_nrf52810.o(.text))
<BR>[Address Reference Count : 1]<UL><LI> arm_startup_nrf52810.o(RESET)
</UL>
<P><STRONG><a name="[24]"></a>PDM_IRQHandler</STRONG> (Thumb, 0 bytes, Stack size 0 bytes, arm_startup_nrf52810.o(.text))
<BR>[Address Reference Count : 1]<UL><LI> arm_startup_nrf52810.o(RESET)
</UL>
<P><STRONG><a name="[a]"></a>POWER_CLOCK_IRQHandler</STRONG> (Thumb, 0 bytes, Stack size 0 bytes, arm_startup_nrf52810.o(.text))
<BR>[Address Reference Count : 1]<UL><LI> arm_startup_nrf52810.o(RESET)
</UL>
<P><STRONG><a name="[23]"></a>PWM0_IRQHandler</STRONG> (Thumb, 0 bytes, Stack size 0 bytes, arm_startup_nrf52810.o(.text))
<BR>[Address Reference Count : 1]<UL><LI> arm_startup_nrf52810.o(RESET)
</UL>
<P><STRONG><a name="[1b]"></a>QDEC_IRQHandler</STRONG> (Thumb, 0 bytes, Stack size 0 bytes, arm_startup_nrf52810.o(.text))
<BR>[Address Reference Count : 1]<UL><LI> arm_startup_nrf52810.o(RESET)
</UL>
<P><STRONG><a name="[b]"></a>RADIO_IRQHandler</STRONG> (Thumb, 0 bytes, Stack size 0 bytes, arm_startup_nrf52810.o(.text))
<BR>[Address Reference Count : 1]<UL><LI> arm_startup_nrf52810.o(RESET)
</UL>
<P><STRONG><a name="[16]"></a>RNG_IRQHandler</STRONG> (Thumb, 0 bytes, Stack size 0 bytes, arm_startup_nrf52810.o(.text))
<BR>[Address Reference Count : 1]<UL><LI> arm_startup_nrf52810.o(RESET)
</UL>
<P><STRONG><a name="[14]"></a>RTC0_IRQHandler</STRONG> (Thumb, 0 bytes, Stack size 0 bytes, arm_startup_nrf52810.o(.text))
<BR>[Address Reference Count : 1]<UL><LI> arm_startup_nrf52810.o(RESET)
</UL>
<P><STRONG><a name="[10]"></a>SAADC_IRQHandler</STRONG> (Thumb, 0 bytes, Stack size 0 bytes, arm_startup_nrf52810.o(.text))
<BR>[Address Reference Count : 1]<UL><LI> arm_startup_nrf52810.o(RESET)
</UL>
<P><STRONG><a name="[e]"></a>SPIM0_SPIS0_SPI0_IRQHandler</STRONG> (Thumb, 0 bytes, Stack size 0 bytes, arm_startup_nrf52810.o(.text))
<BR>[Address Reference Count : 1]<UL><LI> arm_startup_nrf52810.o(RESET)
</UL>
<P><STRONG><a name="[1d]"></a>SWI0_EGU0_IRQHandler</STRONG> (Thumb, 0 bytes, Stack size 0 bytes, arm_startup_nrf52810.o(.text))
<BR>[Address Reference Count : 1]<UL><LI> arm_startup_nrf52810.o(RESET)
</UL>
<P><STRONG><a name="[1e]"></a>SWI1_EGU1_IRQHandler</STRONG> (Thumb, 0 bytes, Stack size 0 bytes, arm_startup_nrf52810.o(.text))
<BR>[Address Reference Count : 1]<UL><LI> arm_startup_nrf52810.o(RESET)
</UL>
<P><STRONG><a name="[20]"></a>SWI3_IRQHandler</STRONG> (Thumb, 0 bytes, Stack size 0 bytes, arm_startup_nrf52810.o(.text))
<BR>[Address Reference Count : 1]<UL><LI> arm_startup_nrf52810.o(RESET)
</UL>
<P><STRONG><a name="[21]"></a>SWI4_IRQHandler</STRONG> (Thumb, 0 bytes, Stack size 0 bytes, arm_startup_nrf52810.o(.text))
<BR>[Address Reference Count : 1]<UL><LI> arm_startup_nrf52810.o(RESET)
</UL>
<P><STRONG><a name="[22]"></a>SWI5_IRQHandler</STRONG> (Thumb, 0 bytes, Stack size 0 bytes, arm_startup_nrf52810.o(.text))
<BR>[Address Reference Count : 1]<UL><LI> arm_startup_nrf52810.o(RESET)
</UL>
<P><STRONG><a name="[15]"></a>TEMP_IRQHandler</STRONG> (Thumb, 0 bytes, Stack size 0 bytes, arm_startup_nrf52810.o(.text))
<BR>[Address Reference Count : 1]<UL><LI> arm_startup_nrf52810.o(RESET)
</UL>
<P><STRONG><a name="[11]"></a>TIMER0_IRQHandler</STRONG> (Thumb, 0 bytes, Stack size 0 bytes, arm_startup_nrf52810.o(.text))
<BR>[Address Reference Count : 1]<UL><LI> arm_startup_nrf52810.o(RESET)
</UL>
<P><STRONG><a name="[12]"></a>TIMER1_IRQHandler</STRONG> (Thumb, 0 bytes, Stack size 0 bytes, arm_startup_nrf52810.o(.text))
<BR>[Address Reference Count : 1]<UL><LI> arm_startup_nrf52810.o(RESET)
</UL>
<P><STRONG><a name="[13]"></a>TIMER2_IRQHandler</STRONG> (Thumb, 0 bytes, Stack size 0 bytes, arm_startup_nrf52810.o(.text))
<BR>[Address Reference Count : 1]<UL><LI> arm_startup_nrf52810.o(RESET)
</UL>
<P><STRONG><a name="[d]"></a>TWIM0_TWIS0_TWI0_IRQHandler</STRONG> (Thumb, 0 bytes, Stack size 0 bytes, arm_startup_nrf52810.o(.text))
<BR>[Address Reference Count : 1]<UL><LI> arm_startup_nrf52810.o(RESET)
</UL>
<P><STRONG><a name="[c]"></a>UARTE0_UART0_IRQHandler</STRONG> (Thumb, 0 bytes, Stack size 0 bytes, arm_startup_nrf52810.o(.text))
<BR>[Address Reference Count : 1]<UL><LI> arm_startup_nrf52810.o(RESET)
</UL>
<P><STRONG><a name="[147]"></a>__aeabi_llsl</STRONG> (Thumb, 30 bytes, Stack size 0 bytes, llshl.o(.text))
<BR><BR>[Called By]<UL><LI><a href="#[142]">&gt;&gt;</a>&nbsp;&nbsp;&nbsp;pb_decode_varint
</UL>

<P><STRONG><a name="[15c]"></a>_ll_shift_l</STRONG> (Thumb, 0 bytes, Stack size 0 bytes, llshl.o(.text), UNUSED)

<P><STRONG><a name="[92]"></a>__aeabi_memcpy</STRONG> (Thumb, 36 bytes, Stack size 0 bytes, memcpya.o(.text))
<BR><BR>[Called By]<UL><LI><a href="#[f4]">&gt;&gt;</a>&nbsp;&nbsp;&nbsp;nrf_dfu_settings_init
<LI><a href="#[121]">&gt;&gt;</a>&nbsp;&nbsp;&nbsp;settings_write
<LI><a href="#[10e]">&gt;&gt;</a>&nbsp;&nbsp;&nbsp;nrf_dfu_validation_init_cmd_append
<LI><a href="#[8f]">&gt;&gt;</a>&nbsp;&nbsp;&nbsp;app_sched_event_put
<LI><a href="#[a7]">&gt;&gt;</a>&nbsp;&nbsp;&nbsp;nrf_dfu_settings_adv_name_copy
<LI><a href="#[5b]">&gt;&gt;</a>&nbsp;&nbsp;&nbsp;ble_evt_handler
<LI><a href="#[123]">&gt;&gt;</a>&nbsp;&nbsp;&nbsp;postvalidate
<LI><a href="#[149]">&gt;&gt;</a>&nbsp;&nbsp;&nbsp;postvalidate_sd_bl
<LI><a href="#[124]">&gt;&gt;</a>&nbsp;&nbsp;&nbsp;nrf_dfu_validation_signature_check
<LI><a href="#[b1]">&gt;&gt;</a>&nbsp;&nbsp;&nbsp;boot_validation_extract
<LI><a href="#[48]">&gt;&gt;</a>&nbsp;&nbsp;&nbsp;read
<LI><a href="#[40]">&gt;&gt;</a>&nbsp;&nbsp;&nbsp;read
<LI><a href="#[148]">&gt;&gt;</a>&nbsp;&nbsp;&nbsp;pb_field_set_to_default
</UL>

<P><STRONG><a name="[87]"></a>__aeabi_memcpy4</STRONG> (Thumb, 0 bytes, Stack size 0 bytes, memcpya.o(.text))
<BR><BR>[Called By]<UL><LI><a href="#[ee]">&gt;&gt;</a>&nbsp;&nbsp;&nbsp;nrf_bootloader_app_start_final
<LI><a href="#[f4]">&gt;&gt;</a>&nbsp;&nbsp;&nbsp;nrf_dfu_settings_init
<LI><a href="#[34]">&gt;&gt;</a>&nbsp;&nbsp;&nbsp;on_data_obj_execute_request_sched
<LI><a href="#[11c]">&gt;&gt;</a>&nbsp;&nbsp;&nbsp;nrf_dfu_req_handler_req_process
<LI><a href="#[98]">&gt;&gt;</a>&nbsp;&nbsp;&nbsp;ble_dfu_init
<LI><a href="#[aa]">&gt;&gt;</a>&nbsp;&nbsp;&nbsp;on_ctrl_pt_write
<LI><a href="#[5b]">&gt;&gt;</a>&nbsp;&nbsp;&nbsp;ble_evt_handler
<LI><a href="#[86]">&gt;&gt;</a>&nbsp;&nbsp;&nbsp;advertising_start
<LI><a href="#[149]">&gt;&gt;</a>&nbsp;&nbsp;&nbsp;postvalidate_sd_bl
</UL>

<P><STRONG><a name="[15d]"></a>__aeabi_memcpy8</STRONG> (Thumb, 0 bytes, Stack size 0 bytes, memcpya.o(.text), UNUSED)

<P><STRONG><a name="[69]"></a>__aeabi_memset</STRONG> (Thumb, 14 bytes, Stack size 0 bytes, memseta.o(.text))
<BR><BR>[Called By]<UL><LI><a href="#[cc]">&gt;&gt;</a>&nbsp;&nbsp;&nbsp;dfu_progress_reset
<LI><a href="#[6a]">&gt;&gt;</a>&nbsp;&nbsp;&nbsp;memset
<LI><a href="#[68]">&gt;&gt;</a>&nbsp;&nbsp;&nbsp;__aeabi_memclr
</UL>

<P><STRONG><a name="[15e]"></a>__aeabi_memset4</STRONG> (Thumb, 0 bytes, Stack size 0 bytes, memseta.o(.text), UNUSED)

<P><STRONG><a name="[15f]"></a>__aeabi_memset8</STRONG> (Thumb, 0 bytes, Stack size 0 bytes, memseta.o(.text), UNUSED)

<P><STRONG><a name="[68]"></a>__aeabi_memclr</STRONG> (Thumb, 4 bytes, Stack size 0 bytes, memseta.o(.text))
<BR><BR>[Calls]<UL><LI><a href="#[69]">&gt;&gt;</a>&nbsp;&nbsp;&nbsp;__aeabi_memset
</UL>
<BR>[Called By]<UL><LI><a href="#[b1]">&gt;&gt;</a>&nbsp;&nbsp;&nbsp;boot_validation_extract
<LI><a href="#[148]">&gt;&gt;</a>&nbsp;&nbsp;&nbsp;pb_field_set_to_default
<LI><a href="#[c6]">&gt;&gt;</a>&nbsp;&nbsp;&nbsp;decode_static_field
</UL>

<P><STRONG><a name="[99]"></a>__aeabi_memclr4</STRONG> (Thumb, 0 bytes, Stack size 0 bytes, memseta.o(.text))
<BR><BR>[Called By]<UL><LI><a href="#[f4]">&gt;&gt;</a>&nbsp;&nbsp;&nbsp;nrf_dfu_settings_init
<LI><a href="#[136]">&gt;&gt;</a>&nbsp;&nbsp;&nbsp;sha256_final
<LI><a href="#[3c]">&gt;&gt;</a>&nbsp;&nbsp;&nbsp;ble_dfu_req_handler_callback
<LI><a href="#[125]">&gt;&gt;</a>&nbsp;&nbsp;&nbsp;stored_init_cmd_decode
<LI><a href="#[149]">&gt;&gt;</a>&nbsp;&nbsp;&nbsp;postvalidate_sd_bl
<LI><a href="#[124]">&gt;&gt;</a>&nbsp;&nbsp;&nbsp;nrf_dfu_validation_signature_check
<LI><a href="#[d7]">&gt;&gt;</a>&nbsp;&nbsp;&nbsp;nrf_dfu_validation_hash_ok
<LI><a href="#[cc]">&gt;&gt;</a>&nbsp;&nbsp;&nbsp;dfu_progress_reset
<LI><a href="#[b1]">&gt;&gt;</a>&nbsp;&nbsp;&nbsp;boot_validation_extract
<LI><a href="#[49]">&gt;&gt;</a>&nbsp;&nbsp;&nbsp;write
<LI><a href="#[47]">&gt;&gt;</a>&nbsp;&nbsp;&nbsp;uninit
<LI><a href="#[d4]">&gt;&gt;</a>&nbsp;&nbsp;&nbsp;event_send
<LI><a href="#[4a]">&gt;&gt;</a>&nbsp;&nbsp;&nbsp;erase
<LI><a href="#[d0]">&gt;&gt;</a>&nbsp;&nbsp;&nbsp;event_send
</UL>

<P><STRONG><a name="[160]"></a>__aeabi_memclr8</STRONG> (Thumb, 0 bytes, Stack size 0 bytes, memseta.o(.text), UNUSED)

<P><STRONG><a name="[6a]"></a>memset</STRONG> (Thumb, 18 bytes, Stack size 8 bytes, memseta.o(.text))
<BR><BR>[Stack]<UL><LI>Max Depth = 8<LI>Call Chain = memset
</UL>
<BR>[Calls]<UL><LI><a href="#[69]">&gt;&gt;</a>&nbsp;&nbsp;&nbsp;__aeabi_memset
</UL>
<BR>[Called By]<UL><LI><a href="#[57]">&gt;&gt;</a>&nbsp;&nbsp;&nbsp;x_side_default
</UL>

<P><STRONG><a name="[95]"></a>memcmp</STRONG> (Thumb, 26 bytes, Stack size 12 bytes, memcmp.o(.text))
<BR><BR>[Stack]<UL><LI>Max Depth = 12<LI>Call Chain = memcmp
</UL>
<BR>[Called By]<UL><LI><a href="#[93]">&gt;&gt;</a>&nbsp;&nbsp;&nbsp;bl_activate
<LI><a href="#[121]">&gt;&gt;</a>&nbsp;&nbsp;&nbsp;settings_write
<LI><a href="#[d7]">&gt;&gt;</a>&nbsp;&nbsp;&nbsp;nrf_dfu_validation_hash_ok
</UL>

<P><STRONG><a name="[65]"></a>__scatterload</STRONG> (Thumb, 28 bytes, Stack size 0 bytes, init.o(.text))
<BR><BR>[Calls]<UL><LI><a href="#[6b]">&gt;&gt;</a>&nbsp;&nbsp;&nbsp;__main_after_scatterload
</UL>
<BR>[Called By]<UL><LI><a href="#[64]">&gt;&gt;</a>&nbsp;&nbsp;&nbsp;_main_scatterload
</UL>

<P><STRONG><a name="[161]"></a>__scatterload_rt2</STRONG> (Thumb, 0 bytes, Stack size 0 bytes, init.o(.text), UNUSED)

<P><STRONG><a name="[3b]"></a>uECC_secp256r1</STRONG> (Thumb, 8 bytes, Stack size 0 bytes, uECC.c.o(.text.uECC_secp256r1))
<BR>[Address Reference Count : 1]<UL><LI> micro_ecc_backend_ecc.o(.constdata)
</UL>
<P><STRONG><a name="[7b]"></a>uECC_verify</STRONG> (Thumb, 740 bytes, Stack size 1888 bytes, uECC.c.o(.text.uECC_verify))
<BR><BR>[Stack]<UL><LI>Max Depth = 3024<LI>Call Chain = uECC_verify &rArr; uECC_vli_modMult &rArr; uECC_vli_mult
</UL>
<BR>[Calls]<UL><LI><a href="#[7c]">&gt;&gt;</a>&nbsp;&nbsp;&nbsp;uECC_vli_modInv
<LI><a href="#[72]">&gt;&gt;</a>&nbsp;&nbsp;&nbsp;bits2int
<LI><a href="#[6c]">&gt;&gt;</a>&nbsp;&nbsp;&nbsp;XYcZ_add
<LI><a href="#[71]">&gt;&gt;</a>&nbsp;&nbsp;&nbsp;apply_z
<LI><a href="#[6f]">&gt;&gt;</a>&nbsp;&nbsp;&nbsp;uECC_vli_modMult_fast
<LI><a href="#[7d]">&gt;&gt;</a>&nbsp;&nbsp;&nbsp;uECC_vli_modMult
<LI><a href="#[6d]">&gt;&gt;</a>&nbsp;&nbsp;&nbsp;uECC_vli_modSub
<LI><a href="#[75]">&gt;&gt;</a>&nbsp;&nbsp;&nbsp;uECC_vli_cmp_unsafe
<LI><a href="#[70]">&gt;&gt;</a>&nbsp;&nbsp;&nbsp;uECC_vli_set
<LI><a href="#[7e]">&gt;&gt;</a>&nbsp;&nbsp;&nbsp;uECC_vli_numBits
<LI><a href="#[7f]">&gt;&gt;</a>&nbsp;&nbsp;&nbsp;uECC_vli_testBit
<LI><a href="#[77]">&gt;&gt;</a>&nbsp;&nbsp;&nbsp;uECC_vli_isZero
<LI><a href="#[73]">&gt;&gt;</a>&nbsp;&nbsp;&nbsp;uECC_vli_clear
<LI><a href="#[76]">&gt;&gt;</a>&nbsp;&nbsp;&nbsp;uECC_vli_sub
<LI><a href="#[74]">&gt;&gt;</a>&nbsp;&nbsp;&nbsp;bcopy
</UL>
<BR>[Called By]<UL><LI><a href="#[fe]">&gt;&gt;</a>&nbsp;&nbsp;&nbsp;nrf_crypto_backend_micro_ecc_verify
</UL>

<P><STRONG><a name="[1a]"></a>RTC1_IRQHandler</STRONG> (Thumb, 106 bytes, Stack size 24 bytes, nrf_bootloader_dfu_timers.o(i.RTC1_IRQHandler))
<BR><BR>[Stack]<UL><LI>Max Depth = 48<LI>Call Chain = RTC1_IRQHandler &rArr; timer_activate &rArr; nrf_rtc_event_clear
</UL>
<BR>[Calls]<UL><LI><a href="#[83]">&gt;&gt;</a>&nbsp;&nbsp;&nbsp;timer_stop
<LI><a href="#[84]">&gt;&gt;</a>&nbsp;&nbsp;&nbsp;timer_activate
<LI><a href="#[82]">&gt;&gt;</a>&nbsp;&nbsp;&nbsp;nrf_rtc_event_clear
</UL>
<BR>[Address Reference Count : 1]<UL><LI> arm_startup_nrf52810.o(RESET)
</UL>
<P><STRONG><a name="[1f]"></a>SWI2_IRQHandler</STRONG> (Thumb, 4 bytes, Stack size 0 bytes, nrf_sdh.o(i.SWI2_IRQHandler))
<BR><BR>[Stack]<UL><LI>Max Depth = 24<LI>Call Chain = SWI2_IRQHandler &rArr; nrf_sdh_evts_poll &rArr; nrf_section_iter_next &rArr; nrf_section_iter_item_set
</UL>
<BR>[Calls]<UL><LI><a href="#[85]">&gt;&gt;</a>&nbsp;&nbsp;&nbsp;nrf_sdh_evts_poll
</UL>
<BR>[Address Reference Count : 1]<UL><LI> arm_startup_nrf52810.o(RESET)
</UL>
<P><STRONG><a name="[26]"></a>SystemInit</STRONG> (Thumb, 392 bytes, Stack size 12 bytes, system_nrf52810.o(i.SystemInit))
<BR><BR>[Stack]<UL><LI>Max Depth = 12<LI>Call Chain = SystemInit
</UL>
<BR>[Address Reference Count : 1]<UL><LI> arm_startup_nrf52810.o(.text)
</UL>
<P><STRONG><a name="[19]"></a>WDT_IRQHandler</STRONG> (Thumb, 14 bytes, Stack size 8 bytes, nrf_bootloader_wdt.o(i.WDT_IRQHandler))
<BR><BR>[Stack]<UL><LI>Max Depth = 8<LI>Call Chain = WDT_IRQHandler
</UL>
<BR>[Address Reference Count : 1]<UL><LI> arm_startup_nrf52810.o(RESET)
</UL>
<P><STRONG><a name="[162]"></a>__scatterload_copy</STRONG> (Thumb, 14 bytes, Stack size unknown bytes, handlers.o(i.__scatterload_copy), UNUSED)

<P><STRONG><a name="[163]"></a>__scatterload_null</STRONG> (Thumb, 2 bytes, Stack size unknown bytes, handlers.o(i.__scatterload_null), UNUSED)

<P><STRONG><a name="[164]"></a>__scatterload_zeroinit</STRONG> (Thumb, 14 bytes, Stack size unknown bytes, handlers.o(i.__scatterload_zeroinit), UNUSED)

<P><STRONG><a name="[33]"></a>app_error_fault_handler</STRONG> (Thumb, 4 bytes, Stack size 0 bytes, main.o(i.app_error_fault_handler))
<BR><BR>[Calls]<UL><LI><a href="#[8d]">&gt;&gt;</a>&nbsp;&nbsp;&nbsp;on_error
</UL>
<BR>[Address Reference Count : 1]<UL><LI> nrf_sdh.o(i.nrf_sdh_enable_request)
</UL>
<P><STRONG><a name="[8e]"></a>app_error_handler_bare</STRONG> (Thumb, 4 bytes, Stack size 0 bytes, main.o(i.app_error_handler_bare))
<BR><BR>[Calls]<UL><LI><a href="#[8d]">&gt;&gt;</a>&nbsp;&nbsp;&nbsp;on_error
</UL>
<BR>[Called By]<UL><LI><a href="#[e1]">&gt;&gt;</a>&nbsp;&nbsp;&nbsp;nrf_bootloader_init
<LI><a href="#[5b]">&gt;&gt;</a>&nbsp;&nbsp;&nbsp;ble_evt_handler
<LI><a href="#[134]">&gt;&gt;</a>&nbsp;&nbsp;&nbsp;softdevices_evt_irq_enable
<LI><a href="#[133]">&gt;&gt;</a>&nbsp;&nbsp;&nbsp;softdevice_evt_irq_disable
<LI><a href="#[5f]">&gt;&gt;</a>&nbsp;&nbsp;&nbsp;nrf_sdh_soc_evts_poll
<LI><a href="#[5e]">&gt;&gt;</a>&nbsp;&nbsp;&nbsp;nrf_sdh_ble_evts_poll
</UL>

<P><STRONG><a name="[8f]"></a>app_sched_event_put</STRONG> (Thumb, 154 bytes, Stack size 40 bytes, app_scheduler.o(i.app_sched_event_put))
<BR><BR>[Stack]<UL><LI>Max Depth = 52<LI>Call Chain = app_sched_event_put &rArr; app_util_critical_region_enter
</UL>
<BR>[Calls]<UL><LI><a href="#[91]">&gt;&gt;</a>&nbsp;&nbsp;&nbsp;app_util_critical_region_exit
<LI><a href="#[90]">&gt;&gt;</a>&nbsp;&nbsp;&nbsp;app_util_critical_region_enter
<LI><a href="#[92]">&gt;&gt;</a>&nbsp;&nbsp;&nbsp;__aeabi_memcpy
</UL>
<BR>[Called By]<UL><LI><a href="#[34]">&gt;&gt;</a>&nbsp;&nbsp;&nbsp;on_data_obj_execute_request_sched
<LI><a href="#[ac]">&gt;&gt;</a>&nbsp;&nbsp;&nbsp;nrf_dfu_req_handler_on_req
</UL>

<P><STRONG><a name="[f8]"></a>app_sched_execute</STRONG> (Thumb, 58 bytes, Stack size 8 bytes, app_scheduler.o(i.app_sched_execute))
<BR><BR>[Stack]<UL><LI>Max Depth = 8<LI>Call Chain = app_sched_execute
</UL>
<BR>[Called By]<UL><LI><a href="#[e1]">&gt;&gt;</a>&nbsp;&nbsp;&nbsp;nrf_bootloader_init
</UL>

<P><STRONG><a name="[f5]"></a>app_sched_init</STRONG> (Thumb, 40 bytes, Stack size 12 bytes, app_scheduler.o(i.app_sched_init))
<BR><BR>[Stack]<UL><LI>Max Depth = 12<LI>Call Chain = app_sched_init
</UL>
<BR>[Called By]<UL><LI><a href="#[e1]">&gt;&gt;</a>&nbsp;&nbsp;&nbsp;nrf_bootloader_init
</UL>

<P><STRONG><a name="[90]"></a>app_util_critical_region_enter</STRONG> (Thumb, 64 bytes, Stack size 12 bytes, app_util_platform.o(i.app_util_critical_region_enter))
<BR><BR>[Stack]<UL><LI>Max Depth = 12<LI>Call Chain = app_util_critical_region_enter
</UL>
<BR>[Called By]<UL><LI><a href="#[8f]">&gt;&gt;</a>&nbsp;&nbsp;&nbsp;app_sched_event_put
<LI><a href="#[a2]">&gt;&gt;</a>&nbsp;&nbsp;&nbsp;nrf_sdh_enable_request
<LI><a href="#[9f]">&gt;&gt;</a>&nbsp;&nbsp;&nbsp;nrf_sdh_disable_request
<LI><a href="#[ad]">&gt;&gt;</a>&nbsp;&nbsp;&nbsp;nrf_balloc_free
<LI><a href="#[ab]">&gt;&gt;</a>&nbsp;&nbsp;&nbsp;nrf_balloc_alloc
</UL>

<P><STRONG><a name="[91]"></a>app_util_critical_region_exit</STRONG> (Thumb, 46 bytes, Stack size 0 bytes, app_util_platform.o(i.app_util_critical_region_exit))
<BR><BR>[Called By]<UL><LI><a href="#[8f]">&gt;&gt;</a>&nbsp;&nbsp;&nbsp;app_sched_event_put
<LI><a href="#[a2]">&gt;&gt;</a>&nbsp;&nbsp;&nbsp;nrf_sdh_enable_request
<LI><a href="#[9f]">&gt;&gt;</a>&nbsp;&nbsp;&nbsp;nrf_sdh_disable_request
<LI><a href="#[ad]">&gt;&gt;</a>&nbsp;&nbsp;&nbsp;nrf_balloc_free
<LI><a href="#[ab]">&gt;&gt;</a>&nbsp;&nbsp;&nbsp;nrf_balloc_alloc
</UL>

<P><STRONG><a name="[98]"></a>ble_dfu_init</STRONG> (Thumb, 182 bytes, Stack size 96 bytes, nrf_dfu_ble.o(i.ble_dfu_init))
<BR><BR>[Stack]<UL><LI>Max Depth = 96<LI>Call Chain = ble_dfu_init
</UL>
<BR>[Calls]<UL><LI><a href="#[87]">&gt;&gt;</a>&nbsp;&nbsp;&nbsp;__aeabi_memcpy4
</UL>
<BR>[Called By]<UL><LI><a href="#[59]">&gt;&gt;</a>&nbsp;&nbsp;&nbsp;ble_dfu_transport_init
</UL>

<P><STRONG><a name="[5a]"></a>ble_dfu_transport_close</STRONG> (Thumb, 82 bytes, Stack size 24 bytes, nrf_dfu_ble.o(i.ble_dfu_transport_close))
<BR><BR>[Stack]<UL><LI>Max Depth = 80<LI>Call Chain = ble_dfu_transport_close &rArr; nrf_sdh_disable_request &rArr; sdh_state_observer_notify &rArr; nrf_section_iter_next &rArr; nrf_section_iter_item_set
</UL>
<BR>[Calls]<UL><LI><a href="#[9f]">&gt;&gt;</a>&nbsp;&nbsp;&nbsp;nrf_sdh_disable_request
</UL>
<BR>[Address Reference Count : 1]<UL><LI> nrf_dfu_ble.o(dfu_trans)
</UL>
<P><STRONG><a name="[59]"></a>ble_dfu_transport_init</STRONG> (Thumb, 134 bytes, Stack size 16 bytes, nrf_dfu_ble.o(i.ble_dfu_transport_init))
<BR><BR>[Stack]<UL><LI>Max Depth = 112<LI>Call Chain = ble_dfu_transport_init &rArr; ble_dfu_init
</UL>
<BR>[Calls]<UL><LI><a href="#[a2]">&gt;&gt;</a>&nbsp;&nbsp;&nbsp;nrf_sdh_enable_request
<LI><a href="#[a5]">&gt;&gt;</a>&nbsp;&nbsp;&nbsp;nrf_sdh_ble_enable
<LI><a href="#[a4]">&gt;&gt;</a>&nbsp;&nbsp;&nbsp;nrf_sdh_ble_default_cfg_set
<LI><a href="#[a3]">&gt;&gt;</a>&nbsp;&nbsp;&nbsp;nrf_sdh_ble_app_ram_start_get
<LI><a href="#[a6]">&gt;&gt;</a>&nbsp;&nbsp;&nbsp;nrf_dfu_settings_adv_name_is_valid
<LI><a href="#[a7]">&gt;&gt;</a>&nbsp;&nbsp;&nbsp;nrf_dfu_settings_adv_name_copy
<LI><a href="#[a1]">&gt;&gt;</a>&nbsp;&nbsp;&nbsp;nrf_dfu_mbr_init_sd
<LI><a href="#[a0]">&gt;&gt;</a>&nbsp;&nbsp;&nbsp;nrf_balloc_init
<LI><a href="#[98]">&gt;&gt;</a>&nbsp;&nbsp;&nbsp;ble_dfu_init
<LI><a href="#[a8]">&gt;&gt;</a>&nbsp;&nbsp;&nbsp;gap_params_init
<LI><a href="#[86]">&gt;&gt;</a>&nbsp;&nbsp;&nbsp;advertising_start
</UL>
<BR>[Address Reference Count : 1]<UL><LI> nrf_dfu_ble.o(dfu_trans)
</UL>
<P><STRONG><a name="[13a]"></a>ble_srv_is_notification_enabled</STRONG> (Thumb, 8 bytes, Stack size 0 bytes, ble_srv_common.o(i.ble_srv_is_notification_enabled))
<BR><BR>[Called By]<UL><LI><a href="#[a9]">&gt;&gt;</a>&nbsp;&nbsp;&nbsp;on_rw_authorize_req
</UL>

<P><STRONG><a name="[b5]"></a>bsp_board_init</STRONG> (Thumb, 42 bytes, Stack size 8 bytes, boards.o(i.bsp_board_init))
<BR><BR>[Stack]<UL><LI>Max Depth = 16<LI>Call Chain = bsp_board_init &rArr; bsp_board_leds_off
</UL>
<BR>[Calls]<UL><LI><a href="#[b6]">&gt;&gt;</a>&nbsp;&nbsp;&nbsp;bsp_board_leds_off
</UL>
<BR>[Called By]<UL><LI><a href="#[2a]">&gt;&gt;</a>&nbsp;&nbsp;&nbsp;dfu_observer
</UL>

<P><STRONG><a name="[b7]"></a>bsp_board_led_off</STRONG> (Thumb, 10 bytes, Stack size 0 bytes, boards.o(i.bsp_board_led_off))
<BR><BR>[Calls]<UL><LI><a href="#[b8]">&gt;&gt;</a>&nbsp;&nbsp;&nbsp;nrf_gpio_pin_write
</UL>
<BR>[Called By]<UL><LI><a href="#[b6]">&gt;&gt;</a>&nbsp;&nbsp;&nbsp;bsp_board_leds_off
<LI><a href="#[2a]">&gt;&gt;</a>&nbsp;&nbsp;&nbsp;dfu_observer
</UL>

<P><STRONG><a name="[b9]"></a>bsp_board_led_on</STRONG> (Thumb, 10 bytes, Stack size 0 bytes, boards.o(i.bsp_board_led_on))
<BR><BR>[Calls]<UL><LI><a href="#[b8]">&gt;&gt;</a>&nbsp;&nbsp;&nbsp;nrf_gpio_pin_write
</UL>
<BR>[Called By]<UL><LI><a href="#[2a]">&gt;&gt;</a>&nbsp;&nbsp;&nbsp;dfu_observer
</UL>

<P><STRONG><a name="[b6]"></a>bsp_board_leds_off</STRONG> (Thumb, 18 bytes, Stack size 8 bytes, boards.o(i.bsp_board_leds_off))
<BR><BR>[Stack]<UL><LI>Max Depth = 8<LI>Call Chain = bsp_board_leds_off
</UL>
<BR>[Calls]<UL><LI><a href="#[b7]">&gt;&gt;</a>&nbsp;&nbsp;&nbsp;bsp_board_led_off
</UL>
<BR>[Called By]<UL><LI><a href="#[b5]">&gt;&gt;</a>&nbsp;&nbsp;&nbsp;bsp_board_init
</UL>

<P><STRONG><a name="[8c]"></a>crc32_compute</STRONG> (Thumb, 54 bytes, Stack size 20 bytes, crc32.o(i.crc32_compute))
<BR><BR>[Stack]<UL><LI>Max Depth = 20<LI>Call Chain = crc32_compute
</UL>
<BR>[Called By]<UL><LI><a href="#[89]">&gt;&gt;</a>&nbsp;&nbsp;&nbsp;app_activate
<LI><a href="#[af]">&gt;&gt;</a>&nbsp;&nbsp;&nbsp;nrf_dfu_validation_boot_validate
<LI><a href="#[11d]">&gt;&gt;</a>&nbsp;&nbsp;&nbsp;nrf_dfu_settings_adv_name_write
<LI><a href="#[bb]">&gt;&gt;</a>&nbsp;&nbsp;&nbsp;settings_crc_get
<LI><a href="#[b0]">&gt;&gt;</a>&nbsp;&nbsp;&nbsp;boot_validation_crc
<LI><a href="#[10e]">&gt;&gt;</a>&nbsp;&nbsp;&nbsp;nrf_dfu_validation_init_cmd_append
<LI><a href="#[113]">&gt;&gt;</a>&nbsp;&nbsp;&nbsp;on_data_obj_write_request
<LI><a href="#[a6]">&gt;&gt;</a>&nbsp;&nbsp;&nbsp;nrf_dfu_settings_adv_name_is_valid
<LI><a href="#[123]">&gt;&gt;</a>&nbsp;&nbsp;&nbsp;postvalidate
<LI><a href="#[b1]">&gt;&gt;</a>&nbsp;&nbsp;&nbsp;boot_validation_extract
</UL>

<P><STRONG><a name="[62]"></a>dfu_fstorage_evt_handler</STRONG> (Thumb, 12 bytes, Stack size 0 bytes, nrf_dfu_flash.o(i.dfu_fstorage_evt_handler))
<BR>[Address Reference Count : 1]<UL><LI> nrf_dfu_flash.o(fs_data)
</UL>
<P><STRONG><a name="[9a]"></a>ext_error_get</STRONG> (Thumb, 10 bytes, Stack size 0 bytes, nrf_dfu_handling_error.o(i.ext_error_get))
<BR><BR>[Called By]<UL><LI><a href="#[3c]">&gt;&gt;</a>&nbsp;&nbsp;&nbsp;ble_dfu_req_handler_callback
</UL>

<P><STRONG><a name="[9b]"></a>ext_error_set</STRONG> (Thumb, 8 bytes, Stack size 0 bytes, nrf_dfu_handling_error.o(i.ext_error_set))
<BR><BR>[Called By]<UL><LI><a href="#[d5]">&gt;&gt;</a>&nbsp;&nbsp;&nbsp;ext_err_code_handle
<LI><a href="#[3c]">&gt;&gt;</a>&nbsp;&nbsp;&nbsp;ble_dfu_req_handler_callback
<LI><a href="#[119]">&gt;&gt;</a>&nbsp;&nbsp;&nbsp;nrf_dfu_req_handler_init
</UL>

<P><STRONG><a name="[d6]"></a>fw_hash_ok</STRONG> (Thumb, 8 bytes, Stack size 0 bytes, nrf_dfu_validation.o(i.fw_hash_ok))
<BR><BR>[Stack]<UL><LI>Max Depth = 304<LI>Call Chain = fw_hash_ok &rArr; nrf_dfu_validation_hash_ok &rArr; crypto_init &rArr; nrf_crypto_ecc_public_key_from_raw &rArr; nrf_crypto_backend_micro_ecc_public_key_from_raw &rArr; nrf_crypto_internal_double_swap_endian
</UL>
<BR>[Calls]<UL><LI><a href="#[d7]">&gt;&gt;</a>&nbsp;&nbsp;&nbsp;nrf_dfu_validation_hash_ok
</UL>
<BR>[Called By]<UL><LI><a href="#[123]">&gt;&gt;</a>&nbsp;&nbsp;&nbsp;postvalidate
</UL>

<P><STRONG><a name="[25]"></a>main</STRONG> (Thumb, 50 bytes, Stack size 8 bytes, main.o(i.main))
<BR><BR>[Stack]<UL><LI>Max Depth = 3432<LI>Call Chain = main &rArr; nrf_bootloader_init &rArr; nrf_dfu_init &rArr; nrf_dfu_req_handler_init &rArr; nrf_dfu_validation_init_cmd_execute &rArr; nrf_dfu_validation_prevalidate &rArr; nrf_dfu_validation_signature_check &rArr; nrf_crypto_ecdsa_verify &rArr; nrf_crypto_backend_micro_ecc_verify &rArr; uECC_verify &rArr; uECC_vli_modMult &rArr; uECC_vli_mult
</UL>
<BR>[Calls]<UL><LI><a href="#[e1]">&gt;&gt;</a>&nbsp;&nbsp;&nbsp;nrf_bootloader_init
<LI><a href="#[e0]">&gt;&gt;</a>&nbsp;&nbsp;&nbsp;nrf_bootloader_flash_protect
<LI><a href="#[e2]">&gt;&gt;</a>&nbsp;&nbsp;&nbsp;nrf_bootloader_app_start
<LI><a href="#[8d]">&gt;&gt;</a>&nbsp;&nbsp;&nbsp;on_error
</UL>
<BR>[Address Reference Count : 1]<UL><LI> entry9a.o(.ARM.Collect$$$$0000000B)
</UL>
<P><STRONG><a name="[e3]"></a>nrf_atfifo_clear</STRONG> (Thumb, 16 bytes, Stack size 8 bytes, nrf_atfifo.o(i.nrf_atfifo_clear))
<BR><BR>[Stack]<UL><LI>Max Depth = 8<LI>Call Chain = nrf_atfifo_clear
</UL>
<BR>[Calls]<UL><LI><a href="#[e4]">&gt;&gt;</a>&nbsp;&nbsp;&nbsp;__asm___12_nrf_atfifo_c_51f461e1__nrf_atfifo_space_clear
</UL>
<BR>[Called By]<UL><LI><a href="#[47]">&gt;&gt;</a>&nbsp;&nbsp;&nbsp;uninit
</UL>

<P><STRONG><a name="[dd]"></a>nrf_atfifo_init</STRONG> (Thumb, 38 bytes, Stack size 8 bytes, nrf_atfifo.o(i.nrf_atfifo_init))
<BR><BR>[Stack]<UL><LI>Max Depth = 8<LI>Call Chain = nrf_atfifo_init
</UL>
<BR>[Called By]<UL><LI><a href="#[46]">&gt;&gt;</a>&nbsp;&nbsp;&nbsp;init
</UL>

<P><STRONG><a name="[d1]"></a>nrf_atfifo_item_alloc</STRONG> (Thumb, 22 bytes, Stack size 16 bytes, nrf_atfifo.o(i.nrf_atfifo_item_alloc))
<BR><BR>[Stack]<UL><LI>Max Depth = 16<LI>Call Chain = nrf_atfifo_item_alloc
</UL>
<BR>[Calls]<UL><LI><a href="#[e5]">&gt;&gt;</a>&nbsp;&nbsp;&nbsp;__asm___12_nrf_atfifo_c_51f461e1__nrf_atfifo_wspace_req
</UL>
<BR>[Called By]<UL><LI><a href="#[49]">&gt;&gt;</a>&nbsp;&nbsp;&nbsp;write
<LI><a href="#[4a]">&gt;&gt;</a>&nbsp;&nbsp;&nbsp;erase
</UL>

<P><STRONG><a name="[e6]"></a>nrf_atfifo_item_free</STRONG> (Thumb, 22 bytes, Stack size 8 bytes, nrf_atfifo.o(i.nrf_atfifo_item_free))
<BR><BR>[Stack]<UL><LI>Max Depth = 8<LI>Call Chain = nrf_atfifo_item_free
</UL>
<BR>[Calls]<UL><LI><a href="#[67]">&gt;&gt;</a>&nbsp;&nbsp;&nbsp;__asm___12_nrf_atfifo_c_51f461e1__nrf_atfifo_rspace_close
</UL>
<BR>[Called By]<UL><LI><a href="#[12c]">&gt;&gt;</a>&nbsp;&nbsp;&nbsp;queue_free
</UL>

<P><STRONG><a name="[e7]"></a>nrf_atfifo_item_get</STRONG> (Thumb, 22 bytes, Stack size 16 bytes, nrf_atfifo.o(i.nrf_atfifo_item_get))
<BR><BR>[Stack]<UL><LI>Max Depth = 16<LI>Call Chain = nrf_atfifo_item_get
</UL>
<BR>[Calls]<UL><LI><a href="#[e8]">&gt;&gt;</a>&nbsp;&nbsp;&nbsp;__asm___12_nrf_atfifo_c_51f461e1__nrf_atfifo_rspace_req
</UL>
<BR>[Called By]<UL><LI><a href="#[12b]">&gt;&gt;</a>&nbsp;&nbsp;&nbsp;queue_process
</UL>

<P><STRONG><a name="[d2]"></a>nrf_atfifo_item_put</STRONG> (Thumb, 22 bytes, Stack size 8 bytes, nrf_atfifo.o(i.nrf_atfifo_item_put))
<BR><BR>[Stack]<UL><LI>Max Depth = 8<LI>Call Chain = nrf_atfifo_item_put
</UL>
<BR>[Calls]<UL><LI><a href="#[66]">&gt;&gt;</a>&nbsp;&nbsp;&nbsp;__asm___12_nrf_atfifo_c_51f461e1__nrf_atfifo_wspace_close
</UL>
<BR>[Called By]<UL><LI><a href="#[49]">&gt;&gt;</a>&nbsp;&nbsp;&nbsp;write
<LI><a href="#[4a]">&gt;&gt;</a>&nbsp;&nbsp;&nbsp;erase
</UL>

<P><STRONG><a name="[cf]"></a>nrf_atomic_flag_clear</STRONG> (Thumb, 6 bytes, Stack size 0 bytes, nrf_atomic.o(i.nrf_atomic_flag_clear))
<BR><BR>[Stack]<UL><LI>Max Depth = 8<LI>Call Chain = nrf_atomic_flag_clear &rArr; nrf_atomic_u32_and
</UL>
<BR>[Calls]<UL><LI><a href="#[e9]">&gt;&gt;</a>&nbsp;&nbsp;&nbsp;nrf_atomic_u32_and
</UL>
<BR>[Called By]<UL><LI><a href="#[41]">&gt;&gt;</a>&nbsp;&nbsp;&nbsp;write
<LI><a href="#[3f]">&gt;&gt;</a>&nbsp;&nbsp;&nbsp;uninit
<LI><a href="#[42]">&gt;&gt;</a>&nbsp;&nbsp;&nbsp;erase
</UL>

<P><STRONG><a name="[cd]"></a>nrf_atomic_flag_set_fetch</STRONG> (Thumb, 6 bytes, Stack size 0 bytes, nrf_atomic.o(i.nrf_atomic_flag_set_fetch))
<BR><BR>[Stack]<UL><LI>Max Depth = 8<LI>Call Chain = nrf_atomic_flag_set_fetch &rArr; nrf_atomic_u32_fetch_or
</UL>
<BR>[Calls]<UL><LI><a href="#[ea]">&gt;&gt;</a>&nbsp;&nbsp;&nbsp;nrf_atomic_u32_fetch_or
</UL>
<BR>[Called By]<UL><LI><a href="#[d3]">&gt;&gt;</a>&nbsp;&nbsp;&nbsp;queue_start
<LI><a href="#[46]">&gt;&gt;</a>&nbsp;&nbsp;&nbsp;init
<LI><a href="#[41]">&gt;&gt;</a>&nbsp;&nbsp;&nbsp;write
<LI><a href="#[42]">&gt;&gt;</a>&nbsp;&nbsp;&nbsp;erase
</UL>

<P><STRONG><a name="[e9]"></a>nrf_atomic_u32_and</STRONG> (Thumb, 12 bytes, Stack size 8 bytes, nrf_atomic.o(i.nrf_atomic_u32_and))
<BR><BR>[Stack]<UL><LI>Max Depth = 8<LI>Call Chain = nrf_atomic_u32_and
</UL>
<BR>[Calls]<UL><LI><a href="#[eb]">&gt;&gt;</a>&nbsp;&nbsp;&nbsp;__asm___12_nrf_atomic_c_85ca2469__nrf_atomic_internal_and
</UL>
<BR>[Called By]<UL><LI><a href="#[cf]">&gt;&gt;</a>&nbsp;&nbsp;&nbsp;nrf_atomic_flag_clear
</UL>

<P><STRONG><a name="[ea]"></a>nrf_atomic_u32_fetch_or</STRONG> (Thumb, 10 bytes, Stack size 8 bytes, nrf_atomic.o(i.nrf_atomic_u32_fetch_or))
<BR><BR>[Stack]<UL><LI>Max Depth = 8<LI>Call Chain = nrf_atomic_u32_fetch_or
</UL>
<BR>[Calls]<UL><LI><a href="#[ec]">&gt;&gt;</a>&nbsp;&nbsp;&nbsp;__asm___12_nrf_atomic_c_85ca2469__nrf_atomic_internal_orr
</UL>
<BR>[Called By]<UL><LI><a href="#[cd]">&gt;&gt;</a>&nbsp;&nbsp;&nbsp;nrf_atomic_flag_set_fetch
</UL>

<P><STRONG><a name="[ab]"></a>nrf_balloc_alloc</STRONG> (Thumb, 68 bytes, Stack size 16 bytes, nrf_balloc.o(i.nrf_balloc_alloc))
<BR><BR>[Stack]<UL><LI>Max Depth = 28<LI>Call Chain = nrf_balloc_alloc &rArr; app_util_critical_region_enter
</UL>
<BR>[Calls]<UL><LI><a href="#[91]">&gt;&gt;</a>&nbsp;&nbsp;&nbsp;app_util_critical_region_exit
<LI><a href="#[90]">&gt;&gt;</a>&nbsp;&nbsp;&nbsp;app_util_critical_region_enter
</UL>
<BR>[Called By]<UL><LI><a href="#[5b]">&gt;&gt;</a>&nbsp;&nbsp;&nbsp;ble_evt_handler
</UL>

<P><STRONG><a name="[ad]"></a>nrf_balloc_free</STRONG> (Thumb, 48 bytes, Stack size 16 bytes, nrf_balloc.o(i.nrf_balloc_free))
<BR><BR>[Stack]<UL><LI>Max Depth = 28<LI>Call Chain = nrf_balloc_free &rArr; app_util_critical_region_enter
</UL>
<BR>[Calls]<UL><LI><a href="#[91]">&gt;&gt;</a>&nbsp;&nbsp;&nbsp;app_util_critical_region_exit
<LI><a href="#[90]">&gt;&gt;</a>&nbsp;&nbsp;&nbsp;app_util_critical_region_enter
</UL>
<BR>[Called By]<UL><LI><a href="#[3d]">&gt;&gt;</a>&nbsp;&nbsp;&nbsp;on_flash_write
<LI><a href="#[5b]">&gt;&gt;</a>&nbsp;&nbsp;&nbsp;ble_evt_handler
</UL>

<P><STRONG><a name="[a0]"></a>nrf_balloc_init</STRONG> (Thumb, 48 bytes, Stack size 8 bytes, nrf_balloc.o(i.nrf_balloc_init))
<BR><BR>[Stack]<UL><LI>Max Depth = 8<LI>Call Chain = nrf_balloc_init
</UL>
<BR>[Called By]<UL><LI><a href="#[59]">&gt;&gt;</a>&nbsp;&nbsp;&nbsp;ble_dfu_transport_init
</UL>

<P><STRONG><a name="[e2]"></a>nrf_bootloader_app_start</STRONG> (Thumb, 36 bytes, Stack size 8 bytes, nrf_bootloader_app_start.o(i.nrf_bootloader_app_start))
<BR><BR>[Stack]<UL><LI>Max Depth = 8<LI>Call Chain = nrf_bootloader_app_start
</UL>
<BR>[Calls]<UL><LI><a href="#[ed]">&gt;&gt;</a>&nbsp;&nbsp;&nbsp;nrf_dfu_mbr_irq_forward_address_set
</UL>
<BR>[Called By]<UL><LI><a href="#[e1]">&gt;&gt;</a>&nbsp;&nbsp;&nbsp;nrf_bootloader_init
<LI><a href="#[25]">&gt;&gt;</a>&nbsp;&nbsp;&nbsp;main
</UL>

<P><STRONG><a name="[ee]"></a>nrf_bootloader_app_start_final</STRONG> (Thumb, 128 bytes, Stack size 48 bytes, nrf_bootloader_app_start_final.o(i.nrf_bootloader_app_start_final), UNUSED)
<BR><BR>[Calls]<UL><LI><a href="#[ef]">&gt;&gt;</a>&nbsp;&nbsp;&nbsp;__asm___32_nrf_bootloader_app_start_final_c_c9922886__jump_to_addr
<LI><a href="#[8a]">&gt;&gt;</a>&nbsp;&nbsp;&nbsp;nrf_dfu_bank0_start_addr
<LI><a href="#[e0]">&gt;&gt;</a>&nbsp;&nbsp;&nbsp;nrf_bootloader_flash_protect
<LI><a href="#[87]">&gt;&gt;</a>&nbsp;&nbsp;&nbsp;__aeabi_memcpy4
</UL>

<P><STRONG><a name="[ca]"></a>nrf_bootloader_dfu_inactivity_timer_restart</STRONG> (Thumb, 34 bytes, Stack size 16 bytes, nrf_bootloader_dfu_timers.o(i.nrf_bootloader_dfu_inactivity_timer_restart))
<BR><BR>[Stack]<UL><LI>Max Depth = 56<LI>Call Chain = nrf_bootloader_dfu_inactivity_timer_restart &rArr; timer_start &rArr; timer_init &rArr; nrf_rtc_event_clear
</UL>
<BR>[Calls]<UL><LI><a href="#[83]">&gt;&gt;</a>&nbsp;&nbsp;&nbsp;timer_stop
<LI><a href="#[f0]">&gt;&gt;</a>&nbsp;&nbsp;&nbsp;timer_start
</UL>
<BR>[Called By]<UL><LI><a href="#[2c]">&gt;&gt;</a>&nbsp;&nbsp;&nbsp;dfu_observer
<LI><a href="#[e1]">&gt;&gt;</a>&nbsp;&nbsp;&nbsp;nrf_bootloader_init
</UL>

<P><STRONG><a name="[e0]"></a>nrf_bootloader_flash_protect</STRONG> (Thumb, 70 bytes, Stack size 20 bytes, nrf_bootloader_app_start_final.o(i.nrf_bootloader_flash_protect))
<BR><BR>[Stack]<UL><LI>Max Depth = 20<LI>Call Chain = nrf_bootloader_flash_protect
</UL>
<BR>[Called By]<UL><LI><a href="#[ee]">&gt;&gt;</a>&nbsp;&nbsp;&nbsp;nrf_bootloader_app_start_final
<LI><a href="#[25]">&gt;&gt;</a>&nbsp;&nbsp;&nbsp;main
</UL>

<P><STRONG><a name="[f1]"></a>nrf_bootloader_fw_activate</STRONG> (Thumb, 102 bytes, Stack size 16 bytes, nrf_bootloader_fw_activation.o(i.nrf_bootloader_fw_activate))
<BR><BR>[Stack]<UL><LI>Max Depth = 160<LI>Call Chain = nrf_bootloader_fw_activate &rArr; sd_activate &rArr; image_copy &rArr; nrf_dfu_settings_write_and_backup &rArr; nrf_dfu_settings_write &rArr; settings_write &rArr; nrf_dfu_flash_store &rArr; nrf_fstorage_write
</UL>
<BR>[Calls]<UL><LI><a href="#[f2]">&gt;&gt;</a>&nbsp;&nbsp;&nbsp;sd_activate
<LI><a href="#[93]">&gt;&gt;</a>&nbsp;&nbsp;&nbsp;bl_activate
<LI><a href="#[89]">&gt;&gt;</a>&nbsp;&nbsp;&nbsp;app_activate
<LI><a href="#[db]">&gt;&gt;</a>&nbsp;&nbsp;&nbsp;nrf_dfu_settings_write_and_backup
<LI><a href="#[f3]">&gt;&gt;</a>&nbsp;&nbsp;&nbsp;nrf_dfu_bank_invalidate
</UL>
<BR>[Called By]<UL><LI><a href="#[e1]">&gt;&gt;</a>&nbsp;&nbsp;&nbsp;nrf_bootloader_init
</UL>

<P><STRONG><a name="[e1]"></a>nrf_bootloader_init</STRONG> (Thumb, 170 bytes, Stack size 16 bytes, nrf_bootloader.o(i.nrf_bootloader_init))
<BR><BR>[Stack]<UL><LI>Max Depth = 3424<LI>Call Chain = nrf_bootloader_init &rArr; nrf_dfu_init &rArr; nrf_dfu_req_handler_init &rArr; nrf_dfu_validation_init_cmd_execute &rArr; nrf_dfu_validation_prevalidate &rArr; nrf_dfu_validation_signature_check &rArr; nrf_crypto_ecdsa_verify &rArr; nrf_crypto_backend_micro_ecc_verify &rArr; uECC_verify &rArr; uECC_vli_modMult &rArr; uECC_vli_mult
</UL>
<BR>[Calls]<UL><LI><a href="#[f6]">&gt;&gt;</a>&nbsp;&nbsp;&nbsp;nrf_dfu_init_user
<LI><a href="#[f4]">&gt;&gt;</a>&nbsp;&nbsp;&nbsp;nrf_dfu_settings_init
<LI><a href="#[b4]">&gt;&gt;</a>&nbsp;&nbsp;&nbsp;nrf_dfu_settings_backup
<LI><a href="#[d8]">&gt;&gt;</a>&nbsp;&nbsp;&nbsp;nrf_bootloader_wdt_init
<LI><a href="#[96]">&gt;&gt;</a>&nbsp;&nbsp;&nbsp;nrf_bootloader_wdt_feed
<LI><a href="#[f1]">&gt;&gt;</a>&nbsp;&nbsp;&nbsp;nrf_bootloader_fw_activate
<LI><a href="#[ca]">&gt;&gt;</a>&nbsp;&nbsp;&nbsp;nrf_bootloader_dfu_inactivity_timer_restart
<LI><a href="#[f5]">&gt;&gt;</a>&nbsp;&nbsp;&nbsp;app_sched_init
<LI><a href="#[f8]">&gt;&gt;</a>&nbsp;&nbsp;&nbsp;app_sched_execute
<LI><a href="#[c9]">&gt;&gt;</a>&nbsp;&nbsp;&nbsp;nrf_power_gpregret_get
<LI><a href="#[c8]">&gt;&gt;</a>&nbsp;&nbsp;&nbsp;dfu_enter_check
<LI><a href="#[b3]">&gt;&gt;</a>&nbsp;&nbsp;&nbsp;bootloader_reset
<LI><a href="#[e2]">&gt;&gt;</a>&nbsp;&nbsp;&nbsp;nrf_bootloader_app_start
<LI><a href="#[8e]">&gt;&gt;</a>&nbsp;&nbsp;&nbsp;app_error_handler_bare
<LI><a href="#[f9]">&gt;&gt;</a>&nbsp;&nbsp;&nbsp;nrf_dfu_settings_additional_erase
<LI><a href="#[f7]">&gt;&gt;</a>&nbsp;&nbsp;&nbsp;nrf_dfu_init
</UL>
<BR>[Called By]<UL><LI><a href="#[25]">&gt;&gt;</a>&nbsp;&nbsp;&nbsp;main
</UL>

<P><STRONG><a name="[96]"></a>nrf_bootloader_wdt_feed</STRONG> (Thumb, 20 bytes, Stack size 8 bytes, nrf_bootloader_wdt.o(i.nrf_bootloader_wdt_feed))
<BR><BR>[Stack]<UL><LI>Max Depth = 24<LI>Call Chain = nrf_bootloader_wdt_feed &rArr; wdt_feed
</UL>
<BR>[Calls]<UL><LI><a href="#[fb]">&gt;&gt;</a>&nbsp;&nbsp;&nbsp;wdt_feed
<LI><a href="#[fa]">&gt;&gt;</a>&nbsp;&nbsp;&nbsp;nrf_wdt_started
</UL>
<BR>[Called By]<UL><LI><a href="#[93]">&gt;&gt;</a>&nbsp;&nbsp;&nbsp;bl_activate
<LI><a href="#[e1]">&gt;&gt;</a>&nbsp;&nbsp;&nbsp;nrf_bootloader_init
</UL>

<P><STRONG><a name="[fc]"></a>nrf_bootloader_wdt_feed_timer_start</STRONG> (Thumb, 16 bytes, Stack size 0 bytes, nrf_bootloader_dfu_timers.o(i.nrf_bootloader_wdt_feed_timer_start))
<BR><BR>[Stack]<UL><LI>Max Depth = 40<LI>Call Chain = nrf_bootloader_wdt_feed_timer_start &rArr; timer_start &rArr; timer_init &rArr; nrf_rtc_event_clear
</UL>
<BR>[Calls]<UL><LI><a href="#[f0]">&gt;&gt;</a>&nbsp;&nbsp;&nbsp;timer_start
</UL>
<BR>[Called By]<UL><LI><a href="#[d8]">&gt;&gt;</a>&nbsp;&nbsp;&nbsp;nrf_bootloader_wdt_init
</UL>

<P><STRONG><a name="[d8]"></a>nrf_bootloader_wdt_init</STRONG> (Thumb, 60 bytes, Stack size 16 bytes, nrf_bootloader_wdt.o(i.nrf_bootloader_wdt_init))
<BR><BR>[Stack]<UL><LI>Max Depth = 56<LI>Call Chain = nrf_bootloader_wdt_init &rArr; nrf_bootloader_wdt_feed_timer_start &rArr; timer_start &rArr; timer_init &rArr; nrf_rtc_event_clear
</UL>
<BR>[Calls]<UL><LI><a href="#[fc]">&gt;&gt;</a>&nbsp;&nbsp;&nbsp;nrf_bootloader_wdt_feed_timer_start
<LI><a href="#[fb]">&gt;&gt;</a>&nbsp;&nbsp;&nbsp;wdt_feed
<LI><a href="#[fa]">&gt;&gt;</a>&nbsp;&nbsp;&nbsp;nrf_wdt_started
</UL>
<BR>[Called By]<UL><LI><a href="#[8b]">&gt;&gt;</a>&nbsp;&nbsp;&nbsp;image_copy
<LI><a href="#[e1]">&gt;&gt;</a>&nbsp;&nbsp;&nbsp;nrf_bootloader_init
</UL>

<P><STRONG><a name="[ff]"></a>nrf_crypto_backend_micro_ecc_curve_get</STRONG> (Thumb, 6 bytes, Stack size 0 bytes, micro_ecc_backend_ecc.o(i.nrf_crypto_backend_micro_ecc_curve_get))
<BR><BR>[Called By]<UL><LI><a href="#[fe]">&gt;&gt;</a>&nbsp;&nbsp;&nbsp;nrf_crypto_backend_micro_ecc_verify
</UL>

<P><STRONG><a name="[fd]"></a>nrf_crypto_backend_micro_ecc_public_key_from_raw</STRONG> (Thumb, 16 bytes, Stack size 8 bytes, micro_ecc_backend_ecc.o(i.nrf_crypto_backend_micro_ecc_public_key_from_raw))
<BR><BR>[Stack]<UL><LI>Max Depth = 24<LI>Call Chain = nrf_crypto_backend_micro_ecc_public_key_from_raw &rArr; nrf_crypto_internal_double_swap_endian
</UL>
<BR>[Calls]<UL><LI><a href="#[be]">&gt;&gt;</a>&nbsp;&nbsp;&nbsp;nrf_crypto_internal_double_swap_endian
</UL>
<BR>[Called By]<UL><LI><a href="#[bf]">&gt;&gt;</a>&nbsp;&nbsp;&nbsp;nrf_crypto_ecc_public_key_from_raw
</UL>

<P><STRONG><a name="[fe]"></a>nrf_crypto_backend_micro_ecc_verify</STRONG> (Thumb, 86 bytes, Stack size 128 bytes, micro_ecc_backend_ecdsa.o(i.nrf_crypto_backend_micro_ecc_verify))
<BR><BR>[Stack]<UL><LI>Max Depth = 3152<LI>Call Chain = nrf_crypto_backend_micro_ecc_verify &rArr; uECC_verify &rArr; uECC_vli_modMult &rArr; uECC_vli_mult
</UL>
<BR>[Calls]<UL><LI><a href="#[ff]">&gt;&gt;</a>&nbsp;&nbsp;&nbsp;nrf_crypto_backend_micro_ecc_curve_get
<LI><a href="#[100]">&gt;&gt;</a>&nbsp;&nbsp;&nbsp;nrf_crypto_internal_swap_endian
<LI><a href="#[be]">&gt;&gt;</a>&nbsp;&nbsp;&nbsp;nrf_crypto_internal_double_swap_endian
<LI><a href="#[7b]">&gt;&gt;</a>&nbsp;&nbsp;&nbsp;uECC_verify
</UL>
<BR>[Called By]<UL><LI><a href="#[103]">&gt;&gt;</a>&nbsp;&nbsp;&nbsp;nrf_crypto_ecdsa_verify
</UL>

<P><STRONG><a name="[bf]"></a>nrf_crypto_ecc_public_key_from_raw</STRONG> (Thumb, 48 bytes, Stack size 16 bytes, nrf_crypto_ecc.o(i.nrf_crypto_ecc_public_key_from_raw))
<BR><BR>[Stack]<UL><LI>Max Depth = 40<LI>Call Chain = nrf_crypto_ecc_public_key_from_raw &rArr; nrf_crypto_backend_micro_ecc_public_key_from_raw &rArr; nrf_crypto_internal_double_swap_endian
</UL>
<BR>[Calls]<UL><LI><a href="#[fd]">&gt;&gt;</a>&nbsp;&nbsp;&nbsp;nrf_crypto_backend_micro_ecc_public_key_from_raw
<LI><a href="#[102]">&gt;&gt;</a>&nbsp;&nbsp;&nbsp;nrf_crypto_internal_ecc_raw_input_check
<LI><a href="#[101]">&gt;&gt;</a>&nbsp;&nbsp;&nbsp;nrf_crypto_internal_ecc_key_output_prepare
</UL>
<BR>[Called By]<UL><LI><a href="#[bc]">&gt;&gt;</a>&nbsp;&nbsp;&nbsp;crypto_init
</UL>

<P><STRONG><a name="[103]"></a>nrf_crypto_ecdsa_verify</STRONG> (Thumb, 84 bytes, Stack size 40 bytes, nrf_crypto_ecdsa.o(i.nrf_crypto_ecdsa_verify))
<BR><BR>[Stack]<UL><LI>Max Depth = 3192<LI>Call Chain = nrf_crypto_ecdsa_verify &rArr; nrf_crypto_backend_micro_ecc_verify &rArr; uECC_verify &rArr; uECC_vli_modMult &rArr; uECC_vli_mult
</UL>
<BR>[Calls]<UL><LI><a href="#[fe]">&gt;&gt;</a>&nbsp;&nbsp;&nbsp;nrf_crypto_backend_micro_ecc_verify
<LI><a href="#[102]">&gt;&gt;</a>&nbsp;&nbsp;&nbsp;nrf_crypto_internal_ecc_raw_input_check
<LI><a href="#[104]">&gt;&gt;</a>&nbsp;&nbsp;&nbsp;nrf_crypto_internal_ecc_key_input_check
</UL>
<BR>[Called By]<UL><LI><a href="#[124]">&gt;&gt;</a>&nbsp;&nbsp;&nbsp;nrf_dfu_validation_signature_check
</UL>

<P><STRONG><a name="[b2]"></a>nrf_crypto_hash_calculate</STRONG> (Thumb, 54 bytes, Stack size 24 bytes, nrf_crypto_hash.o(i.nrf_crypto_hash_calculate))
<BR><BR>[Stack]<UL><LI>Max Depth = 40<LI>Call Chain = nrf_crypto_hash_calculate &rArr; nrf_crypto_hash_update
</UL>
<BR>[Calls]<UL><LI><a href="#[106]">&gt;&gt;</a>&nbsp;&nbsp;&nbsp;nrf_crypto_hash_update
<LI><a href="#[105]">&gt;&gt;</a>&nbsp;&nbsp;&nbsp;nrf_crypto_hash_init
<LI><a href="#[107]">&gt;&gt;</a>&nbsp;&nbsp;&nbsp;nrf_crypto_hash_finalize
</UL>
<BR>[Called By]<UL><LI><a href="#[124]">&gt;&gt;</a>&nbsp;&nbsp;&nbsp;nrf_dfu_validation_signature_check
<LI><a href="#[d7]">&gt;&gt;</a>&nbsp;&nbsp;&nbsp;nrf_dfu_validation_hash_ok
<LI><a href="#[b1]">&gt;&gt;</a>&nbsp;&nbsp;&nbsp;boot_validation_extract
</UL>

<P><STRONG><a name="[107]"></a>nrf_crypto_hash_finalize</STRONG> (Thumb, 54 bytes, Stack size 16 bytes, nrf_crypto_hash.o(i.nrf_crypto_hash_finalize))
<BR><BR>[Stack]<UL><LI>Max Depth = 16<LI>Call Chain = nrf_crypto_hash_finalize
</UL>
<BR>[Calls]<UL><LI><a href="#[108]">&gt;&gt;</a>&nbsp;&nbsp;&nbsp;verify_context
</UL>
<BR>[Called By]<UL><LI><a href="#[b2]">&gt;&gt;</a>&nbsp;&nbsp;&nbsp;nrf_crypto_hash_calculate
</UL>

<P><STRONG><a name="[105]"></a>nrf_crypto_hash_init</STRONG> (Thumb, 38 bytes, Stack size 8 bytes, nrf_crypto_hash.o(i.nrf_crypto_hash_init))
<BR><BR>[Stack]<UL><LI>Max Depth = 8<LI>Call Chain = nrf_crypto_hash_init
</UL>
<BR>[Called By]<UL><LI><a href="#[b2]">&gt;&gt;</a>&nbsp;&nbsp;&nbsp;nrf_crypto_hash_calculate
</UL>

<P><STRONG><a name="[106]"></a>nrf_crypto_hash_update</STRONG> (Thumb, 46 bytes, Stack size 16 bytes, nrf_crypto_hash.o(i.nrf_crypto_hash_update))
<BR><BR>[Stack]<UL><LI>Max Depth = 16<LI>Call Chain = nrf_crypto_hash_update
</UL>
<BR>[Calls]<UL><LI><a href="#[108]">&gt;&gt;</a>&nbsp;&nbsp;&nbsp;verify_context
</UL>
<BR>[Called By]<UL><LI><a href="#[b2]">&gt;&gt;</a>&nbsp;&nbsp;&nbsp;nrf_crypto_hash_calculate
</UL>

<P><STRONG><a name="[bd]"></a>nrf_crypto_init</STRONG> (Thumb, 50 bytes, Stack size 24 bytes, nrf_crypto_init.o(i.nrf_crypto_init))
<BR><BR>[Stack]<UL><LI>Max Depth = 24<LI>Call Chain = nrf_crypto_init
</UL>
<BR>[Called By]<UL><LI><a href="#[bc]">&gt;&gt;</a>&nbsp;&nbsp;&nbsp;crypto_init
</UL>

<P><STRONG><a name="[be]"></a>nrf_crypto_internal_double_swap_endian</STRONG> (Thumb, 26 bytes, Stack size 16 bytes, nrf_crypto_shared.o(i.nrf_crypto_internal_double_swap_endian))
<BR><BR>[Stack]<UL><LI>Max Depth = 16<LI>Call Chain = nrf_crypto_internal_double_swap_endian
</UL>
<BR>[Calls]<UL><LI><a href="#[100]">&gt;&gt;</a>&nbsp;&nbsp;&nbsp;nrf_crypto_internal_swap_endian
</UL>
<BR>[Called By]<UL><LI><a href="#[fe]">&gt;&gt;</a>&nbsp;&nbsp;&nbsp;nrf_crypto_backend_micro_ecc_verify
<LI><a href="#[fd]">&gt;&gt;</a>&nbsp;&nbsp;&nbsp;nrf_crypto_backend_micro_ecc_public_key_from_raw
<LI><a href="#[bc]">&gt;&gt;</a>&nbsp;&nbsp;&nbsp;crypto_init
</UL>

<P><STRONG><a name="[109]"></a>nrf_crypto_internal_double_swap_endian_in_place</STRONG> (Thumb, 22 bytes, Stack size 12 bytes, nrf_crypto_shared.o(i.nrf_crypto_internal_double_swap_endian_in_place))
<BR><BR>[Stack]<UL><LI>Max Depth = 12<LI>Call Chain = nrf_crypto_internal_double_swap_endian_in_place
</UL>
<BR>[Calls]<UL><LI><a href="#[10a]">&gt;&gt;</a>&nbsp;&nbsp;&nbsp;nrf_crypto_internal_swap_endian_in_place
</UL>
<BR>[Called By]<UL><LI><a href="#[124]">&gt;&gt;</a>&nbsp;&nbsp;&nbsp;nrf_dfu_validation_signature_check
</UL>

<P><STRONG><a name="[104]"></a>nrf_crypto_internal_ecc_key_input_check</STRONG> (Thumb, 24 bytes, Stack size 0 bytes, nrf_crypto_ecc.o(i.nrf_crypto_internal_ecc_key_input_check))
<BR><BR>[Called By]<UL><LI><a href="#[103]">&gt;&gt;</a>&nbsp;&nbsp;&nbsp;nrf_crypto_ecdsa_verify
</UL>

<P><STRONG><a name="[101]"></a>nrf_crypto_internal_ecc_key_output_prepare</STRONG> (Thumb, 26 bytes, Stack size 0 bytes, nrf_crypto_ecc.o(i.nrf_crypto_internal_ecc_key_output_prepare))
<BR><BR>[Called By]<UL><LI><a href="#[bf]">&gt;&gt;</a>&nbsp;&nbsp;&nbsp;nrf_crypto_ecc_public_key_from_raw
</UL>

<P><STRONG><a name="[102]"></a>nrf_crypto_internal_ecc_raw_input_check</STRONG> (Thumb, 22 bytes, Stack size 0 bytes, nrf_crypto_ecc.o(i.nrf_crypto_internal_ecc_raw_input_check))
<BR><BR>[Called By]<UL><LI><a href="#[103]">&gt;&gt;</a>&nbsp;&nbsp;&nbsp;nrf_crypto_ecdsa_verify
<LI><a href="#[bf]">&gt;&gt;</a>&nbsp;&nbsp;&nbsp;nrf_crypto_ecc_public_key_from_raw
</UL>

<P><STRONG><a name="[100]"></a>nrf_crypto_internal_swap_endian</STRONG> (Thumb, 22 bytes, Stack size 0 bytes, nrf_crypto_shared.o(i.nrf_crypto_internal_swap_endian))
<BR><BR>[Called By]<UL><LI><a href="#[be]">&gt;&gt;</a>&nbsp;&nbsp;&nbsp;nrf_crypto_internal_double_swap_endian
<LI><a href="#[fe]">&gt;&gt;</a>&nbsp;&nbsp;&nbsp;nrf_crypto_backend_micro_ecc_verify
<LI><a href="#[d7]">&gt;&gt;</a>&nbsp;&nbsp;&nbsp;nrf_dfu_validation_hash_ok
</UL>

<P><STRONG><a name="[10a]"></a>nrf_crypto_internal_swap_endian_in_place</STRONG> (Thumb, 24 bytes, Stack size 0 bytes, nrf_crypto_shared.o(i.nrf_crypto_internal_swap_endian_in_place))
<BR><BR>[Called By]<UL><LI><a href="#[109]">&gt;&gt;</a>&nbsp;&nbsp;&nbsp;nrf_crypto_internal_double_swap_endian_in_place
</UL>

<P><STRONG><a name="[8a]"></a>nrf_dfu_bank0_start_addr</STRONG> (Thumb, 34 bytes, Stack size 0 bytes, nrf_dfu_utils.o(i.nrf_dfu_bank0_start_addr))
<BR><BR>[Called By]<UL><LI><a href="#[89]">&gt;&gt;</a>&nbsp;&nbsp;&nbsp;app_activate
<LI><a href="#[ee]">&gt;&gt;</a>&nbsp;&nbsp;&nbsp;nrf_bootloader_app_start_final
<LI><a href="#[c8]">&gt;&gt;</a>&nbsp;&nbsp;&nbsp;dfu_enter_check
<LI><a href="#[94]">&gt;&gt;</a>&nbsp;&nbsp;&nbsp;nrf_dfu_bank1_start_addr
<LI><a href="#[10b]">&gt;&gt;</a>&nbsp;&nbsp;&nbsp;nrf_dfu_cache_prepare
</UL>

<P><STRONG><a name="[94]"></a>nrf_dfu_bank1_start_addr</STRONG> (Thumb, 28 bytes, Stack size 4 bytes, nrf_dfu_utils.o(i.nrf_dfu_bank1_start_addr))
<BR><BR>[Stack]<UL><LI>Max Depth = 4<LI>Call Chain = nrf_dfu_bank1_start_addr
</UL>
<BR>[Calls]<UL><LI><a href="#[8a]">&gt;&gt;</a>&nbsp;&nbsp;&nbsp;nrf_dfu_bank0_start_addr
</UL>
<BR>[Called By]<UL><LI><a href="#[93]">&gt;&gt;</a>&nbsp;&nbsp;&nbsp;bl_activate
<LI><a href="#[110]">&gt;&gt;</a>&nbsp;&nbsp;&nbsp;nrf_dfu_validation_init_cmd_execute
<LI><a href="#[10b]">&gt;&gt;</a>&nbsp;&nbsp;&nbsp;nrf_dfu_cache_prepare
</UL>

<P><STRONG><a name="[f3]"></a>nrf_dfu_bank_invalidate</STRONG> (Thumb, 14 bytes, Stack size 0 bytes, nrf_dfu_utils.o(i.nrf_dfu_bank_invalidate))
<BR><BR>[Called By]<UL><LI><a href="#[f1]">&gt;&gt;</a>&nbsp;&nbsp;&nbsp;nrf_bootloader_fw_activate
<LI><a href="#[123]">&gt;&gt;</a>&nbsp;&nbsp;&nbsp;postvalidate
<LI><a href="#[149]">&gt;&gt;</a>&nbsp;&nbsp;&nbsp;postvalidate_sd_bl
<LI><a href="#[10b]">&gt;&gt;</a>&nbsp;&nbsp;&nbsp;nrf_dfu_cache_prepare
</UL>

<P><STRONG><a name="[10b]"></a>nrf_dfu_cache_prepare</STRONG> (Thumb, 140 bytes, Stack size 24 bytes, nrf_dfu_utils.o(i.nrf_dfu_cache_prepare))
<BR><BR>[Stack]<UL><LI>Max Depth = 28<LI>Call Chain = nrf_dfu_cache_prepare &rArr; nrf_dfu_bank1_start_addr
</UL>
<BR>[Calls]<UL><LI><a href="#[8a]">&gt;&gt;</a>&nbsp;&nbsp;&nbsp;nrf_dfu_bank0_start_addr
<LI><a href="#[f3]">&gt;&gt;</a>&nbsp;&nbsp;&nbsp;nrf_dfu_bank_invalidate
<LI><a href="#[94]">&gt;&gt;</a>&nbsp;&nbsp;&nbsp;nrf_dfu_bank1_start_addr
</UL>
<BR>[Called By]<UL><LI><a href="#[110]">&gt;&gt;</a>&nbsp;&nbsp;&nbsp;nrf_dfu_validation_init_cmd_execute
</UL>

<P><STRONG><a name="[d9]"></a>nrf_dfu_flash_erase</STRONG> (Thumb, 12 bytes, Stack size 0 bytes, nrf_dfu_flash.o(i.nrf_dfu_flash_erase))
<BR><BR>[Stack]<UL><LI>Max Depth = 24<LI>Call Chain = nrf_dfu_flash_erase &rArr; nrf_fstorage_erase
</UL>
<BR>[Calls]<UL><LI><a href="#[114]">&gt;&gt;</a>&nbsp;&nbsp;&nbsp;nrf_fstorage_erase
</UL>
<BR>[Called By]<UL><LI><a href="#[8b]">&gt;&gt;</a>&nbsp;&nbsp;&nbsp;image_copy
<LI><a href="#[121]">&gt;&gt;</a>&nbsp;&nbsp;&nbsp;settings_write
<LI><a href="#[112]">&gt;&gt;</a>&nbsp;&nbsp;&nbsp;on_data_obj_create_request
</UL>

<P><STRONG><a name="[115]"></a>nrf_dfu_flash_init</STRONG> (Thumb, 16 bytes, Stack size 0 bytes, nrf_dfu_flash.o(i.nrf_dfu_flash_init))
<BR><BR>[Calls]<UL><LI><a href="#[116]">&gt;&gt;</a>&nbsp;&nbsp;&nbsp;nrf_fstorage_init
</UL>
<BR>[Called By]<UL><LI><a href="#[f4]">&gt;&gt;</a>&nbsp;&nbsp;&nbsp;nrf_dfu_settings_init
<LI><a href="#[119]">&gt;&gt;</a>&nbsp;&nbsp;&nbsp;nrf_dfu_req_handler_init
</UL>

<P><STRONG><a name="[da]"></a>nrf_dfu_flash_store</STRONG> (Thumb, 18 bytes, Stack size 8 bytes, nrf_dfu_flash.o(i.nrf_dfu_flash_store))
<BR><BR>[Stack]<UL><LI>Max Depth = 40<LI>Call Chain = nrf_dfu_flash_store &rArr; nrf_fstorage_write
</UL>
<BR>[Calls]<UL><LI><a href="#[117]">&gt;&gt;</a>&nbsp;&nbsp;&nbsp;nrf_fstorage_write
</UL>
<BR>[Called By]<UL><LI><a href="#[8b]">&gt;&gt;</a>&nbsp;&nbsp;&nbsp;image_copy
<LI><a href="#[121]">&gt;&gt;</a>&nbsp;&nbsp;&nbsp;settings_write
<LI><a href="#[113]">&gt;&gt;</a>&nbsp;&nbsp;&nbsp;on_data_obj_write_request
</UL>

<P><STRONG><a name="[f7]"></a>nrf_dfu_init</STRONG> (Thumb, 34 bytes, Stack size 8 bytes, nrf_dfu.o(i.nrf_dfu_init))
<BR><BR>[Stack]<UL><LI>Max Depth = 3408<LI>Call Chain = nrf_dfu_init &rArr; nrf_dfu_req_handler_init &rArr; nrf_dfu_validation_init_cmd_execute &rArr; nrf_dfu_validation_prevalidate &rArr; nrf_dfu_validation_signature_check &rArr; nrf_crypto_ecdsa_verify &rArr; nrf_crypto_backend_micro_ecc_verify &rArr; uECC_verify &rArr; uECC_vli_modMult &rArr; uECC_vli_mult
</UL>
<BR>[Calls]<UL><LI><a href="#[118]">&gt;&gt;</a>&nbsp;&nbsp;&nbsp;nrf_dfu_transports_init
<LI><a href="#[119]">&gt;&gt;</a>&nbsp;&nbsp;&nbsp;nrf_dfu_req_handler_init
<LI><a href="#[2f]">&gt;&gt;</a>&nbsp;&nbsp;&nbsp;dfu_observer
</UL>
<BR>[Called By]<UL><LI><a href="#[e1]">&gt;&gt;</a>&nbsp;&nbsp;&nbsp;nrf_bootloader_init
</UL>

<P><STRONG><a name="[f6]"></a>nrf_dfu_init_user</STRONG> (Thumb, 4 bytes, Stack size 0 bytes, nrf_bootloader.o(i.nrf_dfu_init_user))
<BR><BR>[Called By]<UL><LI><a href="#[e1]">&gt;&gt;</a>&nbsp;&nbsp;&nbsp;nrf_bootloader_init
</UL>

<P><STRONG><a name="[97]"></a>nrf_dfu_mbr_copy_bl</STRONG> (Thumb, 22 bytes, Stack size 24 bytes, nrf_dfu_mbr.o(i.nrf_dfu_mbr_copy_bl))
<BR><BR>[Stack]<UL><LI>Max Depth = 24<LI>Call Chain = nrf_dfu_mbr_copy_bl
</UL>
<BR>[Called By]<UL><LI><a href="#[93]">&gt;&gt;</a>&nbsp;&nbsp;&nbsp;bl_activate
</UL>

<P><STRONG><a name="[a1]"></a>nrf_dfu_mbr_init_sd</STRONG> (Thumb, 18 bytes, Stack size 24 bytes, nrf_dfu_mbr.o(i.nrf_dfu_mbr_init_sd))
<BR><BR>[Stack]<UL><LI>Max Depth = 24<LI>Call Chain = nrf_dfu_mbr_init_sd
</UL>
<BR>[Called By]<UL><LI><a href="#[59]">&gt;&gt;</a>&nbsp;&nbsp;&nbsp;ble_dfu_transport_init
</UL>

<P><STRONG><a name="[ed]"></a>nrf_dfu_mbr_irq_forward_address_set</STRONG> (Thumb, 12 bytes, Stack size 0 bytes, nrf_dfu_mbr.o(i.nrf_dfu_mbr_irq_forward_address_set))
<BR><BR>[Called By]<UL><LI><a href="#[e2]">&gt;&gt;</a>&nbsp;&nbsp;&nbsp;nrf_bootloader_app_start
</UL>

<P><STRONG><a name="[119]"></a>nrf_dfu_req_handler_init</STRONG> (Thumb, 62 bytes, Stack size 8 bytes, nrf_dfu_req_handler.o(i.nrf_dfu_req_handler_init))
<BR><BR>[Stack]<UL><LI>Max Depth = 3400<LI>Call Chain = nrf_dfu_req_handler_init &rArr; nrf_dfu_validation_init_cmd_execute &rArr; nrf_dfu_validation_prevalidate &rArr; nrf_dfu_validation_signature_check &rArr; nrf_crypto_ecdsa_verify &rArr; nrf_crypto_backend_micro_ecc_verify &rArr; uECC_verify &rArr; uECC_vli_modMult &rArr; uECC_vli_mult
</UL>
<BR>[Calls]<UL><LI><a href="#[11b]">&gt;&gt;</a>&nbsp;&nbsp;&nbsp;nrf_dfu_validation_init_cmd_present
<LI><a href="#[110]">&gt;&gt;</a>&nbsp;&nbsp;&nbsp;nrf_dfu_validation_init_cmd_execute
<LI><a href="#[11a]">&gt;&gt;</a>&nbsp;&nbsp;&nbsp;nrf_dfu_validation_init
<LI><a href="#[115]">&gt;&gt;</a>&nbsp;&nbsp;&nbsp;nrf_dfu_flash_init
<LI><a href="#[9b]">&gt;&gt;</a>&nbsp;&nbsp;&nbsp;ext_error_set
</UL>
<BR>[Called By]<UL><LI><a href="#[f7]">&gt;&gt;</a>&nbsp;&nbsp;&nbsp;nrf_dfu_init
</UL>

<P><STRONG><a name="[ac]"></a>nrf_dfu_req_handler_on_req</STRONG> (Thumb, 16 bytes, Stack size 0 bytes, nrf_dfu_req_handler.o(i.nrf_dfu_req_handler_on_req))
<BR><BR>[Stack]<UL><LI>Max Depth = 52<LI>Call Chain = nrf_dfu_req_handler_on_req &rArr; app_sched_event_put &rArr; app_util_critical_region_enter
</UL>
<BR>[Calls]<UL><LI><a href="#[8f]">&gt;&gt;</a>&nbsp;&nbsp;&nbsp;app_sched_event_put
</UL>
<BR>[Called By]<UL><LI><a href="#[aa]">&gt;&gt;</a>&nbsp;&nbsp;&nbsp;on_ctrl_pt_write
<LI><a href="#[5b]">&gt;&gt;</a>&nbsp;&nbsp;&nbsp;ble_evt_handler
</UL>

<P><STRONG><a name="[f9]"></a>nrf_dfu_settings_additional_erase</STRONG> (Thumb, 46 bytes, Stack size 16 bytes, nrf_dfu_settings_svci.o(i.nrf_dfu_settings_additional_erase))
<BR><BR>[Stack]<UL><LI>Max Depth = 32<LI>Call Chain = nrf_dfu_settings_additional_erase &rArr; nrf_nvmc_write_words
</UL>
<BR>[Calls]<UL><LI><a href="#[11e]">&gt;&gt;</a>&nbsp;&nbsp;&nbsp;nrf_nvmc_write_words
<LI><a href="#[ce]">&gt;&gt;</a>&nbsp;&nbsp;&nbsp;nrf_nvmc_page_erase
</UL>
<BR>[Called By]<UL><LI><a href="#[e1]">&gt;&gt;</a>&nbsp;&nbsp;&nbsp;nrf_bootloader_init
</UL>

<P><STRONG><a name="[a7]"></a>nrf_dfu_settings_adv_name_copy</STRONG> (Thumb, 20 bytes, Stack size 8 bytes, nrf_dfu_settings_svci.o(i.nrf_dfu_settings_adv_name_copy))
<BR><BR>[Stack]<UL><LI>Max Depth = 8<LI>Call Chain = nrf_dfu_settings_adv_name_copy
</UL>
<BR>[Calls]<UL><LI><a href="#[92]">&gt;&gt;</a>&nbsp;&nbsp;&nbsp;__aeabi_memcpy
</UL>
<BR>[Called By]<UL><LI><a href="#[59]">&gt;&gt;</a>&nbsp;&nbsp;&nbsp;ble_dfu_transport_init
</UL>

<P><STRONG><a name="[a6]"></a>nrf_dfu_settings_adv_name_is_valid</STRONG> (Thumb, 28 bytes, Stack size 8 bytes, nrf_dfu_settings_svci.o(i.nrf_dfu_settings_adv_name_is_valid))
<BR><BR>[Stack]<UL><LI>Max Depth = 28<LI>Call Chain = nrf_dfu_settings_adv_name_is_valid &rArr; crc32_compute
</UL>
<BR>[Calls]<UL><LI><a href="#[8c]">&gt;&gt;</a>&nbsp;&nbsp;&nbsp;crc32_compute
</UL>
<BR>[Called By]<UL><LI><a href="#[59]">&gt;&gt;</a>&nbsp;&nbsp;&nbsp;ble_dfu_transport_init
</UL>

<P><STRONG><a name="[11d]"></a>nrf_dfu_settings_adv_name_write</STRONG> (Thumb, 50 bytes, Stack size 16 bytes, nrf_dfu_settings_svci.o(i.nrf_dfu_settings_adv_name_write))
<BR><BR>[Stack]<UL><LI>Max Depth = 36<LI>Call Chain = nrf_dfu_settings_adv_name_write &rArr; crc32_compute
</UL>
<BR>[Calls]<UL><LI><a href="#[8c]">&gt;&gt;</a>&nbsp;&nbsp;&nbsp;crc32_compute
</UL>
[...]
<BR><BR>[Stack]<UL><LI>Max Depth = 48<LI>Call Chain = pb_dec_fixed64 &rArr; pb_decode_fixed64 &rArr; pb_read &rArr;  pb_read (Cycle)
</UL>
<BR>[Calls]<UL><LI><a href="#[13e]">&gt;&gt;</a>&nbsp;&nbsp;&nbsp;pb_decode_fixed64
</UL>
<BR>[Address Reference Count : 1]<UL><LI> pb_decode.o(.constdata)
</UL>
<P><STRONG><a name="[54]"></a>pb_dec_string</STRONG> (Thumb, 62 bytes, Stack size 24 bytes, pb_decode.o(i.pb_dec_string))
<BR><BR>[Stack]<UL><LI>Max Depth = 56<LI>Call Chain = pb_dec_string &rArr; pb_read &rArr;  pb_read (Cycle)
</UL>
<BR>[Calls]<UL><LI><a href="#[13c]">&gt;&gt;</a>&nbsp;&nbsp;&nbsp;pb_read
<LI><a href="#[13b]">&gt;&gt;</a>&nbsp;&nbsp;&nbsp;pb_decode_varint32
</UL>
<BR>[Address Reference Count : 1]<UL><LI> pb_decode.o(.constdata)
</UL>
<P><STRONG><a name="[55]"></a>pb_dec_submessage</STRONG> (Thumb, 64 bytes, Stack size 40 bytes, pb_decode.o(i.pb_dec_submessage))
<BR><BR>[Stack]<UL><LI>Max Depth = 336<LI>Call Chain = pb_dec_submessage &rArr; pb_decode &rArr; pb_decode_noinit &rArr; decode_field &rArr; decode_static_field &rArr; pb_message_set_to_defaults &rArr; pb_field_set_to_default &rArr;  pb_message_set_to_defaults (Cycle)
</UL>
<BR>[Calls]<UL><LI><a href="#[140]">&gt;&gt;</a>&nbsp;&nbsp;&nbsp;pb_decode
<LI><a href="#[c4]">&gt;&gt;</a>&nbsp;&nbsp;&nbsp;pb_make_string_substream
<LI><a href="#[13f]">&gt;&gt;</a>&nbsp;&nbsp;&nbsp;pb_decode_noinit
</UL>
<BR>[Address Reference Count : 1]<UL><LI> pb_decode.o(.constdata)
</UL>
<P><STRONG><a name="[50]"></a>pb_dec_svarint</STRONG> (Thumb, 88 bytes, Stack size 24 bytes, pb_decode.o(i.pb_dec_svarint))
<BR><BR>[Stack]<UL><LI>Max Depth = 80<LI>Call Chain = pb_dec_svarint &rArr; pb_decode_svarint &rArr; pb_decode_varint &rArr; pb_readbyte
</UL>
<BR>[Calls]<UL><LI><a href="#[141]">&gt;&gt;</a>&nbsp;&nbsp;&nbsp;pb_decode_svarint
</UL>
<BR>[Address Reference Count : 1]<UL><LI> pb_decode.o(.constdata)
</UL>
<P><STRONG><a name="[4f]"></a>pb_dec_uvarint</STRONG> (Thumb, 88 bytes, Stack size 24 bytes, pb_decode.o(i.pb_dec_uvarint))
<BR><BR>[Stack]<UL><LI>Max Depth = 64<LI>Call Chain = pb_dec_uvarint &rArr; pb_decode_varint &rArr; pb_readbyte
</UL>
<BR>[Calls]<UL><LI><a href="#[142]">&gt;&gt;</a>&nbsp;&nbsp;&nbsp;pb_decode_varint
</UL>
<BR>[Address Reference Count : 1]<UL><LI> pb_decode.o(.constdata)
</UL>
<P><STRONG><a name="[4e]"></a>pb_dec_varint</STRONG> (Thumb, 90 bytes, Stack size 24 bytes, pb_decode.o(i.pb_dec_varint))
<BR><BR>[Stack]<UL><LI>Max Depth = 64<LI>Call Chain = pb_dec_varint &rArr; pb_decode_varint &rArr; pb_readbyte
</UL>
<BR>[Calls]<UL><LI><a href="#[142]">&gt;&gt;</a>&nbsp;&nbsp;&nbsp;pb_decode_varint
</UL>
<BR>[Address Reference Count : 1]<UL><LI> pb_decode.o(.constdata)
</UL>
<P><STRONG><a name="[13b]"></a>pb_decode_varint32</STRONG> (Thumb, 76 bytes, Stack size 24 bytes, pb_decode.o(i.pb_decode_varint32))
<BR><BR>[Stack]<UL><LI>Max Depth = 32<LI>Call Chain = pb_decode_varint32 &rArr; pb_readbyte
</UL>
<BR>[Calls]<UL><LI><a href="#[146]">&gt;&gt;</a>&nbsp;&nbsp;&nbsp;pb_readbyte
</UL>
<BR>[Called By]<UL><LI><a href="#[c3]">&gt;&gt;</a>&nbsp;&nbsp;&nbsp;pb_skip_field
<LI><a href="#[c4]">&gt;&gt;</a>&nbsp;&nbsp;&nbsp;pb_make_string_substream
<LI><a href="#[143]">&gt;&gt;</a>&nbsp;&nbsp;&nbsp;pb_decode_tag
<LI><a href="#[54]">&gt;&gt;</a>&nbsp;&nbsp;&nbsp;pb_dec_string
<LI><a href="#[53]">&gt;&gt;</a>&nbsp;&nbsp;&nbsp;pb_dec_bytes
</UL>

<P><STRONG><a name="[148]"></a>pb_field_set_to_default</STRONG> (Thumb, 164 bytes, Stack size 40 bytes, pb_decode.o(i.pb_field_set_to_default))
<BR><BR>[Stack]<UL><LI>Max Depth = 56 + In Cycle
<LI>Call Chain = pb_field_set_to_default &rArr;  pb_message_set_to_defaults (Cycle)
</UL>
<BR>[Calls]<UL><LI><a href="#[68]">&gt;&gt;</a>&nbsp;&nbsp;&nbsp;__aeabi_memclr
<LI><a href="#[92]">&gt;&gt;</a>&nbsp;&nbsp;&nbsp;__aeabi_memcpy
<LI><a href="#[c7]">&gt;&gt;</a>&nbsp;&nbsp;&nbsp;pb_message_set_to_defaults
<LI><a href="#[148]">&gt;&gt;</a>&nbsp;&nbsp;&nbsp;pb_field_set_to_default
<LI><a href="#[de]">&gt;&gt;</a>&nbsp;&nbsp;&nbsp;iter_from_extension
</UL>
<BR>[Called By]<UL><LI><a href="#[c7]">&gt;&gt;</a>&nbsp;&nbsp;&nbsp;pb_message_set_to_defaults
<LI><a href="#[148]">&gt;&gt;</a>&nbsp;&nbsp;&nbsp;pb_field_set_to_default
</UL>

<P><STRONG><a name="[c7]"></a>pb_message_set_to_defaults</STRONG> (Thumb, 38 bytes, Stack size 32 bytes, pb_decode.o(i.pb_message_set_to_defaults))
<BR><BR>[Stack]<UL><LI>Max Depth = 88<LI>Call Chain = pb_message_set_to_defaults &rArr; pb_field_set_to_default &rArr;  pb_message_set_to_defaults (Cycle)
</UL>
<BR>[Calls]<UL><LI><a href="#[148]">&gt;&gt;</a>&nbsp;&nbsp;&nbsp;pb_field_set_to_default
<LI><a href="#[145]">&gt;&gt;</a>&nbsp;&nbsp;&nbsp;pb_field_iter_next
<LI><a href="#[df]">&gt;&gt;</a>&nbsp;&nbsp;&nbsp;pb_field_iter_begin
</UL>
<BR>[Called By]<UL><LI><a href="#[140]">&gt;&gt;</a>&nbsp;&nbsp;&nbsp;pb_decode
<LI><a href="#[148]">&gt;&gt;</a>&nbsp;&nbsp;&nbsp;pb_field_set_to_default
<LI><a href="#[c6]">&gt;&gt;</a>&nbsp;&nbsp;&nbsp;decode_static_field
</UL>

<P><STRONG><a name="[146]"></a>pb_readbyte</STRONG> (Thumb, 32 bytes, Stack size 8 bytes, pb_decode.o(i.pb_readbyte))
<BR><BR>[Stack]<UL><LI>Max Depth = 8<LI>Call Chain = pb_readbyte
</UL>
<BR>[Called By]<UL><LI><a href="#[142]">&gt;&gt;</a>&nbsp;&nbsp;&nbsp;pb_decode_varint
<LI><a href="#[13b]">&gt;&gt;</a>&nbsp;&nbsp;&nbsp;pb_decode_varint32
</UL>

<P><STRONG><a name="[c1]"></a>read_raw_value</STRONG> (Thumb, 98 bytes, Stack size 24 bytes, pb_decode.o(i.read_raw_value))
<BR><BR>[Stack]<UL><LI>Max Depth = 56<LI>Call Chain = read_raw_value &rArr; pb_read &rArr;  pb_read (Cycle)
</UL>
<BR>[Calls]<UL><LI><a href="#[13c]">&gt;&gt;</a>&nbsp;&nbsp;&nbsp;pb_read
</UL>
<BR>[Called By]<UL><LI><a href="#[c0]">&gt;&gt;</a>&nbsp;&nbsp;&nbsp;decode_callback_field
</UL>

<P><STRONG><a name="[74]"></a>bcopy</STRONG> (Thumb, 20 bytes, Stack size 0 bytes, uECC.c.o(.text.bcopy))
<BR><BR>[Called By]<UL><LI><a href="#[7b]">&gt;&gt;</a>&nbsp;&nbsp;&nbsp;uECC_verify
<LI><a href="#[72]">&gt;&gt;</a>&nbsp;&nbsp;&nbsp;bits2int
</UL>

<P><STRONG><a name="[79]"></a>uECC_vli_add</STRONG> (Thumb, 90 bytes, Stack size 64 bytes, uECC.c.o(.text.uECC_vli_add))
<BR><BR>[Stack]<UL><LI>Max Depth = 64<LI>Call Chain = uECC_vli_add
</UL>
<BR>[Called By]<UL><LI><a href="#[7c]">&gt;&gt;</a>&nbsp;&nbsp;&nbsp;uECC_vli_modInv
<LI><a href="#[80]">&gt;&gt;</a>&nbsp;&nbsp;&nbsp;vli_modInv_update
<LI><a href="#[58]">&gt;&gt;</a>&nbsp;&nbsp;&nbsp;vli_mmod_fast_secp256r1
<LI><a href="#[56]">&gt;&gt;</a>&nbsp;&nbsp;&nbsp;double_jacobian_default
<LI><a href="#[6d]">&gt;&gt;</a>&nbsp;&nbsp;&nbsp;uECC_vli_modSub
<LI><a href="#[78]">&gt;&gt;</a>&nbsp;&nbsp;&nbsp;uECC_vli_modAdd
</UL>

<P><STRONG><a name="[76]"></a>uECC_vli_sub</STRONG> (Thumb, 94 bytes, Stack size 64 bytes, uECC.c.o(.text.uECC_vli_sub))
<BR><BR>[Stack]<UL><LI>Max Depth = 64<LI>Call Chain = uECC_vli_sub
</UL>
<BR>[Called By]<UL><LI><a href="#[7b]">&gt;&gt;</a>&nbsp;&nbsp;&nbsp;uECC_verify
<LI><a href="#[7c]">&gt;&gt;</a>&nbsp;&nbsp;&nbsp;uECC_vli_modInv
<LI><a href="#[72]">&gt;&gt;</a>&nbsp;&nbsp;&nbsp;bits2int
<LI><a href="#[58]">&gt;&gt;</a>&nbsp;&nbsp;&nbsp;vli_mmod_fast_secp256r1
<LI><a href="#[6d]">&gt;&gt;</a>&nbsp;&nbsp;&nbsp;uECC_vli_modSub
<LI><a href="#[78]">&gt;&gt;</a>&nbsp;&nbsp;&nbsp;uECC_vli_modAdd
</UL>

<P><STRONG><a name="[81]"></a>uECC_vli_mult</STRONG> (Thumb, 786 bytes, Stack size 144 bytes, uECC.c.o(.text.uECC_vli_mult))
<BR><BR>[Stack]<UL><LI>Max Depth = 144<LI>Call Chain = uECC_vli_mult
</UL>
<BR>[Called By]<UL><LI><a href="#[6f]">&gt;&gt;</a>&nbsp;&nbsp;&nbsp;uECC_vli_modMult_fast
<LI><a href="#[7d]">&gt;&gt;</a>&nbsp;&nbsp;&nbsp;uECC_vli_modMult
</UL>

<P><STRONG><a name="[73]"></a>uECC_vli_clear</STRONG> (Thumb, 22 bytes, Stack size 32 bytes, uECC.c.o(.text.uECC_vli_clear))
<BR><BR>[Stack]<UL><LI>Max Depth = 32<LI>Call Chain = uECC_vli_clear
</UL>
<BR>[Called By]<UL><LI><a href="#[7b]">&gt;&gt;</a>&nbsp;&nbsp;&nbsp;uECC_verify
<LI><a href="#[7c]">&gt;&gt;</a>&nbsp;&nbsp;&nbsp;uECC_vli_modInv
<LI><a href="#[72]">&gt;&gt;</a>&nbsp;&nbsp;&nbsp;bits2int
<LI><a href="#[7d]">&gt;&gt;</a>&nbsp;&nbsp;&nbsp;uECC_vli_modMult
</UL>

<P><STRONG><a name="[77]"></a>uECC_vli_isZero</STRONG> (Thumb, 30 bytes, Stack size 32 bytes, uECC.c.o(.text.uECC_vli_isZero))
<BR><BR>[Stack]<UL><LI>Max Depth = 32<LI>Call Chain = uECC_vli_isZero
</UL>
<BR>[Called By]<UL><LI><a href="#[7b]">&gt;&gt;</a>&nbsp;&nbsp;&nbsp;uECC_verify
<LI><a href="#[7c]">&gt;&gt;</a>&nbsp;&nbsp;&nbsp;uECC_vli_modInv
<LI><a href="#[56]">&gt;&gt;</a>&nbsp;&nbsp;&nbsp;double_jacobian_default
</UL>

<P><STRONG><a name="[7f]"></a>uECC_vli_testBit</STRONG> (Thumb, 20 bytes, Stack size 0 bytes, uECC.c.o(.text.uECC_vli_testBit))
<BR><BR>[Called By]<UL><LI><a href="#[7b]">&gt;&gt;</a>&nbsp;&nbsp;&nbsp;uECC_verify
</UL>

<P><STRONG><a name="[7e]"></a>uECC_vli_numBits</STRONG> (Thumb, 58 bytes, Stack size 0 bytes, uECC.c.o(.text.uECC_vli_numBits))
<BR><BR>[Calls]<UL><LI><a href="#[7e]">&gt;&gt;</a>&nbsp;&nbsp;&nbsp;uECC_vli_numBits
</UL>
<BR>[Called By]<UL><LI><a href="#[7b]">&gt;&gt;</a>&nbsp;&nbsp;&nbsp;uECC_verify
<LI><a href="#[7d]">&gt;&gt;</a>&nbsp;&nbsp;&nbsp;uECC_vli_modMult
<LI><a href="#[7e]">&gt;&gt;</a>&nbsp;&nbsp;&nbsp;uECC_vli_numBits
</UL>

<P><STRONG><a name="[70]"></a>uECC_vli_set</STRONG> (Thumb, 24 bytes, Stack size 32 bytes, uECC.c.o(.text.uECC_vli_set))
<BR><BR>[Stack]<UL><LI>Max Depth = 32<LI>Call Chain = uECC_vli_set
</UL>
<BR>[Called By]<UL><LI><a href="#[7b]">&gt;&gt;</a>&nbsp;&nbsp;&nbsp;uECC_verify
<LI><a href="#[7c]">&gt;&gt;</a>&nbsp;&nbsp;&nbsp;uECC_vli_modInv
<LI><a href="#[6c]">&gt;&gt;</a>&nbsp;&nbsp;&nbsp;XYcZ_add
<LI><a href="#[58]">&gt;&gt;</a>&nbsp;&nbsp;&nbsp;vli_mmod_fast_secp256r1
<LI><a href="#[56]">&gt;&gt;</a>&nbsp;&nbsp;&nbsp;double_jacobian_default
<LI><a href="#[7d]">&gt;&gt;</a>&nbsp;&nbsp;&nbsp;uECC_vli_modMult
</UL>

<P><STRONG><a name="[75]"></a>uECC_vli_cmp_unsafe</STRONG> (Thumb, 40 bytes, Stack size 32 bytes, uECC.c.o(.text.uECC_vli_cmp_unsafe))
<BR><BR>[Stack]<UL><LI>Max Depth = 32<LI>Call Chain = uECC_vli_cmp_unsafe
</UL>
<BR>[Called By]<UL><LI><a href="#[7b]">&gt;&gt;</a>&nbsp;&nbsp;&nbsp;uECC_verify
<LI><a href="#[7c]">&gt;&gt;</a>&nbsp;&nbsp;&nbsp;uECC_vli_modInv
<LI><a href="#[72]">&gt;&gt;</a>&nbsp;&nbsp;&nbsp;bits2int
<LI><a href="#[58]">&gt;&gt;</a>&nbsp;&nbsp;&nbsp;vli_mmod_fast_secp256r1
<LI><a href="#[78]">&gt;&gt;</a>&nbsp;&nbsp;&nbsp;uECC_vli_modAdd
</UL>

<P><STRONG><a name="[7a]"></a>uECC_vli_rshift1</STRONG> (Thumb, 28 bytes, Stack size 0 bytes, uECC.c.o(.text.uECC_vli_rshift1))
<BR><BR>[Called By]<UL><LI><a href="#[7c]">&gt;&gt;</a>&nbsp;&nbsp;&nbsp;uECC_vli_modInv
<LI><a href="#[80]">&gt;&gt;</a>&nbsp;&nbsp;&nbsp;vli_modInv_update
<LI><a href="#[56]">&gt;&gt;</a>&nbsp;&nbsp;&nbsp;double_jacobian_default
<LI><a href="#[7d]">&gt;&gt;</a>&nbsp;&nbsp;&nbsp;uECC_vli_modMult
</UL>

<P><STRONG><a name="[78]"></a>uECC_vli_modAdd</STRONG> (Thumb, 50 bytes, Stack size 64 bytes, uECC.c.o(.text.uECC_vli_modAdd))
<BR><BR>[Stack]<UL><LI>Max Depth = 128<LI>Call Chain = uECC_vli_modAdd &rArr; uECC_vli_sub
</UL>
<BR>[Calls]<UL><LI><a href="#[75]">&gt;&gt;</a>&nbsp;&nbsp;&nbsp;uECC_vli_cmp_unsafe
<LI><a href="#[76]">&gt;&gt;</a>&nbsp;&nbsp;&nbsp;uECC_vli_sub
<LI><a href="#[79]">&gt;&gt;</a>&nbsp;&nbsp;&nbsp;uECC_vli_add
</UL>
<BR>[Called By]<UL><LI><a href="#[57]">&gt;&gt;</a>&nbsp;&nbsp;&nbsp;x_side_default
<LI><a href="#[56]">&gt;&gt;</a>&nbsp;&nbsp;&nbsp;double_jacobian_default
</UL>

<P><STRONG><a name="[6d]"></a>uECC_vli_modSub</STRONG> (Thumb, 36 bytes, Stack size 64 bytes, uECC.c.o(.text.uECC_vli_modSub))
<BR><BR>[Stack]<UL><LI>Max Depth = 128<LI>Call Chain = uECC_vli_modSub &rArr; uECC_vli_sub
</UL>
<BR>[Calls]<UL><LI><a href="#[76]">&gt;&gt;</a>&nbsp;&nbsp;&nbsp;uECC_vli_sub
<LI><a href="#[79]">&gt;&gt;</a>&nbsp;&nbsp;&nbsp;uECC_vli_add
</UL>
<BR>[Called By]<UL><LI><a href="#[7b]">&gt;&gt;</a>&nbsp;&nbsp;&nbsp;uECC_verify
<LI><a href="#[6c]">&gt;&gt;</a>&nbsp;&nbsp;&nbsp;XYcZ_add
<LI><a href="#[57]">&gt;&gt;</a>&nbsp;&nbsp;&nbsp;x_side_default
<LI><a href="#[56]">&gt;&gt;</a>&nbsp;&nbsp;&nbsp;double_jacobian_default
</UL>

<P><STRONG><a name="[7d]"></a>uECC_vli_modMult</STRONG> (Thumb, 328 bytes, Stack size 992 bytes, uECC.c.o(.text.uECC_vli_modMult))
<BR><BR>[Stack]<UL><LI>Max Depth = 1136<LI>Call Chain = uECC_vli_modMult &rArr; uECC_vli_mult
</UL>
<BR>[Calls]<UL><LI><a href="#[7a]">&gt;&gt;</a>&nbsp;&nbsp;&nbsp;uECC_vli_rshift1
<LI><a href="#[70]">&gt;&gt;</a>&nbsp;&nbsp;&nbsp;uECC_vli_set
<LI><a href="#[7e]">&gt;&gt;</a>&nbsp;&nbsp;&nbsp;uECC_vli_numBits
<LI><a href="#[73]">&gt;&gt;</a>&nbsp;&nbsp;&nbsp;uECC_vli_clear
<LI><a href="#[81]">&gt;&gt;</a>&nbsp;&nbsp;&nbsp;uECC_vli_mult
</UL>
<BR>[Called By]<UL><LI><a href="#[7b]">&gt;&gt;</a>&nbsp;&nbsp;&nbsp;uECC_verify
</UL>

<P><STRONG><a name="[6f]"></a>uECC_vli_modMult_fast</STRONG> (Thumb, 32 bytes, Stack size 320 bytes, uECC.c.o(.text.uECC_vli_modMult_fast))
<BR><BR>[Stack]<UL><LI>Max Depth = 464<LI>Call Chain = uECC_vli_modMult_fast &rArr; uECC_vli_mult
</UL>
<BR>[Calls]<UL><LI><a href="#[81]">&gt;&gt;</a>&nbsp;&nbsp;&nbsp;uECC_vli_mult
</UL>
<BR>[Called By]<UL><LI><a href="#[7b]">&gt;&gt;</a>&nbsp;&nbsp;&nbsp;uECC_verify
<LI><a href="#[6c]">&gt;&gt;</a>&nbsp;&nbsp;&nbsp;XYcZ_add
<LI><a href="#[71]">&gt;&gt;</a>&nbsp;&nbsp;&nbsp;apply_z
<LI><a href="#[57]">&gt;&gt;</a>&nbsp;&nbsp;&nbsp;x_side_default
<LI><a href="#[56]">&gt;&gt;</a>&nbsp;&nbsp;&nbsp;double_jacobian_default
<LI><a href="#[6e]">&gt;&gt;</a>&nbsp;&nbsp;&nbsp;uECC_vli_modSquare_fast
</UL>

<P><STRONG><a name="[6e]"></a>uECC_vli_modSquare_fast</STRONG> (Thumb, 8 bytes, Stack size 0 bytes, uECC.c.o(.text.uECC_vli_modSquare_fast))
<BR><BR>[Stack]<UL><LI>Max Depth = 464<LI>Call Chain = uECC_vli_modSquare_fast &rArr; uECC_vli_modMult_fast &rArr; uECC_vli_mult
</UL>
<BR>[Calls]<UL><LI><a href="#[6f]">&gt;&gt;</a>&nbsp;&nbsp;&nbsp;uECC_vli_modMult_fast
</UL>
<BR>[Called By]<UL><LI><a href="#[6c]">&gt;&gt;</a>&nbsp;&nbsp;&nbsp;XYcZ_add
<LI><a href="#[71]">&gt;&gt;</a>&nbsp;&nbsp;&nbsp;apply_z
<LI><a href="#[57]">&gt;&gt;</a>&nbsp;&nbsp;&nbsp;x_side_default
<LI><a href="#[56]">&gt;&gt;</a>&nbsp;&nbsp;&nbsp;double_jacobian_default
</UL>

<P><STRONG><a name="[56]"></a>double_jacobian_default</STRONG> (Thumb, 342 bytes, Stack size 416 bytes, uECC.c.o(.text.double_jacobian_default))
<BR><BR>[Stack]<UL><LI>Max Depth = 880<LI>Call Chain = double_jacobian_default &rArr; uECC_vli_modSquare_fast &rArr; uECC_vli_modMult_fast &rArr; uECC_vli_mult
</UL>
<BR>[Calls]<UL><LI><a href="#[6e]">&gt;&gt;</a>&nbsp;&nbsp;&nbsp;uECC_vli_modSquare_fast
<LI><a href="#[6f]">&gt;&gt;</a>&nbsp;&nbsp;&nbsp;uECC_vli_modMult_fast
<LI><a href="#[6d]">&gt;&gt;</a>&nbsp;&nbsp;&nbsp;uECC_vli_modSub
<LI><a href="#[78]">&gt;&gt;</a>&nbsp;&nbsp;&nbsp;uECC_vli_modAdd
<LI><a href="#[7a]">&gt;&gt;</a>&nbsp;&nbsp;&nbsp;uECC_vli_rshift1
<LI><a href="#[70]">&gt;&gt;</a>&nbsp;&nbsp;&nbsp;uECC_vli_set
<LI><a href="#[77]">&gt;&gt;</a>&nbsp;&nbsp;&nbsp;uECC_vli_isZero
<LI><a href="#[79]">&gt;&gt;</a>&nbsp;&nbsp;&nbsp;uECC_vli_add
</UL>
<BR>[Address Reference Count : 1]<UL><LI> uECC.c.o(.rodata.curve_secp256r1)
</UL>
<P><STRONG><a name="[57]"></a>x_side_default</STRONG> (Thumb, 90 bytes, Stack size 256 bytes, uECC.c.o(.text.x_side_default))
<BR><BR>[Stack]<UL><LI>Max Depth = 720<LI>Call Chain = x_side_default &rArr; uECC_vli_modSquare_fast &rArr; uECC_vli_modMult_fast &rArr; uECC_vli_mult
</UL>
<BR>[Calls]<UL><LI><a href="#[6a]">&gt;&gt;</a>&nbsp;&nbsp;&nbsp;memset
<LI><a href="#[6e]">&gt;&gt;</a>&nbsp;&nbsp;&nbsp;uECC_vli_modSquare_fast
<LI><a href="#[6f]">&gt;&gt;</a>&nbsp;&nbsp;&nbsp;uECC_vli_modMult_fast
<LI><a href="#[6d]">&gt;&gt;</a>&nbsp;&nbsp;&nbsp;uECC_vli_modSub
<LI><a href="#[78]">&gt;&gt;</a>&nbsp;&nbsp;&nbsp;uECC_vli_modAdd
</UL>
<BR>[Address Reference Count : 1]<UL><LI> uECC.c.o(.rodata.curve_secp256r1)
</UL>
<P><STRONG><a name="[58]"></a>vli_mmod_fast_secp256r1</STRONG> (Thumb, 428 bytes, Stack size 224 bytes, uECC.c.o(.text.vli_mmod_fast_secp256r1))
<BR><BR>[Stack]<UL><LI>Max Depth = 288<LI>Call Chain = vli_mmod_fast_secp256r1 &rArr; uECC_vli_sub
</UL>
<BR>[Calls]<UL><LI><a href="#[75]">&gt;&gt;</a>&nbsp;&nbsp;&nbsp;uECC_vli_cmp_unsafe
<LI><a href="#[70]">&gt;&gt;</a>&nbsp;&nbsp;&nbsp;uECC_vli_set
<LI><a href="#[76]">&gt;&gt;</a>&nbsp;&nbsp;&nbsp;uECC_vli_sub
<LI><a href="#[79]">&gt;&gt;</a>&nbsp;&nbsp;&nbsp;uECC_vli_add
</UL>
<BR>[Address Reference Count : 1]<UL><LI> uECC.c.o(.rodata.curve_secp256r1)
</UL>
<P><STRONG><a name="[71]"></a>apply_z</STRONG> (Thumb, 62 bytes, Stack size 224 bytes, uECC.c.o(.text.apply_z))
<BR><BR>[Stack]<UL><LI>Max Depth = 688<LI>Call Chain = apply_z &rArr; uECC_vli_modSquare_fast &rArr; uECC_vli_modMult_fast &rArr; uECC_vli_mult
</UL>
<BR>[Calls]<UL><LI><a href="#[6e]">&gt;&gt;</a>&nbsp;&nbsp;&nbsp;uECC_vli_modSquare_fast
<LI><a href="#[6f]">&gt;&gt;</a>&nbsp;&nbsp;&nbsp;uECC_vli_modMult_fast
</UL>
<BR>[Called By]<UL><LI><a href="#[7b]">&gt;&gt;</a>&nbsp;&nbsp;&nbsp;uECC_verify
</UL>

<P><STRONG><a name="[6c]"></a>XYcZ_add</STRONG> (Thumb, 202 bytes, Stack size 288 bytes, uECC.c.o(.text.XYcZ_add))
<BR><BR>[Stack]<UL><LI>Max Depth = 752<LI>Call Chain = XYcZ_add &rArr; uECC_vli_modSquare_fast &rArr; uECC_vli_modMult_fast &rArr; uECC_vli_mult
</UL>
<BR>[Calls]<UL><LI><a href="#[6e]">&gt;&gt;</a>&nbsp;&nbsp;&nbsp;uECC_vli_modSquare_fast
<LI><a href="#[6f]">&gt;&gt;</a>&nbsp;&nbsp;&nbsp;uECC_vli_modMult_fast
<LI><a href="#[6d]">&gt;&gt;</a>&nbsp;&nbsp;&nbsp;uECC_vli_modSub
<LI><a href="#[70]">&gt;&gt;</a>&nbsp;&nbsp;&nbsp;uECC_vli_set
</UL>
<BR>[Called By]<UL><LI><a href="#[7b]">&gt;&gt;</a>&nbsp;&nbsp;&nbsp;uECC_verify
</UL>

<P><STRONG><a name="[72]"></a>bits2int</STRONG> (Thumb, 138 bytes, Stack size 128 bytes, uECC.c.o(.text.bits2int))
<BR><BR>[Stack]<UL><LI>Max Depth = 192<LI>Call Chain = bits2int &rArr; uECC_vli_sub
</UL>
<BR>[Calls]<UL><LI><a href="#[75]">&gt;&gt;</a>&nbsp;&nbsp;&nbsp;uECC_vli_cmp_unsafe
<LI><a href="#[73]">&gt;&gt;</a>&nbsp;&nbsp;&nbsp;uECC_vli_clear
<LI><a href="#[76]">&gt;&gt;</a>&nbsp;&nbsp;&nbsp;uECC_vli_sub
<LI><a href="#[74]">&gt;&gt;</a>&nbsp;&nbsp;&nbsp;bcopy
</UL>
<BR>[Called By]<UL><LI><a href="#[7b]">&gt;&gt;</a>&nbsp;&nbsp;&nbsp;uECC_verify
</UL>

<P><STRONG><a name="[80]"></a>vli_modInv_update</STRONG> (Thumb, 56 bytes, Stack size 64 bytes, uECC.c.o(.text.vli_modInv_update))
<BR><BR>[Stack]<UL><LI>Max Depth = 128<LI>Call Chain = vli_modInv_update &rArr; uECC_vli_add
</UL>
<BR>[Calls]<UL><LI><a href="#[7a]">&gt;&gt;</a>&nbsp;&nbsp;&nbsp;uECC_vli_rshift1
<LI><a href="#[79]">&gt;&gt;</a>&nbsp;&nbsp;&nbsp;uECC_vli_add
</UL>
<BR>[Called By]<UL><LI><a href="#[7c]">&gt;&gt;</a>&nbsp;&nbsp;&nbsp;uECC_vli_modInv
</UL>

<P><STRONG><a name="[7c]"></a>uECC_vli_modInv</STRONG> (Thumb, 268 bytes, Stack size 608 bytes, uECC.c.o(.text.uECC_vli_modInv))
<BR><BR>[Stack]<UL><LI>Max Depth = 736<LI>Call Chain = uECC_vli_modInv &rArr; vli_modInv_update &rArr; uECC_vli_add
</UL>
<BR>[Calls]<UL><LI><a href="#[80]">&gt;&gt;</a>&nbsp;&nbsp;&nbsp;vli_modInv_update
<LI><a href="#[7a]">&gt;&gt;</a>&nbsp;&nbsp;&nbsp;uECC_vli_rshift1
<LI><a href="#[75]">&gt;&gt;</a>&nbsp;&nbsp;&nbsp;uECC_vli_cmp_unsafe
<LI><a href="#[70]">&gt;&gt;</a>&nbsp;&nbsp;&nbsp;uECC_vli_set
<LI><a href="#[77]">&gt;&gt;</a>&nbsp;&nbsp;&nbsp;uECC_vli_isZero
<LI><a href="#[73]">&gt;&gt;</a>&nbsp;&nbsp;&nbsp;uECC_vli_clear
<LI><a href="#[76]">&gt;&gt;</a>&nbsp;&nbsp;&nbsp;uECC_vli_sub
<LI><a href="#[79]">&gt;&gt;</a>&nbsp;&nbsp;&nbsp;uECC_vli_add
</UL>
<BR>[Called By]<UL><LI><a href="#[7b]">&gt;&gt;</a>&nbsp;&nbsp;&nbsp;uECC_verify
</UL>
<P>
<H3>
Undefined Global Symbols
</H3><HR></body></html>
