Component: ARM Compiler 5.06 update 3 (build 300) Tool: armlink [4d35c9]

==============================================================================

Section Cross References

    app_sys.o(i.Sys_Idle) refers to ocp.o(i.Pwr_MgmtIdle) for Pwr_MgmtIdle
    app_sys.o(i.Sys_Init) refers to ocp.o(i.Log_Init) for Log_Init
    app_sys.o(i.Sys_Init) refers to ocp.o(i.Rtc_Init) for Rtc_Init
    app_sys.o(i.Sys_Init) refers to ocp.o(i.Pwr_MgmtInit) for Pwr_MgmtInit
    app_sys.o(i.Sys_Init) refers to ocp.o(i.Pwr_ResetReason) for Pwr_ResetReason
    app_sys.o(i.Sys_Init) refers to ocp.o(i.Dcdc_Enable) for Dcdc_Enable
    app_sys.o(i.Sys_Init) refers to ocp.o(i.Wdt_Init) for Wdt_Init
    app_sys.o(i.Sys_Init) refers to ocp.o(i.Timer_Init) for Timer_Init
    app_sys.o(i.Sys_Init) refers to ocp.o(i.Flash_Init) for Flash_Init
    app_ble.o(i.Ble_GetState) refers to app_ble.o(.data) for .data
    app_ble.o(i.Ble_Init) refers to ble_dfu_unbonded.o(i.ble_dfu_buttonless_async_svci_init) for ble_dfu_buttonless_async_svci_init
    app_ble.o(i.Ble_Init) refers to app_error.o(i.app_error_handler_bare) for app_error_handler_bare
    app_ble.o(i.Ble_Init) refers to nrf_sdh.o(i.nrf_sdh_enable_request) for nrf_sdh_enable_request
    app_ble.o(i.Ble_Init) refers to nrf_sdh_ble.o(i.nrf_sdh_ble_default_cfg_set) for nrf_sdh_ble_default_cfg_set
    app_ble.o(i.Ble_Init) refers to nrf_sdh_ble.o(i.nrf_sdh_ble_enable) for nrf_sdh_ble_enable
    app_ble.o(i.Ble_Init) refers to app_config.o(i.Cfg_StorageLoad) for Cfg_StorageLoad
    app_ble.o(i.Ble_Init) refers to app_config.o(i.Cfg_GetAdvNameLen) for Cfg_GetAdvNameLen
    app_ble.o(i.Ble_Init) refers to app_config.o(i.Cfg_GetAdvName) for Cfg_GetAdvName
    app_ble.o(i.Ble_Init) refers to nrf_ble_gatt.o(i.nrf_ble_gatt_init) for nrf_ble_gatt_init
    app_ble.o(i.Ble_Init) refers to nrf_ble_gatt.o(i.nrf_ble_gatt_att_mtu_periph_set) for nrf_ble_gatt_att_mtu_periph_set
    app_ble.o(i.Ble_Init) refers to app_ble.o(i.services_init) for services_init
    app_ble.o(i.Ble_Init) refers to memseta.o(.text) for __aeabi_memclr4
    app_ble.o(i.Ble_Init) refers to ble_conn_params.o(i.ble_conn_params_init) for ble_conn_params_init
    app_ble.o(i.Ble_Init) refers to app_ble.o(i.advertising_init) for advertising_init
    app_ble.o(i.Ble_Init) refers to app_ble.o(i.advertising_start) for advertising_start
    app_ble.o(i.Ble_Init) refers to app_timer.o(i.app_timer_create) for app_timer_create
    app_ble.o(i.Ble_Init) refers to app_ble.o(i.gatt_evt_handler) for gatt_evt_handler
    app_ble.o(i.Ble_Init) refers to app_ble.o(.bss) for .bss
    app_ble.o(i.Ble_Init) refers to app_ble.o(i.on_conn_params_evt) for on_conn_params_evt
    app_ble.o(i.Ble_Init) refers to app_ble.o(i.conn_params_error_handler) for conn_params_error_handler
    app_ble.o(i.Ble_Init) refers to app_ble.o(i.battery_level_update_handle) for battery_level_update_handle
    app_ble.o(i.Ble_Init) refers to app_ble.o(.constdata) for .constdata
    app_ble.o(i.Ble_IpsNotifyRespCntAndSendData) refers to ble_ips.o(i.ble_ips_data_send) for ble_ips_data_send
    app_ble.o(i.Ble_IpsNotifyRespCntAndSendData) refers to ble_ips.o(i.ble_ips_response_cnt_notify) for ble_ips_response_cnt_notify
    app_ble.o(i.Ble_IpsNotifyRespCntAndSendData) refers to app_ble.o(.data) for .data
    app_ble.o(i.Ble_NusSendData) refers to ble_nus.o(i.ble_nus_data_send) for ble_nus_data_send
    app_ble.o(i.Ble_NusSendData) refers to app_ble.o(.data) for .data
    app_ble.o(i.advertising_init) refers to memseta.o(.text) for __aeabi_memclr4
    app_ble.o(i.advertising_init) refers to ble_advertising.o(i.ble_advertising_init) for ble_advertising_init
    app_ble.o(i.advertising_init) refers to app_error.o(i.app_error_handler_bare) for app_error_handler_bare
    app_ble.o(i.advertising_init) refers to ble_advertising.o(i.ble_advertising_conn_cfg_tag_set) for ble_advertising_conn_cfg_tag_set
    app_ble.o(i.advertising_init) refers to app_ble.o(.data) for .data
    app_ble.o(i.advertising_init) refers to app_ble.o(i.on_adv_evt) for on_adv_evt
    app_ble.o(i.advertising_init) refers to app_ble.o(.bss) for .bss
    app_ble.o(i.advertising_start) refers to ble_advertising.o(i.ble_advertising_start) for ble_advertising_start
    app_ble.o(i.advertising_start) refers to app_error.o(i.app_error_handler_bare) for app_error_handler_bare
    app_ble.o(i.advertising_start) refers to app_ble.o(.bss) for .bss
    app_ble.o(i.assert_nrf_callback) refers to app_error_handler_keil.o(.emb_text) for app_error_handler
    app_ble.o(i.battery_level_update_handle) refers to app_battery.o(i.Batt_GetLevel) for Batt_GetLevel
    app_ble.o(i.battery_level_update_handle) refers to ble_bas.o(i.ble_bas_battery_level_update) for ble_bas_battery_level_update
    app_ble.o(i.battery_level_update_handle) refers to app_ble.o(.bss) for .bss
    app_ble.o(i.ble_evt_handler) refers to app_factory.o(i.Fct_StopLoop) for Fct_StopLoop
[...]
    COMP_IRQHandler                          0x000193db   Thumb Code     0  arm_startup_nrf52810.o(.text)
    ECB_IRQHandler                           0x000193db   Thumb Code     0  arm_startup_nrf52810.o(.text)
    GPIOTE_IRQHandler                        0x000193db   Thumb Code     0  arm_startup_nrf52810.o(.text)
    PDM_IRQHandler                           0x000193db   Thumb Code     0  arm_startup_nrf52810.o(.text)
    QDEC_IRQHandler                          0x000193db   Thumb Code     0  arm_startup_nrf52810.o(.text)
    RADIO_IRQHandler                         0x000193db   Thumb Code     0  arm_startup_nrf52810.o(.text)
    RNG_IRQHandler                           0x000193db   Thumb Code     0  arm_startup_nrf52810.o(.text)
    RTC0_IRQHandler                          0x000193db   Thumb Code     0  arm_startup_nrf52810.o(.text)
    SWI1_EGU1_IRQHandler                     0x000193db   Thumb Code     0  arm_startup_nrf52810.o(.text)
    SWI3_IRQHandler                          0x000193db   Thumb Code     0  arm_startup_nrf52810.o(.text)
    SWI4_IRQHandler                          0x000193db   Thumb Code     0  arm_startup_nrf52810.o(.text)
    SWI5_IRQHandler                          0x000193db   Thumb Code     0  arm_startup_nrf52810.o(.text)
    TEMP_IRQHandler                          0x000193db   Thumb Code     0  arm_startup_nrf52810.o(.text)
    TIMER0_IRQHandler                        0x000193db   Thumb Code     0  arm_startup_nrf52810.o(.text)
    TIMER2_IRQHandler                        0x000193db   Thumb Code     0  arm_startup_nrf52810.o(.text)
    TWIM0_TWIS0_TWI0_IRQHandler              0x000193db   Thumb Code     0  arm_startup_nrf52810.o(.text)
    __aeabi_uldivmod                         0x000193e5   Thumb Code    98  uldiv.o(.text)
    __aeabi_llsr                             0x00019447   Thumb Code    32  llushr.o(.text)
    _ll_ushift_r                             0x00019447   Thumb Code     0  llushr.o(.text)
    __aeabi_memcpy                           0x00019467   Thumb Code    36  memcpya.o(.text)
    __aeabi_memcpy4                          0x00019467   Thumb Code     0  memcpya.o(.text)
    __aeabi_memcpy8                          0x00019467   Thumb Code     0  memcpya.o(.text)
    __aeabi_memset                           0x0001948b   Thumb Code    14  memseta.o(.text)
    __aeabi_memset4                          0x0001948b   Thumb Code     0  memseta.o(.text)
    __aeabi_memset8                          0x0001948b   Thumb Code     0  memseta.o(.text)
    __aeabi_memclr                           0x00019499   Thumb Code     4  memseta.o(.text)
    __aeabi_memclr4                          0x00019499   Thumb Code     0  memseta.o(.text)
    __aeabi_memclr8                          0x00019499   Thumb Code     0  memseta.o(.text)
    _memset$wrapper                          0x0001949d   Thumb Code    18  memseta.o(.text)
    strlen                                   0x000194af   Thumb Code    14  strlen.o(.text)
    __aeabi_fmul                             0x000194bd   Thumb Code   100  fmul.o(.text)
    __aeabi_fdiv                             0x00019521   Thumb Code   124  fdiv.o(.text)
    __aeabi_ddiv                             0x0001959d   Thumb Code   222  ddiv.o(.text)
    __aeabi_i2f                              0x0001967b   Thumb Code    18  fflti.o(.text)
    __aeabi_ui2d                             0x0001968d   Thumb Code    26  dfltui.o(.text)
    __aeabi_f2uiz                            0x000196a7   Thumb Code    40  ffixui.o(.text)
    __aeabi_d2uiz                            0x000196cf   Thumb Code    50  dfixui.o(.text)
    __aeabi_llsl                             0x00019701   Thumb Code    30  llshl.o(.text)
    _ll_shift_l                              0x00019701   Thumb Code     0  llshl.o(.text)
    __I$use$fp                               0x0001971f   Thumb Code     0  iusefp.o(.text)
    _float_round                             0x0001971f   Thumb Code    18  fepilogue.o(.text)
    _float_epilogue                          0x00019731   Thumb Code    92  fepilogue.o(.text)
    _double_round                            0x0001978d   Thumb Code    30  depilogue.o(.text)
    _double_epilogue                         0x000197ab   Thumb Code   156  depilogue.o(.text)
    __scatterload                            0x00019849   Thumb Code    28  init.o(.text)
    __scatterload_rt2                        0x00019849   Thumb Code     0  init.o(.text)
    __decompress                             0x0001986d   Thumb Code     0  __dczerorl2.o(.text)
    __decompress1                            0x0001986d   Thumb Code    86  __dczerorl2.o(.text)
    Aps_Init                                 0x000198c5   Thumb Code    30  app_aps.o(i.Aps_Init)
    Aps_PutCmd                               0x000198f1   Thumb Code    96  app_aps.o(i.Aps_PutCmd)
    Aps_StartLoop                            0x00019955   Thumb Code    28  app_aps.o(i.Aps_StartLoop)
    Aps_StopLoop                             0x00019979   Thumb Code    22  app_aps.o(i.Aps_StopLoop)
    Batt_GetLevel                            0x00019999   Thumb Code     6  app_battery.o(i.Batt_GetLevel)
    Batt_GetVoltage                          0x000199a5   Thumb Code     6  app_battery.o(i.Batt_GetVoltage)
    Batt_Init                                0x000199b1   Thumb Code    46  app_battery.o(i.Batt_Init)
    Batt_IsLow                               0x000199e9   Thumb Code    16  app_battery.o(i.Batt_IsLow)
    Ble_GetState                             0x000199fd   Thumb Code     6  app_ble.o(i.Ble_GetState)
    Ble_Init                                 0x00019a09   Thumb Code   256  app_ble.o(i.Ble_Init)
    Ble_IpsNotifyRespCntAndSendData          0x00019b21   Thumb Code    24  app_ble.o(i.Ble_IpsNotifyRespCntAndSendData)
    Ble_NusSendData                          0x00019b3d   Thumb Code    20  app_ble.o(i.Ble_NusSendData)
    Buzzer_Ctrl                              0x00019b55   Thumb Code    70  buzzer.o(i.Buzzer_Ctrl)
    Buzzer_Init                              0x00019ba5   Thumb Code    26  buzzer.o(i.Buzzer_Init)
    Cfg_GetAdvName                           0x00019bc9   Thumb Code     4  app_config.o(i.Cfg_GetAdvName)
    Cfg_GetAdvNameLen                        0x00019bd1   Thumb Code     6  app_config.o(i.Cfg_GetAdvNameLen)
    Cfg_GetMotionData0                       0x00019bdd   Thumb Code     8  app_config.o(i.Cfg_GetMotionData0)
    Cfg_GetMotionData1                       0x00019be9   Thumb Code     8  app_config.o(i.Cfg_GetMotionData1)
    Cfg_Init                                 0x00019bf5   Thumb Code    56  app_config.o(i.Cfg_Init)
    Cfg_PutReq                               0x00019c41   Thumb Code    52  app_config.o(i.Cfg_PutReq)
    Cfg_SetAdvName                           0x00019c7d   Thumb Code    34  app_config.o(i.Cfg_SetAdvName)
    Cfg_StartLoop                            0x00019ca9   Thumb Code    28  app_config.o(i.Cfg_StartLoop)
    Cfg_StopLoop                             0x00019ccd   Thumb Code    22  app_config.o(i.Cfg_StopLoop)
    Cfg_StorageLoad                          0x00019ced   Thumb Code    80  app_config.o(i.Cfg_StorageLoad)
    Dcdc_Enable                              0x00019d51   Thumb Code     8  ocp.o(i.Dcdc_Enable)
    Fct_Init                                 0x00019d5d   Thumb Code    30  app_factory.o(i.Fct_Init)
    Fct_PutReq                               0x00019d89   Thumb Code    72  app_factory.o(i.Fct_PutReq)
    Fct_StartLoop                            0x00019dd9   Thumb Code    40  app_factory.o(i.Fct_StartLoop)
    Fct_StopLoop                             0x00019e09   Thumb Code    60  app_factory.o(i.Fct_StopLoop)
    Flash_Init                               0x00019e4d   Thumb Code    26  ocp.o(i.Flash_Init)
    Flash_Read                               0x00019e71   Thumb Code     4  ocp.o(i.Flash_Read)
    Flash_Write                              0x00019e75   Thumb Code    64  ocp.o(i.Flash_Write)
    Idc_Init                                 0x00019eb9   Thumb Code   118  app_indication.o(i.Idc_Init)
    Idc_SetType                              0x00019f3d   Thumb Code   218  app_indication.o(i.Idc_SetType)
    Kit_DelayMs                              0x0001a01d   Thumb Code    22  kit_delay.o(i.Kit_DelayMs)
    Kit_DelayUs                              0x0001a033   Thumb Code     4  kit_delay.o(i.Kit_DelayUs)
    Kit_FifoStructCreate                     0x0001a037   Thumb Code    20  kit_fifo.o(i.Kit_FifoStructCreate)
    Kit_FifoStructIn                         0x0001a04b   Thumb Code    68  kit_fifo.o(i.Kit_FifoStructIn)
    Kit_FifoStructOut                        0x0001a08f   Thumb Code    78  kit_fifo.o(i.Kit_FifoStructOut)
    Kit_PrintBytes                           0x0001a0dd   Thumb Code     2  kit_log.o(i.Kit_PrintBytes)
    Kit_ReverseFourBytes                     0x0001a0df   Thumb Code    18  kit_utils.o(i.Kit_ReverseFourBytes)
    Kit_ReverseTwoBytes                      0x0001a0f1   Thumb Code    10  kit_utils.o(i.Kit_ReverseTwoBytes)
    Led_Ctrl                                 0x0001a0fd   Thumb Code    82  led.o(i.Led_Ctrl)
    Led_Init                                 0x0001a159   Thumb Code    60  led.o(i.Led_Init)
    Log_Init                                 0x0001a19d   Thumb Code     2  ocp.o(i.Log_Init)
    Motor_Ctrl                               0x0001a1a1   Thumb Code    76  motor.o(i.Motor_Ctrl)
    Motor_Init                               0x0001a1f5   Thumb Code    26  motor.o(i.Motor_Init)
    POWER_CLOCK_IRQHandler                   0x0001a27b   Thumb Code    14  nrfx_power.o(i.POWER_CLOCK_IRQHandler)
    PWM0_IRQHandler                          0x0001a289   Thumb Code     8  nrfx_pwm.o(i.PWM0_IRQHandler)
    Pwr_MgmtIdle                             0x0001a299   Thumb Code     4  ocp.o(i.Pwr_MgmtIdle)
    Pwr_MgmtInit                             0x0001a29d   Thumb Code    20  ocp.o(i.Pwr_MgmtInit)
    Pwr_ResetReason                          0x0001a2b1   Thumb Code     8  ocp.o(i.Pwr_ResetReason)
    RTC1_IRQHandler                          0x0001a2bd   Thumb Code    32  app_timer.o(i.RTC1_IRQHandler)
    Rf69_ClearFifo                           0x0001a2e1   Thumb Code     8  rf69.o(i.Rf69_ClearFifo)
    Rf69_DevParaCfg                          0x0001a2e9   Thumb Code    80  rf69.o(i.Rf69_DevParaCfg)
    Rf69_IsFifoEmpty                         0x0001a33d   Thumb Code    16  rf69.o(i.Rf69_IsFifoEmpty)
    Rf69_IsFifoFull                          0x0001a34d   Thumb Code    12  rf69.o(i.Rf69_IsFifoFull)
    Rf69_IsFifoOverThreshold                 0x0001a359   Thumb Code    14  rf69.o(i.Rf69_IsFifoOverThreshold)
    Rf69_RcvByte                             0x0001a367   Thumb Code     6  rf69.o(i.Rf69_RcvByte)
    Rf69_ReadRssi                            0x0001a36d   Thumb Code    40  rf69.o(i.Rf69_ReadRssi)
    Rf69_SetFreq                             0x0001a395   Thumb Code   108  rf69.o(i.Rf69_SetFreq)
    Rf69_SetMode                             0x0001a409   Thumb Code   146  rf69.o(i.Rf69_SetMode)
    Rf69_SetOokBw200khz                      0x0001a4a1   Thumb Code     8  rf69.o(i.Rf69_SetOokBw200khz)
    Rf69_SetOokBw250khz                      0x0001a4a9   Thumb Code     8  rf69.o(i.Rf69_SetOokBw250khz)
    Rf69_SetPayloadLen                       0x0001a4b1   Thumb Code    38  rf69.o(i.Rf69_SetPayloadLen)
    Rf69_SetPreambleSize                     0x0001a4d7   Thumb Code    28  rf69.o(i.Rf69_SetPreambleSize)
    Rf69_SetSyncOnOff                        0x0001a4f3   Thumb Code    36  rf69.o(i.Rf69_SetSyncOnOff)
    Rf69_SetUnlimitedLenPkt                  0x0001a517   Thumb Code    36  rf69.o(i.Rf69_SetUnlimitedLenPkt)
    Rf69_XmitBuf                             0x0001a53d   Thumb Code    58  rf69.o(i.Rf69_XmitBuf)
    Rf69_XmitByte                            0x0001a57d   Thumb Code     8  rf69.o(i.Rf69_XmitByte)
    Rtc_Init                                 0x0001a585   Thumb Code    20  ocp.o(i.Rtc_Init)
    SAADC_IRQHandler                         0x0001a599   Thumb Code   320  nrfx_saadc.o(i.SAADC_IRQHandler)
    SPIM0_SPIS0_SPI0_IRQHandler              0x0001a6e1   Thumb Code    78  nrfx_spim.o(i.SPIM0_SPIS0_SPI0_IRQHandler)
    SWI0_EGU0_IRQHandler                     0x0001a735   Thumb Code     4  app_timer.o(i.SWI0_EGU0_IRQHandler)
    SWI2_IRQHandler                          0x0001a739   Thumb Code     4  nrf_sdh.o(i.SWI2_IRQHandler)
    Subg_CfgRf                               0x0001a73d   Thumb Code    36  app_subg.o(i.Subg_CfgRf)
    Subg_ClrIntFlg                           0x0001a765   Thumb Code     8  app_subg.o(i.Subg_ClrIntFlg)
    Subg_GetMode                             0x0001a771   Thumb Code     6  app_subg.o(i.Subg_GetMode)
    Subg_GetPkt                              0x0001a77d   Thumb Code    42  app_subg.o(i.Subg_GetPkt)
    Subg_GetRssi                             0x0001a7ad   Thumb Code     6  app_subg.o(i.Subg_GetRssi)
    Subg_GetRxPktCnt                         0x0001a7b9   Thumb Code     6  app_subg.o(i.Subg_GetRxPktCnt)
    Subg_GetTxPktCnt                         0x0001a7c5   Thumb Code     6  app_subg.o(i.Subg_GetTxPktCnt)
    Subg_Init                                0x0001a7d1   Thumb Code    22  app_subg.o(i.Subg_Init)
    Subg_SendPkt                             0x0001a7e9   Thumb Code   194  app_subg.o(i.Subg_SendPkt)
    Subg_SetFreq                             0x0001a8b5   Thumb Code    32  app_subg.o(i.Subg_SetFreq)
    Subg_SetIntFlg                           0x0001a8d9   Thumb Code     8  app_subg.o(i.Subg_SetIntFlg)
    Subg_SetMode                             0x0001a8e5   Thumb Code     6  app_subg.o(i.Subg_SetMode)
    Subg_SetPktLen                           0x0001a8f1   Thumb Code     6  app_subg.o(i.Subg_SetPktLen)
    Subg_SetPreamble                         0x0001a8fd   Thumb Code     6  app_subg.o(i.Subg_SetPreamble)
    Sys_Idle                                 0x0001a909   Thumb Code     4  app_sys.o(i.Sys_Idle)
    Sys_Init                                 0x0001a90d   Thumb Code    38  app_sys.o(i.Sys_Init)
    SystemInit                               0x0001a935   Thumb Code   392  system_nrf52810.o(i.SystemInit)
    TIMER1_IRQHandler                        0x0001aaf1   Thumb Code    70  nrfx_timer.o(i.TIMER1_IRQHandler)
    Timer_GetCnt                             0x0001ab41   Thumb Code     6  ocp.o(i.Timer_GetCnt)
    Timer_Init                               0x0001ab4d   Thumb Code    78  ocp.o(i.Timer_Init)
    UARTE0_UART0_IRQHandler                  0x0001aba9   Thumb Code     6  nrfx_prs.o(i.UARTE0_UART0_IRQHandler)
    WDT_IRQHandler                           0x0001abb5   Thumb Code    26  nrfx_wdt.o(i.WDT_IRQHandler)
    Wdt_Init                                 0x0001abd9   Thumb Code    42  ocp.o(i.Wdt_Init)
    __scatterload_copy                       0x0001ac11   Thumb Code    14  handlers.o(i.__scatterload_copy)
    __scatterload_null                       0x0001ac1f   Thumb Code     2  handlers.o(i.__scatterload_null)
    __scatterload_zeroinit                   0x0001ac21   Thumb Code    14  handlers.o(i.__scatterload_zeroinit)
    app_error_fault_handler                  0x0001ad01   Thumb Code    40  app_error_weak.o(i.app_error_fault_handler)
    app_error_handler_bare                   0x0001ad31   Thumb Code    22  app_error.o(i.app_error_handler_bare)
    app_timer_create                         0x0001ad49   Thumb Code    32  app_timer.o(i.app_timer_create)
    app_timer_init                           0x0001ad6d   Thumb Code    70  app_timer.o(i.app_timer_init)
    app_timer_start                          0x0001adc1   Thumb Code   128  app_timer.o(i.app_timer_start)
    app_timer_stop                           0x0001ae49   Thumb Code    26  app_timer.o(i.app_timer_stop)
    app_util_critical_region_enter           0x0001ae69   Thumb Code    64  app_util_platform.o(i.app_util_critical_region_enter)
    app_util_critical_region_exit            0x0001aeb1   Thumb Code    46  app_util_platform.o(i.app_util_critical_region_exit)
    blcm_link_ctx_get                        0x0001b24b   Thumb Code    72  ble_link_ctx_manager.o(i.blcm_link_ctx_get)
    ble_advdata_encode                       0x0001b293   Thumb Code   386  ble_advdata.o(i.ble_advdata_encode)
    ble_advdata_parse                        0x0001b415   Thumb Code    32  ble_advdata.o(i.ble_advdata_parse)
    ble_advdata_search                       0x0001b435   Thumb Code    56  ble_advdata.o(i.ble_advdata_search)
    ble_advertising_conn_cfg_tag_set         0x0001b46d   Thumb Code     6  ble_advertising.o(i.ble_advertising_conn_cfg_tag_set)
    ble_advertising_init                     0x0001b473   Thumb Code   234  ble_advertising.o(i.ble_advertising_init)
    ble_advertising_on_ble_evt               0x0001b55d   Thumb Code   106  ble_advertising.o(i.ble_advertising_on_ble_evt)
    ble_advertising_on_sys_evt               0x0001b5c7   Thumb Code     2  ble_advertising.o(i.ble_advertising_on_sys_evt)
    ble_advertising_start                    0x0001b5c9   Thumb Code   514  ble_advertising.o(i.ble_advertising_start)
    ble_bas_battery_level_update             0x0001b7cd   Thumb Code   192  ble_bas.o(i.ble_bas_battery_level_update)
    ble_bas_init                             0x0001b88d   Thumb Code    62  ble_bas.o(i.ble_bas_init)
    ble_bas_on_ble_evt                       0x0001b8cb   Thumb Code    82  ble_bas.o(i.ble_bas_on_ble_evt)
    ble_conn_params_init                     0x0001b91d   Thumb Code    90  ble_conn_params.o(i.ble_conn_params_init)
    ble_conn_state_conn_handles              0x0001b985   Thumb Code     8  ble_conn_state.o(i.ble_conn_state_conn_handles)
    ble_conn_state_conn_idx                  0x0001b991   Thumb Code    18  ble_conn_state.o(i.ble_conn_state_conn_idx)
    ble_conn_state_status                    0x0001b9a5   Thumb Code    32  ble_conn_state.o(i.ble_conn_state_status)
    ble_conn_state_valid                     0x0001b9c9   Thumb Code    16  ble_conn_state.o(i.ble_conn_state_valid)
    ble_dfu_buttonless_async_svci_init       0x0001ba3d   Thumb Code    32  ble_dfu_unbonded.o(i.ble_dfu_buttonless_async_svci_init)
    ble_dfu_buttonless_backend_init          0x0001ba61   Thumb Code    14  ble_dfu_unbonded.o(i.ble_dfu_buttonless_backend_init)
    ble_dfu_buttonless_bootloader_start_finalize 0x0001ba75   Thumb Code    40  ble_dfu.o(i.ble_dfu_buttonless_bootloader_start_finalize)
    ble_dfu_buttonless_bootloader_start_prepare 0x0001baa1   Thumb Code    20  ble_dfu_unbonded.o(i.ble_dfu_buttonless_bootloader_start_prepare)
    ble_dfu_buttonless_char_add              0x0001bab9   Thumb Code    80  ble_dfu_unbonded.o(i.ble_dfu_buttonless_char_add)
    ble_dfu_buttonless_init                  0x0001bb09   Thumb Code   100  ble_dfu.o(i.ble_dfu_buttonless_init)
    ble_dfu_buttonless_on_ble_evt            0x0001bb79   Thumb Code   118  ble_dfu.o(i.ble_dfu_buttonless_on_ble_evt)
    ble_dfu_buttonless_on_ctrl_pt_write      0x0001bbf5   Thumb Code   174  ble_dfu_unbonded.o(i.ble_dfu_buttonless_on_ctrl_pt_write)
    ble_dfu_buttonless_on_sys_evt            0x0001bcad   Thumb Code    88  ble_dfu_unbonded.o(i.ble_dfu_buttonless_on_sys_evt)
    ble_dfu_buttonless_resp_send             0x0001bd0d   Thumb Code    78  ble_dfu.o(i.ble_dfu_buttonless_resp_send)
    ble_ips_data_send                        0x0001c089   Thumb Code    88  ble_ips.o(i.ble_ips_data_send)
    ble_ips_init                             0x0001c101   Thumb Code   902  ble_ips.o(i.ble_ips_init)
    ble_ips_on_ble_evt                       0x0001c4e5   Thumb Code    42  ble_ips.o(i.ble_ips_on_ble_evt)
    ble_ips_response_cnt_notify              0x0001c50f   Thumb Code   122  ble_ips.o(i.ble_ips_response_cnt_notify)
    ble_nus_data_send                        0x0001c5ff   Thumb Code   102  ble_nus.o(i.ble_nus_data_send)
    ble_nus_init                             0x0001c665   Thumb Code   206  ble_nus.o(i.ble_nus_init)
    ble_nus_on_ble_evt                       0x0001c739   Thumb Code   112  ble_nus.o(i.ble_nus_on_ble_evt)
    ble_srv_is_indication_enabled            0x0001c7a9   Thumb Code     8  ble_srv_common.o(i.ble_srv_is_indication_enabled)
    ble_srv_is_notification_enabled          0x0001c7b1   Thumb Code     8  ble_srv_common.o(i.ble_srv_is_notification_enabled)
    ble_srv_report_ref_encode                0x0001c7b9   Thumb Code    12  ble_srv_common.o(i.ble_srv_report_ref_encode)
    characteristic_add                       0x0001c9a9   Thumb Code   400  ble_srv_common.o(i.characteristic_add)
    cmd_set_preamble                         0x0001cdcd   Thumb Code    20  app_aps.o(i.cmd_set_preamble)
    conn_handle_list_get                     0x0001cf5b   Thumb Code    62  ble_conn_state.o(i.conn_handle_list_get)
    decode_4b6b                              0x0001d075   Thumb Code   180  4b6b.o(i.decode_4b6b)
    decode_manchester                        0x0001d12d   Thumb Code   138  manchester.o(i.decode_manchester)
    descriptor_add                           0x0001d1b7   Thumb Code   170  ble_srv_common.o(i.descriptor_add)
    encode_4b6b                              0x0001d2a5   Thumb Code   132  4b6b.o(i.encode_4b6b)
    encode_manchester                        0x0001d32d   Thumb Code   108  manchester.o(i.encode_manchester)
    encrypt_decode                           0x0001d399   Thumb Code    60  app_aps.o(i.encrypt_decode)
    main                                     0x0001d9b5   Thumb Code    38  main.o(i.main)
    nrf_atfifo_clear                         0x0001de0b   Thumb Code    16  nrf_atfifo.o(i.nrf_atfifo_clear)
    nrf_atfifo_init                          0x0001de1b   Thumb Code    38  nrf_atfifo.o(i.nrf_atfifo_init)
    nrf_atfifo_item_alloc                    0x0001de41   Thumb Code    22  nrf_atfifo.o(i.nrf_atfifo_item_alloc)
    nrf_atfifo_item_free                     0x0001de57   Thumb Code    22  nrf_atfifo.o(i.nrf_atfifo_item_free)
    nrf_atfifo_item_get                      0x0001de6d   Thumb Code    22  nrf_atfifo.o(i.nrf_atfifo_item_get)
    nrf_atfifo_item_put                      0x0001de83   Thumb Code    22  nrf_atfifo.o(i.nrf_atfifo_item_put)
    nrf_atflags_clear                        0x0001de99   Thumb Code    22  nrf_atflags.o(i.nrf_atflags_clear)
    nrf_atflags_get                          0x0001deaf   Thumb Code    22  nrf_atflags.o(i.nrf_atflags_get)
    nrf_atflags_set                          0x0001dec5   Thumb Code    20  nrf_atflags.o(i.nrf_atflags_set)
    nrf_atomic_flag_set_fetch                0x0001ded9   Thumb Code     6  nrf_atomic.o(i.nrf_atomic_flag_set_fetch)
    nrf_atomic_u32_and                       0x0001dedf   Thumb Code    12  nrf_atomic.o(i.nrf_atomic_u32_and)
    nrf_atomic_u32_fetch_or                  0x0001deeb   Thumb Code    10  nrf_atomic.o(i.nrf_atomic_u32_fetch_or)
    nrf_atomic_u32_fetch_store               0x0001def5   Thumb Code    10  nrf_atomic.o(i.nrf_atomic_u32_fetch_store)
    nrf_atomic_u32_or                        0x0001deff   Thumb Code    12  nrf_atomic.o(i.nrf_atomic_u32_or)
    nrf_ble_gatt_att_mtu_periph_set          0x0001df0b   Thumb Code    24  nrf_ble_gatt.o(i.nrf_ble_gatt_att_mtu_periph_set)
    nrf_ble_gatt_init                        0x0001df23   Thumb Code    34  nrf_ble_gatt.o(i.nrf_ble_gatt_init)
    nrf_ble_gatt_on_ble_evt                  0x0001df45   Thumb Code   264  nrf_ble_gatt.o(i.nrf_ble_gatt_on_ble_evt)
    nrf_ble_qwr_conn_handle_assign           0x0001e051   Thumb Code    22  nrf_ble_qwr.o(i.nrf_ble_qwr_conn_handle_assign)
    nrf_ble_qwr_init                         0x0001e067   Thumb Code    36  nrf_ble_qwr.o(i.nrf_ble_qwr_init)
    nrf_ble_qwr_on_ble_evt                   0x0001e08b   Thumb Code   182  nrf_ble_qwr.o(i.nrf_ble_qwr_on_ble_evt)
    nrf_dfu_svci_vector_table_set            0x0001e15f   Thumb Code    28  nrf_dfu_svci.o(i.nrf_dfu_svci_vector_table_set)
    nrf_dfu_svci_vector_table_unset          0x0001e17d   Thumb Code     6  nrf_dfu_svci.o(i.nrf_dfu_svci_vector_table_unset)
    nrf_drv_clock_init                       0x0001e189   Thumb Code    48  nrf_drv_clock.o(i.nrf_drv_clock_init)
    nrf_drv_clock_lfclk_release              0x0001e1c1   Thumb Code    42  nrf_drv_clock.o(i.nrf_drv_clock_lfclk_release)
    nrf_drv_spi_init                         0x0001e1f1   Thumb Code    98  nrf_drv_spi.o(i.nrf_drv_spi_init)
    nrf_fstorage_erase                       0x0001e277   Thumb Code    78  nrf_fstorage.o(i.nrf_fstorage_erase)
    nrf_fstorage_init                        0x0001e2c5   Thumb Code    16  nrf_fstorage.o(i.nrf_fstorage_init)
    nrf_fstorage_is_busy                     0x0001e2d5   Thumb Code    70  nrf_fstorage.o(i.nrf_fstorage_is_busy)
    nrf_fstorage_sdh_req_handler             0x0001e325   Thumb Code    18  nrf_fstorage_sd.o(i.nrf_fstorage_sdh_req_handler)
    nrf_fstorage_sdh_state_handler           0x0001e33d   Thumb Code    28  nrf_fstorage_sd.o(i.nrf_fstorage_sdh_state_handler)
    nrf_fstorage_sys_evt_handler             0x0001e35d   Thumb Code   154  nrf_fstorage_sd.o(i.nrf_fstorage_sys_evt_handler)
    nrf_fstorage_write                       0x0001e401   Thumb Code   102  nrf_fstorage.o(i.nrf_fstorage_write)
    nrf_pwr_mgmt_init                        0x0001e555   Thumb Code    28  nrf_pwr_mgmt.o(i.nrf_pwr_mgmt_init)
    nrf_pwr_mgmt_run                         0x0001e57d   Thumb Code    20  nrf_pwr_mgmt.o(i.nrf_pwr_mgmt_run)
    nrf_pwr_mgmt_shutdown                    0x0001e591   Thumb Code    54  nrf_pwr_mgmt.o(i.nrf_pwr_mgmt_shutdown)
    nrf_sdh_ble_app_ram_start_get            0x0001e629   Thumb Code    16  nrf_sdh_ble.o(i.nrf_sdh_ble_app_ram_start_get)
    nrf_sdh_ble_default_cfg_set              0x0001e63d   Thumb Code   150  nrf_sdh_ble.o(i.nrf_sdh_ble_default_cfg_set)
    nrf_sdh_ble_enable                       0x0001e6d5   Thumb Code    14  nrf_sdh_ble.o(i.nrf_sdh_ble_enable)
    nrf_sdh_disable_request                  0x0001e749   Thumb Code    80  nrf_sdh.o(i.nrf_sdh_disable_request)
    nrf_sdh_enable_request                   0x0001e79d   Thumb Code   102  nrf_sdh.o(i.nrf_sdh_enable_request)
    nrf_sdh_evts_poll                        0x0001e811   Thumb Code    32  nrf_sdh.o(i.nrf_sdh_evts_poll)
    nrf_sdh_is_enabled                       0x0001e835   Thumb Code     6  nrf_sdh.o(i.nrf_sdh_is_enabled)
    nrf_sdh_request_continue                 0x0001e841   Thumb Code    22  nrf_sdh.o(i.nrf_sdh_request_continue)
    nrf_section_iter_init                    0x0001e899   Thumb Code    10  nrf_section_iter.o(i.nrf_section_iter_init)
    nrf_section_iter_next                    0x0001e8c7   Thumb Code    32  nrf_section_iter.o(i.nrf_section_iter_next)
    nrfx_clock_enable                        0x0001e8fd   Thumb Code    38  nrfx_clock.o(i.nrfx_clock_enable)
    nrfx_clock_init                          0x0001e931   Thumb Code    26  nrfx_clock.o(i.nrfx_clock_init)
    nrfx_clock_irq_handler                   0x0001e951   Thumb Code    82  nrfx_clock.o(i.nrfx_clock_irq_handler)
    nrfx_clock_lfclk_stop                    0x0001e9a9   Thumb Code    20  nrfx_clock.o(i.nrfx_clock_lfclk_stop)
    nrfx_power_irq_handler                   0x0001ea05   Thumb Code    78  nrfx_power.o(i.nrfx_power_irq_handler)
    nrfx_prs_acquire                         0x0001ea59   Thumb Code    58  nrfx_prs.o(i.nrfx_prs_acquire)
    nrfx_prs_release                         0x0001ea93   Thumb Code    18  nrfx_prs.o(i.nrfx_prs_release)
    nrfx_pwm_init                            0x0001eaa5   Thumb Code   206  nrfx_pwm.o(i.nrfx_pwm_init)
    nrfx_pwm_is_stopped                      0x0001eb79   Thumb Code    42  nrfx_pwm.o(i.nrfx_pwm_is_stopped)
    nrfx_pwm_simple_playback                 0x0001eba9   Thumb Code   106  nrfx_pwm.o(i.nrfx_pwm_simple_playback)
    nrfx_pwm_stop                            0x0001ec19   Thumb Code    40  nrfx_pwm.o(i.nrfx_pwm_stop)
    nrfx_pwm_uninit                          0x0001ec41   Thumb Code    48  nrfx_pwm.o(i.nrfx_pwm_uninit)
    nrfx_saadc_channel_init                  0x0001ec75   Thumb Code   160  nrfx_saadc.o(i.nrfx_saadc_channel_init)
    nrfx_saadc_channel_uninit                0x0001ed21   Thumb Code    62  nrfx_saadc.o(i.nrfx_saadc_channel_uninit)
    nrfx_saadc_init                          0x0001ed65   Thumb Code   130  nrfx_saadc.o(i.nrfx_saadc_init)
    nrfx_saadc_limits_set                    0x0001edf9   Thumb Code   120  nrfx_saadc.o(i.nrfx_saadc_limits_set)
    nrfx_saadc_sample_convert                0x0001ee79   Thumb Code   182  nrfx_saadc.o(i.nrfx_saadc_sample_convert)
    nrfx_saadc_uninit                        0x0001ef39   Thumb Code    94  nrfx_saadc.o(i.nrfx_saadc_uninit)
    nrfx_spim_init                           0x0001efa5   Thumb Code   362  nrfx_spim.o(i.nrfx_spim_init)
    nrfx_spim_uninit                         0x0001f119   Thumb Code   126  nrfx_spim.o(i.nrfx_spim_uninit)
    nrfx_spim_xfer                           0x0001f1a1   Thumb Code    94  nrfx_spim.o(i.nrfx_spim_xfer)
    nrfx_timer_compare                       0x0001f205   Thumb Code    58  nrfx_timer.o(i.nrfx_timer_compare)
    nrfx_timer_enable                        0x0001f241   Thumb Code    24  nrfx_timer.o(i.nrfx_timer_enable)
    nrfx_timer_extended_compare              0x0001f25d   Thumb Code    42  nrfx_timer.o(i.nrfx_timer_extended_compare)
    nrfx_timer_init                          0x0001f289   Thumb Code   184  nrfx_timer.o(i.nrfx_timer_init)
    nrfx_wdt_channel_alloc                   0x0001f345   Thumb Code    60  nrfx_wdt.o(i.nrfx_wdt_channel_alloc)
    nrfx_wdt_channel_feed                    0x0001f389   Thumb Code    14  nrfx_wdt.o(i.nrfx_wdt_channel_feed)
    nrfx_wdt_enable                          0x0001f3a1   Thumb Code    18  nrfx_wdt.o(i.nrfx_wdt_enable)
    nrfx_wdt_init                            0x0001f3bd   Thumb Code    66  nrfx_wdt.o(i.nrfx_wdt_init)
    wdt_feed                                 0x00020821   Thumb Code     8  ocp.o(i.wdt_feed)
    nrf_fstorage_sd                          0x0002095c   Data          32  nrf_fstorage_sd.o(.constdata)
    m_ram_start                              0x000209f4   Data           4  nrf_sdh_ble.o(.constdata)
    Region$$Table$$Base                      0x00020c38   Number         0  anon$$obj.o(Region$$Table)
    Region$$Table$$Limit                     0x00020c58   Number         0  anon$$obj.o(Region$$Table)
    sdh_ble_observers0$$Base                 0x00020c58   Number         0  ble_conn_state.o(sdh_ble_observers0)
    sdh_ble_observers0$$Limit                0x00020c60   Number         0  ble_conn_state.o(sdh_ble_observers0)
    sdh_ble_observers1$$Base                 0x00020c60   Number         0  app_ble.o(sdh_ble_observers1)
    sdh_ble_observers1$$Limit                0x00020c78   Number         0  ble_conn_params.o(sdh_ble_observers1)
    sdh_ble_observers2$$Base                 0x00020c78   Number         0  app_ble.o(sdh_ble_observers2)
    sdh_ble_observers2$$Limit                0x00020ca0   Number         0  ble_dfu.o(sdh_ble_observers2)
    sdh_ble_observers3$$Base                 0x00020ca0   Number         0  app_ble.o(sdh_ble_observers3)
    m_req_obs                                0x00020ca8   Data           8  nrf_fstorage_sd.o(sdh_req_observers0)
    sdh_ble_observers3$$Limit                0x00020ca8   Number         0  app_ble.o(sdh_ble_observers3)
    sdh_req_observers0$$Base                 0x00020ca8   Number         0  nrf_fstorage_sd.o(sdh_req_observers0)
    sdh_req_observers0$$Limit                0x00020cb0   Number         0  nrf_fstorage_sd.o(sdh_req_observers0)
    sdh_soc_observers0$$Base                 0x00020cb0   Number         0  nrf_drv_clock.o(sdh_soc_observers0)
    sdh_soc_observers0$$Limit                0x00020cc0   Number         0  nrf_fstorage_sd.o(sdh_soc_observers0)
    sdh_soc_observers1$$Base                 0x00020cc0   Number         0  app_ble.o(sdh_soc_observers1)
    sdh_soc_observers1$$Limit                0x00020cd8   Number         0  ble_dfu_unbonded.o(sdh_soc_observers1)
    sdh_stack_observers0$$Base               0x00020cd8   Number         0  nrf_sdh_ble.o(sdh_stack_observers0)
    sdh_stack_observers0$$Limit              0x00020ce8   Number         0  nrf_sdh_soc.o(sdh_stack_observers0)
    sdh_state_observers0$$Base               0x00020ce8   Number         0  nrf_drv_clock.o(sdh_state_observers0)
    sdh_state_observers0$$Limit              0x00020cf8   Number         0  nrf_fstorage_sd.o(sdh_state_observers0)
    flashProtectSet                          0x10001208   Data           4  ocp.o(.ARM.__AT_0x10001208)
    Image$$RW_IRAM1$$Base                    0x20002b00   Number         0  anon$$obj.o ABSOLUTE
    preambleWord                             0x20002ba0   Data           2  app_subg.o(.data)
    mp_dfu                                   0x20002bd4   Data           4  ble_dfu_unbonded.o(.data)
    nrfx_clock_irq_enabled                   0x20002bd8   Data           1  nrfx_clock.o(.data)
    nrfx_power_irq_enabled                   0x20002c04   Data           1  nrfx_power.o(.data)
    pwmState                                 0x20002c45   Data           1  motor.o(.data)
    SystemCoreClock                          0x20002d28   Data           4  system_nrf52810.o(.data)
    fs_data$$Base                            0x20002d2c   Number         0  ocp.o(fs_data)
    fstorage                                 0x20002d2c   Data          20  ocp.o(fs_data)
    fs_data$$Limit                           0x20002d40   Number         0  ocp.o(fs_data)
    nrf_nvic_state                           0x20003544   Data          12  app_util_platform.o(.bss)
    __initial_sp                             0x20003e90   Data           0  arm_startup_nrf52810.o(STACK)



==============================================================================

Memory Map of the image

  Image Entry point : 0x00019201

  Load Region LR_IROM1 (Base: 0x00019000, Size: 0x00007f38, Max: 0x0000f000, ABSOLUTE, COMPRESSED[0x00007dac])

    Execution Region ER_IROM1 (Base: 0x00019000, Size: 0x00007cf8, Max: 0x0000f000, ABSOLUTE)

    Base Addr    Size         Type   Attr      Idx    E Section Name        Object

    0x00019000   0x00000200   Data   RO         5858    RESET               arm_startup_nrf52810.o
    0x00019200   0x00000000   Code   RO         5899  * .ARM.Collect$$$$00000000  mc_w.l(entry.o)
    0x00019200   0x00000004   Code   RO         6195    .ARM.Collect$$$$00000001  mc_w.l(entry2.o)
    0x00019204   0x00000004   Code   RO         6198    .ARM.Collect$$$$00000004  mc_w.l(entry5.o)
    0x00019208   0x00000000   Code   RO         6200    .ARM.Collect$$$$00000008  mc_w.l(entry7b.o)
    0x00019208   0x00000000   Code   RO         6202    .ARM.Collect$$$$0000000A  mc_w.l(entry8b.o)
    0x00019208   0x00000008   Code   RO         6203    .ARM.Collect$$$$0000000B  mc_w.l(entry9a.o)
    0x00019210   0x00000000   Code   RO         6205    .ARM.Collect$$$$0000000D  mc_w.l(entry10a.o)
    0x00019210   0x00000000   Code   RO         6207    .ARM.Collect$$$$0000000F  mc_w.l(entry11a.o)
    0x00019210   0x00000004   Code   RO         6196    .ARM.Collect$$$$00002712  mc_w.l(entry2.o)
    0x00019214   0x000000c8   Code   RO         3493    .emb_text           nrf_atfifo.o
    0x000192dc   0x000000e2   Code   RO         3632    .emb_text           nrf_atomic.o
    0x000193be   0x00000002   PAD
    0x000193c0   0x00000024   Code   RO         5859    .text               arm_startup_nrf52810.o
    0x000193e4   0x00000062   Code   RO         5902    .text               mc_w.l(uldiv.o)
    0x00019446   0x00000020   Code   RO         5904    .text               mc_w.l(llushr.o)
    0x00019466   0x00000024   Code   RO         5906    .text               mc_w.l(memcpya.o)
    0x0001948a   0x00000024   Code   RO         5908    .text               mc_w.l(memseta.o)
    0x000194ae   0x0000000e   Code   RO         5910    .text               mc_w.l(strlen.o)
    0x000194bc   0x00000064   Code   RO         6179    .text               mf_w.l(fmul.o)
    0x00019520   0x0000007c   Code   RO         6181    .text               mf_w.l(fdiv.o)
    0x0001959c   0x000000de   Code   RO         6185    .text               mf_w.l(ddiv.o)
    0x0001967a   0x00000012   Code   RO         6187    .text               mf_w.l(fflti.o)
    0x0001968c   0x0000001a   Code   RO         6189    .text               mf_w.l(dfltui.o)
    0x000196a6   0x00000028   Code   RO         6191    .text               mf_w.l(ffixui.o)
    0x000196ce   0x00000032   Code   RO         6193    .text               mf_w.l(dfixui.o)
    0x00019700   0x0000001e   Code   RO         6214    .text               mc_w.l(llshl.o)
    0x0001971e   0x00000000   Code   RO         6216    .text               mc_w.l(iusefp.o)
    0x0001971e   0x0000006e   Code   RO         6217    .text               mf_w.l(fepilogue.o)
    0x0001978c   0x000000ba   Code   RO         6219    .text               mf_w.l(depilogue.o)
    0x00019846   0x00000002   PAD
    0x00019848   0x00000024   Code   RO         6227    .text               mc_w.l(init.o)
    0x0001986c   0x00000056   Code   RO         6241    .text               mc_w.l(__dczerorl2.o)
    0x000198c2   0x00000002   PAD
    0x000198c4   0x0000002c   Code   RO          558    i.Aps_Init          app_aps.o
    0x000198f0   0x00000064   Code   RO          559    i.Aps_PutCmd        app_aps.o
    0x00019954   0x00000024   Code   RO          560    i.Aps_StartLoop     app_aps.o
    0x00019978   0x00000020   Code   RO          561    i.Aps_StopLoop      app_aps.o
    0x00019998   0x0000000c   Code   RO          423    i.Batt_GetLevel     app_battery.o
    0x000199a4   0x0000000c   Code   RO          424    i.Batt_GetVoltage   app_battery.o
    0x000199b0   0x00000038   Code   RO          425    i.Batt_Init         app_battery.o
    0x000199e8   0x00000014   Code   RO          426    i.Batt_IsLow        app_battery.o
    0x000199fc   0x0000000c   Code   RO          147    i.Ble_GetState      app_ble.o
    0x00019a08   0x00000118   Code   RO          148    i.Ble_Init          app_ble.o
    0x00019b20   0x0000001c   Code   RO          149    i.Ble_IpsNotifyRespCntAndSendData  app_ble.o
    0x00019b3c   0x00000018   Code   RO          150    i.Ble_NusSendData   app_ble.o
    0x00019b54   0x00000050   Code   RO         5697    i.Buzzer_Ctrl       buzzer.o
    0x00019ba4   0x00000024   Code   RO         5698    i.Buzzer_Init       buzzer.o
    0x00019bc8   0x00000008   Code   RO          966    i.Cfg_GetAdvName    app_config.o
    0x00019bd0   0x0000000c   Code   RO          967    i.Cfg_GetAdvNameLen  app_config.o
    0x00019bdc   0x0000000c   Code   RO          968    i.Cfg_GetMotionData0  app_config.o
    0x00019be8   0x0000000c   Code   RO          969    i.Cfg_GetMotionData1  app_config.o
    0x00019bf4   0x0000004c   Code   RO          970    i.Cfg_Init          app_config.o
    0x00019c40   0x0000003c   Code   RO          971    i.Cfg_PutReq        app_config.o
    0x00019c7c   0x0000002c   Code   RO          972    i.Cfg_SetAdvName    app_config.o
    0x00019ca8   0x00000024   Code   RO          973    i.Cfg_StartLoop     app_config.o
    0x00019ccc   0x00000020   Code   RO          974    i.Cfg_StopLoop      app_config.o
    0x00019cec   0x00000064   Code   RO          975    i.Cfg_StorageLoad   app_config.o
    0x00019d50   0x0000000c   Code   RO         5330    i.Dcdc_Enable       ocp.o
    0x00019d5c   0x0000002c   Code   RO          891    i.Fct_Init          app_factory.o
    0x00019d88   0x00000050   Code   RO          892    i.Fct_PutReq        app_factory.o
    0x00019dd8   0x00000030   Code   RO          893    i.Fct_StartLoop     app_factory.o
    0x00019e08   0x00000044   Code   RO          894    i.Fct_StopLoop      app_factory.o
    0x00019e4c   0x00000024   Code   RO         5331    i.Flash_Init        ocp.o
    0x00019e70   0x00000004   Code   RO         5332    i.Flash_Read        ocp.o
    0x00019e74   0x00000044   Code   RO         5333    i.Flash_Write       ocp.o
    0x00019eb8   0x00000084   Code   RO          679    i.Idc_Init          app_indication.o
    0x00019f3c   0x000000e0   Code   RO          680    i.Idc_SetType       app_indication.o
    0x0001a01c   0x00000016   Code   RO         5077    i.Kit_DelayMs       kit_delay.o
    0x0001a032   0x00000004   Code   RO         5078    i.Kit_DelayUs       kit_delay.o
    0x0001a036   0x00000014   Code   RO         5013    i.Kit_FifoStructCreate  kit_fifo.o
    0x0001a04a   0x00000044   Code   RO         5014    i.Kit_FifoStructIn  kit_fifo.o
    0x0001a08e   0x0000004e   Code   RO         5015    i.Kit_FifoStructOut  kit_fifo.o
    0x0001a0dc   0x00000002   Code   RO         5199    i.Kit_PrintBytes    kit_log.o
    0x0001a0de   0x00000012   Code   RO         5120    i.Kit_ReverseFourBytes  kit_utils.o
    0x0001a0f0   0x0000000a   Code   RO         5121    i.Kit_ReverseTwoBytes  kit_utils.o
    0x0001a0fa   0x00000002   PAD
    0x0001a0fc   0x0000005c   Code   RO         5223    i.Led_Ctrl          led.o
    0x0001a158   0x00000044   Code   RO         5224    i.Led_Init          led.o
    0x0001a19c   0x00000002   Code   RO         5334    i.Log_Init          ocp.o
    0x0001a19e   0x00000002   PAD
    0x0001a1a0   0x00000054   Code   RO         5270    i.Motor_Ctrl        motor.o
    0x0001a1f4   0x00000024   Code   RO         5271    i.Motor_Init        motor.o
    0x0001a218   0x00000016   Code   RO         3210    i.NVIC_ClearPendingIRQ  app_timer.o
    0x0001a22e   0x00000016   Code   RO         3211    i.NVIC_EnableIRQ    app_timer.o
    0x0001a244   0x00000016   Code   RO         3212    i.NVIC_SetPendingIRQ  app_timer.o
    0x0001a25a   0x00000020   Code   RO         3213    i.NVIC_SetPriority  app_timer.o
    0x0001a27a   0x0000000e   Code   RO         3067    i.POWER_CLOCK_IRQHandler  nrfx_power.o
    0x0001a288   0x00000010   Code   RO         2808    i.PWM0_IRQHandler   nrfx_pwm.o
    0x0001a298   0x00000004   Code   RO         5335    i.Pwr_MgmtIdle      ocp.o
    0x0001a29c   0x00000014   Code   RO         5336    i.Pwr_MgmtInit      ocp.o
    0x0001a2b0   0x0000000c   Code   RO         5337    i.Pwr_ResetReason   ocp.o
    0x0001a2bc   0x00000024   Code   RO         3214    i.RTC1_IRQHandler   app_timer.o
    0x0001a2e0   0x00000008   Code   RO         5486    i.Rf69_ClearFifo    rf69.o
    0x0001a2e8   0x00000054   Code   RO         5487    i.Rf69_DevParaCfg   rf69.o
    0x0001a33c   0x00000010   Code   RO         5489    i.Rf69_IsFifoEmpty  rf69.o
    0x0001a34c   0x0000000c   Code   RO         5490    i.Rf69_IsFifoFull   rf69.o
    0x0001a358   0x0000000e   Code   RO         5491    i.Rf69_IsFifoOverThreshold  rf69.o
    0x0001a366   0x00000006   Code   RO         5493    i.Rf69_RcvByte      rf69.o
    0x0001a36c   0x00000028   Code   RO         5494    i.Rf69_ReadRssi     rf69.o
    0x0001a394   0x00000074   Code   RO         5496    i.Rf69_SetFreq      rf69.o
    0x0001a408   0x00000098   Code   RO         5497    i.Rf69_SetMode      rf69.o
    0x0001a4a0   0x00000008   Code   RO         5498    i.Rf69_SetOokBw200khz  rf69.o
    0x0001a4a8   0x00000008   Code   RO         5499    i.Rf69_SetOokBw250khz  rf69.o
    0x0001a4b0   0x00000026   Code   RO         5500    i.Rf69_SetPayloadLen  rf69.o
    0x0001a4d6   0x0000001c   Code   RO         5502    i.Rf69_SetPreambleSize  rf69.o
    0x0001a4f2   0x00000024   Code   RO         5504    i.Rf69_SetSyncOnOff  rf69.o
    0x0001a516   0x00000024   Code   RO         5505    i.Rf69_SetUnlimitedLenPkt  rf69.o
    0x0001a53a   0x00000002   PAD
    0x0001a53c   0x00000040   Code   RO         5506    i.Rf69_XmitBuf      rf69.o
    0x0001a57c   0x00000008   Code   RO         5507    i.Rf69_XmitByte     rf69.o
    0x0001a584   0x00000014   Code   RO         5338    i.Rtc_Init          ocp.o
    0x0001a598   0x00000148   Code   RO         2918    i.SAADC_IRQHandler  nrfx_saadc.o
    0x0001a6e0   0x00000054   Code   RO         2481    i.SPIM0_SPIS0_SPI0_IRQHandler  nrfx_spim.o
    0x0001a734   0x00000004   Code   RO         3215    i.SWI0_EGU0_IRQHandler  app_timer.o
    0x0001a738   0x00000004   Code   RO         4807    i.SWI2_IRQHandler   nrf_sdh.o
    0x0001a73c   0x00000028   Code   RO          737    i.Subg_CfgRf        app_subg.o
    0x0001a764   0x0000000c   Code   RO          738    i.Subg_ClrIntFlg    app_subg.o
    0x0001a770   0x0000000c   Code   RO          739    i.Subg_GetMode      app_subg.o
    0x0001a77c   0x00000030   Code   RO          740    i.Subg_GetPkt       app_subg.o
    0x0001a7ac   0x0000000c   Code   RO          741    i.Subg_GetRssi      app_subg.o
    0x0001a7b8   0x0000000c   Code   RO          742    i.Subg_GetRxPktCnt  app_subg.o
    0x0001a7c4   0x0000000c   Code   RO          743    i.Subg_GetTxPktCnt  app_subg.o
    0x0001a7d0   0x00000016   Code   RO          744    i.Subg_Init         app_subg.o
    0x0001a7e6   0x00000002   PAD
    0x0001a7e8   0x000000cc   Code   RO          745    i.Subg_SendPkt      app_subg.o
    0x0001a8b4   0x00000024   Code   RO          746    i.Subg_SetFreq      app_subg.o
    0x0001a8d8   0x0000000c   Code   RO          747    i.Subg_SetIntFlg    app_subg.o
    0x0001a8e4   0x0000000c   Code   RO          748    i.Subg_SetMode      app_subg.o
    0x0001a8f0   0x0000000c   Code   RO          749    i.Subg_SetPktLen    app_subg.o
    0x0001a8fc   0x0000000c   Code   RO          750    i.Subg_SetPreamble  app_subg.o
    0x0001a908   0x00000004   Code   RO            4    i.Sys_Idle          app_sys.o
    0x0001a90c   0x00000026   Code   RO            5    i.Sys_Init          app_sys.o
    0x0001a932   0x00000002   PAD
    0x0001a934   0x000001bc   Code   RO         5867    i.SystemInit        system_nrf52810.o
    0x0001aaf0   0x00000050   Code   RO         2604    i.TIMER1_IRQHandler  nrfx_timer.o
    0x0001ab40   0x0000000c   Code   RO         5339    i.Timer_GetCnt      ocp.o
    0x0001ab4c   0x0000005c   Code   RO         5340    i.Timer_Init        ocp.o
    0x0001aba8   0x0000000c   Code   RO         2383    i.UARTE0_UART0_IRQHandler  nrfx_prs.o
    0x0001abb4   0x00000024   Code   RO         2730    i.WDT_IRQHandler    nrfx_wdt.o
    0x0001abd8   0x00000038   Code   RO         5341    i.Wdt_Init          ocp.o
    0x0001ac10   0x0000000e   Code   RO         6235    i.__scatterload_copy  mc_w.l(handlers.o)
    0x0001ac1e   0x00000002   Code   RO         6236    i.__scatterload_null  mc_w.l(handlers.o)
    0x0001ac20   0x0000000e   Code   RO         6237    i.__scatterload_zeroinit  mc_w.l(handlers.o)
    0x0001ac2e   0x00000002   PAD
    0x0001ac30   0x00000024   Code   RO         4808    i.__sd_nvic_app_accessible_irq  nrf_sdh.o
    0x0001ac54   0x00000002   Code   RO          427    i.adc_callback      app_battery.o
    0x0001ac56   0x0000000c   Code   RO         4275    i.addr_is_aligned32  nrf_fstorage.o
    0x0001ac62   0x00000018   Code   RO         4276    i.addr_is_within_bounds  nrf_fstorage.o
    0x0001ac7a   0x00000002   PAD
    0x0001ac7c   0x00000068   Code   RO          151    i.advertising_init  app_ble.o
    0x0001ace4   0x0000001c   Code   RO          152    i.advertising_start  app_ble.o
    0x0001ad00   0x00000030   Code   RO         4364    i.app_error_fault_handler  app_error_weak.o
    0x0001ad30   0x00000016   Code   RO         3176    i.app_error_handler_bare  app_error.o
    0x0001ad46   0x00000002   PAD
    0x0001ad48   0x00000024   Code   RO         3218    i.app_timer_create  app_timer.o
    0x0001ad6c   0x00000054   Code   RO         3219    i.app_timer_init    app_timer.o
    0x0001adc0   0x00000088   Code   RO         3222    i.app_timer_start   app_timer.o
    0x0001ae48   0x00000020   Code   RO         3223    i.app_timer_stop    app_timer.o
    0x0001ae68   0x00000048   Code   RO         3380    i.app_util_critical_region_enter  app_util_platform.o
    0x0001aeb0   0x00000034   Code   RO         3381    i.app_util_critical_region_exit  app_util_platform.o
    0x0001aee4   0x00000198   Code   RO          562    i.aps_cmd_loop      app_aps.o
    0x0001b07c   0x000000cc   Code   RO          428    i.batt_detect       app_battery.o
    0x0001b148   0x00000040   Code   RO          429    i.batt_low_check_handle  app_battery.o
    0x0001b188   0x0000009c   Code   RO         1855    i.battery_level_char_add  ble_bas.o
    0x0001b224   0x0000001c   Code   RO          154    i.battery_level_update_handle  app_ble.o
    0x0001b240   0x0000000a   Code   RO         1856    i.battery_notification_send  ble_bas.o
    0x0001b24a   0x00000048   Code   RO         1504    i.blcm_link_ctx_get  ble_link_ctx_manager.o
    0x0001b292   0x00000182   Code   RO         1066    i.ble_advdata_encode  ble_advdata.o
    0x0001b414   0x00000020   Code   RO         1068    i.ble_advdata_parse  ble_advdata.o
    0x0001b434   0x00000038   Code   RO         1069    i.ble_advdata_search  ble_advdata.o
    0x0001b46c   0x00000006   Code   RO         1173    i.ble_advertising_conn_cfg_tag_set  ble_advertising.o
    0x0001b472   0x000000ea   Code   RO         1174    i.ble_advertising_init  ble_advertising.o
    0x0001b55c   0x0000006a   Code   RO         1176    i.ble_advertising_on_ble_evt  ble_advertising.o
    0x0001b5c6   0x00000002   Code   RO         1177    i.ble_advertising_on_sys_evt  ble_advertising.o
    0x0001b5c8   0x00000202   Code   RO         1180    i.ble_advertising_start  ble_advertising.o
    0x0001b7ca   0x00000002   PAD
    0x0001b7cc   0x000000c0   Code   RO         1857    i.ble_bas_battery_level_update  ble_bas.o
    0x0001b88c   0x0000003e   Code   RO         1859    i.ble_bas_init      ble_bas.o
    0x0001b8ca   0x00000052   Code   RO         1860    i.ble_bas_on_ble_evt  ble_bas.o
    0x0001b91c   0x00000068   Code   RO         1269    i.ble_conn_params_init  ble_conn_params.o
    0x0001b984   0x0000000c   Code   RO         1346    i.ble_conn_state_conn_handles  ble_conn_state.o
    0x0001b990   0x00000012   Code   RO         1347    i.ble_conn_state_conn_idx  ble_conn_state.o
    0x0001b9a2   0x00000002   PAD
    0x0001b9a4   0x00000024   Code   RO         1356    i.ble_conn_state_status  ble_conn_state.o
    0x0001b9c8   0x00000014   Code   RO         1360    i.ble_conn_state_valid  ble_conn_state.o
    0x0001b9dc   0x00000060   Code   RO         1072    i.ble_device_addr_encode  ble_advdata.o
    0x0001ba3c   0x00000024   Code   RO         1790    i.ble_dfu_buttonless_async_svci_init  ble_dfu_unbonded.o
    0x0001ba60   0x00000014   Code   RO         1791    i.ble_dfu_buttonless_backend_init  ble_dfu_unbonded.o
    0x0001ba74   0x0000002c   Code   RO         1692    i.ble_dfu_buttonless_bootloader_start_finalize  ble_dfu.o
    0x0001baa0   0x00000018   Code   RO         1792    i.ble_dfu_buttonless_bootloader_start_prepare  ble_dfu_unbonded.o
    0x0001bab8   0x00000050   Code   RO         1793    i.ble_dfu_buttonless_char_add  ble_dfu_unbonded.o
    0x0001bb08   0x00000070   Code   RO         1693    i.ble_dfu_buttonless_init  ble_dfu.o
    0x0001bb78   0x0000007c   Code   RO         1694    i.ble_dfu_buttonless_on_ble_evt  ble_dfu.o
    0x0001bbf4   0x000000b8   Code   RO         1794    i.ble_dfu_buttonless_on_ctrl_pt_write  ble_dfu_unbonded.o
    0x0001bcac   0x00000060   Code   RO         1795    i.ble_dfu_buttonless_on_sys_evt  ble_dfu_unbonded.o
    0x0001bd0c   0x00000054   Code   RO         1695    i.ble_dfu_buttonless_resp_send  ble_dfu.o
    0x0001bd60   0x00000002   Code   RO          155    i.ble_dfu_evt_handler  app_ble.o
    0x0001bd62   0x00000002   PAD
    0x0001bd64   0x00000124   Code   RO          156    i.ble_evt_handler   app_ble.o
    0x0001be88   0x000000fc   Code   RO         1271    i.ble_evt_handler   ble_conn_params.o
    0x0001bf84   0x00000104   Code   RO         1361    i.ble_evt_handler   ble_conn_state.o
    0x0001c088   0x00000078   Code   RO         5751    i.ble_ips_data_send  ble_ips.o
    0x0001c100   0x000003e4   Code   RO         5752    i.ble_ips_init      ble_ips.o
    0x0001c4e4   0x0000002a   Code   RO         5753    i.ble_ips_on_ble_evt  ble_ips.o
    0x0001c50e   0x0000007a   Code   RO         5754    i.ble_ips_response_cnt_notify  ble_ips.o
    0x0001c588   0x00000076   Code   RO         5755    i.ble_ips_timer_tick_handle  ble_ips.o
    0x0001c5fe   0x00000066   Code   RO         1914    i.ble_nus_data_send  ble_nus.o
    0x0001c664   0x000000d4   Code   RO         1915    i.ble_nus_init      ble_nus.o
    0x0001c738   0x00000070   Code   RO         1916    i.ble_nus_on_ble_evt  ble_nus.o
    0x0001c7a8   0x00000008   Code   RO         1529    i.ble_srv_is_indication_enabled  ble_srv_common.o
    0x0001c7b0   0x00000008   Code   RO         1530    i.ble_srv_is_notification_enabled  ble_srv_common.o
    0x0001c7b8   0x0000000c   Code   RO         1531    i.ble_srv_report_ref_encode  ble_srv_common.o
    0x0001c7c4   0x00000030   Code   RO         5699    i.buzzer_off        buzzer.o
    0x0001c7f4   0x00000080   Code   RO         5700    i.buzzer_on         buzzer.o
    0x0001c874   0x00000094   Code   RO         5701    i.buzzer_timer_handle  buzzer.o
    0x0001c908   0x00000090   Code   RO          976    i.cfg_req_loop      app_config.o
    0x0001c998   0x00000010   Code   RO          977    i.cfg_update_handle  app_config.o
    0x0001c9a8   0x00000190   Code   RO         1532    i.characteristic_add  ble_srv_common.o
    0x0001cb38   0x0000006c   Code   RO          563    i.check_and_set_freq  app_aps.o
    0x0001cba4   0x00000028   Code   RO         1965    i.clock_clk_started_notify  nrf_drv_clock.o
    0x0001cbcc   0x0000001c   Code   RO         1966    i.clock_irq_handler  nrf_drv_clock.o
    0x0001cbe8   0x000000a8   Code   RO          564    i.cmd_get_pkt       app_aps.o
    0x0001cc90   0x0000013c   Code   RO          565    i.cmd_send_and_listen  app_aps.o
    0x0001cdcc   0x00000014   Code   RO          566    i.cmd_set_preamble  app_aps.o
    0x0001cde0   0x00000068   Code   RO          567    i.cmd_update_reg    app_aps.o
    0x0001ce48   0x000000ac   Code   RO         3225    i.compare_reg_update  app_timer.o
    0x0001cef4   0x00000066   Code   RO         2809    i.configure_pins    nrfx_pwm.o
    0x0001cf5a   0x0000003e   Code   RO         1362    i.conn_handle_list_get  ble_conn_state.o
    0x0001cf98   0x00000088   Code   RO         1073    i.conn_int_encode   ble_advdata.o
    0x0001d020   0x00000004   Code   RO          157    i.conn_params_error_handler  app_ble.o
    0x0001d024   0x00000048   Code   RO         1272    i.conn_params_negotiation  ble_conn_params.o
    0x0001d06c   0x00000008   Code   RO          568    i.convert_rssi_to_cc111x  app_aps.o
    0x0001d074   0x000000b8   Code   RO         5818    i.decode_4b6b       4b6b.o
    0x0001d12c   0x0000008a   Code   RO         5838    i.decode_manchester  manchester.o
    0x0001d1b6   0x000000aa   Code   RO         1533    i.descriptor_add    ble_srv_common.o
    0x0001d260   0x00000002   Code   RO         1696    i.dummy_evt_handler  ble_dfu.o
    0x0001d262   0x00000002   PAD
    0x0001d264   0x00000040   Code   RO         3226    i.elapsed_ticks_acquire  app_timer.o
    0x0001d2a4   0x00000088   Code   RO         5819    i.encode_4b6b       4b6b.o
    0x0001d32c   0x0000006c   Code   RO         5839    i.encode_manchester  manchester.o
    0x0001d398   0x00000040   Code   RO          569    i.encrypt_decode    app_aps.o
    0x0001d3d8   0x00000048   Code   RO          570    i.encrypt_encode    app_aps.o
    0x0001d420   0x0000001c   Code   RO          571    i.encrypt_set       app_aps.o
    0x0001d43c   0x0000004c   Code   RO         4163    i.erase             nrf_fstorage_sd.o
    0x0001d488   0x00000054   Code   RO         4164    i.event_send        nrf_fstorage_sd.o
    0x0001d4dc   0x00000108   Code   RO          895    i.fct_req_loop      app_factory.o
    0x0001d5e4   0x00000028   Code   RO         1182    i.flags_set         ble_advertising.o
    0x0001d60c   0x00000002   Code   RO         5342    i.flash_event_handle  ocp.o
    0x0001d60e   0x00000002   Code   RO          158    i.gatt_evt_handler  app_ble.o
    0x0001d610   0x00000034   Code   RO         4165    i.init              nrf_fstorage_sd.o
    0x0001d644   0x00000014   Code   RO         1273    i.instance_get      ble_conn_params.o
    0x0001d658   0x0000008c   Code   RO          159    i.ips_data_handler  app_ble.o
    0x0001d6e4   0x0000009c   Code   RO         2810    i.irq_handler       nrfx_pwm.o
    0x0001d780   0x00000010   Code   RO         4166    i.is_busy           nrf_fstorage_sd.o
    0x0001d790   0x00000044   Code   RO         1274    i.is_conn_params_ok  ble_conn_params.o
    0x0001d7d4   0x00000034   Code   RO         5225    i.led_multiple_control  led.o
    0x0001d808   0x000000a4   Code   RO         5226    i.led_timer_handle  led.o
    0x0001d8ac   0x00000010   Code   RO         1587    i.link_init         nrf_ble_gatt.o
    0x0001d8bc   0x000000f8   Code   RO         3227    i.list_insertions_handler  app_timer.o
    0x0001d9b4   0x00000026   Code   RO          873    i.main              main.o
    0x0001d9da   0x00000064   Code   RO         1074    i.manuf_specific_data_encode  ble_advdata.o
    0x0001da3e   0x00000002   PAD
    0x0001da40   0x000000a0   Code   RO          751    i.minimed_rx        app_subg.o
    0x0001dae0   0x00000088   Code   RO          752    i.minimed_tx        app_subg.o
    0x0001db68   0x00000080   Code   RO          978    i.motion_data_set   app_config.o
    0x0001dbe8   0x00000030   Code   RO         5272    i.motor_off         motor.o
    0x0001dc18   0x0000007c   Code   RO         5273    i.motor_on          motor.o
    0x0001dc94   0x00000008   Code   RO          681    i.motor_test_handle  app_indication.o
    0x0001dc9c   0x000000c8   Code   RO         5274    i.motor_timer_handle  motor.o
    0x0001dd64   0x000000a6   Code   RO         1075    i.name_encode       ble_advdata.o
    0x0001de0a   0x00000010   Code   RO         3495    i.nrf_atfifo_clear  nrf_atfifo.o
    0x0001de1a   0x00000026   Code   RO         3497    i.nrf_atfifo_init   nrf_atfifo.o
    0x0001de40   0x00000016   Code   RO         3498    i.nrf_atfifo_item_alloc  nrf_atfifo.o
    0x0001de56   0x00000016   Code   RO         3499    i.nrf_atfifo_item_free  nrf_atfifo.o
    0x0001de6c   0x00000016   Code   RO         3500    i.nrf_atfifo_item_get  nrf_atfifo.o
    0x0001de82   0x00000016   Code   RO         3501    i.nrf_atfifo_item_put  nrf_atfifo.o
    0x0001de98   0x00000016   Code   RO         3566    i.nrf_atflags_clear  nrf_atflags.o
    0x0001deae   0x00000016   Code   RO         3571    i.nrf_atflags_get   nrf_atflags.o
    0x0001dec4   0x00000014   Code   RO         3573    i.nrf_atflags_set   nrf_atflags.o
    0x0001ded8   0x00000006   Code   RO         3636    i.nrf_atomic_flag_set_fetch  nrf_atomic.o
    0x0001dede   0x0000000c   Code   RO         3638    i.nrf_atomic_u32_and  nrf_atomic.o
    0x0001deea   0x0000000a   Code   RO         3642    i.nrf_atomic_u32_fetch_or  nrf_atomic.o
    0x0001def4   0x0000000a   Code   RO         3643    i.nrf_atomic_u32_fetch_store  nrf_atomic.o
    0x0001defe   0x0000000c   Code   RO         3647    i.nrf_atomic_u32_or  nrf_atomic.o
    0x0001df0a   0x00000018   Code   RO         1589    i.nrf_ble_gatt_att_mtu_periph_set  nrf_ble_gatt.o
    0x0001df22   0x00000022   Code   RO         1591    i.nrf_ble_gatt_init  nrf_ble_gatt.o
    0x0001df44   0x0000010c   Code   RO         1592    i.nrf_ble_gatt_on_ble_evt  nrf_ble_gatt.o
    0x0001e050   0x00000016   Code   RO         1651    i.nrf_ble_qwr_conn_handle_assign  nrf_ble_qwr.o
    0x0001e066   0x00000024   Code   RO         1652    i.nrf_ble_qwr_init  nrf_ble_qwr.o
    0x0001e08a   0x000000b6   Code   RO         1653    i.nrf_ble_qwr_on_ble_evt  nrf_ble_qwr.o
    0x0001e140   0x0000000e   Code   RO         2247    i.nrf_clock_event_check  nrfx_clock.o
    0x0001e14e   0x00000010   Code   RO         2248    i.nrf_clock_event_clear  nrfx_clock.o
    0x0001e15e   0x0000001c   Code   RO         4518    i.nrf_dfu_svci_vector_table_set  nrf_dfu_svci.o
    0x0001e17a   0x00000002   PAD
    0x0001e17c   0x0000000c   Code   RO         4519    i.nrf_dfu_svci_vector_table_unset  nrf_dfu_svci.o
    0x0001e188   0x00000038   Code   RO         1973    i.nrf_drv_clock_init  nrf_drv_clock.o
    0x0001e1c0   0x00000030   Code   RO         1977    i.nrf_drv_clock_lfclk_release  nrf_drv_clock.o
    0x0001e1f0   0x00000070   Code   RO         2434    i.nrf_drv_spi_init  nrf_drv_spi.o
    0x0001e260   0x00000016   Code   RO         5508    i.nrf_drv_spi_transfer  rf69.o
    0x0001e276   0x0000004e   Code   RO         4277    i.nrf_fstorage_erase  nrf_fstorage.o
    0x0001e2c4   0x00000010   Code   RO         4278    i.nrf_fstorage_init  nrf_fstorage.o
    0x0001e2d4   0x00000050   Code   RO         4279    i.nrf_fstorage_is_busy  nrf_fstorage.o
    0x0001e324   0x00000018   Code   RO         4167    i.nrf_fstorage_sdh_req_handler  nrf_fstorage_sd.o
    0x0001e33c   0x00000020   Code   RO         4168    i.nrf_fstorage_sdh_state_handler  nrf_fstorage_sd.o
    0x0001e35c   0x000000a4   Code   RO         4169    i.nrf_fstorage_sys_evt_handler  nrf_fstorage_sd.o
    0x0001e400   0x00000066   Code   RO         4284    i.nrf_fstorage_write  nrf_fstorage.o
    0x0001e466   0x00000024   Code   RO         2482    i.nrf_gpio_cfg      nrfx_spim.o
    0x0001e48a   0x00000024   Code   RO         5509    i.nrf_gpio_cfg      rf69.o
    0x0001e4ae   0x00000012   Code   RO         5510    i.nrf_gpio_cfg_default  rf69.o
    0x0001e4c0   0x00000014   Code   RO         2483    i.nrf_gpio_cfg_output  nrfx_spim.o
    0x0001e4d4   0x00000014   Code   RO         5511    i.nrf_gpio_cfg_output  rf69.o
    0x0001e4e8   0x0000000e   Code   RO         2484    i.nrf_gpio_pin_clear  nrfx_spim.o
    0x0001e4f6   0x0000000e   Code   RO         2485    i.nrf_gpio_pin_set  nrfx_spim.o
    0x0001e504   0x0000001c   Code   RO         3068    i.nrf_power_event_get_and_clear  nrfx_power.o
    0x0001e520   0x0000000a   Code   RO         2811    i.nrf_pwm_event_check  nrfx_pwm.o
    0x0001e52a   0x0000000c   Code   RO         2812    i.nrf_pwm_event_clear  nrfx_pwm.o
    0x0001e536   0x0000001e   Code   RO         2813    i.nrf_pwm_sequence_set  nrfx_pwm.o
    0x0001e554   0x00000028   Code   RO         3956    i.nrf_pwr_mgmt_init  nrf_pwr_mgmt.o
    0x0001e57c   0x00000014   Code   RO         3957    i.nrf_pwr_mgmt_run  nrf_pwr_mgmt.o
    0x0001e590   0x0000003c   Code   RO         3958    i.nrf_pwr_mgmt_shutdown  nrf_pwr_mgmt.o
    0x0001e5cc   0x00000004   Code   RO          160    i.nrf_qwr_error_handler  app_ble.o
    0x0001e5d0   0x00000010   Code   RO         2919    i.nrf_saadc_buffer_init  nrfx_saadc.o
    0x0001e5e0   0x00000014   Code   RO         2920    i.nrf_saadc_channel_input_set  nrfx_saadc.o
    0x0001e5f4   0x00000010   Code   RO         2921    i.nrf_saadc_event_check  nrfx_saadc.o
    0x0001e604   0x00000014   Code   RO         2922    i.nrf_saadc_event_clear  nrfx_saadc.o
    0x0001e618   0x00000010   Code   RO         2923    i.nrf_saadc_limit_int_get  nrfx_saadc.o
    0x0001e628   0x00000014   Code   RO         4925    i.nrf_sdh_ble_app_ram_start_get  nrf_sdh_ble.o
    0x0001e63c   0x00000096   Code   RO         4926    i.nrf_sdh_ble_default_cfg_set  nrf_sdh_ble.o
    0x0001e6d2   0x00000002   PAD
    0x0001e6d4   0x00000014   Code   RO         4927    i.nrf_sdh_ble_enable  nrf_sdh_ble.o
    0x0001e6e8   0x00000060   Code   RO         4928    i.nrf_sdh_ble_evts_poll  nrf_sdh_ble.o
    0x0001e748   0x00000054   Code   RO         4809    i.nrf_sdh_disable_request  nrf_sdh.o
    0x0001e79c   0x00000074   Code   RO         4810    i.nrf_sdh_enable_request  nrf_sdh.o
    0x0001e810   0x00000024   Code   RO         4811    i.nrf_sdh_evts_poll  nrf_sdh.o
    0x0001e834   0x0000000c   Code   RO         4812    i.nrf_sdh_is_enabled  nrf_sdh.o
    0x0001e840   0x0000001c   Code   RO         4814    i.nrf_sdh_request_continue  nrf_sdh.o
    0x0001e85c   0x0000003c   Code   RO         4976    i.nrf_sdh_soc_evts_poll  nrf_sdh_soc.o
    0x0001e898   0x0000000a   Code   RO         4095    i.nrf_section_iter_init  nrf_section_iter.o
    0x0001e8a2   0x00000024   Code   RO         4096    i.nrf_section_iter_item_set  nrf_section_iter.o
    0x0001e8c6   0x00000020   Code   RO         4097    i.nrf_section_iter_next  nrf_section_iter.o
    0x0001e8e6   0x0000000a   Code   RO         2486    i.nrf_spim_event_check  nrfx_spim.o
    0x0001e8f0   0x0000000c   Code   RO         2605    i.nrf_timer_event_clear  nrfx_timer.o
    0x0001e8fc   0x00000034   Code   RO         2253    i.nrfx_clock_enable  nrfx_clock.o
    0x0001e930   0x00000020   Code   RO         2256    i.nrfx_clock_init   nrfx_clock.o
    0x0001e950   0x00000058   Code   RO         2257    i.nrfx_clock_irq_handler  nrfx_clock.o
    0x0001e9a8   0x0000001c   Code   RO         2260    i.nrfx_clock_lfclk_stop  nrfx_clock.o
    0x0001e9c4   0x00000010   Code   RO         2924    i.nrfx_coredep_delay_us  nrfx_saadc.o
    0x0001e9d4   0x00000010   Code   RO         3228    i.nrfx_coredep_delay_us  app_timer.o
    0x0001e9e4   0x00000010   Code   RO         5079    i.nrfx_coredep_delay_us  kit_delay.o
    0x0001e9f4   0x00000010   Code   RO         2487    i.nrfx_is_in_ram    nrfx_spim.o
    0x0001ea04   0x00000054   Code   RO         3070    i.nrfx_power_irq_handler  nrfx_power.o
    0x0001ea58   0x0000003a   Code   RO         2384    i.nrfx_prs_acquire  nrfx_prs.o
    0x0001ea92   0x00000012   Code   RO         2385    i.nrfx_prs_release  nrfx_prs.o
    0x0001eaa4   0x000000d4   Code   RO         2815    i.nrfx_pwm_init     nrfx_pwm.o
    0x0001eb78   0x00000030   Code   RO         2816    i.nrfx_pwm_is_stopped  nrfx_pwm.o
    0x0001eba8   0x00000070   Code   RO         2817    i.nrfx_pwm_simple_playback  nrfx_pwm.o
    0x0001ec18   0x00000028   Code   RO         2818    i.nrfx_pwm_stop     nrfx_pwm.o
    0x0001ec40   0x00000034   Code   RO         2819    i.nrfx_pwm_uninit   nrfx_pwm.o
    0x0001ec74   0x000000ac   Code   RO         2928    i.nrfx_saadc_channel_init  nrfx_saadc.o
    0x0001ed20   0x00000044   Code   RO         2929    i.nrfx_saadc_channel_uninit  nrfx_saadc.o
    0x0001ed64   0x00000094   Code   RO         2930    i.nrfx_saadc_init   nrfx_saadc.o
    0x0001edf8   0x00000080   Code   RO         2932    i.nrfx_saadc_limits_set  nrfx_saadc.o
    0x0001ee78   0x000000c0   Code   RO         2934    i.nrfx_saadc_sample_convert  nrfx_saadc.o
    0x0001ef38   0x0000006c   Code   RO         2936    i.nrfx_saadc_uninit  nrfx_saadc.o
    0x0001efa4   0x00000174   Code   RO         2490    i.nrfx_spim_init    nrfx_spim.o
    0x0001f118   0x00000088   Code   RO         2492    i.nrfx_spim_uninit  nrfx_spim.o
    0x0001f1a0   0x00000064   Code   RO         2493    i.nrfx_spim_xfer    nrfx_spim.o
    0x0001f204   0x0000003a   Code   RO         2608    i.nrfx_timer_compare  nrfx_timer.o
    0x0001f23e   0x00000002   PAD
    0x0001f240   0x0000001c   Code   RO         2612    i.nrfx_timer_enable  nrfx_timer.o
    0x0001f25c   0x0000002a   Code   RO         2613    i.nrfx_timer_extended_compare  nrfx_timer.o
    0x0001f286   0x00000002   PAD
    0x0001f288   0x000000bc   Code   RO         2615    i.nrfx_timer_init   nrfx_timer.o
    0x0001f344   0x00000044   Code   RO         2731    i.nrfx_wdt_channel_alloc  nrfx_wdt.o
    0x0001f388   0x00000018   Code   RO         2732    i.nrfx_wdt_channel_feed  nrfx_wdt.o
    0x0001f3a0   0x0000001c   Code   RO         2733    i.nrfx_wdt_enable   nrfx_wdt.o
    0x0001f3bc   0x00000050   Code   RO         2735    i.nrfx_wdt_init     nrfx_wdt.o
    0x0001f40c   0x0000003e   Code   RO          161    i.nus_data_handler  app_ble.o
    0x0001f44a   0x00000002   PAD
    0x0001f44c   0x000000b8   Code   RO          753    i.omnipod_rx        app_subg.o
    0x0001f504   0x00000118   Code   RO          754    i.omnipod_tx        app_subg.o
    0x0001f61c   0x00000002   Code   RO          162    i.on_adv_evt        app_ble.o
    0x0001f61e   0x00000002   PAD
    0x0001f620   0x0000001c   Code   RO          163    i.on_conn_params_evt  app_ble.o
    0x0001f63c   0x0000006a   Code   RO         1917    i.on_connect        ble_nus.o
    0x0001f6a6   0x00000070   Code   RO         5756    i.on_connect        ble_ips.o
    0x0001f716   0x00000002   PAD
    0x0001f718   0x00000070   Code   RO         1697    i.on_rw_authorize_req  ble_dfu.o
    0x0001f788   0x00000084   Code   RO         1918    i.on_write          ble_nus.o
    0x0001f80c   0x000000be   Code   RO         5757    i.on_write          ble_ips.o
    0x0001f8ca   0x00000012   Code   RO         1183    i.phy_is_valid      ble_advertising.o
    0x0001f8dc   0x00000018   Code   RO         2386    i.prs_box_get       nrfx_prs.o
    0x0001f8f4   0x00000014   Code   RO         4170    i.queue_free        nrf_fstorage_sd.o
    0x0001f908   0x000000a0   Code   RO         4171    i.queue_process     nrf_fstorage_sd.o
    0x0001f9a8   0x00000024   Code   RO         4172    i.queue_start       nrf_fstorage_sd.o
    0x0001f9cc   0x0000000e   Code   RO         4173    i.read              nrf_fstorage_sd.o
    0x0001f9da   0x00000002   PAD
    0x0001f9dc   0x00000024   Code   RO          755    i.rf_stop           app_subg.o
    0x0001fa00   0x00000004   Code   RO         4174    i.rmap              nrf_fstorage_sd.o
    0x0001fa04   0x0000003c   Code   RO         3229    i.rtc1_stop         app_timer.o
    0x0001fa40   0x00000050   Code   RO         1980    i.sd_state_evt_handler  nrf_drv_clock.o
    0x0001fa90   0x00000030   Code   RO         4817    i.sdh_request_observer_notify  nrf_sdh.o
    0x0001fac0   0x0000002c   Code   RO         4818    i.sdh_state_observer_notify  nrf_sdh.o
    0x0001faec   0x00000010   Code   RO          572    i.send_byte_to_ble  app_aps.o
    0x0001fafc   0x00000030   Code   RO          573    i.send_bytes_to_ble  app_aps.o
    0x0001fb2c   0x00000010   Code   RO         1275    i.send_error_evt    ble_conn_params.o
    0x0001fb3c   0x00000088   Code   RO         1076    i.service_data_encode  ble_advdata.o
    0x0001fbc4   0x000000a0   Code   RO          164    i.services_init     app_ble.o
    0x0001fc64   0x00000030   Code   RO         1534    i.set_security_req  ble_srv_common.o
    0x0001fc94   0x00000070   Code   RO         3959    i.shutdown_process  nrf_pwr_mgmt.o
    0x0001fd04   0x00000060   Code   RO          896    i.sn_burn           app_factory.o
    0x0001fd64   0x00000002   Code   RO          165    i.soc_evt_handler   app_ble.o
    0x0001fd66   0x00000002   PAD
    0x0001fd68   0x00000018   Code   RO         1981    i.soc_evt_handler   nrf_drv_clock.o
    0x0001fd80   0x00000038   Code   RO         4819    i.softdevice_evt_irq_disable  nrf_sdh.o
    0x0001fdb8   0x00000058   Code   RO         4820    i.softdevices_evt_irq_enable  nrf_sdh.o
    0x0001fe10   0x00000040   Code   RO         5512    i.spi_read_reg      rf69.o
    0x0001fe50   0x00000040   Code   RO         5513    i.spi_select        rf69.o
    0x0001fe90   0x00000034   Code   RO         5514    i.spi_unselect      rf69.o
    0x0001fec4   0x00000034   Code   RO         5515    i.spi_write_reg     rf69.o
    0x0001fef8   0x00000038   Code   RO         2435    i.spim_evt_handler  nrf_drv_spi.o
    0x0001ff30   0x000000bc   Code   RO         2494    i.spim_xfer         nrfx_spim.o
    0x0001ffec   0x0000004c   Code   RO         2820    i.start_playback    nrfx_pwm.o
    0x00020038   0x00000020   Code   RO          682    i.state_check_handle  app_indication.o
    0x00020058   0x000001e8   Code   RO          897    i.subg_send_and_listen  app_factory.o
    0x00020240   0x00000080   Code   RO         3230    i.timer_list_handler  app_timer.o
    0x000202c0   0x0000003c   Code   RO         3231    i.timer_list_insert  app_timer.o
    0x000202fc   0x00000060   Code   RO         3232    i.timer_list_remove  app_timer.o
    0x0002035c   0x00000048   Code   RO         3233    i.timer_stop_op_schedule  app_timer.o
    0x000203a4   0x00000074   Code   RO         3234    i.timer_timeouts_check  app_timer.o
    0x00020418   0x0000002c   Code   RO         5344    i.timr_evt_handle   ocp.o
    0x00020444   0x0000000a   Code   RO         1077    i.uint16_encode     ble_advdata.o
    0x0002044e   0x00000002   PAD
    0x00020450   0x00000020   Code   RO         4175    i.uninit            nrf_fstorage_sd.o
    0x00020470   0x00000068   Code   RO         1276    i.update_timeout_handler  ble_conn_params.o
    0x000204d8   0x00000018   Code   RO         1184    i.use_whitelist     ble_advertising.o
    0x000204f0   0x0000019a   Code   RO         5758    i.user_128bit_uuid_characteristic_add  ble_ips.o
    0x0002068a   0x00000024   Code   RO         1654    i.user_mem_reply    nrf_ble_qwr.o
    0x000206ae   0x00000002   PAD
    0x000206b0   0x00000030   Code   RO         3235    i.user_op_alloc     app_timer.o
    0x000206e0   0x00000030   Code   RO         5759    i.user_set_security_req  ble_ips.o
    0x00020710   0x00000030   Code   RO         1078    i.uuid_list_encode  ble_advdata.o
    0x00020740   0x0000009e   Code   RO         1079    i.uuid_list_sized_encode  ble_advdata.o
    0x000207de   0x00000024   Code   RO          756    i.wait_fifo_not_full  app_subg.o
    0x00020802   0x00000002   PAD
    0x00020804   0x00000018   Code   RO         5345    i.wait_flash_ready  ocp.o
    0x0002081c   0x00000002   Code   RO         5346    i.wdt_event_handle  ocp.o
    0x0002081e   0x00000002   PAD
    0x00020820   0x0000000c   Code   RO         5347    i.wdt_feed          ocp.o
    0x0002082c   0x00000004   Code   RO         4176    i.wmap              nrf_fstorage_sd.o
    0x00020830   0x00000050   Code   RO         4177    i.write             nrf_fstorage_sd.o
    0x00020880   0x00000004   Data   RO          168    .constdata          app_ble.o
    0x00020884   0x0000002d   Data   RO          431    .constdata          app_battery.o
    0x000208b1   0x00000003   PAD
    0x000208b4   0x00000004   Data   RO          576    .constdata          app_aps.o
    0x000208b8   0x00000008   Data   RO          685    .constdata          app_indication.o
    0x000208c0   0x00000004   Data   RO          900    .constdata          app_factory.o
    0x000208c4   0x00000008   Data   RO          982    .constdata          app_config.o
    0x000208cc   0x0000000e   Data   RO         1593    .constdata          nrf_ble_gatt.o
    0x000208da   0x00000002   PAD
    0x000208dc   0x00000010   Data   RO         1699    .constdata          ble_dfu.o
    0x000208ec   0x00000010   Data   RO         1919    .constdata          ble_nus.o
    0x000208fc   0x00000010   Data   RO         2436    .constdata          nrf_drv_spi.o
    0x0002090c   0x00000004   Data   RO         2497    .constdata          nrfx_spim.o
    0x00020910   0x00000006   Data   RO         2938    .constdata          nrfx_saadc.o
    0x00020916   0x0000000a   PAD
    0x00020920   0x00000006   Data   RO         3237    .constdata          app_timer.o
    0x00020926   0x00000002   PAD
    0x00020928   0x00000018   Data   RO         3961    .constdata          nrf_pwr_mgmt.o
    0x00020940   0x0000000c   Data   RO         3962    .constdata          nrf_pwr_mgmt.o
    0x0002094c   0x00000010   Data   RO         4180    .constdata          nrf_fstorage_sd.o
    0x0002095c   0x00000020   Data   RO         4181    .constdata          nrf_fstorage_sd.o
    0x0002097c   0x00000010   Data   RO         4821    .constdata          nrf_sdh.o
    0x0002098c   0x00000028   Data   RO         4822    .constdata          nrf_sdh.o
    0x000209b4   0x00000010   Data   RO         4823    .constdata          nrf_sdh.o
    0x000209c4   0x00000010   Data   RO         4824    .constdata          nrf_sdh.o
    0x000209d4   0x00000020   Data   RO         4929    .constdata          nrf_sdh_ble.o
    0x000209f4   0x00000010   Data   RO         4930    .constdata          nrf_sdh_ble.o
    0x00020a04   0x00000010   Data   RO         4977    .constdata          nrf_sdh_soc.o
    0x00020a14   0x0000000c   Data   RO         4978    .constdata          nrf_sdh_soc.o
    0x00020a20   0x00000006   Data   RO         5080    .constdata          kit_delay.o
    0x00020a26   0x00000002   PAD
    0x00020a28   0x0000002c   Data   RO         5228    .constdata          led.o
    0x00020a54   0x000000b8   Data   RO         5276    .constdata          motor.o
    0x00020b0c   0x00000028   Data   RO         5349    .constdata          ocp.o
    0x00020b34   0x00000010   Data   RO         5516    .constdata          rf69.o
    0x00020b44   0x00000030   Data   RO         5703    .constdata          buzzer.o
    0x00020b74   0x00000074   Data   RO         5761    .constdata          ble_ips.o
    0x00020be8   0x00000050   Data   RO         5820    .constdata          4b6b.o
    0x00020c38   0x00000020   Data   RO         6233    Region$$Table       anon$$obj.o
    0x00020c58   0x00000008   Data   RO         1366    sdh_ble_observers0  ble_conn_state.o
    0x00020c60   0x00000010   Data   RO          174    sdh_ble_observers1  app_ble.o
    0x00020c70   0x00000008   Data   RO         1279    sdh_ble_observers1  ble_conn_params.o
    0x00020c78   0x00000020   Data   RO          175    sdh_ble_observers2  app_ble.o
    0x00020c98   0x00000008   Data   RO         1700    sdh_ble_observers2  ble_dfu.o
    0x00020ca0   0x00000008   Data   RO          176    sdh_ble_observers3  app_ble.o
    0x00020ca8   0x00000008   Data   RO         4183    sdh_req_observers0  nrf_fstorage_sd.o
    0x00020cb0   0x00000008   Data   RO         1987    sdh_soc_observers0  nrf_drv_clock.o
    0x00020cb8   0x00000008   Data   RO         4184    sdh_soc_observers0  nrf_fstorage_sd.o
    0x00020cc0   0x00000010   Data   RO          177    sdh_soc_observers1  app_ble.o
    0x00020cd0   0x00000008   Data   RO         1798    sdh_soc_observers1  ble_dfu_unbonded.o
    0x00020cd8   0x00000008   Data   RO         4932    sdh_stack_observers0  nrf_sdh_ble.o
    0x00020ce0   0x00000008   Data   RO         4979    sdh_stack_observers0  nrf_sdh_soc.o
    0x00020ce8   0x00000008   Data   RO         1988    sdh_state_observers0  nrf_drv_clock.o
    0x00020cf0   0x00000008   Data   RO         4185    sdh_state_observers0  nrf_fstorage_sd.o


    Execution Region RW_IRAM1 (Base: 0x20002b00, Size: 0x00001390, Max: 0x00003500, ABSOLUTE, COMPRESSED[0x000000b4])

    Base Addr    Size         Type   Attr      Idx    E Section Name        Object

    0x20002b00   0x00000008   Data   RW          169    .data               app_ble.o
    0x20002b08   0x00000064   Data   RW          170    .data               app_ble.o
    0x20002b6c   0x00000008   Data   RW          171    .data               app_ble.o
    0x20002b74   0x00000004   Data   RW          172    .data               app_ble.o
    0x20002b78   0x00000004   Data   RW          173    .data               app_ble.o
    0x20002b7c   0x00000004   Data   RW          432    .data               app_battery.o
    0x20002b80   0x0000000c   Data   RW          577    .data               app_aps.o
    0x20002b8c   0x00000009   Data   RW          686    .data               app_indication.o
    0x20002b95   0x00000003   PAD
    0x20002b98   0x00000010   Data   RW          758    .data               app_subg.o
    0x20002ba8   0x00000008   Data   RW          901    .data               app_factory.o
    0x20002bb0   0x0000001c   Data   RW          983    .data               app_config.o
    0x20002bcc   0x00000008   Data   RW         1278    .data               ble_conn_params.o
    0x20002bd4   0x00000004   Data   RW         1797    .data               ble_dfu_unbonded.o
    0x20002bd8   0x0000000c   Data   RW         2264    .data               nrfx_clock.o
    0x20002be4   0x00000008   Data   RW         2388    .data               nrfx_prs.o
    0x20002bec   0x00000008   Data   RW         2437    .data               nrf_drv_spi.o
    0x20002bf4   0x00000008   Data   RW         2738    .data               nrfx_wdt.o
    0x20002bfc   0x00000008   Data   RW         2826    .data               nrfx_pwm.o
    0x20002c04   0x0000000c   Data   RW         3081    .data               nrfx_power.o
    0x20002c10   0x00000014   Data   RW         3238    .data               app_timer.o
    0x20002c24   0x00000008   Data   RW         3963    .data               nrf_pwr_mgmt.o
    0x20002c2c   0x00000008   Data   RW         4182    .data               nrf_fstorage_sd.o
    0x20002c34   0x00000003   Data   RW         4825    .data               nrf_sdh.o
    0x20002c37   0x00000001   Data   RW         4931    .data               nrf_sdh_ble.o
    0x20002c38   0x0000000c   Data   RW         5229    .data               led.o
    0x20002c44   0x00000014   Data   RW         5281    .data               motor.o
    0x20002c58   0x0000000c   Data   RW         5350    .data               ocp.o
    0x20002c64   0x000000ae   Data   RW         5517    .data               rf69.o
    0x20002d12   0x00000002   PAD
    0x20002d14   0x00000014   Data   RW         5708    .data               buzzer.o
    0x20002d28   0x00000004   Data   RW         5868    .data               system_nrf52810.o
    0x20002d2c   0x00000014   Data   RW         5351    fs_data             ocp.o
    0x20002d40   0x00000020   Zero   RW          166    .bss                app_ble.o
    0x20002d60   0x000000e8   Zero   RW          167    .bss                app_ble.o
    0x20002e48   0x00000020   Zero   RW          430    .bss                app_battery.o
    0x20002e68   0x00000020   Zero   RW          574    .bss                app_aps.o
    0x20002e88   0x00000114   Zero   RW          575    .bss                app_aps.o
    0x20002f9c   0x00000020   Zero   RW          683    .bss                app_indication.o
    0x20002fbc   0x00000020   Zero   RW          684    .bss                app_indication.o
    0x20002fdc   0x000000ff   Zero   RW          757    .bss                app_subg.o
    0x200030db   0x00000001   PAD
    0x200030dc   0x00000020   Zero   RW          898    .bss                app_factory.o
    0x200030fc   0x00000040   Zero   RW          899    .bss                app_factory.o
    0x2000313c   0x00000020   Zero   RW          979    .bss                app_config.o
    0x2000315c   0x00000020   Zero   RW          980    .bss                app_config.o
    0x2000317c   0x0000004c   Zero   RW          981    .bss                app_config.o
    0x200031c8   0x00000050   Zero   RW         1277    .bss                ble_conn_params.o
    0x20003218   0x00000078   Zero   RW         1365    .bss                ble_conn_state.o
    0x20003290   0x0000001c   Zero   RW         1698    .bss                ble_dfu.o
    0x200032ac   0x00000028   Zero   RW         1796    .bss                ble_dfu_unbonded.o
    0x200032d4   0x00000014   Zero   RW         1982    .bss                nrf_drv_clock.o
    0x200032e8   0x00000024   Zero   RW         2495    .bss                nrfx_spim.o
    0x2000330c   0x0000000c   Zero   RW         2620    .bss                nrfx_timer.o
    0x20003318   0x00000030   Zero   RW         2937    .bss                nrfx_saadc.o
    0x20003348   0x000001fc   Zero   RW         3236    .bss                app_timer.o
    0x20003544   0x0000000c   Zero   RW         3386    .bss                app_util_platform.o
    0x20003550   0x0000000c   Zero   RW         3960    .bss                nrf_pwr_mgmt.o
    0x2000355c   0x00000010   Zero   RW         4178    .bss                nrf_fstorage_sd.o
    0x2000356c   0x000000a0   Zero   RW         4179    .bss                nrf_fstorage_sd.o
    0x2000360c   0x00000020   Zero   RW         5227    .bss                led.o
    0x2000362c   0x00000020   Zero   RW         5275    .bss                motor.o
    0x2000364c   0x00000020   Zero   RW         5702    .bss                buzzer.o
    0x2000366c   0x00000020   Zero   RW         5760    .bss                ble_ips.o
    0x2000368c   0x00000004   PAD
    0x20003690   0x00000800   Zero   RW         5856    STACK               arm_startup_nrf52810.o



  Load Region LR$$.ARM.__AT_0x10001208 (Base: 0x10001208, Size: 0x00000004, Max: 0x00000004, ABSOLUTE)

    Execution Region ER$$.ARM.__AT_0x10001208 (Base: 0x10001208, Size: 0x00000004, Max: 0x00000004, ABSOLUTE, UNINIT)

    Base Addr    Size         Type   Attr      Idx    E Section Name        Object

    0x10001208   0x00000004   Data   RO         5348    .ARM.__AT_0x10001208  ocp.o


==============================================================================

Image component sizes


      Code (inc. data)   RO Data    RW Data    ZI Data      Debug   Object Name

       320          8         80          0          0       3016   4b6b.o
      1572        190          4         12        308      14151   app_aps.o
       370         56         45          4         32      22003   app_battery.o
      1202        160         76        124        264      84338   app_ble.o
       680        120          8         28        140       8801   app_config.o
        22          0          0          0          0       2317   app_error.o
        48          8          0          0          0        658   app_error_weak.o
      1088        112          4          8         96       7095   app_factory.o
       396         28          8          9         64       4845   app_indication.o
      1290        104          0         16        255      12981   app_subg.o
        42          0          0          0          0      68120   app_sys.o
      1506        118          6         20        508      42967   app_timer.o
       124         14          0          0         12       9170   app_util_platform.o
        36          8        512          0       2048        824   arm_startup_nrf52810.o
      1324          0          0          0          0      51868   ble_advdata.o
       944          6          0          0          0      10620   ble_advertising.o
       502          0          0          0          0       5467   ble_bas.o
       636         44          8          8         80       8351   ble_conn_params.o
       408         18          8          0        120       7477   ble_conn_state.o
       478         34         24          0         28      11008   ble_dfu.o
       440         32          8          4         40      11802   ble_dfu_unbonded.o
      2158        132        116          0         32      11462   ble_ips.o
        72          0          0          0          0       1464   ble_link_ctx_manager.o
       664          6         16          0          0       5936   ble_nus.o
       646          6          0          0          0       5096   ble_srv_common.o
       440         56         48         20         32       4455   buzzer.o
        42          4          6          0          0       2012   kit_delay.o
       166          0          0          0          0       2562   kit_fifo.o
         2          0          0          0          0        809   kit_log.o
        28          0          0          0          0       1841   kit_utils.o
       376         36         44         12         32       7782   led.o
        38          0          0          0          0        443   main.o
       246          0          0          0          0       1944   manchester.o
       492         56        184         20         32      10981   motor.o
       342          0          0          0          0       7746   nrf_atfifo.o
        64          0          0          0          0       2604   nrf_atflags.o
       276          0          0          0          0       5057   nrf_atomic.o
       342          4         14          0          0       6056   nrf_ble_gatt.o
       276          0          0          0          0       4157   nrf_ble_qwr.o
        40          6          0          0          0       1270   nrf_dfu_svci.o
       276         34         16          0         20      34158   nrf_drv_clock.o
       168         18         16          8          0      14999   nrf_drv_spi.o
       312         10          0          0          0       7456   nrf_fstorage.o
       798         82         72          8        176      14083   nrf_fstorage_sd.o
       232         40         36          8         12      30249   nrf_pwr_mgmt.o
       552         60         88          3          0      37699   nrf_sdh.o
       286         18         56          1          0       4963   nrf_sdh_ble.o
        60          4         36          0          0       2100   nrf_sdh_soc.o
        78          0          0          0          0       2372   nrf_section_iter.o
       230         34          0         12          0      38552   nrfx_clock.o
       126          6          0         12          0       8707   nrfx_power.o
       112         16          0          8          0       3808   nrfx_prs.o
       866         30          0          8          0      20949   nrfx_pwm.o
      1248         98          6          0         48      20712   nrfx_saadc.o
       990         32          4          0         36      26247   nrfx_spim.o
       408         18          0          0         12      13278   nrfx_timer.o
       236         52          0          8          0      34759   nrfx_wdt.o
       422         66         44         32          0      27861   ocp.o
      1002         54         16        174          0      29705   rf69.o
       444         52          0          4          0       2003   system_nrf52810.o

    ----------------------------------------------------------------------
     29036       2090       1660        576       4432     846216   Object Totals
         0          0         32          0          0          0   (incl. Generated)
        52          0         19          5          5          0   (incl. Padding)

    ----------------------------------------------------------------------

      Code (inc. data)   RO Data    RW Data    ZI Data      Debug   Library Member Name

        86          0          0          0          0          0   __dczerorl2.o
         0          0          0          0          0          0   entry.o
         0          0          0          0          0          0   entry10a.o
         0          0          0          0          0          0   entry11a.o
         8          4          0          0          0          0   entry2.o
         4          0          0          0          0          0   entry5.o
         0          0          0          0          0          0   entry7b.o
         0          0          0          0          0          0   entry8b.o
         8          4          0          0          0          0   entry9a.o
        30          0          0          0          0          0   handlers.o
        36          8          0          0          0         68   init.o
         0          0          0          0          0          0   iusefp.o
        30          0          0          0          0         68   llshl.o
        32          0          0          0          0         68   llushr.o
        36          0          0          0          0         68   memcpya.o
        36          0          0          0          0        108   memseta.o
        14          0          0          0          0         68   strlen.o
        98          0          0          0          0         92   uldiv.o
       222          0          0          0          0        100   ddiv.o
       186          0          0          0          0        176   depilogue.o
        50          0          0          0          0         76   dfixui.o
        26          0          0          0          0         76   dfltui.o
       124          0          0          0          0         88   fdiv.o
       110          0          0          0          0        168   fepilogue.o
        40          0          0          0          0         68   ffixui.o
        18          0          0          0          0         68   fflti.o
       100          0          0          0          0         76   fmul.o

    ----------------------------------------------------------------------
      1300         16          0          0          0       1436   Library Totals
         6          0          0          0          0          0   (incl. Padding)

    ----------------------------------------------------------------------

      Code (inc. data)   RO Data    RW Data    ZI Data      Debug   Library Name

       418         16          0          0          0        540   mc_w.l
       876          0          0          0          0        896   mf_w.l

    ----------------------------------------------------------------------
      1300         16          0          0          0       1436   Library Totals

    ----------------------------------------------------------------------

==============================================================================


      Code (inc. data)   RO Data    RW Data    ZI Data      Debug   

     30336       2106       1660        576       4432     826980   Grand Totals
     30336       2106       1660        180       4432     826980   ELF Image Totals (compressed)
     30336       2106       1660        180          0          0   ROM Totals

==============================================================================

    Total RO  Size (Code + RO Data)                31996 (  31.25kB)
    Total RW  Size (RW Data + ZI Data)              5008 (   4.89kB)
    Total ROM Size (Code + RO Data + RW Data)      32176 (  31.42kB)

==============================================================================

